 client

 Timestamp is 602442e2 (Thu Feb 11 03:32:34 2021)

 Preferred load address is 10000000

 Start         Length     Name                   Class
 0001:00000000 0007bf76H .text                   CODE
 0001:0007bf80 00000ee5H .text$x                 CODE
 0002:00000000 00000a3cH .idata$5                DATA
 0002:00000a40 0000c6e8H .rdata                  DATA
 0002:0000d128 00000044H .rdata$r                DATA
 0002:0000d170 00000d50H .xdata$x                DATA
 0002:0000dec0 00000064H .idata$2                DATA
 0002:0000df24 00000014H .idata$3                DATA
 0002:0000df38 00000a3cH .idata$4                DATA
 0002:0000e974 000068a6H .idata$6                DATA
 0002:00015220 000067d6H .edata                  DATA
 0003:00000000 00000004H .CRT$XCA                DATA
 0003:00000004 000000d8H .CRT$XCU                DATA
 0003:000000dc 00000004H .CRT$XCZ                DATA
 0003:000000e0 00000004H .CRT$XIA                DATA
 0003:000000e4 0000000cH .CRT$XIC                DATA
 0003:000000f0 00000004H .CRT$XIY                DATA
 0003:000000f4 00000004H .CRT$XIZ                DATA
 0003:000000f8 00000004H .CRT$XPA                DATA
 0003:000000fc 00000004H .CRT$XPX                DATA
 0003:00000100 00000004H .CRT$XPZ                DATA
 0003:00000104 00000004H .CRT$XTA                DATA
 0003:00000108 00000004H .CRT$XTB                DATA
 0003:0000010c 00000004H .CRT$XTZ                DATA
 0003:00000110 0000c86cH .data                   DATA
 0003:0000c980 003b73bcH .bss                    DATA

  Address         Publics by Value              Rva+Base     Lib:Object

 0001:00000000       ?EV_HLDM_PlayTextureSound@@YAMHPAUpmtrace_s@@PAM1H@Z 10001000 f   ev_hldm.obj
 0001:00000780       ?EV_HLDM_DamageDecal@@YAPADPAUphysent_s@@@Z 10001780 f   ev_hldm.obj
 0001:00000800       ?EV_HLDM_GunshotDecalTrace@@YAXPAUpmtrace_s@@PAD@Z 10001800 f   ev_hldm.obj
 0001:000009b0       ??0Vector@@QAE@ABV0@@Z     100019b0 f i ev_hldm.obj
 0001:000009d0       ?EV_HLDM_DecalGunshot@@YAXPAUpmtrace_s@@H@Z 100019d0 f   ev_hldm.obj
 0001:00000a10       ?EV_HLDM_CheckTracer@@YAHHPAM000HHPAH@Z 10001a10 f   ev_hldm.obj
 0001:00000b00       ?EV_HLDM_FireBullets@@YAXHPAM00H00MHHPAHMM@Z 10001b00 f   ev_hldm.obj
 0001:00000db0       ??4?$Dar@D@vgui@@QAEAAV01@ABV01@@Z 10001db0 f i ev_hldm.obj
 0001:00000dd0       ??4?$Dar@PAD@vgui@@QAEAAV01@ABV01@@Z 10001dd0 f i ev_hldm.obj
 0001:00000df0       ??4?$Dar@H@vgui@@QAEAAV01@ABV01@@Z 10001df0 f i ev_hldm.obj
 0001:00000e10       ??4?$Dar@PAVButton@vgui@@@vgui@@QAEAAV01@ABV01@@Z 10001e10 f i ev_hldm.obj
 0001:00000e30       _EV_FireGlock2             10001e30 f   ev_hldm.obj
 0001:00001000       ??4?$Dar@PAVSurfaceBase@vgui@@@vgui@@QAEAAV01@ABV01@@Z 10002000 f i ev_hldm.obj
 0001:00001020       ??4?$Dar@PAVInputSignal@vgui@@@vgui@@QAEAAV01@ABV01@@Z 10002020 f i ev_hldm.obj
 0001:00001040       ??4?$Dar@PAVFocusChangeSignal@vgui@@@vgui@@QAEAAV01@ABV01@@Z 10002040 f i ev_hldm.obj
 0001:00001060       ??4?$Dar@PAVFrameSignal@vgui@@@vgui@@QAEAAV01@ABV01@@Z 10002060 f i ev_hldm.obj
 0001:00001080       ??4?$Dar@PAVActionSignal@vgui@@@vgui@@QAEAAV01@ABV01@@Z 10002080 f i ev_hldm.obj
 0001:000010a0       ??4?$Dar@PAVIntChangeSignal@vgui@@@vgui@@QAEAAV01@ABV01@@Z 100020a0 f i ev_hldm.obj
 0001:000010c0       ??4?$Dar@PAVTickSignal@vgui@@@vgui@@QAEAAV01@ABV01@@Z 100020c0 f i ev_hldm.obj
 0001:000010e0       ??4?$Dar@PAV?$Dar@D@vgui@@@vgui@@QAEAAV01@ABV01@@Z 100020e0 f i ev_hldm.obj
 0001:00001100       ??4?$Dar@PAVFrame@vgui@@@vgui@@QAEAAV01@ABV01@@Z 10002100 f i ev_hldm.obj
 0001:00001120       ??4?$Dar@PAVDesktopIcon@vgui@@@vgui@@QAEAAV01@ABV01@@Z 10002120 f i ev_hldm.obj
 0001:00001140       ??4?$Dar@PAVChangeSignal@vgui@@@vgui@@QAEAAV01@ABV01@@Z 10002140 f i ev_hldm.obj
 0001:00001160       ??4?$Dar@PAVPanel@vgui@@@vgui@@QAEAAV01@ABV01@@Z 10002160 f i ev_hldm.obj
 0001:00001180       ??4?$Dar@PAVLabel@vgui@@@vgui@@QAEAAV01@ABV01@@Z 10002180 f i ev_hldm.obj
 0001:000011a0       ??4?$Dar@PAVRepaintSignal@vgui@@@vgui@@QAEAAV01@ABV01@@Z 100021a0 f i ev_hldm.obj
 0001:000011c0       ??0Scheme@vgui@@QAE@ABV01@@Z 100021c0 f i ev_hldm.obj
 0001:00001210       ??4Scheme@vgui@@QAEAAV01@ABV01@@Z 10002210 f i ev_hldm.obj
 0001:00001260       ??0Color@vgui@@QAE@ABV01@@Z 10002260 f i ev_hldm.obj
 0001:00001280       _EV_FireShotGunDouble      10002280 f   ev_hldm.obj
 0001:00001480       ??4Color@vgui@@QAEAAV01@ABV01@@Z 10002480 f i ev_hldm.obj
 0001:000014c0       ??0Panel@vgui@@QAE@ABV01@@Z 100024c0 f i ev_hldm.obj
 0001:00001670       ??4Panel@vgui@@QAEAAV01@ABV01@@Z 10002670 f i ev_hldm.obj
 0001:00001850       _EV_FireShotGunSingle      10002850 f   ev_hldm.obj
 0001:00001a70       ??0Label@vgui@@QAE@XZ      10002a70 f i ev_hldm.obj
 0001:00001aa0       ??0Label@vgui@@QAE@ABV01@@Z 10002aa0 f i ev_hldm.obj
 0001:00001cb0       ??4Label@vgui@@QAEAAV01@ABV01@@Z 10002cb0 f i ev_hldm.obj
 0001:00001ef0       ??0Image@vgui@@QAE@ABV01@@Z 10002ef0 f i ev_hldm.obj
 0001:00001f30       ??4Image@vgui@@QAEAAV01@ABV01@@Z 10002f30 f i ev_hldm.obj
 0001:00001fa0       ??0Border@vgui@@QAE@ABV01@@Z 10002fa0 f i ev_hldm.obj
 0001:00002010       _EV_FirePython             10003010 f   ev_hldm.obj
 0001:000021a0       ??4Border@vgui@@QAEAAV01@ABV01@@Z 100031a0 f i ev_hldm.obj
 0001:00002230       ?setLineColor@LineBorder@vgui@@QAEXHHHH@Z 10003230 f i ev_hldm.obj
 0001:00002290       ??0LineBorder@vgui@@QAE@ABV01@@Z 10003290 f i ev_hldm.obj
 0001:00002320       ??4LineBorder@vgui@@QAEAAV01@ABV01@@Z 10003320 f i ev_hldm.obj
 0001:000023d0       ??0ImagePanel@vgui@@QAE@XZ 100033d0 f i ev_hldm.obj
 0001:000023f0       ??0ImagePanel@vgui@@QAE@ABV01@@Z 100033f0 f i ev_hldm.obj
 0001:000025b0       ??4ImagePanel@vgui@@QAEAAV01@ABV01@@Z 100035b0 f i ev_hldm.obj
 0001:000027a0       ??0Bitmap@vgui@@QAE@ABV01@@Z 100037a0 f i ev_hldm.obj
 0001:00002800       ??4Bitmap@vgui@@QAEAAV01@ABV01@@Z 10003800 f i ev_hldm.obj
 0001:00002880       ??0BitmapTGA@vgui@@QAE@ABV01@@Z 10003880 f i ev_hldm.obj
 0001:000028e0       _EV_SpinGauss              100038e0 f   ev_hldm.obj
 0001:00002940       ??4BitmapTGA@vgui@@QAEAAV01@ABV01@@Z 10003940 f i ev_hldm.obj
 0001:000029c0       ??0InputSignal@vgui@@QAE@XZ 100039c0 f i ev_hldm.obj
 0001:000029d0       ??0InputSignal@vgui@@QAE@ABV01@@Z 100039d0 f i ev_hldm.obj
 0001:000029e0       ??4InputSignal@vgui@@QAEAAV01@ABV01@@Z 100039e0 f i ev_hldm.obj
 0001:000029f0       ??0Button@vgui@@QAE@ABV01@@Z 100039f0 f i ev_hldm.obj
 0001:00002c70       ?EV_StopPreviousGauss@@YAXH@Z 10003c70 f   ev_hldm.obj
 0001:00002ca0       ??4Button@vgui@@QAEAAV01@ABV01@@Z 10003ca0 f i ev_hldm.obj
 0001:00002f50       _EV_FireGauss              10003f50 f   ev_hldm.obj
 0001:000038d0       ??_H@YGXPAXIHP6EX0@Z@Z     100048d0 f i ev_hldm.obj
 0001:00003900       _EV_Crowbar                10004900 f   ev_hldm.obj
 0001:000039d0       ?EV_BoltCallback@@YAXPAUtempent_s@@MM@Z 100049d0 f   ev_hldm.obj
 0001:00003a10       _EV_FireCrossbow2          10004a10 f   ev_hldm.obj
 0001:00003e50       _EV_FireCrossbow           10004e50 f   ev_hldm.obj
 0001:00003f40       _EV_FireRpg                10004f40 f   ev_hldm.obj
 0001:00003fe0       _EV_EgonFire               10004fe0 f   ev_hldm.obj
 0001:000042e0       _EV_EgonStop               100052e0 f   ev_hldm.obj
 0001:00004380       _EV_HornetGunFire          10005380 f   ev_hldm.obj
 0001:00004480       _EV_TripmineFire           10005480 f   ev_hldm.obj
 0001:000045e0       _EV_SnarkFire              100055e0 f   ev_hldm.obj
 0001:00004790       _EV_TrainPitchAdjust       10005790 f   ev_hldm.obj
 0001:00004920       ?EV_TFC_IsAllyTeam@@YAHHH@Z 10005920 f   ev_hldm.obj
 0001:00004930       _EV_FireAKS                10005930 f   ev_hldm.obj
 0001:00004ba0       _EV_FireAPS                10005ba0 f   ev_hldm.obj
 0001:00004da0       _EV_FireVAL                10005da0 f   ev_hldm.obj
 0001:00004ff0       _EV_FireRPK                10005ff0 f   ev_hldm.obj
 0001:00005260       _EV_FireMP5                10006260 f   ev_hldm.obj
 0001:00005550       _EV_FireAK74               10006550 f   ev_hldm.obj
 0001:00005790       _EV_FireGroza              10006790 f   ev_hldm.obj
 0001:000059e0       _EV_FireGlock1             100069e0 f   ev_hldm.obj
 0001:00005be0       _EV_SmokePuff              10006be0 f   ev_hldm.obj
 0001:00005c80       ??0Vector@@QAE@QAM@Z       10006c80 f i ev_hldm.obj
 0001:00005ca0       ??0?$Dar@D@vgui@@QAE@XZ    10006ca0 f i ev_hldm.obj
 0001:00005d20       ??0?$Dar@D@vgui@@QAE@H@Z   10006d20 f i ev_hldm.obj
 0001:00005db0       ?ensureCapacity@?$Dar@D@vgui@@QAEXH@Z 10006db0 f i ev_hldm.obj
 0001:00005e30       ?setCount@?$Dar@D@vgui@@QAEXH@Z 10006e30 f i ev_hldm.obj
 0001:00005e50       ?getCount@?$Dar@D@vgui@@QAEHXZ 10006e50 f i ev_hldm.obj
 0001:00005e60       ?addElement@?$Dar@D@vgui@@QAEXD@Z 10006e60 f i ev_hldm.obj
 0001:00005ef0       ?hasElement@?$Dar@D@vgui@@QAE_ND@Z 10006ef0 f i ev_hldm.obj
 0001:00005f20       ?putElement@?$Dar@D@vgui@@QAEXD@Z 10006f20 f i ev_hldm.obj
 0001:00005fd0       ?insertElementAt@?$Dar@D@vgui@@QAEXDH@Z 10006fd0 f i ev_hldm.obj
 0001:00006130       ?setElementAt@?$Dar@D@vgui@@QAEXDH@Z 10007130 f i ev_hldm.obj
 0001:00006150       ?removeElementAt@?$Dar@D@vgui@@QAEXH@Z 10007150 f i ev_hldm.obj
 0001:00006180       ?removeElement@?$Dar@D@vgui@@QAEXD@Z 10007180 f i ev_hldm.obj
 0001:000061d0       ?removeAll@?$Dar@D@vgui@@QAEXXZ 100071d0 f i ev_hldm.obj
 0001:000061e0       ??A?$Dar@D@vgui@@QAEDH@Z   100071e0 f i ev_hldm.obj
 0001:00006200       ??0?$Dar@PAD@vgui@@QAE@XZ  10007200 f i ev_hldm.obj
 0001:00006280       ??0?$Dar@PAD@vgui@@QAE@H@Z 10007280 f i ev_hldm.obj
 0001:00006310       ?ensureCapacity@?$Dar@PAD@vgui@@QAEXH@Z 10007310 f i ev_hldm.obj
 0001:000063a0       ?setCount@?$Dar@PAD@vgui@@QAEXH@Z 100073a0 f i ev_hldm.obj
 0001:000063c0       ?getCount@?$Dar@PAD@vgui@@QAEHXZ 100073c0 f i ev_hldm.obj
 0001:000063d0       ?addElement@?$Dar@PAD@vgui@@QAEXPAD@Z 100073d0 f i ev_hldm.obj
 0001:00006470       ?hasElement@?$Dar@PAD@vgui@@QAE_NPAD@Z 10007470 f i ev_hldm.obj
 0001:000064a0       ?putElement@?$Dar@PAD@vgui@@QAEXPAD@Z 100074a0 f i ev_hldm.obj
 0001:00006560       ?insertElementAt@?$Dar@PAD@vgui@@QAEXPADH@Z 10007560 f i ev_hldm.obj
 0001:000066d0       ?setElementAt@?$Dar@PAD@vgui@@QAEXPADH@Z 100076d0 f i ev_hldm.obj
 0001:000066f0       ?removeElementAt@?$Dar@PAD@vgui@@QAEXH@Z 100076f0 f i ev_hldm.obj
 0001:00006720       ?removeElement@?$Dar@PAD@vgui@@QAEXPAD@Z 10007720 f i ev_hldm.obj
 0001:00006770       ?removeAll@?$Dar@PAD@vgui@@QAEXXZ 10007770 f i ev_hldm.obj
 0001:00006780       ??A?$Dar@PAD@vgui@@QAEPADH@Z 10007780 f i ev_hldm.obj
 0001:000067a0       ??0?$Dar@H@vgui@@QAE@XZ    100077a0 f i ev_hldm.obj
 0001:00006820       ??0?$Dar@H@vgui@@QAE@H@Z   10007820 f i ev_hldm.obj
 0001:000068b0       ?ensureCapacity@?$Dar@H@vgui@@QAEXH@Z 100078b0 f i ev_hldm.obj
 0001:00006940       ?setCount@?$Dar@H@vgui@@QAEXH@Z 10007940 f i ev_hldm.obj
 0001:00006960       ?getCount@?$Dar@H@vgui@@QAEHXZ 10007960 f i ev_hldm.obj
 0001:00006970       ?addElement@?$Dar@H@vgui@@QAEXH@Z 10007970 f i ev_hldm.obj
 0001:00006a10       ?hasElement@?$Dar@H@vgui@@QAE_NH@Z 10007a10 f i ev_hldm.obj
 0001:00006a40       ?putElement@?$Dar@H@vgui@@QAEXH@Z 10007a40 f i ev_hldm.obj
 0001:00006b00       ?insertElementAt@?$Dar@H@vgui@@QAEXHH@Z 10007b00 f i ev_hldm.obj
 0001:00006c70       ?setElementAt@?$Dar@H@vgui@@QAEXHH@Z 10007c70 f i ev_hldm.obj
 0001:00006c90       ?removeElementAt@?$Dar@H@vgui@@QAEXH@Z 10007c90 f i ev_hldm.obj
 0001:00006cc0       ?removeElement@?$Dar@H@vgui@@QAEXH@Z 10007cc0 f i ev_hldm.obj
 0001:00006d10       ?removeAll@?$Dar@H@vgui@@QAEXXZ 10007d10 f i ev_hldm.obj
 0001:00006d20       ??A?$Dar@H@vgui@@QAEHH@Z   10007d20 f i ev_hldm.obj
 0001:00006d40       ??0?$Dar@PAVButton@vgui@@@vgui@@QAE@XZ 10007d40 f i ev_hldm.obj
 0001:00006dc0       ??0?$Dar@PAVButton@vgui@@@vgui@@QAE@H@Z 10007dc0 f i ev_hldm.obj
 0001:00006e50       ?ensureCapacity@?$Dar@PAVButton@vgui@@@vgui@@QAEXH@Z 10007e50 f i ev_hldm.obj
 0001:00006ee0       ?setCount@?$Dar@PAVButton@vgui@@@vgui@@QAEXH@Z 10007ee0 f i ev_hldm.obj
 0001:00006f00       ?getCount@?$Dar@PAVButton@vgui@@@vgui@@QAEHXZ 10007f00 f i ev_hldm.obj
 0001:00006f10       ?addElement@?$Dar@PAVButton@vgui@@@vgui@@QAEXPAVButton@2@@Z 10007f10 f i ev_hldm.obj
 0001:00006fb0       ?hasElement@?$Dar@PAVButton@vgui@@@vgui@@QAE_NPAVButton@2@@Z 10007fb0 f i ev_hldm.obj
 0001:00006fe0       ?putElement@?$Dar@PAVButton@vgui@@@vgui@@QAEXPAVButton@2@@Z 10007fe0 f i ev_hldm.obj
 0001:000070a0       ?insertElementAt@?$Dar@PAVButton@vgui@@@vgui@@QAEXPAVButton@2@H@Z 100080a0 f i ev_hldm.obj
 0001:00007210       ?setElementAt@?$Dar@PAVButton@vgui@@@vgui@@QAEXPAVButton@2@H@Z 10008210 f i ev_hldm.obj
 0001:00007230       ?removeElementAt@?$Dar@PAVButton@vgui@@@vgui@@QAEXH@Z 10008230 f i ev_hldm.obj
 0001:00007260       ?removeElement@?$Dar@PAVButton@vgui@@@vgui@@QAEXPAVButton@2@@Z 10008260 f i ev_hldm.obj
 0001:000072b0       ?removeAll@?$Dar@PAVButton@vgui@@@vgui@@QAEXXZ 100082b0 f i ev_hldm.obj
 0001:000072c0       ??A?$Dar@PAVButton@vgui@@@vgui@@QAEPAVButton@1@H@Z 100082c0 f i ev_hldm.obj
 0001:000072e0       ??0?$Dar@PAVSurfaceBase@vgui@@@vgui@@QAE@XZ 100082e0 f i ev_hldm.obj
 0001:00007360       ??0?$Dar@PAVSurfaceBase@vgui@@@vgui@@QAE@H@Z 10008360 f i ev_hldm.obj
 0001:000073f0       ?ensureCapacity@?$Dar@PAVSurfaceBase@vgui@@@vgui@@QAEXH@Z 100083f0 f i ev_hldm.obj
 0001:00007480       ?setCount@?$Dar@PAVSurfaceBase@vgui@@@vgui@@QAEXH@Z 10008480 f i ev_hldm.obj
 0001:000074a0       ?getCount@?$Dar@PAVSurfaceBase@vgui@@@vgui@@QAEHXZ 100084a0 f i ev_hldm.obj
 0001:000074b0       ?addElement@?$Dar@PAVSurfaceBase@vgui@@@vgui@@QAEXPAVSurfaceBase@2@@Z 100084b0 f i ev_hldm.obj
 0001:00007550       ?hasElement@?$Dar@PAVSurfaceBase@vgui@@@vgui@@QAE_NPAVSurfaceBase@2@@Z 10008550 f i ev_hldm.obj
 0001:00007580       ?putElement@?$Dar@PAVSurfaceBase@vgui@@@vgui@@QAEXPAVSurfaceBase@2@@Z 10008580 f i ev_hldm.obj
 0001:00007640       ?insertElementAt@?$Dar@PAVSurfaceBase@vgui@@@vgui@@QAEXPAVSurfaceBase@2@H@Z 10008640 f i ev_hldm.obj
 0001:000077b0       ?setElementAt@?$Dar@PAVSurfaceBase@vgui@@@vgui@@QAEXPAVSurfaceBase@2@H@Z 100087b0 f i ev_hldm.obj
 0001:000077d0       ?removeElementAt@?$Dar@PAVSurfaceBase@vgui@@@vgui@@QAEXH@Z 100087d0 f i ev_hldm.obj
 0001:00007800       ?removeElement@?$Dar@PAVSurfaceBase@vgui@@@vgui@@QAEXPAVSurfaceBase@2@@Z 10008800 f i ev_hldm.obj
 0001:00007850       ?removeAll@?$Dar@PAVSurfaceBase@vgui@@@vgui@@QAEXXZ 10008850 f i ev_hldm.obj
 0001:00007860       ??A?$Dar@PAVSurfaceBase@vgui@@@vgui@@QAEPAVSurfaceBase@1@H@Z 10008860 f i ev_hldm.obj
 0001:00007880       ??0?$Dar@PAVInputSignal@vgui@@@vgui@@QAE@XZ 10008880 f i ev_hldm.obj
 0001:00007900       ??0?$Dar@PAVInputSignal@vgui@@@vgui@@QAE@H@Z 10008900 f i ev_hldm.obj
 0001:00007990       ?ensureCapacity@?$Dar@PAVInputSignal@vgui@@@vgui@@QAEXH@Z 10008990 f i ev_hldm.obj
 0001:00007a20       ?setCount@?$Dar@PAVInputSignal@vgui@@@vgui@@QAEXH@Z 10008a20 f i ev_hldm.obj
 0001:00007a40       ?getCount@?$Dar@PAVInputSignal@vgui@@@vgui@@QAEHXZ 10008a40 f i ev_hldm.obj
 0001:00007a50       ?addElement@?$Dar@PAVInputSignal@vgui@@@vgui@@QAEXPAVInputSignal@2@@Z 10008a50 f i ev_hldm.obj
 0001:00007af0       ?hasElement@?$Dar@PAVInputSignal@vgui@@@vgui@@QAE_NPAVInputSignal@2@@Z 10008af0 f i ev_hldm.obj
 0001:00007b20       ?putElement@?$Dar@PAVInputSignal@vgui@@@vgui@@QAEXPAVInputSignal@2@@Z 10008b20 f i ev_hldm.obj
 0001:00007be0       ?insertElementAt@?$Dar@PAVInputSignal@vgui@@@vgui@@QAEXPAVInputSignal@2@H@Z 10008be0 f i ev_hldm.obj
 0001:00007d50       ?setElementAt@?$Dar@PAVInputSignal@vgui@@@vgui@@QAEXPAVInputSignal@2@H@Z 10008d50 f i ev_hldm.obj
 0001:00007d70       ?removeElementAt@?$Dar@PAVInputSignal@vgui@@@vgui@@QAEXH@Z 10008d70 f i ev_hldm.obj
 0001:00007da0       ?removeElement@?$Dar@PAVInputSignal@vgui@@@vgui@@QAEXPAVInputSignal@2@@Z 10008da0 f i ev_hldm.obj
 0001:00007df0       ?removeAll@?$Dar@PAVInputSignal@vgui@@@vgui@@QAEXXZ 10008df0 f i ev_hldm.obj
 0001:00007e00       ??A?$Dar@PAVInputSignal@vgui@@@vgui@@QAEPAVInputSignal@1@H@Z 10008e00 f i ev_hldm.obj
 0001:00007e20       ??0?$Dar@PAVFocusChangeSignal@vgui@@@vgui@@QAE@XZ 10008e20 f i ev_hldm.obj
 0001:00007ea0       ??0?$Dar@PAVFocusChangeSignal@vgui@@@vgui@@QAE@H@Z 10008ea0 f i ev_hldm.obj
 0001:00007f30       ?ensureCapacity@?$Dar@PAVFocusChangeSignal@vgui@@@vgui@@QAEXH@Z 10008f30 f i ev_hldm.obj
 0001:00007fc0       ?setCount@?$Dar@PAVFocusChangeSignal@vgui@@@vgui@@QAEXH@Z 10008fc0 f i ev_hldm.obj
 0001:00007fe0       ?getCount@?$Dar@PAVFocusChangeSignal@vgui@@@vgui@@QAEHXZ 10008fe0 f i ev_hldm.obj
 0001:00007ff0       ?addElement@?$Dar@PAVFocusChangeSignal@vgui@@@vgui@@QAEXPAVFocusChangeSignal@2@@Z 10008ff0 f i ev_hldm.obj
 0001:00008090       ?hasElement@?$Dar@PAVFocusChangeSignal@vgui@@@vgui@@QAE_NPAVFocusChangeSignal@2@@Z 10009090 f i ev_hldm.obj
 0001:000080c0       ?putElement@?$Dar@PAVFocusChangeSignal@vgui@@@vgui@@QAEXPAVFocusChangeSignal@2@@Z 100090c0 f i ev_hldm.obj
 0001:00008180       ?insertElementAt@?$Dar@PAVFocusChangeSignal@vgui@@@vgui@@QAEXPAVFocusChangeSignal@2@H@Z 10009180 f i ev_hldm.obj
 0001:000082f0       ?setElementAt@?$Dar@PAVFocusChangeSignal@vgui@@@vgui@@QAEXPAVFocusChangeSignal@2@H@Z 100092f0 f i ev_hldm.obj
 0001:00008310       ?removeElementAt@?$Dar@PAVFocusChangeSignal@vgui@@@vgui@@QAEXH@Z 10009310 f i ev_hldm.obj
 0001:00008340       ?removeElement@?$Dar@PAVFocusChangeSignal@vgui@@@vgui@@QAEXPAVFocusChangeSignal@2@@Z 10009340 f i ev_hldm.obj
 0001:00008390       ?removeAll@?$Dar@PAVFocusChangeSignal@vgui@@@vgui@@QAEXXZ 10009390 f i ev_hldm.obj
 0001:000083a0       ??A?$Dar@PAVFocusChangeSignal@vgui@@@vgui@@QAEPAVFocusChangeSignal@1@H@Z 100093a0 f i ev_hldm.obj
 0001:000083c0       ??0?$Dar@PAVFrameSignal@vgui@@@vgui@@QAE@XZ 100093c0 f i ev_hldm.obj
 0001:00008440       ??0?$Dar@PAVFrameSignal@vgui@@@vgui@@QAE@H@Z 10009440 f i ev_hldm.obj
 0001:000084d0       ?ensureCapacity@?$Dar@PAVFrameSignal@vgui@@@vgui@@QAEXH@Z 100094d0 f i ev_hldm.obj
 0001:00008560       ?setCount@?$Dar@PAVFrameSignal@vgui@@@vgui@@QAEXH@Z 10009560 f i ev_hldm.obj
 0001:00008580       ?getCount@?$Dar@PAVFrameSignal@vgui@@@vgui@@QAEHXZ 10009580 f i ev_hldm.obj
 0001:00008590       ?addElement@?$Dar@PAVFrameSignal@vgui@@@vgui@@QAEXPAVFrameSignal@2@@Z 10009590 f i ev_hldm.obj
 0001:00008630       ?hasElement@?$Dar@PAVFrameSignal@vgui@@@vgui@@QAE_NPAVFrameSignal@2@@Z 10009630 f i ev_hldm.obj
 0001:00008660       ?putElement@?$Dar@PAVFrameSignal@vgui@@@vgui@@QAEXPAVFrameSignal@2@@Z 10009660 f i ev_hldm.obj
 0001:00008720       ?insertElementAt@?$Dar@PAVFrameSignal@vgui@@@vgui@@QAEXPAVFrameSignal@2@H@Z 10009720 f i ev_hldm.obj
 0001:00008890       ?setElementAt@?$Dar@PAVFrameSignal@vgui@@@vgui@@QAEXPAVFrameSignal@2@H@Z 10009890 f i ev_hldm.obj
 0001:000088b0       ?removeElementAt@?$Dar@PAVFrameSignal@vgui@@@vgui@@QAEXH@Z 100098b0 f i ev_hldm.obj
 0001:000088e0       ?removeElement@?$Dar@PAVFrameSignal@vgui@@@vgui@@QAEXPAVFrameSignal@2@@Z 100098e0 f i ev_hldm.obj
 0001:00008930       ?removeAll@?$Dar@PAVFrameSignal@vgui@@@vgui@@QAEXXZ 10009930 f i ev_hldm.obj
 0001:00008940       ??A?$Dar@PAVFrameSignal@vgui@@@vgui@@QAEPAVFrameSignal@1@H@Z 10009940 f i ev_hldm.obj
 0001:00008960       ??0?$Dar@PAVActionSignal@vgui@@@vgui@@QAE@XZ 10009960 f i ev_hldm.obj
 0001:000089e0       ??0?$Dar@PAVActionSignal@vgui@@@vgui@@QAE@H@Z 100099e0 f i ev_hldm.obj
 0001:00008a70       ?ensureCapacity@?$Dar@PAVActionSignal@vgui@@@vgui@@QAEXH@Z 10009a70 f i ev_hldm.obj
 0001:00008b00       ?setCount@?$Dar@PAVActionSignal@vgui@@@vgui@@QAEXH@Z 10009b00 f i ev_hldm.obj
 0001:00008b20       ?getCount@?$Dar@PAVActionSignal@vgui@@@vgui@@QAEHXZ 10009b20 f i ev_hldm.obj
 0001:00008b30       ?addElement@?$Dar@PAVActionSignal@vgui@@@vgui@@QAEXPAVActionSignal@2@@Z 10009b30 f i ev_hldm.obj
 0001:00008bd0       ?hasElement@?$Dar@PAVActionSignal@vgui@@@vgui@@QAE_NPAVActionSignal@2@@Z 10009bd0 f i ev_hldm.obj
 0001:00008c00       ?putElement@?$Dar@PAVActionSignal@vgui@@@vgui@@QAEXPAVActionSignal@2@@Z 10009c00 f i ev_hldm.obj
 0001:00008cc0       ?insertElementAt@?$Dar@PAVActionSignal@vgui@@@vgui@@QAEXPAVActionSignal@2@H@Z 10009cc0 f i ev_hldm.obj
 0001:00008e30       ?setElementAt@?$Dar@PAVActionSignal@vgui@@@vgui@@QAEXPAVActionSignal@2@H@Z 10009e30 f i ev_hldm.obj
 0001:00008e50       ?removeElementAt@?$Dar@PAVActionSignal@vgui@@@vgui@@QAEXH@Z 10009e50 f i ev_hldm.obj
 0001:00008e80       ?removeElement@?$Dar@PAVActionSignal@vgui@@@vgui@@QAEXPAVActionSignal@2@@Z 10009e80 f i ev_hldm.obj
 0001:00008ed0       ?removeAll@?$Dar@PAVActionSignal@vgui@@@vgui@@QAEXXZ 10009ed0 f i ev_hldm.obj
 0001:00008ee0       ??A?$Dar@PAVActionSignal@vgui@@@vgui@@QAEPAVActionSignal@1@H@Z 10009ee0 f i ev_hldm.obj
 0001:00008f00       ??0?$Dar@PAVIntChangeSignal@vgui@@@vgui@@QAE@XZ 10009f00 f i ev_hldm.obj
 0001:00008f80       ??0?$Dar@PAVIntChangeSignal@vgui@@@vgui@@QAE@H@Z 10009f80 f i ev_hldm.obj
 0001:00009010       ?ensureCapacity@?$Dar@PAVIntChangeSignal@vgui@@@vgui@@QAEXH@Z 1000a010 f i ev_hldm.obj
 0001:000090a0       ?setCount@?$Dar@PAVIntChangeSignal@vgui@@@vgui@@QAEXH@Z 1000a0a0 f i ev_hldm.obj
 0001:000090c0       ?getCount@?$Dar@PAVIntChangeSignal@vgui@@@vgui@@QAEHXZ 1000a0c0 f i ev_hldm.obj
 0001:000090d0       ?addElement@?$Dar@PAVIntChangeSignal@vgui@@@vgui@@QAEXPAVIntChangeSignal@2@@Z 1000a0d0 f i ev_hldm.obj
 0001:00009170       ?hasElement@?$Dar@PAVIntChangeSignal@vgui@@@vgui@@QAE_NPAVIntChangeSignal@2@@Z 1000a170 f i ev_hldm.obj
 0001:000091a0       ?putElement@?$Dar@PAVIntChangeSignal@vgui@@@vgui@@QAEXPAVIntChangeSignal@2@@Z 1000a1a0 f i ev_hldm.obj
 0001:00009260       ?insertElementAt@?$Dar@PAVIntChangeSignal@vgui@@@vgui@@QAEXPAVIntChangeSignal@2@H@Z 1000a260 f i ev_hldm.obj
 0001:000093d0       ?setElementAt@?$Dar@PAVIntChangeSignal@vgui@@@vgui@@QAEXPAVIntChangeSignal@2@H@Z 1000a3d0 f i ev_hldm.obj
 0001:000093f0       ?removeElementAt@?$Dar@PAVIntChangeSignal@vgui@@@vgui@@QAEXH@Z 1000a3f0 f i ev_hldm.obj
 0001:00009420       ?removeElement@?$Dar@PAVIntChangeSignal@vgui@@@vgui@@QAEXPAVIntChangeSignal@2@@Z 1000a420 f i ev_hldm.obj
 0001:00009470       ?removeAll@?$Dar@PAVIntChangeSignal@vgui@@@vgui@@QAEXXZ 1000a470 f i ev_hldm.obj
 0001:00009480       ??A?$Dar@PAVIntChangeSignal@vgui@@@vgui@@QAEPAVIntChangeSignal@1@H@Z 1000a480 f i ev_hldm.obj
 0001:000094a0       ??0?$Dar@PAVTickSignal@vgui@@@vgui@@QAE@XZ 1000a4a0 f i ev_hldm.obj
 0001:00009520       ??0?$Dar@PAVTickSignal@vgui@@@vgui@@QAE@H@Z 1000a520 f i ev_hldm.obj
 0001:000095b0       ?ensureCapacity@?$Dar@PAVTickSignal@vgui@@@vgui@@QAEXH@Z 1000a5b0 f i ev_hldm.obj
 0001:00009640       ?setCount@?$Dar@PAVTickSignal@vgui@@@vgui@@QAEXH@Z 1000a640 f i ev_hldm.obj
 0001:00009660       ?getCount@?$Dar@PAVTickSignal@vgui@@@vgui@@QAEHXZ 1000a660 f i ev_hldm.obj
 0001:00009670       ?addElement@?$Dar@PAVTickSignal@vgui@@@vgui@@QAEXPAVTickSignal@2@@Z 1000a670 f i ev_hldm.obj
 0001:00009710       ?hasElement@?$Dar@PAVTickSignal@vgui@@@vgui@@QAE_NPAVTickSignal@2@@Z 1000a710 f i ev_hldm.obj
 0001:00009740       ?putElement@?$Dar@PAVTickSignal@vgui@@@vgui@@QAEXPAVTickSignal@2@@Z 1000a740 f i ev_hldm.obj
 0001:00009800       ?insertElementAt@?$Dar@PAVTickSignal@vgui@@@vgui@@QAEXPAVTickSignal@2@H@Z 1000a800 f i ev_hldm.obj
 0001:00009970       ?setElementAt@?$Dar@PAVTickSignal@vgui@@@vgui@@QAEXPAVTickSignal@2@H@Z 1000a970 f i ev_hldm.obj
 0001:00009990       ?removeElementAt@?$Dar@PAVTickSignal@vgui@@@vgui@@QAEXH@Z 1000a990 f i ev_hldm.obj
 0001:000099c0       ?removeElement@?$Dar@PAVTickSignal@vgui@@@vgui@@QAEXPAVTickSignal@2@@Z 1000a9c0 f i ev_hldm.obj
 0001:00009a10       ?removeAll@?$Dar@PAVTickSignal@vgui@@@vgui@@QAEXXZ 1000aa10 f i ev_hldm.obj
 0001:00009a20       ??A?$Dar@PAVTickSignal@vgui@@@vgui@@QAEPAVTickSignal@1@H@Z 1000aa20 f i ev_hldm.obj
 0001:00009a40       ??0?$Dar@PAV?$Dar@D@vgui@@@vgui@@QAE@XZ 1000aa40 f i ev_hldm.obj
 0001:00009ac0       ??0?$Dar@PAV?$Dar@D@vgui@@@vgui@@QAE@H@Z 1000aac0 f i ev_hldm.obj
 0001:00009b50       ?ensureCapacity@?$Dar@PAV?$Dar@D@vgui@@@vgui@@QAEXH@Z 1000ab50 f i ev_hldm.obj
 0001:00009be0       ?setCount@?$Dar@PAV?$Dar@D@vgui@@@vgui@@QAEXH@Z 1000abe0 f i ev_hldm.obj
 0001:00009c00       ?getCount@?$Dar@PAV?$Dar@D@vgui@@@vgui@@QAEHXZ 1000ac00 f i ev_hldm.obj
 0001:00009c10       ?addElement@?$Dar@PAV?$Dar@D@vgui@@@vgui@@QAEXPAV?$Dar@D@2@@Z 1000ac10 f i ev_hldm.obj
 0001:00009cb0       ?hasElement@?$Dar@PAV?$Dar@D@vgui@@@vgui@@QAE_NPAV?$Dar@D@2@@Z 1000acb0 f i ev_hldm.obj
 0001:00009ce0       ?putElement@?$Dar@PAV?$Dar@D@vgui@@@vgui@@QAEXPAV?$Dar@D@2@@Z 1000ace0 f i ev_hldm.obj
 0001:00009da0       ?insertElementAt@?$Dar@PAV?$Dar@D@vgui@@@vgui@@QAEXPAV?$Dar@D@2@H@Z 1000ada0 f i ev_hldm.obj
 0001:00009f10       ?setElementAt@?$Dar@PAV?$Dar@D@vgui@@@vgui@@QAEXPAV?$Dar@D@2@H@Z 1000af10 f i ev_hldm.obj
 0001:00009f30       ?removeElementAt@?$Dar@PAV?$Dar@D@vgui@@@vgui@@QAEXH@Z 1000af30 f i ev_hldm.obj
 0001:00009f60       ?removeElement@?$Dar@PAV?$Dar@D@vgui@@@vgui@@QAEXPAV?$Dar@D@2@@Z 1000af60 f i ev_hldm.obj
 0001:00009fb0       ?removeAll@?$Dar@PAV?$Dar@D@vgui@@@vgui@@QAEXXZ 1000afb0 f i ev_hldm.obj
 0001:00009fc0       ??A?$Dar@PAV?$Dar@D@vgui@@@vgui@@QAEPAV?$Dar@D@1@H@Z 1000afc0 f i ev_hldm.obj
 0001:00009fe0       ??0?$Dar@PAVFrame@vgui@@@vgui@@QAE@XZ 1000afe0 f i ev_hldm.obj
 0001:0000a060       ??0?$Dar@PAVFrame@vgui@@@vgui@@QAE@H@Z 1000b060 f i ev_hldm.obj
 0001:0000a0f0       ?ensureCapacity@?$Dar@PAVFrame@vgui@@@vgui@@QAEXH@Z 1000b0f0 f i ev_hldm.obj
 0001:0000a180       ?setCount@?$Dar@PAVFrame@vgui@@@vgui@@QAEXH@Z 1000b180 f i ev_hldm.obj
 0001:0000a1a0       ?getCount@?$Dar@PAVFrame@vgui@@@vgui@@QAEHXZ 1000b1a0 f i ev_hldm.obj
 0001:0000a1b0       ?addElement@?$Dar@PAVFrame@vgui@@@vgui@@QAEXPAVFrame@2@@Z 1000b1b0 f i ev_hldm.obj
 0001:0000a250       ?hasElement@?$Dar@PAVFrame@vgui@@@vgui@@QAE_NPAVFrame@2@@Z 1000b250 f i ev_hldm.obj
 0001:0000a280       ?putElement@?$Dar@PAVFrame@vgui@@@vgui@@QAEXPAVFrame@2@@Z 1000b280 f i ev_hldm.obj
 0001:0000a340       ?insertElementAt@?$Dar@PAVFrame@vgui@@@vgui@@QAEXPAVFrame@2@H@Z 1000b340 f i ev_hldm.obj
 0001:0000a4b0       ?setElementAt@?$Dar@PAVFrame@vgui@@@vgui@@QAEXPAVFrame@2@H@Z 1000b4b0 f i ev_hldm.obj
 0001:0000a4d0       ?removeElementAt@?$Dar@PAVFrame@vgui@@@vgui@@QAEXH@Z 1000b4d0 f i ev_hldm.obj
 0001:0000a500       ?removeElement@?$Dar@PAVFrame@vgui@@@vgui@@QAEXPAVFrame@2@@Z 1000b500 f i ev_hldm.obj
 0001:0000a550       ?removeAll@?$Dar@PAVFrame@vgui@@@vgui@@QAEXXZ 1000b550 f i ev_hldm.obj
 0001:0000a560       ??A?$Dar@PAVFrame@vgui@@@vgui@@QAEPAVFrame@1@H@Z 1000b560 f i ev_hldm.obj
 0001:0000a580       ??0?$Dar@PAVDesktopIcon@vgui@@@vgui@@QAE@XZ 1000b580 f i ev_hldm.obj
 0001:0000a600       ??0?$Dar@PAVDesktopIcon@vgui@@@vgui@@QAE@H@Z 1000b600 f i ev_hldm.obj
 0001:0000a690       ?ensureCapacity@?$Dar@PAVDesktopIcon@vgui@@@vgui@@QAEXH@Z 1000b690 f i ev_hldm.obj
 0001:0000a720       ?setCount@?$Dar@PAVDesktopIcon@vgui@@@vgui@@QAEXH@Z 1000b720 f i ev_hldm.obj
 0001:0000a740       ?getCount@?$Dar@PAVDesktopIcon@vgui@@@vgui@@QAEHXZ 1000b740 f i ev_hldm.obj
 0001:0000a750       ?addElement@?$Dar@PAVDesktopIcon@vgui@@@vgui@@QAEXPAVDesktopIcon@2@@Z 1000b750 f i ev_hldm.obj
 0001:0000a7f0       ?hasElement@?$Dar@PAVDesktopIcon@vgui@@@vgui@@QAE_NPAVDesktopIcon@2@@Z 1000b7f0 f i ev_hldm.obj
 0001:0000a820       ?putElement@?$Dar@PAVDesktopIcon@vgui@@@vgui@@QAEXPAVDesktopIcon@2@@Z 1000b820 f i ev_hldm.obj
 0001:0000a8e0       ?insertElementAt@?$Dar@PAVDesktopIcon@vgui@@@vgui@@QAEXPAVDesktopIcon@2@H@Z 1000b8e0 f i ev_hldm.obj
 0001:0000aa50       ?setElementAt@?$Dar@PAVDesktopIcon@vgui@@@vgui@@QAEXPAVDesktopIcon@2@H@Z 1000ba50 f i ev_hldm.obj
 0001:0000aa70       ?removeElementAt@?$Dar@PAVDesktopIcon@vgui@@@vgui@@QAEXH@Z 1000ba70 f i ev_hldm.obj
 0001:0000aaa0       ?removeElement@?$Dar@PAVDesktopIcon@vgui@@@vgui@@QAEXPAVDesktopIcon@2@@Z 1000baa0 f i ev_hldm.obj
 0001:0000aaf0       ?removeAll@?$Dar@PAVDesktopIcon@vgui@@@vgui@@QAEXXZ 1000baf0 f i ev_hldm.obj
 0001:0000ab00       ??A?$Dar@PAVDesktopIcon@vgui@@@vgui@@QAEPAVDesktopIcon@1@H@Z 1000bb00 f i ev_hldm.obj
 0001:0000ab20       ??0?$Dar@PAVChangeSignal@vgui@@@vgui@@QAE@XZ 1000bb20 f i ev_hldm.obj
 0001:0000aba0       ??0?$Dar@PAVChangeSignal@vgui@@@vgui@@QAE@H@Z 1000bba0 f i ev_hldm.obj
 0001:0000ac30       ?ensureCapacity@?$Dar@PAVChangeSignal@vgui@@@vgui@@QAEXH@Z 1000bc30 f i ev_hldm.obj
 0001:0000acc0       ?setCount@?$Dar@PAVChangeSignal@vgui@@@vgui@@QAEXH@Z 1000bcc0 f i ev_hldm.obj
 0001:0000ace0       ?getCount@?$Dar@PAVChangeSignal@vgui@@@vgui@@QAEHXZ 1000bce0 f i ev_hldm.obj
 0001:0000acf0       ?addElement@?$Dar@PAVChangeSignal@vgui@@@vgui@@QAEXPAVChangeSignal@2@@Z 1000bcf0 f i ev_hldm.obj
 0001:0000ad90       ?hasElement@?$Dar@PAVChangeSignal@vgui@@@vgui@@QAE_NPAVChangeSignal@2@@Z 1000bd90 f i ev_hldm.obj
 0001:0000adc0       ?putElement@?$Dar@PAVChangeSignal@vgui@@@vgui@@QAEXPAVChangeSignal@2@@Z 1000bdc0 f i ev_hldm.obj
 0001:0000ae80       ?insertElementAt@?$Dar@PAVChangeSignal@vgui@@@vgui@@QAEXPAVChangeSignal@2@H@Z 1000be80 f i ev_hldm.obj
 0001:0000aff0       ?setElementAt@?$Dar@PAVChangeSignal@vgui@@@vgui@@QAEXPAVChangeSignal@2@H@Z 1000bff0 f i ev_hldm.obj
 0001:0000b010       ?removeElementAt@?$Dar@PAVChangeSignal@vgui@@@vgui@@QAEXH@Z 1000c010 f i ev_hldm.obj
 0001:0000b040       ?removeElement@?$Dar@PAVChangeSignal@vgui@@@vgui@@QAEXPAVChangeSignal@2@@Z 1000c040 f i ev_hldm.obj
 0001:0000b090       ?removeAll@?$Dar@PAVChangeSignal@vgui@@@vgui@@QAEXXZ 1000c090 f i ev_hldm.obj
 0001:0000b0a0       ??A?$Dar@PAVChangeSignal@vgui@@@vgui@@QAEPAVChangeSignal@1@H@Z 1000c0a0 f i ev_hldm.obj
 0001:0000b0c0       ??0?$Dar@PAVPanel@vgui@@@vgui@@QAE@XZ 1000c0c0 f i ev_hldm.obj
 0001:0000b140       ??0?$Dar@PAVPanel@vgui@@@vgui@@QAE@H@Z 1000c140 f i ev_hldm.obj
 0001:0000b1d0       ?ensureCapacity@?$Dar@PAVPanel@vgui@@@vgui@@QAEXH@Z 1000c1d0 f i ev_hldm.obj
 0001:0000b260       ?setCount@?$Dar@PAVPanel@vgui@@@vgui@@QAEXH@Z 1000c260 f i ev_hldm.obj
 0001:0000b280       ?getCount@?$Dar@PAVPanel@vgui@@@vgui@@QAEHXZ 1000c280 f i ev_hldm.obj
 0001:0000b290       ?addElement@?$Dar@PAVPanel@vgui@@@vgui@@QAEXPAVPanel@2@@Z 1000c290 f i ev_hldm.obj
 0001:0000b330       ?hasElement@?$Dar@PAVPanel@vgui@@@vgui@@QAE_NPAVPanel@2@@Z 1000c330 f i ev_hldm.obj
 0001:0000b360       ?putElement@?$Dar@PAVPanel@vgui@@@vgui@@QAEXPAVPanel@2@@Z 1000c360 f i ev_hldm.obj
 0001:0000b420       ?insertElementAt@?$Dar@PAVPanel@vgui@@@vgui@@QAEXPAVPanel@2@H@Z 1000c420 f i ev_hldm.obj
 0001:0000b590       ?setElementAt@?$Dar@PAVPanel@vgui@@@vgui@@QAEXPAVPanel@2@H@Z 1000c590 f i ev_hldm.obj
 0001:0000b5b0       ?removeElementAt@?$Dar@PAVPanel@vgui@@@vgui@@QAEXH@Z 1000c5b0 f i ev_hldm.obj
 0001:0000b5e0       ?removeElement@?$Dar@PAVPanel@vgui@@@vgui@@QAEXPAVPanel@2@@Z 1000c5e0 f i ev_hldm.obj
 0001:0000b630       ?removeAll@?$Dar@PAVPanel@vgui@@@vgui@@QAEXXZ 1000c630 f i ev_hldm.obj
 0001:0000b640       ??A?$Dar@PAVPanel@vgui@@@vgui@@QAEPAVPanel@1@H@Z 1000c640 f i ev_hldm.obj
 0001:0000b660       ??0?$Dar@PAVLabel@vgui@@@vgui@@QAE@XZ 1000c660 f i ev_hldm.obj
 0001:0000b6e0       ??0?$Dar@PAVLabel@vgui@@@vgui@@QAE@H@Z 1000c6e0 f i ev_hldm.obj
 0001:0000b770       ?ensureCapacity@?$Dar@PAVLabel@vgui@@@vgui@@QAEXH@Z 1000c770 f i ev_hldm.obj
 0001:0000b800       ?setCount@?$Dar@PAVLabel@vgui@@@vgui@@QAEXH@Z 1000c800 f i ev_hldm.obj
 0001:0000b820       ?getCount@?$Dar@PAVLabel@vgui@@@vgui@@QAEHXZ 1000c820 f i ev_hldm.obj
 0001:0000b830       ?addElement@?$Dar@PAVLabel@vgui@@@vgui@@QAEXPAVLabel@2@@Z 1000c830 f i ev_hldm.obj
 0001:0000b8d0       ?hasElement@?$Dar@PAVLabel@vgui@@@vgui@@QAE_NPAVLabel@2@@Z 1000c8d0 f i ev_hldm.obj
 0001:0000b900       ?putElement@?$Dar@PAVLabel@vgui@@@vgui@@QAEXPAVLabel@2@@Z 1000c900 f i ev_hldm.obj
 0001:0000b9c0       ?insertElementAt@?$Dar@PAVLabel@vgui@@@vgui@@QAEXPAVLabel@2@H@Z 1000c9c0 f i ev_hldm.obj
 0001:0000bb30       ?setElementAt@?$Dar@PAVLabel@vgui@@@vgui@@QAEXPAVLabel@2@H@Z 1000cb30 f i ev_hldm.obj
 0001:0000bb50       ?removeElementAt@?$Dar@PAVLabel@vgui@@@vgui@@QAEXH@Z 1000cb50 f i ev_hldm.obj
 0001:0000bb80       ?removeElement@?$Dar@PAVLabel@vgui@@@vgui@@QAEXPAVLabel@2@@Z 1000cb80 f i ev_hldm.obj
 0001:0000bbd0       ?removeAll@?$Dar@PAVLabel@vgui@@@vgui@@QAEXXZ 1000cbd0 f i ev_hldm.obj
 0001:0000bbe0       ??A?$Dar@PAVLabel@vgui@@@vgui@@QAEPAVLabel@1@H@Z 1000cbe0 f i ev_hldm.obj
 0001:0000bc00       ??0?$Dar@PAVRepaintSignal@vgui@@@vgui@@QAE@XZ 1000cc00 f i ev_hldm.obj
 0001:0000bc80       ??0?$Dar@PAVRepaintSignal@vgui@@@vgui@@QAE@H@Z 1000cc80 f i ev_hldm.obj
 0001:0000bd10       ?ensureCapacity@?$Dar@PAVRepaintSignal@vgui@@@vgui@@QAEXH@Z 1000cd10 f i ev_hldm.obj
 0001:0000bda0       ?setCount@?$Dar@PAVRepaintSignal@vgui@@@vgui@@QAEXH@Z 1000cda0 f i ev_hldm.obj
 0001:0000bdc0       ?getCount@?$Dar@PAVRepaintSignal@vgui@@@vgui@@QAEHXZ 1000cdc0 f i ev_hldm.obj
 0001:0000bdd0       ?addElement@?$Dar@PAVRepaintSignal@vgui@@@vgui@@QAEXPAVRepaintSignal@2@@Z 1000cdd0 f i ev_hldm.obj
 0001:0000be70       ?hasElement@?$Dar@PAVRepaintSignal@vgui@@@vgui@@QAE_NPAVRepaintSignal@2@@Z 1000ce70 f i ev_hldm.obj
 0001:0000bea0       ?putElement@?$Dar@PAVRepaintSignal@vgui@@@vgui@@QAEXPAVRepaintSignal@2@@Z 1000cea0 f i ev_hldm.obj
 0001:0000bf60       ?insertElementAt@?$Dar@PAVRepaintSignal@vgui@@@vgui@@QAEXPAVRepaintSignal@2@H@Z 1000cf60 f i ev_hldm.obj
 0001:0000c0d0       ?setElementAt@?$Dar@PAVRepaintSignal@vgui@@@vgui@@QAEXPAVRepaintSignal@2@H@Z 1000d0d0 f i ev_hldm.obj
 0001:0000c0f0       ?removeElementAt@?$Dar@PAVRepaintSignal@vgui@@@vgui@@QAEXH@Z 1000d0f0 f i ev_hldm.obj
 0001:0000c120       ?removeElement@?$Dar@PAVRepaintSignal@vgui@@@vgui@@QAEXPAVRepaintSignal@2@@Z 1000d120 f i ev_hldm.obj
 0001:0000c170       ?removeAll@?$Dar@PAVRepaintSignal@vgui@@@vgui@@QAEXXZ 1000d170 f i ev_hldm.obj
 0001:0000c180       ??A?$Dar@PAVRepaintSignal@vgui@@@vgui@@QAEPAVRepaintSignal@1@H@Z 1000d180 f i ev_hldm.obj
 0001:0000c1a0       ?Game_HookEvents@@YAXXZ    1000d1a0 f   hl_events.obj
 0001:0000c340       ?UpdateBeams@@YAXXZ        1000d340 f   hl_objects.obj
 0001:0000c480       ?Game_AddObjects@@YAXXZ    1000d480 f   hl_objects.obj
 0001:0000c4c0       ?HUD_GetLastOrg@@YAXPAM@Z  1000d4c0 f   hl_weapons.obj
 0001:0000c4e0       ?HUD_SetLastOrg@@YAXXZ     1000d4e0 f   hl_weapons.obj
 0001:0000c510       _HUD_PostRunCmd            1000d510 f   hl_weapons.obj
 0001:0000c530       ??0InterfaceReg@@QAE@P6APAVIBaseInterface@@XZPBD@Z 1000d530 f   interface.obj
 0001:0000c550       _CreateInterface           1000d550 f   interface.obj
 0001:0000c5d0       ?Sys_LoadModule@@YAPAUHInterfaceModule_t@@PBD@Z 1000d5d0 f   interface.obj
 0001:0000c5e0       ?Sys_FreeModule@@YAXPAUHInterfaceModule_t@@@Z 1000d5e0 f   interface.obj
 0001:0000c5f0       ?Sys_GetFactoryThis@@YAP6APAVIBaseInterface@@PBDPAH@ZXZ 1000d5f0 f   interface.obj
 0001:0000c600       ?Sys_GetFactory@@YAP6APAVIBaseInterface@@PBDPAH@ZPAUHInterfaceModule_t@@@Z 1000d600 f   interface.obj
 0001:0000c620       ??0ScrollBar2@vgui@@QAE@HHHH_N@Z 1000d620 f   vgui_scrollbar2.obj
 0001:0000cac0       ?paintBackground@ScrollBarButton@@UAEXXZ 1000dac0 f i vgui_scrollbar2.obj
 0001:0000cb10       ?setSize@ScrollBar2@vgui@@UAEXHH@Z 1000db10 f   vgui_scrollbar2.obj
 0001:0000cc20       ?performLayout@ScrollBar2@vgui@@MAEXXZ 1000dc20 f   vgui_scrollbar2.obj
 0001:0000cc30       ?setValue@ScrollBar2@vgui@@UAEXH@Z 1000dc30 f   vgui_scrollbar2.obj
 0001:0000cc50       ?getValue@ScrollBar2@vgui@@UAEHXZ 1000dc50 f   vgui_scrollbar2.obj
 0001:0000cc60       ?addIntChangeSignal@ScrollBar2@vgui@@UAEXPAVIntChangeSignal@2@@Z 1000dc60 f   vgui_scrollbar2.obj
 0001:0000cd80       ?intChanged@FooDefaultScrollBarIntChangeSignal@?%C:\Projects\paranoia_coop\code_src\game_shared\vgui_scrollbar2.cpp2035421799@@UAEXHPAVPanel@vgui@@@Z 1000dd80 f i vgui_scrollbar2.obj
 0001:0000cd90       ?setRange@ScrollBar2@vgui@@UAEXHH@Z 1000dd90 f   vgui_scrollbar2.obj
 0001:0000cdb0       ?fireIntChangeSignal@ScrollBar2@vgui@@UAEXXZ 1000ddb0 f   vgui_scrollbar2.obj
 0001:0000ce10       ?isVertical@ScrollBar2@vgui@@UAE_NXZ 1000de10 f   vgui_scrollbar2.obj
 0001:0000ce20       ?hasFullRange@ScrollBar2@vgui@@UAE_NXZ 1000de20 f   vgui_scrollbar2.obj
 0001:0000ce30       ?setButton@ScrollBar2@vgui@@UAEXPAVButton@2@H@Z 1000de30 f   vgui_scrollbar2.obj
 0001:0000cea0       ?actionPerformed@FooDefaultButtonSignal@?%C:\Projects\paranoia_coop\code_src\game_shared\vgui_scrollbar2.cpp2035421799@@UAEXPAVPanel@vgui@@@Z 1000dea0 f i vgui_scrollbar2.obj
 0001:0000cec0       ?getButton@ScrollBar2@vgui@@UAEPAVButton@2@H@Z 1000dec0 f   vgui_scrollbar2.obj
 0001:0000ced0       ?setSlider@ScrollBar2@vgui@@UAEXPAVSlider2@2@@Z 1000ded0 f   vgui_scrollbar2.obj
 0001:0000cf30       ??0ScrollBar2@vgui@@QAE@ABV01@@Z 1000df30 f i vgui_scrollbar2.obj
 0001:0000d130       ?getSlider@ScrollBar2@vgui@@UAEPAVSlider2@2@XZ 1000e130 f   vgui_scrollbar2.obj
 0001:0000d140       ?doButtonPressed@ScrollBar2@vgui@@UAEXH@Z 1000e140 f   vgui_scrollbar2.obj
 0001:0000d1a0       ??4ScrollBar2@vgui@@QAEAAV01@ABV01@@Z 1000e1a0 f i vgui_scrollbar2.obj
 0001:0000d3e0       ?setButtonPressedScrollValue@ScrollBar2@vgui@@UAEXH@Z 1000e3e0 f   vgui_scrollbar2.obj
 0001:0000d3f0       ?setRangeWindow@ScrollBar2@vgui@@UAEXH@Z 1000e3f0 f   vgui_scrollbar2.obj
 0001:0000d410       ??0Slider2@vgui@@QAE@ABV01@@Z 1000e410 f i vgui_scrollbar2.obj
 0001:0000d690       ?setRangeWindowEnabled@ScrollBar2@vgui@@UAEX_N@Z 1000e690 f   vgui_scrollbar2.obj
 0001:0000d6b0       ?validate@ScrollBar2@vgui@@UAEXXZ 1000e6b0 f   vgui_scrollbar2.obj
 0001:0000d740       ??4Slider2@vgui@@QAEAAV01@ABV01@@Z 1000e740 f i vgui_scrollbar2.obj
 0001:0000d9f0       ??0IntChangeSignal@vgui@@QAE@XZ 1000e9f0 f i vgui_scrollbar2.obj
 0001:0000da00       ??0IntChangeSignal@vgui@@QAE@ABV01@@Z 1000ea00 f i vgui_scrollbar2.obj
 0001:0000da10       ??4IntChangeSignal@vgui@@QAEAAV01@ABV01@@Z 1000ea10 f i vgui_scrollbar2.obj
 0001:0000da20       ??0ActionSignal@vgui@@QAE@XZ 1000ea20 f i vgui_scrollbar2.obj
 0001:0000da30       ??0ActionSignal@vgui@@QAE@ABV01@@Z 1000ea30 f i vgui_scrollbar2.obj
 0001:0000da40       ??4ActionSignal@vgui@@QAEAAV01@ABV01@@Z 1000ea40 f i vgui_scrollbar2.obj
 0001:0000da50       ??0Slider2@vgui@@QAE@HHHH_N@Z 1000ea50 f   vgui_slider2.obj
 0001:0000db90       ?cursorMoved@FooDefaultSliderSignal@?%C:\Projects\paranoia_coop\code_src\game_shared\vgui_slider2.cpp1815711199@@UAEXHHPAVPanel@vgui@@@Z 1000eb90 f i vgui_slider2.obj
 0001:0000dbb0       ?cursorEntered@FooDefaultSliderSignal@?%C:\Projects\paranoia_coop\code_src\game_shared\vgui_slider2.cpp1815711199@@UAEXPAVPanel@vgui@@@Z 1000ebb0 f i vgui_slider2.obj
 0001:0000dbc0       ?cursorExited@FooDefaultSliderSignal@?%C:\Projects\paranoia_coop\code_src\game_shared\vgui_slider2.cpp1815711199@@UAEXPAVPanel@vgui@@@Z 1000ebc0 f i vgui_slider2.obj
 0001:0000dbd0       ?mouseDoublePressed@FooDefaultSliderSignal@?%C:\Projects\paranoia_coop\code_src\game_shared\vgui_slider2.cpp1815711199@@UAEXW4MouseCode@vgui@@PAVPanel@4@@Z 1000ebd0 f i vgui_slider2.obj
 0001:0000dbe0       ?mousePressed@FooDefaultSliderSignal@?%C:\Projects\paranoia_coop\code_src\game_shared\vgui_slider2.cpp1815711199@@UAEXW4MouseCode@vgui@@PAVPanel@4@@Z 1000ebe0 f i vgui_slider2.obj
 0001:0000dc00       ?mouseReleased@FooDefaultSliderSignal@?%C:\Projects\paranoia_coop\code_src\game_shared\vgui_slider2.cpp1815711199@@UAEXW4MouseCode@vgui@@PAVPanel@4@@Z 1000ec00 f i vgui_slider2.obj
 0001:0000dc20       ?mouseWheeled@FooDefaultSliderSignal@?%C:\Projects\paranoia_coop\code_src\game_shared\vgui_slider2.cpp1815711199@@UAEXHPAVPanel@vgui@@@Z 1000ec20 f i vgui_slider2.obj
 0001:0000dc30       ?keyPressed@FooDefaultSliderSignal@?%C:\Projects\paranoia_coop\code_src\game_shared\vgui_slider2.cpp1815711199@@UAEXW4KeyCode@vgui@@PAVPanel@4@@Z 1000ec30 f i vgui_slider2.obj
 0001:0000dc40       ?keyTyped@FooDefaultSliderSignal@?%C:\Projects\paranoia_coop\code_src\game_shared\vgui_slider2.cpp1815711199@@UAEXW4KeyCode@vgui@@PAVPanel@4@@Z 1000ec40 f i vgui_slider2.obj
 0001:0000dc50       ?keyReleased@FooDefaultSliderSignal@?%C:\Projects\paranoia_coop\code_src\game_shared\vgui_slider2.cpp1815711199@@UAEXW4KeyCode@vgui@@PAVPanel@4@@Z 1000ec50 f i vgui_slider2.obj
 0001:0000dc60       ?keyFocusTicked@FooDefaultSliderSignal@?%C:\Projects\paranoia_coop\code_src\game_shared\vgui_slider2.cpp1815711199@@UAEXPAVPanel@vgui@@@Z 1000ec60 f i vgui_slider2.obj
 0001:0000dc70       ?setSize@Slider2@vgui@@UAEXHH@Z 1000ec70 f   vgui_slider2.obj
 0001:0000dca0       ?isVertical@Slider2@vgui@@UAE_NXZ 1000eca0 f   vgui_slider2.obj
 0001:0000dcb0       ?setValue@Slider2@vgui@@UAEXH@Z 1000ecb0 f   vgui_slider2.obj
 0001:0000dd00       ?getValue@Slider2@vgui@@UAEHXZ 1000ed00 f   vgui_slider2.obj
 0001:0000dd10       ?recomputeNobPosFromValue@Slider2@vgui@@EAEXXZ 1000ed10 f   vgui_slider2.obj
 0001:0000de70       ?recomputeValueFromNobPos@Slider2@vgui@@EAEXXZ 1000ee70 f   vgui_slider2.obj
 0001:0000df70       ?hasFullRange@Slider2@vgui@@UAE_NXZ 1000ef70 f   vgui_slider2.obj
 0001:0000e030       ?addIntChangeSignal@Slider2@vgui@@UAEXPAVIntChangeSignal@2@@Z 1000f030 f   vgui_slider2.obj
 0001:0000e120       ?fireIntChangeSignal@Slider2@vgui@@MAEXXZ 1000f120 f   vgui_slider2.obj
 0001:0000e170       ?paintBackground@Slider2@vgui@@MAEXXZ 1000f170 f   vgui_slider2.obj
 0001:0000e330       ?setRange@Slider2@vgui@@UAEXHH@Z 1000f330 f   vgui_slider2.obj
 0001:0000e360       ?getRange@Slider2@vgui@@UAEXAAH0@Z 1000f360 f   vgui_slider2.obj
 0001:0000e380       ?privateCursorMoved@Slider2@vgui@@UAEXHHPAVPanel@2@@Z 1000f380 f   vgui_slider2.obj
 0001:0000e4c0       ??0Cursor@vgui@@QAE@ABV01@@Z 1000f4c0 f i vgui_slider2.obj
 0001:0000e4f0       ??4Cursor@vgui@@QAEAAV01@ABV01@@Z 1000f4f0 f i vgui_slider2.obj
 0001:0000e530       ??0App@vgui@@QAE@ABV01@@Z  1000f530 f i vgui_slider2.obj
 0001:0000e6b0       ?privateMousePressed@Slider2@vgui@@UAEXW4MouseCode@2@PAVPanel@2@@Z 1000f6b0 f   vgui_slider2.obj
 0001:0000e770       ??4App@vgui@@QAEAAV01@ABV01@@Z 1000f770 f i vgui_slider2.obj
 0001:0000e920       ?privateMouseReleased@Slider2@vgui@@UAEXW4MouseCode@2@PAVPanel@2@@Z 1000f920 f   vgui_slider2.obj
 0001:0000e940       ?getNobPos@Slider2@vgui@@UAEXAAH0@Z 1000f940 f   vgui_slider2.obj
 0001:0000e960       ?setRangeWindow@Slider2@vgui@@UAEXH@Z 1000f960 f   vgui_slider2.obj
 0001:0000e970       ?setRangeWindowEnabled@Slider2@vgui@@UAEX_N@Z 1000f970 f   vgui_slider2.obj
 0001:0000e980       ?setButtonOffset@Slider2@vgui@@UAEXH@Z 1000f980 f   vgui_slider2.obj
 0001:0000e990       ?HashPlayerID@@YAEQBD@Z    1000f990 f   voice_banmgr.obj
 0001:0000e9b0       ??0CVoiceBanMgr@@QAE@XZ    1000f9b0 f   voice_banmgr.obj
 0001:0000e9c0       ??1CVoiceBanMgr@@QAE@XZ    1000f9c0 f   voice_banmgr.obj
 0001:0000e9d0       ?Init@CVoiceBanMgr@@QAE_NPBD@Z 1000f9d0 f   voice_banmgr.obj
 0001:0000eab0       ?Term@CVoiceBanMgr@@QAEXXZ 1000fab0 f   voice_banmgr.obj
 0001:0000eaf0       ?SaveState@CVoiceBanMgr@@QAEXPBD@Z 1000faf0 f   voice_banmgr.obj
 0001:0000eb90       ?GetPlayerBan@CVoiceBanMgr@@QAE_NQBD@Z 1000fb90 f   voice_banmgr.obj
 0001:0000ebb0       ?SetPlayerBan@CVoiceBanMgr@@QAEXQBD_N@Z 1000fbb0 f   voice_banmgr.obj
 0001:0000ec10       ?ForEachBannedPlayer@CVoiceBanMgr@@QAEXP6AXQAD@Z@Z 1000fc10 f   voice_banmgr.obj
 0001:0000ec40       ?Clear@CVoiceBanMgr@@IAEXXZ 1000fc40 f   voice_banmgr.obj
 0001:0000ec60       ?InternalFindPlayerSquelch@CVoiceBanMgr@@IAEPAVBannedPlayer@1@QBD@Z 1000fc60 f   voice_banmgr.obj
 0001:0000ecb0       ?AddBannedPlayer@CVoiceBanMgr@@IAEPAVBannedPlayer@1@QBD@Z 1000fcb0 f   voice_banmgr.obj
 0001:0000ed60       ?GetClientVoiceMgr@@YAPAVCVoiceStatus@@XZ 1000fd60 f   voice_status.obj
 0001:0000ed70       ?__MsgFunc_VoiceMask@@YAHPBDHPAX@Z 1000fd70 f   voice_status.obj
 0001:0000ed90       ?__MsgFunc_ReqState@@YAHPBDHPAX@Z 1000fd90 f   voice_status.obj
 0001:0000edb0       ?ForEachBannedPlayer@@YAXQAD@Z 1000fdb0 f   voice_status.obj
 0001:0000ee50       ?ShowBannedCallback@@YAXXZ 1000fe50 f   voice_status.obj
 0001:0000eea0       ??0CVoiceStatus@@QAE@XZ    1000fea0 f   voice_status.obj
 0001:0000efb0       ??_ECVoiceStatus@@UAEPAXI@Z 1000ffb0 f i voice_status.obj
 0001:0000efb0       ??_GCVoiceStatus@@UAEPAXI@Z 1000ffb0 f i voice_status.obj
 0001:0000efd0       ??0position_history_t@@QAE@XZ 1000ffd0 f i voice_status.obj
 0001:0000efe0       ??1CVoiceStatus@@UAE@XZ    1000ffe0 f   voice_status.obj
 0001:0000f0d0       ?Init@CVoiceStatus@@UAEHPAVIVoiceStatusHelper@@PAPAVPanel@vgui@@@Z 100100d0 f   voice_status.obj
 0001:0000f360       ?VidInit@CVoiceStatus@@UAEHXZ 10010360 f   voice_status.obj
 0001:0000f640       ??0Vector@@QAE@XZ          10010640 f i voice_status.obj
 0001:0000f650       ?Frame@CVoiceStatus@@QAEXN@Z 10010650 f   voice_status.obj
 0001:0000f6e0       ?CreateEntities@CVoiceStatus@@QAEXXZ 100106e0 f   voice_status.obj
 0001:0000f870       ??1CHudBase@@UAE@XZ        10010870 f i voice_status.obj
 0001:0000f880       ?Init@CHudBase@@UAEHXZ     10010880 f i voice_status.obj
 0001:0000f890       ?VidInit@CHudBase@@UAEHXZ  10010890 f i voice_status.obj
 0001:0000f8a0       ?Draw@CHudBase@@UAEHM@Z    100108a0 f i voice_status.obj
 0001:0000f8b0       ?Think@CHudBase@@UAEXXZ    100108b0 f i voice_status.obj
 0001:0000f8c0       ?Reset@CHudBase@@UAEXXZ    100108c0 f i voice_status.obj
 0001:0000f8d0       ?InitHUDData@CHudBase@@UAEXXZ 100108d0 f i voice_status.obj
 0001:0000f8e0       ??_GCHudBase@@UAEPAXI@Z    100108e0 f i voice_status.obj
 0001:0000f8e0       ??_ECHudBase@@UAEPAXI@Z    100108e0 f i voice_status.obj
 0001:0000f900       ?UpdateSpeakerStatus@CVoiceStatus@@QAEXHH@Z 10010900 f   voice_status.obj
 0001:0000fb80       ?UpdateServerState@CVoiceStatus@@QAEX_N@Z 10010b80 f   voice_status.obj
 0001:0000fdf0       ?UpdateSpeakerImage@CVoiceStatus@@QAEXPAVLabel@vgui@@H@Z 10010df0 f   voice_status.obj
 0001:0000fe10       ?UpdateBanButton@CVoiceStatus@@QAEXH@Z 10010e10 f   voice_status.obj
 0001:0000ff60       ?HandleVoiceMaskMsg@CVoiceStatus@@QAEXHPAX@Z 10010f60 f   voice_status.obj
 0001:00010010       ?HandleReqStateMsg@CVoiceStatus@@QAEXHPAX@Z 10011010 f   voice_status.obj
 0001:00010050       ?StartSquelchMode@CVoiceStatus@@QAEXXZ 10011050 f   voice_status.obj
 0001:00010070       ?StopSquelchMode@CVoiceStatus@@QAEXXZ 10011070 f   voice_status.obj
 0001:00010090       ?IsInSquelchMode@CVoiceStatus@@QAE_NXZ 10011090 f   voice_status.obj
 0001:000100a0       ?FindVoiceLabel@CVoiceStatus@@QAEPAVCVoiceLabel@@H@Z 100110a0 f   voice_status.obj
 0001:000100d0       ?GetFreeVoiceLabel@CVoiceStatus@@QAEPAVCVoiceLabel@@XZ 100110d0 f   voice_status.obj
 0001:000100e0       ?RepositionLabels@CVoiceStatus@@QAEXXZ 100110e0 f   voice_status.obj
 0001:00010340       ?FreeBitmaps@CVoiceStatus@@QAEXXZ 10011340 f   voice_status.obj
 0001:00010430       ?IsPlayerBlocked@CVoiceStatus@@QAE_NH@Z 10011430 f   voice_status.obj
 0001:00010470       ?IsPlayerAudible@CVoiceStatus@@QAE_NH@Z 10011470 f   voice_status.obj
 0001:000104a0       ?SetPlayerBlockedState@CVoiceStatus@@QAEXH_N@Z 100114a0 f   voice_status.obj
 0001:000105a0       ?cursorMoved@CDefaultInputSignal@vgui@@UAEXHHPAVPanel@2@@Z 100115a0 f i voice_status.obj
 0001:000105b0       ?cursorEntered@CDefaultInputSignal@vgui@@UAEXPAVPanel@2@@Z 100115b0 f i voice_status.obj
 0001:000105c0       ?cursorExited@CDefaultInputSignal@vgui@@UAEXPAVPanel@2@@Z 100115c0 f i voice_status.obj
 0001:000105d0       ?mousePressed@CDefaultInputSignal@vgui@@UAEXW4MouseCode@2@PAVPanel@2@@Z 100115d0 f i voice_status.obj
 0001:000105e0       ?mouseDoublePressed@CDefaultInputSignal@vgui@@UAEXW4MouseCode@2@PAVPanel@2@@Z 100115e0 f i voice_status.obj
 0001:000105f0       ?mouseReleased@CDefaultInputSignal@vgui@@UAEXW4MouseCode@2@PAVPanel@2@@Z 100115f0 f i voice_status.obj
 0001:00010600       ?mouseWheeled@CDefaultInputSignal@vgui@@UAEXHPAVPanel@2@@Z 10011600 f i voice_status.obj
 0001:00010610       ?keyPressed@CDefaultInputSignal@vgui@@UAEXW4KeyCode@2@PAVPanel@2@@Z 10011610 f i voice_status.obj
 0001:00010620       ?keyTyped@CDefaultInputSignal@vgui@@UAEXW4KeyCode@2@PAVPanel@2@@Z 10011620 f i voice_status.obj
 0001:00010630       ?keyReleased@CDefaultInputSignal@vgui@@UAEXW4KeyCode@2@PAVPanel@2@@Z 10011630 f i voice_status.obj
 0001:00010640       ?keyFocusTicked@CDefaultInputSignal@vgui@@UAEXPAVPanel@2@@Z 10011640 f i voice_status.obj
 0001:00010650       ??0TextImage@vgui@@QAE@ABV01@@Z 10011650 f i voice_status.obj
 0001:000106e0       ??4TextImage@vgui@@QAEAAV01@ABV01@@Z 100116e0 f i voice_status.obj
 0001:00010780       ?IsTweakDlgOpen@@YA_NXZ    10011780 f   voice_vgui_tweakdlg.obj
 0001:000107d0       ?GetVoiceTweakDlg@@YAPAVCMenuPanel@@XZ 100117d0 f   voice_vgui_tweakdlg.obj
 0001:00010800       ?actionPerformed@CVoiceTweakOKButton@@UAEXPAVPanel@vgui@@@Z 10011800 f i voice_vgui_tweakdlg.obj
 0001:00010810       ??0TweakScroller@@QAE@XZ   10011810 f   voice_vgui_tweakdlg.obj
 0001:00010850       ?Init@TweakScroller@@QAEXPAVPanel@vgui@@PADH@Z 10011850 f   voice_vgui_tweakdlg.obj
 0001:000109b0       ?GetValue@TweakScroller@@QAEMXZ 100119b0 f   voice_vgui_tweakdlg.obj
 0001:000109e0       ?SetValue@TweakScroller@@QAEXM@Z 100119e0 f   voice_vgui_tweakdlg.obj
 0001:00010a10       ??0CVoiceVGUITweakDlg@@QAE@XZ 10011a10 f   voice_vgui_tweakdlg.obj
 0001:00010b10       ??1CVoiceVGUITweakDlg@@QAE@XZ 10011b10 f   voice_vgui_tweakdlg.obj
 0001:00010b30       ?Open@CVoiceVGUITweakDlg@@UAEXXZ 10011b30 f   voice_vgui_tweakdlg.obj
 0001:00010df0       ?Close@CVoiceVGUITweakDlg@@UAEXXZ 10011df0 f   voice_vgui_tweakdlg.obj
 0001:00010e30       ?paintBackground@CVoiceVGUITweakDlg@@UAEXXZ 10011e30 f   voice_vgui_tweakdlg.obj
 0001:00010ef0       ?StateChanged@CVoiceVGUITweakDlg@@UAEXPAVCCheckButton2@vgui@@@Z 10011ef0 f   voice_vgui_tweakdlg.obj
 0001:00010f30       ??0Frame@vgui@@QAE@ABV01@@Z 10011f30 f i voice_vgui_tweakdlg.obj
 0001:000111f0       ??4Frame@vgui@@QAEAAV01@ABV01@@Z 100121f0 f i voice_vgui_tweakdlg.obj
 0001:000114e0       ??0TextPanel@vgui@@QAE@ABV01@@Z 100124e0 f i voice_vgui_tweakdlg.obj
 0001:000116a0       ??4TextPanel@vgui@@QAEAAV01@ABV01@@Z 100126a0 f i voice_vgui_tweakdlg.obj
 0001:00011890       ??0InputStream@vgui@@QAE@XZ 10012890 f i voice_vgui_tweakdlg.obj
 0001:000118a0       ??0InputStream@vgui@@QAE@ABV01@@Z 100128a0 f i voice_vgui_tweakdlg.obj
 0001:000118b0       ??4InputStream@vgui@@QAEAAV01@ABV01@@Z 100128b0 f i voice_vgui_tweakdlg.obj
 0001:000118c0       ??0FileInputStream@vgui@@QAE@ABV01@@Z 100128c0 f i voice_vgui_tweakdlg.obj
 0001:000118e0       ??4FileInputStream@vgui@@QAEAAV01@ABV01@@Z 100128e0 f i voice_vgui_tweakdlg.obj
 0001:000118f0       ??0DesktopIcon@vgui@@QAE@ABV01@@Z 100128f0 f i voice_vgui_tweakdlg.obj
 0001:00011ad0       ??4DesktopIcon@vgui@@QAEAAV01@ABV01@@Z 10012ad0 f i voice_vgui_tweakdlg.obj
 0001:00011ce0       ??0MiniApp@vgui@@QAE@ABV01@@Z 10012ce0 f i voice_vgui_tweakdlg.obj
 0001:00011d00       ??4MiniApp@vgui@@QAEAAV01@ABV01@@Z 10012d00 f i voice_vgui_tweakdlg.obj
 0001:00011d10       ??4String@vgui@@QAEAAV01@ABV01@@Z 10012d10 f i voice_vgui_tweakdlg.obj
 0001:00011d20       ??0ScrollPanel@vgui@@QAE@ABV01@@Z 10012d20 f i voice_vgui_tweakdlg.obj
 0001:00011f10       ??4ScrollPanel@vgui@@QAEAAV01@ABV01@@Z 10012f10 f i voice_vgui_tweakdlg.obj
 0001:00012150       ??0ScrollBar@vgui@@QAE@ABV01@@Z 10013150 f i voice_vgui_tweakdlg.obj
 0001:00012350       ??4ScrollBar@vgui@@QAEAAV01@ABV01@@Z 10013350 f i voice_vgui_tweakdlg.obj
 0001:00012590       ??0Slider@vgui@@QAE@ABV01@@Z 10013590 f i voice_vgui_tweakdlg.obj
 0001:00012810       ??4Slider@vgui@@QAEAAV01@ABV01@@Z 10013810 f i voice_vgui_tweakdlg.obj
 0001:00012ac0       ??0Font@vgui@@QAE@ABV01@@Z 10013ac0 f i voice_vgui_tweakdlg.obj
 0001:00012af0       ??4Font@vgui@@QAEAAV01@ABV01@@Z 10013af0 f i voice_vgui_tweakdlg.obj
 0001:00012b10       ?paintBackground@CTransparentPanel@@UAEXXZ 10013b10 f i voice_vgui_tweakdlg.obj
 0001:00012b50       ?Reset@CMenuPanel@@UAEXXZ  10013b50 f i voice_vgui_tweakdlg.obj
 0001:00012b70       ?Open@CMenuPanel@@UAEXXZ   10013b70 f i voice_vgui_tweakdlg.obj
 0001:00012b90       ?Close@CMenuPanel@@UAEXXZ  10013b90 f i voice_vgui_tweakdlg.obj
 0001:00012bc0       ?SlotInput@CMenuPanel@@UAE_NH@Z 10013bc0 f i voice_vgui_tweakdlg.obj
 0001:00012bd0       ?SetActiveInfo@CMenuPanel@@UAEXH@Z 10013bd0 f i voice_vgui_tweakdlg.obj
 0001:00012be0       ?LoadAllWeaponSprites@WeaponsResource@@QAEXXZ 10013be0 f   ammo.obj
 0001:00012c10       ?CountAmmo@WeaponsResource@@QAEHH@Z 10013c10 f   ammo.obj
 0001:00012c30       ?HasAmmo@WeaponsResource@@QAEHPAUWEAPON@@@Z 10013c30 f   ammo.obj
 0001:00012ca0       ?LoadWeaponSprites@WeaponsResource@@QAEXPAUWEAPON@@@Z 10013ca0 f   ammo.obj
 0001:00013260       ?GetFirstPos@WeaponsResource@@QAEPAUWEAPON@@H@Z 10014260 f   ammo.obj
 0001:000132b0       ?GetLastPos@WeaponsResource@@QAEPAUWEAPON@@H@Z 100142b0 f   ammo.obj
 0001:00013310       ?GetNextActivePos@WeaponsResource@@QAEPAUWEAPON@@HH@Z 10014310 f   ammo.obj
 0001:00013360       ?GetPrevActivePos@WeaponsResource@@QAEPAUWEAPON@@HH@Z 10014360 f   ammo.obj
 0001:000133b0       ?__MsgFunc_CurWeapon@@YAHPBDHPAX@Z 100143b0 f   ammo.obj
 0001:000133d0       ?__MsgFunc_WeaponList@@YAHPBDHPAX@Z 100143d0 f   ammo.obj
 0001:000133f0       ?__MsgFunc_AmmoX@@YAHPBDHPAX@Z 100143f0 f   ammo.obj
 0001:00013410       ?__MsgFunc_AmmoPickup@@YAHPBDHPAX@Z 10014410 f   ammo.obj
 0001:00013430       ?__MsgFunc_WeapPickup@@YAHPBDHPAX@Z 10014430 f   ammo.obj
 0001:00013450       ?__MsgFunc_HideWeapon@@YAHPBDHPAX@Z 10014450 f   ammo.obj
 0001:00013470       ?__MsgFunc_ItemPickup@@YAHPBDHPAX@Z 10014470 f   ammo.obj
 0001:00013490       ?__CmdFunc_Slot1@@YAXXZ    10014490 f   ammo.obj
 0001:000134a0       ?__CmdFunc_Slot2@@YAXXZ    100144a0 f   ammo.obj
 0001:000134b0       ?__CmdFunc_Slot3@@YAXXZ    100144b0 f   ammo.obj
 0001:000134c0       ?__CmdFunc_Slot4@@YAXXZ    100144c0 f   ammo.obj
 0001:000134d0       ?__CmdFunc_Slot5@@YAXXZ    100144d0 f   ammo.obj
 0001:000134e0       ?__CmdFunc_Slot6@@YAXXZ    100144e0 f   ammo.obj
 0001:000134f0       ?__CmdFunc_Slot7@@YAXXZ    100144f0 f   ammo.obj
 0001:00013500       ?__CmdFunc_Slot8@@YAXXZ    10014500 f   ammo.obj
 0001:00013510       ?__CmdFunc_Slot9@@YAXXZ    10014510 f   ammo.obj
 0001:00013520       ?__CmdFunc_Slot10@@YAXXZ   10014520 f   ammo.obj
 0001:00013530       ?__CmdFunc_Close@@YAXXZ    10014530 f   ammo.obj
 0001:00013540       ?__CmdFunc_NextWeapon@@YAXXZ 10014540 f   ammo.obj
 0001:00013550       ?__CmdFunc_PrevWeapon@@YAXXZ 10014550 f   ammo.obj
 0001:00013560       ?Init@CHudAmmo@@UAEHXZ     10014560 f   ammo.obj
 0001:00013740       ?LoadMenuSettings@CHudAmmo@@QAEXXZ 10014740 f   ammo.obj
 0001:00013cc0       ?Reset@CHudAmmo@@UAEXXZ    10014cc0 f   ammo.obj
 0001:00013d10       ?VidInit@CHudAmmo@@UAEHXZ  10014d10 f   ammo.obj
 0001:00013e20       ?Think@CHudAmmo@@UAEXXZ    10014e20 f   ammo.obj
 0001:00013f70       ?GetAmmoPicFromWeapon@WeaponsResource@@QAEPAHHAAUrect_s@@@Z 10014f70 f   ammo.obj
 0001:00014010       ?SelectSlot@WeaponsResource@@QAEXHHH@Z 10015010 f   ammo.obj
 0001:00014210       ?MsgFunc_AmmoX@CHudAmmo@@QAEHPBDHPAX@Z 10015210 f   ammo.obj
 0001:00014250       ?MsgFunc_AmmoPickup@CHudAmmo@@QAEHPBDHPAX@Z 10015250 f   ammo.obj
 0001:00014310       ?MsgFunc_WeapPickup@CHudAmmo@@QAEHPBDHPAX@Z 10015310 f   ammo.obj
 0001:00014390       ?MsgFunc_ItemPickup@CHudAmmo@@QAEHPBDHPAX@Z 10015390 f   ammo.obj
 0001:000143f0       ?MsgFunc_HideWeapon@CHudAmmo@@QAEHPBDHPAX@Z 100153f0 f   ammo.obj
 0001:00014450       ?MsgFunc_CurWeapon@CHudAmmo@@QAEHPBDHPAX@Z 10015450 f   ammo.obj
 0001:00014590       ?MsgFunc_WeaponList@CHudAmmo@@QAEHPBDHPAX@Z 10015590 f   ammo.obj
 0001:000146b0       ?SlotInput@CHudAmmo@@QAEXH@Z 100156b0 f   ammo.obj
 0001:000146e0       ?UserCmd_Slot1@CHudAmmo@@QAAXXZ 100156e0 f   ammo.obj
 0001:000146f0       ?UserCmd_Slot2@CHudAmmo@@QAAXXZ 100156f0 f   ammo.obj
 0001:00014700       ?UserCmd_Slot3@CHudAmmo@@QAAXXZ 10015700 f   ammo.obj
 0001:00014710       ?UserCmd_Slot4@CHudAmmo@@QAAXXZ 10015710 f   ammo.obj
 0001:00014720       ?UserCmd_Slot5@CHudAmmo@@QAAXXZ 10015720 f   ammo.obj
 0001:00014730       ?UserCmd_Slot6@CHudAmmo@@QAAXXZ 10015730 f   ammo.obj
 0001:00014740       ?UserCmd_Slot7@CHudAmmo@@QAAXXZ 10015740 f   ammo.obj
 0001:00014750       ?UserCmd_Slot8@CHudAmmo@@QAAXXZ 10015750 f   ammo.obj
 0001:00014760       ?UserCmd_Slot9@CHudAmmo@@QAAXXZ 10015760 f   ammo.obj
 0001:00014770       ?UserCmd_Slot10@CHudAmmo@@QAAXXZ 10015770 f   ammo.obj
 0001:00014780       ?UserCmd_Close@CHudAmmo@@QAAXXZ 10015780 f   ammo.obj
 0001:000147c0       ?UserCmd_NextWeapon@CHudAmmo@@QAAXXZ 100157c0 f   ammo.obj
 0001:00014890       ?UserCmd_PrevWeapon@CHudAmmo@@QAAXXZ 10015890 f   ammo.obj
 0001:00014960       ?Draw@CHudAmmo@@UAEHM@Z    10015960 f   ammo.obj
 0001:00014a50       ?DrawBar@@YAHHHHHM@Z       10015a50 f   ammo.obj
 0001:00014b20       ?DrawAmmoBar@@YAXPAUWEAPON@@HHHH@Z 10015b20 f   ammo.obj
 0001:00014be0       ?DrawWList@CHudAmmo@@QAEHM@Z 10015be0 f   ammo.obj
 0001:00014f60       ?GetSpriteList@@YAPAUclient_sprite_s@@PAU1@PBDHH@Z 10015f60 f   ammo.obj
 0001:00014fe0       ?__MsgFunc_SecAmmoVal@@YAHPBDHPAX@Z 10015fe0 f   ammo_secondary.obj
 0001:00015000       ?__MsgFunc_SecAmmoIcon@@YAHPBDHPAX@Z 10016000 f   ammo_secondary.obj
 0001:00015020       ?Init@CHudAmmoSecondary@@UAEHXZ 10016020 f   ammo_secondary.obj
 0001:00015080       ?Reset@CHudAmmoSecondary@@UAEXXZ 10016080 f   ammo_secondary.obj
 0001:00015090       ?VidInit@CHudAmmoSecondary@@UAEHXZ 10016090 f   ammo_secondary.obj
 0001:000150a0       ?Draw@CHudAmmoSecondary@@UAEHM@Z 100160a0 f   ammo_secondary.obj
 0001:000152b0       ?MsgFunc_SecAmmoIcon@CHudAmmoSecondary@@QAEHPBDHPAX@Z 100162b0 f   ammo_secondary.obj
 0001:000152f0       ?MsgFunc_SecAmmoVal@CHudAmmoSecondary@@QAEHPBDHPAX@Z 100162f0 f   ammo_secondary.obj
 0001:00015370       ?AddToHistory@HistoryResource@@QAEXHHH@Z 10016370 f   ammohistory.obj
 0001:00015410       ?AddToHistory@HistoryResource@@QAEXHPBDH@Z 10016410 f   ammohistory.obj
 0001:000154c0       ?CheckClearHistory@HistoryResource@@QAEXXZ 100164c0 f   ammohistory.obj
 0001:000154e0       ?DrawAmmoHistory@HistoryResource@@QAEHM@Z 100164e0 f   ammohistory.obj
 0001:000158b0       ?__MsgFunc_Battery@@YAHPBDHPAX@Z 100168b0 f   battery.obj
 0001:000158d0       ?Init@CHudBattery@@UAEHXZ  100168d0 f   battery.obj
 0001:00015910       ?VidInit@CHudBattery@@UAEHXZ 10016910 f   battery.obj
 0001:00015970       ?MsgFunc_Battery@CHudBattery@@QAEHPBDHPAX@Z 10016970 f   battery.obj
 0001:000159c0       ?Draw@CHudBattery@@UAEHM@Z 100169c0 f   battery.obj
 0001:00015a10       _HUD_GetHullBounds         10016a10 f   cdll_int.obj
 0001:00015a30       _HUD_ConnectionlessPacket  10016a30 f   cdll_int.obj
 0001:00015a40       _HUD_PlayerMoveInit        10016a40 f   cdll_int.obj
 0001:00015a50       _HUD_PlayerMoveTexture     10016a50 f   cdll_int.obj
 0001:00015a60       _HUD_PlayerMove            10016a60 f   cdll_int.obj
 0001:00015a80       _Initialize                10016a80 f   cdll_int.obj
 0001:00015ac0       _HUD_VidInit               10016ac0 f   cdll_int.obj
 0001:00015ae0       _HUD_Init                  10016ae0 f   cdll_int.obj
 0001:00015b00       _HUD_Redraw                10016b00 f   cdll_int.obj
 0001:00015b20       _HUD_UpdateClientData      10016b20 f   cdll_int.obj
 0001:00015b40       _HUD_Reset                 10016b40 f   cdll_int.obj
 0001:00015b50       _HUD_Frame                 10016b50 f   cdll_int.obj
 0001:00015b80       _HUD_VoiceStatus           10016b80 f   cdll_int.obj
 0001:00015ba0       _HUD_DirectorMessage       10016ba0 f   cdll_int.obj
 0001:00015bc0       ??0CHud@@QAE@XZ            10016bc0 f i cdll_int.obj
 0001:00015c70       ??_ECHudAmmo@@UAEPAXI@Z    10016c70 f i cdll_int.obj
 0001:00015c70       ??_GCHudAmmo@@UAEPAXI@Z    10016c70 f i cdll_int.obj
 0001:00015c90       ??1CHudAmmo@@UAE@XZ        10016c90 f i cdll_int.obj
 0001:00015ca0       ??_GCHudHealth@@UAEPAXI@Z  10016ca0 f i cdll_int.obj
 0001:00015ca0       ??_ECHudHealth@@UAEPAXI@Z  10016ca0 f i cdll_int.obj
 0001:00015cc0       ??1CHudHealth@@UAE@XZ      10016cc0 f i cdll_int.obj
 0001:00015cd0       ??_GCHudSpectator@@UAEPAXI@Z 10016cd0 f i cdll_int.obj
 0001:00015cd0       ??_ECHudSpectator@@UAEPAXI@Z 10016cd0 f i cdll_int.obj
 0001:00015cf0       ??1CHudSpectator@@UAE@XZ   10016cf0 f i cdll_int.obj
 0001:00015d00       ??_GCHudGeiger@@UAEPAXI@Z  10016d00 f i cdll_int.obj
 0001:00015d00       ??_ECHudGeiger@@UAEPAXI@Z  10016d00 f i cdll_int.obj
 0001:00015d20       ??1CHudGeiger@@UAE@XZ      10016d20 f i cdll_int.obj
 0001:00015d30       ??_GCHudBattery@@UAEPAXI@Z 10016d30 f i cdll_int.obj
 0001:00015d30       ??_ECHudBattery@@UAEPAXI@Z 10016d30 f i cdll_int.obj
 0001:00015d50       ??1CHudBattery@@UAE@XZ     10016d50 f i cdll_int.obj
 0001:00015d60       ??_ECHudTrain@@UAEPAXI@Z   10016d60 f i cdll_int.obj
 0001:00015d60       ??_GCHudTrain@@UAEPAXI@Z   10016d60 f i cdll_int.obj
 0001:00015d80       ??1CHudTrain@@UAE@XZ       10016d80 f i cdll_int.obj
 0001:00015d90       ??_ECHudFlashlight@@UAEPAXI@Z 10016d90 f i cdll_int.obj
 0001:00015d90       ??_GCHudFlashlight@@UAEPAXI@Z 10016d90 f i cdll_int.obj
 0001:00015db0       ??1CHudFlashlight@@UAE@XZ  10016db0 f i cdll_int.obj
 0001:00015dc0       ??_GCHudMessage@@UAEPAXI@Z 10016dc0 f i cdll_int.obj
 0001:00015dc0       ??_ECHudMessage@@UAEPAXI@Z 10016dc0 f i cdll_int.obj
 0001:00015de0       ??1CHudMessage@@UAE@XZ     10016de0 f i cdll_int.obj
 0001:00015df0       ??_ECHudStatusBar@@UAEPAXI@Z 10016df0 f i cdll_int.obj
 0001:00015df0       ??_GCHudStatusBar@@UAEPAXI@Z 10016df0 f i cdll_int.obj
 0001:00015e10       ??1CHudStatusBar@@UAE@XZ   10016e10 f i cdll_int.obj
 0001:00015e20       ??_GCHudDeathNotice@@UAEPAXI@Z 10016e20 f i cdll_int.obj
 0001:00015e20       ??_ECHudDeathNotice@@UAEPAXI@Z 10016e20 f i cdll_int.obj
 0001:00015e40       ??1CHudDeathNotice@@UAE@XZ 10016e40 f i cdll_int.obj
 0001:00015e50       ??_GCHudSayText@@UAEPAXI@Z 10016e50 f i cdll_int.obj
 0001:00015e50       ??_ECHudSayText@@UAEPAXI@Z 10016e50 f i cdll_int.obj
 0001:00015e70       ??1CHudSayText@@UAE@XZ     10016e70 f i cdll_int.obj
 0001:00015e80       ??_GCHudMenu@@UAEPAXI@Z    10016e80 f i cdll_int.obj
 0001:00015e80       ??_ECHudMenu@@UAEPAXI@Z    10016e80 f i cdll_int.obj
 0001:00015ea0       ??1CHudMenu@@UAE@XZ        10016ea0 f i cdll_int.obj
 0001:00015eb0       ??_GCHudAmmoSecondary@@UAEPAXI@Z 10016eb0 f i cdll_int.obj
 0001:00015eb0       ??_ECHudAmmoSecondary@@UAEPAXI@Z 10016eb0 f i cdll_int.obj
 0001:00015ed0       ??1CHudAmmoSecondary@@UAE@XZ 10016ed0 f i cdll_int.obj
 0001:00015ee0       ??_ECHudTextMessage@@UAEPAXI@Z 10016ee0 f i cdll_int.obj
 0001:00015ee0       ??_GCHudTextMessage@@UAEPAXI@Z 10016ee0 f i cdll_int.obj
 0001:00015f00       ??1CHudTextMessage@@UAE@XZ 10016f00 f i cdll_int.obj
 0001:00015f10       ??_GCHudStatusIcons@@UAEPAXI@Z 10016f10 f i cdll_int.obj
 0001:00015f10       ??_ECHudStatusIcons@@UAEPAXI@Z 10016f10 f i cdll_int.obj
 0001:00015f30       ??1CHudStatusIcons@@UAE@XZ 10016f30 f i cdll_int.obj
 0001:00015f40       ??_ECHudParticle@@UAEPAXI@Z 10016f40 f i cdll_int.obj
 0001:00015f40       ??_GCHudParticle@@UAEPAXI@Z 10016f40 f i cdll_int.obj
 0001:00015f60       ??1CHudParticle@@UAE@XZ    10016f60 f i cdll_int.obj
 0001:00015f70       ?__MsgFunc_DeathMsg@@YAHPBDHPAX@Z 10016f70 f   death.obj
 0001:00015f90       ?GetClientColor@@YAPAMH@Z  10016f90 f   death.obj
 0001:00015fe0       ?Init@CHudDeathNotice@@UAEHXZ 10016fe0 f   death.obj
 0001:00016020       ?InitHUDData@CHudDeathNotice@@UAEXXZ 10017020 f   death.obj
 0001:00016040       ?VidInit@CHudDeathNotice@@UAEHXZ 10017040 f   death.obj
 0001:00016060       ?Draw@CHudDeathNotice@@UAEHM@Z 10017060 f   death.obj
 0001:00016310       ?MsgFunc_DeathMsg@CHudDeathNotice@@QAEHPBDHPAX@Z 10017310 f   death.obj
 0001:000167c0       ?Demo_WriteBuffer@@YAXHHPAE@Z 100177c0 f   demo.obj
 0001:00016820       _Demo_ReadBuffer           10017820 f   demo.obj
 0001:000168a0       _HUD_AddEntity             100178a0 f   entity.obj
 0001:00016920       _HUD_TxferLocalOverrides   10017920 f   entity.obj
 0001:000169b0       _HUD_ProcessPlayerState    100179b0 f   entity.obj
 0001:00016b80       _HUD_TxferPredictionData   10017b80 f   entity.obj
 0001:00016d70       _HUD_CreateEntities        10017d70 f   entity.obj
 0001:00016e60       ?DlightFlash@@YAXPAM@Z     10017e60 f   entity.obj
 0001:00016f20       _HUD_StudioEvent           10017f20 f   entity.obj
 0001:000172c0       _HUD_TempEntUpdate         100182c0 f   entity.obj
 0001:00017b40       _HUD_GetUserEntity         10018b40 f   entity.obj
 0001:00017b50       ?GetEntity@@YAPAUcl_entity_s@@H@Z 10018b50 f   ev_common.obj
 0001:00017b60       ?GetViewEntity@@YAPAUcl_entity_s@@XZ 10018b60 f   ev_common.obj
 0001:00017b70       ?EV_CreateTracer@@YAXPAM0@Z 10018b70 f   ev_common.obj
 0001:00017b90       ?EV_IsPlayer@@YAHH@Z       10018b90 f   ev_common.obj
 0001:00017bb0       ?EV_IsLocal@@YAHH@Z        10018bb0 f   ev_common.obj
 0001:00017c00       ?EV_GetGunPosition@@YAXPAUevent_args_s@@PAM1@Z 10018c00 f   ev_common.obj
 0001:00017cb0       ?EV_EjectBrass@@YAXPAM0MHH@Z 10018cb0 f   ev_common.obj
 0001:00017d00       ?EV_GetDefaultShellInfo@@YAXPAUevent_args_s@@PAM111111MMM@Z 10018d00 f   ev_common.obj
 0001:00017e30       ?EV_MuzzleFlash@@YAXXZ     10018e30 f   ev_common.obj
 0001:00017e50       ?EV_HookEvents@@YAXXZ      10018e50 f   events.obj
 0001:00017e60       ?LoadCrashRpt@@YAXXZ       10018e60 f   exception.obj
 0001:00017fe0       ?UnloadCrashRpt@@YAXXZ     10018fe0 f   exception.obj
 0001:00018010       ?GetExceptionStrings@@YAXKPAPBD0@Z 10019010 f   exception.obj
 0001:00018060       ?InstallExceptionHandler@@YAXXZ 10019060 f   exception.obj
 0001:000182d0       ?UnInstallExceptionHandler@@YAXXZ 100192d0 f   exception.obj
 0001:00018300       ?__MsgFunc_FlashBat@@YAHPBDHPAX@Z 10019300 f   flashlight.obj
 0001:00018320       ?__MsgFunc_Flashlight@@YAHPBDHPAX@Z 10019320 f   flashlight.obj
 0001:00018340       ?Init@CHudFlashlight@@UAEHXZ 10019340 f   flashlight.obj
 0001:00018390       ?Reset@CHudFlashlight@@UAEXXZ 10019390 f   flashlight.obj
 0001:000183a0       ?VidInit@CHudFlashlight@@UAEHXZ 100193a0 f   flashlight.obj
 0001:00018460       ?MsgFunc_FlashBat@CHudFlashlight@@QAEHPBDHPAX@Z 10019460 f   flashlight.obj
 0001:000184a0       ?MsgFunc_Flashlight@CHudFlashlight@@QAEHPBDHPAX@Z 100194a0 f   flashlight.obj
 0001:000184e0       ?Draw@CHudFlashlight@@UAEHM@Z 100194e0 f   flashlight.obj
 0001:00018530       ??1CGameStudioModelRenderer@@UAE@XZ 10019530 f i GameStudioModelRenderer.obj
 0001:00018540       ??0CGameStudioModelRenderer@@QAE@XZ 10019540 f   GameStudioModelRenderer.obj
 0001:00018560       ??_GCGameStudioModelRenderer@@UAEPAXI@Z 10019560 f i GameStudioModelRenderer.obj
 0001:00018560       ??_ECGameStudioModelRenderer@@UAEPAXI@Z 10019560 f i GameStudioModelRenderer.obj
 0001:00018580       ?R_StudioDrawPlayer@@YAHHPAUentity_state_s@@@Z 10019580 f   GameStudioModelRenderer.obj
 0001:000185a0       ?R_StudioDrawModel@@YAHH@Z 100195a0 f   GameStudioModelRenderer.obj
 0001:000185d0       ?R_StudioInit@@YAXXZ       100195d0 f   GameStudioModelRenderer.obj
 0001:000185e0       _HUD_GetStudioModelInterface 100195e0 f   GameStudioModelRenderer.obj
 0001:00018620       ?ExtDrawShield@@YAXXZ      10019620 f   GameStudioModelRenderer.obj
 0001:00018630       ?DrawCustomEntModel@@YAXPAUcl_entity_s@@HH@Z 10019630 f   GameStudioModelRenderer.obj
 0001:00018650       ?__MsgFunc_Geiger@@YAHPBDHPAX@Z 10019650 f   geiger.obj
 0001:00018670       ?Init@CHudGeiger@@UAEHXZ   10019670 f   geiger.obj
 0001:000186c0       ?VidInit@CHudGeiger@@UAEHXZ 100196c0 f   geiger.obj
 0001:000186d0       ?MsgFunc_Geiger@CHudGeiger@@QAEHPBDHPAX@Z 100196d0 f   geiger.obj
 0001:00018710       ?Draw@CHudGeiger@@UAEHM@Z  10019710 f   geiger.obj
 0001:000188d0       ?DrawVectorDir@@YAXABVVector@@0MMMMM@Z 100198d0 f   gl_debug.obj
 0001:00018940       ?RecursiveDrawTextureVecs@@YAHPAUmnode_s@@ABVVector@@1@Z 10019940 f   gl_debug.obj
 0001:00018e10       ?DrawTextureVecs@@YAXXZ    10019e10 f   gl_debug.obj
 0001:00018f00       ?WriteTGA_24@@YAHPAUcolor24@@GGPBD@Z 10019f00 f   gl_debug.obj
 0001:00018ff0       ?DumpTextures@@YAXXZ       10019ff0 f   gl_debug.obj
 0001:00019150       ?TextureId@@YAHPBD@Z       1001a150 f   gl_debug.obj
 0001:000191e0       ?DumpLeafInfo@@YAXXZ       1001a1e0 f   gl_debug.obj
 0001:000193b0       ?DumpLevel@@YAXXZ          1001a3b0 f   gl_debug.obj
 0001:00019650       ?PrintOtherDebugInfo@@YAXXZ 1001a650 f   gl_debug.obj
 0001:000197d0       ??0DecalGroup@@QAE@PBDHPAVDecalGroupEntry@@@Z 1001a7d0 f   gl_decals.obj
 0001:00019840       ??1DecalGroup@@QAE@XZ      1001a840 f   gl_decals.obj
 0001:00019870       ?GetEntry@DecalGroup@@QAEPAVDecalGroupEntry@@H@Z 1001a870 f   gl_decals.obj
 0001:00019880       ?GetRandomDecal@DecalGroup@@QAEPBVDecalGroupEntry@@XZ 1001a880 f   gl_decals.obj
 0001:000198b0       ?FindGroup@@YAPAVDecalGroup@@PBD@Z 1001a8b0 f   gl_decals.obj
 0001:00019970       ?FindIntersectionPoint@@YAXABVVector@@000AAV1@@Z 1001a970 f   gl_decals.obj
 0001:00019a30       ?ClipPolygonByPlane@@YAHPBVVector@@HV1@1PAV1@@Z 1001aa30 f   gl_decals.obj
 0001:00019ce0       ?GetUpRight@@YAXVVector@@AAV1@1@Z 1001ace0 f   gl_decals.obj
 0001:00019de0       ?LoadDecalTexture@@YAHPBD@Z 1001ade0 f   gl_decals.obj
 0001:00019f20       ?LoadDecals@@YAXXZ         1001af20 f   gl_decals.obj
 0001:0001a1f0       ?AllocDecal@@YAPAUcustomdecal_s@@XZ 1001b1f0 f   gl_decals.obj
 0001:0001a230       ?AllocStaticDecal@@YAPAUcustomdecal_s@@XZ 1001b230 f   gl_decals.obj
 0001:0001a260       ?CreateDecal@@YAXVVector@@0PBDH@Z 1001b260 f   gl_decals.obj
 0001:0001a8a0       ??DVector@@QBE?AV0@M@Z     1001b8a0 f i gl_decals.obj
 0001:0001a8d0       ?CreateDecal@@YAXAAUpmtrace_s@@PBDH@Z 1001b8d0 f   gl_decals.obj
 0001:0001a930       ?CreateDecalTrace@@YAXVVector@@0PBDH@Z 1001b930 f   gl_decals.obj
 0001:0001a980       ?CreateCachedDecals@@YAXXZ 1001b980 f   gl_decals.obj
 0001:0001a9f0       ?PasteViewDecal@@YAXXZ     1001b9f0 f   gl_decals.obj
 0001:0001aa80       ??HVector@@QBE?AV0@ABV0@@Z 1001ba80 f i gl_decals.obj
 0001:0001aab0       ?DrawSingleDecal@@YAHPAUcustomdecal_s@@@Z 1001bab0 f   gl_decals.obj
 0001:0001adb0       ?DrawDecals@@YAXXZ         1001bdb0 f   gl_decals.obj
 0001:0001aec0       ?MsgCustomDecal@@YAHPBDHPAX@Z 1001bec0 f   gl_decals.obj
 0001:0001af50       ?DeleteDecals@@YAXXZ       1001bf50 f   gl_decals.obj
 0001:0001af70       ?InitDecals@@YAXXZ         1001bf70 f   gl_decals.obj
 0001:0001afe0       ?DecalsShutdown@@YAXXZ     1001bfe0 f   gl_decals.obj
 0001:0001b000       ?DecalsPrintDebugInfo@@YAXXZ 1001c000 f   gl_decals.obj
 0001:0001b1a0       ?SetPointlightBBox@@YAXXZ  1001c1a0 f   gl_light_dynamic.obj
 0001:0001b1f0       ?CullPointlightBBox@@YAHVVector@@0@Z 1001c1f0 f   gl_light_dynamic.obj
 0001:0001b280       ?IsPitchReversed@@YAHM@Z   1001c280 f   gl_light_dynamic.obj
 0001:0001b2b0       ?SetProjectionTexCoords@@YAXMMMM@Z 1001c2b0 f   gl_light_dynamic.obj
 0001:0001b320       ?SetupProjection@@YAXXZ    1001c320 f   gl_light_dynamic.obj
 0001:0001b5f0       ?DisableProjection@@YAXXZ  1001c5f0 f   gl_light_dynamic.obj
 0001:0001b640       ?SetupAttenuationSpotlight@@YAXXZ 1001c640 f   gl_light_dynamic.obj
 0001:0001b6e0       ?DisableAttenuationSpotlight@@YAXXZ 1001c6e0 f   gl_light_dynamic.obj
 0001:0001b6f0       ?SetupAttenuation3D@@YAXXZ 1001c6f0 f   gl_light_dynamic.obj
 0001:0001b820       ?DisableAttenuation3D@@YAXXZ 1001c820 f   gl_light_dynamic.obj
 0001:0001b850       ?SetupAttenuation2D@@YAXXZ 1001c850 f   gl_light_dynamic.obj
 0001:0001b920       ?SetupAttenuation1D@@YAXXZ 1001c920 f   gl_light_dynamic.obj
 0001:0001b9a0       ?DisableAttenuation2D@@YAXXZ 1001c9a0 f   gl_light_dynamic.obj
 0001:0001b9c0       ?DisableAttenuation1D@@YAXXZ 1001c9c0 f   gl_light_dynamic.obj
 0001:0001b9d0       ?SetupSpotLight@@YAHXZ     1001c9d0 f   gl_light_dynamic.obj
 0001:0001bbc0       ?SetupPointLight@@YAHXZ    1001cbc0 f   gl_light_dynamic.obj
 0001:0001bde0       ?FinishSpotLight@@YAXXZ    1001cde0 f   gl_light_dynamic.obj
 0001:0001bf50       ?FinishPointLight@@YAXXZ   1001cf50 f   gl_light_dynamic.obj
 0001:0001c4a0       ?LightDrawPoly@@YAXPAUmsurface_s@@@Z 1001d4a0 f   gl_light_dynamic.obj
 0001:0001c510       ?DrawEntityFacesForLight@@YAXPAUcl_entity_s@@@Z 1001d510 f   gl_light_dynamic.obj
 0001:0001c5c0       ?DrawDynamicLightForEntity@@YAXPAUcl_entity_s@@@Z 1001d5c0 f   gl_light_dynamic.obj
 0001:0001c960       ?RecursiveDrawWorldLight@@YAXPAUmnode_s@@@Z 1001d960 f   gl_light_dynamic.obj
 0001:0001cb60       ?DrawDynamicLights@@YAXXZ  1001db60 f   gl_light_dynamic.obj
 0001:0001ce60       ?MY_AllocDlight@@YAPAUDynamicLight@@H@Z 1001de60 f   gl_light_dynamic.obj
 0001:0001cee0       ?MY_DecayLights@@YAXXZ     1001dee0 f   gl_light_dynamic.obj
 0001:0001cf70       ?ResetDynamicLights@@YAXXZ 1001df70 f   gl_light_dynamic.obj
 0001:0001cf90       ?HasDynamicLights@@YAHXZ   1001df90 f   gl_light_dynamic.obj
 0001:0001cfe0       ?CreateSpotlightAttenuationTexture@@YAHXZ 1001dfe0 f   gl_light_dynamic.obj
 0001:0001d110       ?Create3DAttenuationTexture@@YAHXZ 1001e110 f   gl_light_dynamic.obj
 0001:0001d320       ?Create2DAttenuationForOldCards@@YAHXZ 1001e320 f   gl_light_dynamic.obj
 0001:0001d480       ?Create1DAttenuationForOldCards@@YAHXZ 1001e480 f   gl_light_dynamic.obj
 0001:0001d580       ?CreateAttenuationTextures@@YAXXZ 1001e580 f   gl_light_dynamic.obj
 0001:0001d5d0       ?GetDlightsForPoint@@YAHVVector@@00PAPAUDynamicLight@@H@Z 1001e5d0 f   gl_light_dynamic.obj
 0001:0001d800       ?StyleIndex@@YAHPAUmsurface_s@@H@Z 1001e800 f   gl_lightmap.obj
 0001:0001d830       ?ApplyGamma@@YAMM@Z        1001e830 f   gl_lightmap.obj
 0001:0001d870       ?Clamp@@YAXVVector@@PAUcolor24@@@Z 1001e870 f   gl_lightmap.obj
 0001:0001d980       ?LightmapSize@@YAHPAUmsurface_s@@@Z 1001e980 f   gl_lightmap.obj
 0001:0001d9a0       ?UploadBlocklights@@YAXPAUmsurface_s@@@Z 1001e9a0 f   gl_lightmap.obj
 0001:0001da10       ?BuildLightMap_FromOriginal@@YAXPAUmsurface_s@@@Z 1001ea10 f   gl_lightmap.obj
 0001:0001db10       ?BuildLightMap_FromBaselight@@YAXPAUmsurface_s@@@Z 1001eb10 f   gl_lightmap.obj
 0001:0001dc10       ?BuildLightMap_Combine@@YAXPAUmsurface_s@@@Z 1001ec10 f   gl_lightmap.obj
 0001:0001de20       ?BuildLightMap_FromBumpStyle@@YAXPAUmsurface_s@@HH@Z 1001ee20 f   gl_lightmap.obj
 0001:0001e170       ?BumpMarkFaces@@YAXXZ      1001f170 f   gl_lightmap.obj
 0001:0001e260       ?UploadLightmaps@@YAXH@Z   1001f260 f   gl_lightmap.obj
 0001:0001e2f0       ?LightmapsNeedsUpdate@@YAHXZ 1001f2f0 f   gl_lightmap.obj
 0001:0001e3b0       ?UpdateLightmaps@@YAXXZ    1001f3b0 f   gl_lightmap.obj
 0001:0001e720       ?SetLightmapBaseIndex@@YAXXZ 1001f720 f   gl_lightmap.obj
 0001:0001e750       ?GL_SetSpriteRenderMode@@YAXH@Z 1001f750 f   gl_model.obj
 0001:0001e7e0       ?R_GetSpriteFrame@@YAPAUmspriteframe_s@@PAUmodel_s@@H@Z 1001f7e0 f   gl_model.obj
 0001:0001e870       ?R_DrawSprite@@YAXPAUcl_entity_s@@@Z 1001f870 f   gl_model.obj
 0001:0001f020       ??0Vector@@QAE@MMM@Z       10020020 f i gl_model.obj
 0001:0001f040       ?GetGrayscaleFactor@@YAMXZ 10020040 f   gl_postprocess.obj
 0001:0001f0a0       ?UseRectangleTextures@@YAHXZ 100200a0 f   gl_postprocess.obj
 0001:0001f0d0       ?InitScreenTexture@@YAXXZ  100200d0 f   gl_postprocess.obj
 0001:0001f2a0       ?MakeWeightsTexture@@YAXXZ 100202a0 f   gl_postprocess.obj
 0001:0001f380       ?DrawQuad@@YAXHHHH@Z       10020380 f   gl_postprocess.obj
 0001:0001f450       ?ApplyPostEffects@@YAXXZ   10020450 f   gl_postprocess.obj
 0001:0001fb90       ?InitPostEffects@@YAXXZ    10020b90 f   gl_postprocess.obj
 0001:0001fc10       ?DisableWorldDrawing@@YAXPAUref_params_s@@@Z 10020c10 f   gl_renderer.obj
 0001:0001fcc0       ?RestoreWorldDrawing@@YAXXZ 10020cc0 f   gl_renderer.obj
 0001:0001fcf0       ?getCubeVector@@YAXHHHAAVVector@@@Z 10020cf0 f   gl_renderer.obj
 0001:0001fe10       ?CreateNormalizationCubemap@@YAHXZ 10020e10 f   gl_renderer.obj
 0001:0001ff80       ?CreateDefaultNormalMap@@YAHXZ 10020f80 f   gl_renderer.obj
 0001:00020020       ?ResetRenderState@@YAXXZ   10021020 f   gl_renderer.obj
 0001:000200b0       ?R_RotateForEntity@@YAXPAUcl_entity_s@@@Z 100210b0 f   gl_renderer.obj
 0001:00020120       ?IsEntityMoved@@YAHPAUcl_entity_s@@@Z 10021120 f   gl_renderer.obj
 0001:000201b0       ?IsEntityTransparent@@YAHPAUcl_entity_s@@@Z 100211b0 f   gl_renderer.obj
 0001:000201d0       ?R_DrawBrushModel@@YAXPAUcl_entity_s@@H@Z 100211d0 f   gl_renderer.obj
 0001:00020840       ?RecursiveDrawWorld@@YAXPAUmnode_s@@@Z 10021840 f   gl_renderer.obj
 0001:00020a20       ?PrepareRenderer@@YAXPAUref_params_s@@@Z 10021a20 f   gl_renderer.obj
 0001:00020bd0       ?DrawBump@@YAXXZ           10021bd0 f   gl_renderer.obj
 0001:00020d60       ?MsgCustomDlight@@YAHPBDHPAX@Z 10021d60 f   gl_renderer.obj
 0001:00020e50       ?KillSky@@YAXXZ            10021e50 f   gl_renderer.obj
 0001:00020eb0       ?MakeLight@@YAXXZ          10021eb0 f   gl_renderer.obj
 0001:00020fc0       ?RendererCreateEntities@@YAXXZ 10021fc0 f   gl_renderer.obj
 0001:00021010       ?RendererTentsUpdate@@YAXXZ 10022010 f   gl_renderer.obj
 0001:00021020       ?RendererUpdateEntityList@@YAXXZ 10022020 f   gl_renderer.obj
 0001:00021110       ?RendererFilterEntities@@YAHHPAUcl_entity_s@@PBD@Z 10022110 f   gl_renderer.obj
 0001:00021290       ?RendererCalcRefDef@@YAXPAUref_params_s@@@Z 10022290 f   gl_renderer.obj
 0001:000212c0       ?RendererDrawNormal@@YAXXZ 100222c0 f   gl_renderer.obj
 0001:00021520       ??1GL_MtexStateSaver@@QAE@XZ 10022520 f i gl_renderer.obj
 0001:00021720       ?RendererDrawTransparent@@YAXXZ 10022720 f   gl_renderer.obj
 0001:00021730       ?RendererVidInit@@YAXXZ    10022730 f   gl_renderer.obj
 0001:00021780       ?RendererInit@@YAXXZ       10022780 f   gl_renderer.obj
 0001:000219f0       ?RendererCleanup@@YAXXZ    100229f0 f   gl_renderer.obj
 0001:00021a00       ?RendererDrawHud@@YAXXZ    10022a00 f   gl_renderer.obj
 0001:00021a10       ?FreeBuffer@@YAXXZ         10022a10 f   gl_rsurf.obj
 0001:00021ab0       ?GenerateVertexArray@@YAXXZ 10022ab0 f   gl_rsurf.obj
 0001:00021df0       ?EnableVertexArray@@YAXXZ  10022df0 f   gl_rsurf.obj
 0001:00021e60       ?DisableVertexArray@@YAXXZ 10022e60 f   gl_rsurf.obj
 0001:00021ec0       ?R_TextureAnimation@@YAPAUtexture_s@@PAU1@@Z 10022ec0 f   gl_rsurf.obj
 0001:00021f50       ?Bind2DTexture@@YAXII@Z    10022f50 f   gl_rsurf.obj
 0001:00021f80       ?SetTexEnv_Internal@@YAXH@Z 10022f80 f   gl_rsurf.obj
 0001:00022280       ?SetTexEnvs@@YAXHHHH@Z     10023280 f   gl_rsurf.obj
 0001:00022340       ?SetTexPointer@@YAXHH@Z    10023340 f   gl_rsurf.obj
 0001:00022440       ?ResetCache@@YAXXZ         10023440 f   gl_rsurf.obj
 0001:00022490       ?SetTextureMatrix@@YAXHHH@Z 10023490 f   gl_rsurf.obj
 0001:000224f0       ?GetExtTexData@@YAPAVExtTextureData@@PAUtexture_s@@@Z 100234f0 f   gl_rsurf.obj
 0001:00022510       ?AddPolyToSpecularChain@@YAXPAUmsurface_s@@@Z 10023510 f   gl_rsurf.obj
 0001:00022570       ?AddPolyToTextureChain@@YAXPAUmsurface_s@@@Z 10023570 f   gl_rsurf.obj
 0001:00022590       ?AddPolyToSkyChain@@YAXPAUmsurface_s@@@Z 10023590 f   gl_rsurf.obj
 0001:000225b0       ?AddPolyToLightmapChain@@YAXPAUmsurface_s@@@Z 100235b0 f   gl_rsurf.obj
 0001:000225e0       ?PrepareFirstPass@@YAXXZ   100235e0 f   gl_rsurf.obj
 0001:000226a0       ?DrawPolyFromArray@@YAXPAUglpoly_s@@@Z 100236a0 f   gl_rsurf.obj
 0001:000226d0       ?DrawPolyFromArray@@YAXPAUmsurface_s@@@Z 100236d0 f   gl_rsurf.obj
 0001:000226e0       ?DrawPolyFirstPass@@YAXPAUmsurface_s@@@Z 100236e0 f   gl_rsurf.obj
 0001:00022740       ?DrawNormalPoly@@YAXPAUmsurface_s@@@Z 10023740 f   gl_rsurf.obj
[...]
 0001:0001d0f0       _$E32                      1001e0f0 f   gl_light_dynamic.obj
 0001:00019910       _$E15                      1001a910 f   gl_decals.obj
 0001:00019920       _$E14                      1001a920 f   gl_decals.obj
 0001:00019930       _$E18                      1001a930 f   gl_decals.obj
 0001:00019940       _$E17                      1001a940 f   gl_decals.obj
 0001:00019950       _$E21                      1001a950 f   gl_decals.obj
 0001:00019960       _$E20                      1001a960 f   gl_decals.obj
 0001:00018920       _$E15                      10019920 f   gl_debug.obj
 0001:00018930       _$E14                      10019930 f   gl_debug.obj
 0001:000184f0       _$E17                      100194f0 f   GameStudioModelRenderer.obj
 0001:00018500       _$E14                      10019500 f   GameStudioModelRenderer.obj
 0001:00018510       _$E16                      10019510 f   GameStudioModelRenderer.obj
 0001:00018520       _$E15                      10019520 f   GameStudioModelRenderer.obj
 0001:000180b0       ?_exceptionCB@@YGJPAU_EXCEPTION_POINTERS@@@Z 100190b0 f   exception.obj
 0001:00016d50       _$E15                      10017d50 f   entity.obj
 0001:00016d60       _$E14                      10017d60 f   entity.obj
 0001:000159d0       _$E18                      100169d0 f   cdll_int.obj
 0001:000159e0       _$E15                      100169e0 f   cdll_int.obj
 0001:000159f0       _$E17                      100169f0 f   cdll_int.obj
 0001:00015a00       _$E16                      10016a00 f   cdll_int.obj
 0001:00010790       _$E35                      10011790 f   voice_vgui_tweakdlg.obj
 0001:000107a0       _$E32                      100117a0 f   voice_vgui_tweakdlg.obj
 0001:000107b0       _$E34                      100117b0 f   voice_vgui_tweakdlg.obj
 0001:000107c0       _$E33                      100117c0 f   voice_vgui_tweakdlg.obj
 0001:000107e0       _$E38                      100117e0 f   voice_vgui_tweakdlg.obj
 0001:000107f0       _$E37                      100117f0 f   voice_vgui_tweakdlg.obj
 0001:0000ed20       _$E18                      1000fd20 f   voice_status.obj
 0001:0000ed30       _$E15                      1000fd30 f   voice_status.obj
 0001:0000ed40       _$E17                      1000fd40 f   voice_status.obj
 0001:0000ed50       _$E16                      1000fd50 f   voice_status.obj
 0001:0000c4a0       _$E2                       1000d4a0 f   hl_weapons.obj
 0001:0000c4b0       _$E1                       1000d4b0 f   hl_weapons.obj
 0001:0007baf8       _findenv                   1007caf8 f   LIBCMT:setenv.obj
 0001:0007bb50       _copy_environ              1007cb50 f   LIBCMT:setenv.obj
 0001:0007b946       _strncnt                   1007c946 f   LIBCMT:a_cmp.obj
 0001:0007afe7       _xtoa                      1007bfe7 f   LIBCMT:xtoa.obj
 0001:0007b0b9       _x64toa@20                 1007c0b9 f   LIBCMT:xtoa.obj
 0001:0007a4db       __expandtime               1007b4db f   LIBCMT:strftime.obj
 0001:0007a8ca       __store_str                1007b8ca f   LIBCMT:strftime.obj
 0001:0007a8f1       __store_num                1007b8f1 f   LIBCMT:strftime.obj
 0001:0007a960       __store_number             1007b960 f   LIBCMT:strftime.obj
 0001:0007a9a9       __store_winword            1007b9a9 f   LIBCMT:strftime.obj
 0001:00079d01       __get_fname                1007ad01 f   LIBCMT:fpexcept.obj
 0001:00078b15       _ctrlevent_capture@4       10079b15 f   LIBCMT:winsig.obj
 0001:00078cf9       _siglookup                 10079cf9 f   LIBCMT:winsig.obj
 0001:000786b3       _getSystemCP               100796b3 f   LIBCMT:mbctype.obj
 0001:000786fd       _CPtoLCID                  100796fd f   LIBCMT:mbctype.obj
 0001:00078730       _setSBCS                   10079730 f   LIBCMT:mbctype.obj
 0001:00078759       _setSBUpLow                10079759 f   LIBCMT:mbctype.obj
 0001:00077bf7       _TranslateName             10078bf7 f   LIBCMT:getqloc.obj
 0001:00077c4f       _GetLcidFromLangCountry    10078c4f f   LIBCMT:getqloc.obj
 0001:00077cd6       _LangCountryEnumProc@4     10078cd6 f   LIBCMT:getqloc.obj
 0001:00077eda       _GetLcidFromLanguage       10078eda f   LIBCMT:getqloc.obj
 0001:00077f30       _LanguageEnumProc@4        10078f30 f   LIBCMT:getqloc.obj
 0001:00077fed       _GetLcidFromCountry        10078fed f   LIBCMT:getqloc.obj
 0001:00078024       _CountryEnumProc@4         10079024 f   LIBCMT:getqloc.obj
 0001:000780aa       _GetLcidFromDefault        100790aa f   LIBCMT:getqloc.obj
 0001:000780c4       _ProcessCodePage           100790c4 f   LIBCMT:getqloc.obj
 0001:0007812a       _TestDefaultCountry        1007912a f   LIBCMT:getqloc.obj
 0001:00078149       _TestDefaultLanguage       10079149 f   LIBCMT:getqloc.obj
 0001:000781ab       _IsThisWindowsNT           100791ab f   LIBCMT:getqloc.obj
 0001:000781e1       _crtGetLocaleInfoA@16      100791e1 f   LIBCMT:getqloc.obj
 0001:000782c7       _LcidFromHexString         100792c7 f   LIBCMT:getqloc.obj
 0001:00078300       _GetPrimaryLen             10079300 f   LIBCMT:getqloc.obj
 0001:0007760b       __get_lc_lconv             1007860b f   LIBCMT:initmon.obj
 0001:0007772d       _fix_grouping              1007872d f   LIBCMT:initmon.obj
 0001:00077764       __free_lc_lconv            10078764 f   LIBCMT:initmon.obj
 0001:00077509       _fix_grouping              10078509 f   LIBCMT:initnum.obj
 0001:00076e56       __get_lc_time              10077e56 f   LIBCMT:inittime.obj
 0001:000771a4       __free_lc_time             100781a4 f   LIBCMT:inittime.obj
 0001:000761cb       __tzset_lk                 100771cb f   LIBCMT:tzset.obj
 0001:00076473       __isindst_lk               10077473 f   LIBCMT:tzset.obj
 0001:0007661f       _cvtdate                   1007761f f   LIBCMT:tzset.obj
 0001:0007598e       _strtoxl                   1007698e f   LIBCMT:strtol.obj
 0001:000745dc       __abstract_cw              100755dc f   LIBCMT:ieee87.obj
 0001:0007466e       __hw_cw                    1007566e f   LIBCMT:ieee87.obj
 0001:000746f7       __abstract_sw              100756f7 f   LIBCMT:ieee87.obj
 0001:000744ee       _xcptlookup                100754ee f   LIBCMT:winxfltr.obj
 0001:00073d16       _parse_cmdline             10074d16 f   LIBCMT:stdargv.obj
 0001:00073aa7       __hextodec                 10074aa7 f   LIBCMT:input.obj
 0001:00073ade       __inc                      10074ade f   LIBCMT:input.obj
 0001:00073af8       __un_inc                   10074af8 f   LIBCMT:input.obj
 0001:00073b0f       __whiteout                 10074b0f f   LIBCMT:input.obj
 0001:00072f0e       _strncnt                   10073f0e f   LIBCMT:a_map.obj
 0001:000728b7       __setlocale_set_cat        100738b7 f   LIBCMT:setlocal.obj
 0001:000729d2       __setlocale_get_all        100739d2 f   LIBCMT:setlocal.obj
 0001:000720f1       fFEXP                      100730f1 f   LIBCMT:87tran.obj
 0001:00072231       _rtforexpinf               10073231 f   LIBCMT:87tran.obj
 0001:000712c4       label0                     100722c4 f   LIBCMT:adj_fdiv.obj
 0001:000712ca       label1                     100722ca f   LIBCMT:adj_fdiv.obj
 0001:000712cf       label2                     100722cf f   LIBCMT:adj_fdiv.obj
 0001:000712d5       label3                     100722d5 f   LIBCMT:adj_fdiv.obj
 0001:000712da       label4                     100722da f   LIBCMT:adj_fdiv.obj
 0001:000712e0       label5                     100722e0 f   LIBCMT:adj_fdiv.obj
 0001:000712e6       label6                     100722e6 f   LIBCMT:adj_fdiv.obj
 0001:000712ec       label7                     100722ec f   LIBCMT:adj_fdiv.obj
 0001:000712f2       label8                     100722f2 f   LIBCMT:adj_fdiv.obj
 0001:0007130e       label9                     1007230e f   LIBCMT:adj_fdiv.obj
 0001:00071313       label10                    10072313 f   LIBCMT:adj_fdiv.obj
 0001:00071329       label11                    10072329 f   LIBCMT:adj_fdiv.obj
 0001:0007132e       label12                    1007232e f   LIBCMT:adj_fdiv.obj
 0001:0007134a       label13                    1007234a f   LIBCMT:adj_fdiv.obj
 0001:0007135a       label14                    1007235a f   LIBCMT:adj_fdiv.obj
 0001:0007136e       label15                    1007236e f   LIBCMT:adj_fdiv.obj
 0001:0007137e       label16                    1007237e f   LIBCMT:adj_fdiv.obj
 0001:0007139e       label17                    1007239e f   LIBCMT:adj_fdiv.obj
 0001:000713a3       label18                    100723a3 f   LIBCMT:adj_fdiv.obj
 0001:000713bd       label19                    100723bd f   LIBCMT:adj_fdiv.obj
 0001:000713c2       label20                    100723c2 f   LIBCMT:adj_fdiv.obj
 0001:000713e2       label21                    100723e2 f   LIBCMT:adj_fdiv.obj
 0001:000713f6       label22                    100723f6 f   LIBCMT:adj_fdiv.obj
 0001:0007140e       label23                    1007240e f   LIBCMT:adj_fdiv.obj
 0001:00071422       label24                    10072422 f   LIBCMT:adj_fdiv.obj
 0001:00071442       label25                    10072442 f   LIBCMT:adj_fdiv.obj
 0001:00071447       label26                    10072447 f   LIBCMT:adj_fdiv.obj
 0001:00071461       label27                    10072461 f   LIBCMT:adj_fdiv.obj
 0001:00071466       label28                    10072466 f   LIBCMT:adj_fdiv.obj
 0001:00071486       label29                    10072486 f   LIBCMT:adj_fdiv.obj
 0001:0007149a       label30                    1007249a f   LIBCMT:adj_fdiv.obj
 0001:000714b2       label31                    100724b2 f   LIBCMT:adj_fdiv.obj
 0001:000714c6       label32                    100724c6 f   LIBCMT:adj_fdiv.obj
 0001:000714e6       label33                    100724e6 f   LIBCMT:adj_fdiv.obj
 0001:000714eb       label34                    100724eb f   LIBCMT:adj_fdiv.obj
 0001:00071505       label35                    10072505 f   LIBCMT:adj_fdiv.obj
 0001:0007150a       label36                    1007250a f   LIBCMT:adj_fdiv.obj
 0001:0007152a       label37                    1007252a f   LIBCMT:adj_fdiv.obj
 0001:0007153e       label38                    1007253e f   LIBCMT:adj_fdiv.obj
 0001:00071556       label39                    10072556 f   LIBCMT:adj_fdiv.obj
 0001:0007156a       label40                    1007256a f   LIBCMT:adj_fdiv.obj
 0001:0007158a       label41                    1007258a f   LIBCMT:adj_fdiv.obj
 0001:0007158f       label42                    1007258f f   LIBCMT:adj_fdiv.obj
 0001:000715a9       label43                    100725a9 f   LIBCMT:adj_fdiv.obj
 0001:000715ae       label44                    100725ae f   LIBCMT:adj_fdiv.obj
 0001:000715ce       label45                    100725ce f   LIBCMT:adj_fdiv.obj
 0001:000715e2       label46                    100725e2 f   LIBCMT:adj_fdiv.obj
 0001:000715fa       label47                    100725fa f   LIBCMT:adj_fdiv.obj
 0001:0007160e       label48                    1007260e f   LIBCMT:adj_fdiv.obj
 0001:0007162e       label49                    1007262e f   LIBCMT:adj_fdiv.obj
 0001:00071633       label50                    10072633 f   LIBCMT:adj_fdiv.obj
 0001:0007164d       label51                    1007264d f   LIBCMT:adj_fdiv.obj
 0001:00071652       label52                    10072652 f   LIBCMT:adj_fdiv.obj
 0001:00071672       label53                    10072672 f   LIBCMT:adj_fdiv.obj
 0001:00071686       label54                    10072686 f   LIBCMT:adj_fdiv.obj
 0001:0007169e       label55                    1007269e f   LIBCMT:adj_fdiv.obj
 0001:000716b2       label56                    100726b2 f   LIBCMT:adj_fdiv.obj
 0001:000716d2       label57                    100726d2 f   LIBCMT:adj_fdiv.obj
 0001:000716d7       label58                    100726d7 f   LIBCMT:adj_fdiv.obj
 0001:000716f1       label59                    100726f1 f   LIBCMT:adj_fdiv.obj
 0001:000716f6       label60                    100726f6 f   LIBCMT:adj_fdiv.obj
 0001:00071716       label61                    10072716 f   LIBCMT:adj_fdiv.obj
 0001:0007172a       label62                    1007272a f   LIBCMT:adj_fdiv.obj
 0001:00071742       label63                    10072742 f   LIBCMT:adj_fdiv.obj
 0001:0006e550       LeadUp1                    1006f550 f   LIBCMT:memcpy.obj
 0001:0006e57c       LeadUp2                    1006f57c f   LIBCMT:memcpy.obj
 0001:0006e5a0       LeadUp3                    1006f5a0 f   LIBCMT:memcpy.obj
 0001:0006e61f       UnwindUp0                  1006f61f f   LIBCMT:memcpy.obj
 0001:0006e60c       UnwindUp1                  1006f60c f   LIBCMT:memcpy.obj
 0001:0006e604       UnwindUp2                  1006f604 f   LIBCMT:memcpy.obj
 0001:0006e5fc       UnwindUp3                  1006f5fc f   LIBCMT:memcpy.obj
 0001:0006e5f4       UnwindUp4                  1006f5f4 f   LIBCMT:memcpy.obj
 0001:0006e5ec       UnwindUp5                  1006f5ec f   LIBCMT:memcpy.obj
 0001:0006e5e4       UnwindUp6                  1006f5e4 f   LIBCMT:memcpy.obj
 0001:0006e5dc       UnwindUp7                  1006f5dc f   LIBCMT:memcpy.obj
 0001:0006e638       TrailUp0                   1006f638 f   LIBCMT:memcpy.obj
 0001:0006e640       TrailUp1                   1006f640 f   LIBCMT:memcpy.obj
 0001:0006e64c       TrailUp2                   1006f64c f   LIBCMT:memcpy.obj
 0001:0006e660       TrailUp3                   1006f660 f   LIBCMT:memcpy.obj
 0001:0006e6d8       LeadDown1                  1006f6d8 f   LIBCMT:memcpy.obj
 0001:0006e6f8       LeadDown2                  1006f6f8 f   LIBCMT:memcpy.obj
 0001:0006e720       LeadDown3                  1006f720 f   LIBCMT:memcpy.obj
 0001:0006e774       UnwindDown7                1006f774 f   LIBCMT:memcpy.obj
 0001:0006e77c       UnwindDown6                1006f77c f   LIBCMT:memcpy.obj
 0001:0006e784       UnwindDown5                1006f784 f   LIBCMT:memcpy.obj
 0001:0006e78c       UnwindDown4                1006f78c f   LIBCMT:memcpy.obj
 0001:0006e794       UnwindDown3                1006f794 f   LIBCMT:memcpy.obj
 0001:0006e79c       UnwindDown2                1006f79c f   LIBCMT:memcpy.obj
 0001:0006e7a4       UnwindDown1                1006f7a4 f   LIBCMT:memcpy.obj
 0001:0006e7b7       UnwindDown0                1006f7b7 f   LIBCMT:memcpy.obj
 0001:0006e7d0       TrailDown0                 1006f7d0 f   LIBCMT:memcpy.obj
 0001:0006e7d8       TrailDown1                 1006f7d8 f   LIBCMT:memcpy.obj
 0001:0006e7e8       TrailDown2                 1006f7e8 f   LIBCMT:memcpy.obj
 0001:0006e7fc       TrailDown3                 1006f7fc f   LIBCMT:memcpy.obj
 0001:0006ddb1       _flsall                    1006edb1 f   LIBCMT:fflush.obj
 0001:0006d898       _write_char                1006e898 f   LIBCMT:output.obj
 0001:0006d8cd       _write_multi_char          1006e8cd f   LIBCMT:output.obj
 0001:0006d8fe       _write_string              1006e8fe f   LIBCMT:output.obj
 0001:0006d936       _get_int_arg               1006e936 f   LIBCMT:output.obj
 0001:0006d943       _get_int64_arg             1006e943 f   LIBCMT:output.obj
 0001:0006d953       _get_short_arg             1006e953 f   LIBCMT:output.obj
 0001:0006cd1b       __cftoe2                   1006dd1b f   LIBCMT:cvt.obj
 0001:0006ce32       __cftof2                   1006de32 f   LIBCMT:cvt.obj
 0001:0006cfbd       __shift                    1006dfbd f   LIBCMT:cvt.obj
 0001:0006c110       ?FindHandler@@YAXPAUEHExceptionRecord@@PAUEHRegistrationNode@@PAU_CONTEXT@@PAXPBU_s_FuncInfo@@EH1@Z 1006d110 f   LIBCMT:frame.obj
 0001:0006c2c3       ?FindHandlerForForeignException@@YAXPAUEHExceptionRecord@@PAUEHRegistrationNode@@PAU_CONTEXT@@PAXPBU_s_FuncInfo@@HH1@Z 1006d2c3 f   LIBCMT:frame.obj
 0001:0006c36d       ?TypeMatch@@YAHPBU_s_HandlerType@@PBU_s_CatchableType@@PBU_s_ThrowInfo@@@Z 1006d36d f   LIBCMT:frame.obj
 0001:0006c468       ?FrameUnwindFilter@@YAHPAU_EXCEPTION_POINTERS@@@Z 1006d468 f   LIBCMT:frame.obj
 0001:0006c47e       ?CatchIt@@YAXPAUEHExceptionRecord@@PAUEHRegistrationNode@@PAU_CONTEXT@@PAXPBU_s_FuncInfo@@PBU_s_HandlerType@@PBU_s_CatchableType@@PBU_s_TryBlockMapEntry@@H1E@Z 1006d47e f   LIBCMT:frame.obj
 0001:0006c4f9       ?CallCatchBlock@@YAPAXPAUEHExceptionRecord@@PAUEHRegistrationNode@@PAU_CONTEXT@@PBU_s_FuncInfo@@PAXHK@Z 1006d4f9 f   LIBCMT:frame.obj
 0001:0006c614       ?ExFilterRethrow@@YAHPAU_EXCEPTION_POINTERS@@@Z 1006d614 f   LIBCMT:frame.obj
 0001:0006c63e       ?BuildCatchObject@@YAXPAUEHExceptionRecord@@PAUEHRegistrationNode@@PBU_s_HandlerType@@PBU_s_CatchableType@@@Z 1006d63e f   LIBCMT:frame.obj
 0001:0006c869       ?AdjustPointer@@YAPAXPAXABUPMD@@@Z 1006d869 f   LIBCMT:frame.obj
 0001:0006bd37       ?ArrayUnwindFilter@@YAHPAU_EXCEPTION_POINTERS@@@Z 1006cd37 f   LIBCMT:ehvecdtr.obj
 0001:0006b84c       _shortsort                 1006c84c f   LIBCMT:qsort.obj
 0001:0006b89a       _swap                      1006c89a f   LIBCMT:qsort.obj
 0001:0006ab70       LeadUp1                    1006bb70 f   LIBCMT:memmove.obj
 0001:0006ab9c       LeadUp2                    1006bb9c f   LIBCMT:memmove.obj
 0001:0006abc0       LeadUp3                    1006bbc0 f   LIBCMT:memmove.obj
 0001:0006ac3f       UnwindUp0                  1006bc3f f   LIBCMT:memmove.obj
 0001:0006ac2c       UnwindUp1                  1006bc2c f   LIBCMT:memmove.obj
 0001:0006ac24       UnwindUp2                  1006bc24 f   LIBCMT:memmove.obj
 0001:0006ac1c       UnwindUp3                  1006bc1c f   LIBCMT:memmove.obj
 0001:0006ac14       UnwindUp4                  1006bc14 f   LIBCMT:memmove.obj
 0001:0006ac0c       UnwindUp5                  1006bc0c f   LIBCMT:memmove.obj
 0001:0006ac04       UnwindUp6                  1006bc04 f   LIBCMT:memmove.obj
 0001:0006abfc       UnwindUp7                  1006bbfc f   LIBCMT:memmove.obj
 0001:0006ac58       TrailUp0                   1006bc58 f   LIBCMT:memmove.obj
 0001:0006ac60       TrailUp1                   1006bc60 f   LIBCMT:memmove.obj
 0001:0006ac6c       TrailUp2                   1006bc6c f   LIBCMT:memmove.obj
 0001:0006ac80       TrailUp3                   1006bc80 f   LIBCMT:memmove.obj
 0001:0006acf8       LeadDown1                  1006bcf8 f   LIBCMT:memmove.obj
 0001:0006ad18       LeadDown2                  1006bd18 f   LIBCMT:memmove.obj
 0001:0006ad40       LeadDown3                  1006bd40 f   LIBCMT:memmove.obj
 0001:0006ad94       UnwindDown7                1006bd94 f   LIBCMT:memmove.obj
 0001:0006ad9c       UnwindDown6                1006bd9c f   LIBCMT:memmove.obj
 0001:0006ada4       UnwindDown5                1006bda4 f   LIBCMT:memmove.obj
 0001:0006adac       UnwindDown4                1006bdac f   LIBCMT:memmove.obj
 0001:0006adb4       UnwindDown3                1006bdb4 f   LIBCMT:memmove.obj
 0001:0006adbc       UnwindDown2                1006bdbc f   LIBCMT:memmove.obj
 0001:0006adc4       UnwindDown1                1006bdc4 f   LIBCMT:memmove.obj
 0001:0006add7       UnwindDown0                1006bdd7 f   LIBCMT:memmove.obj
 0001:0006adf0       TrailDown0                 1006bdf0 f   LIBCMT:memmove.obj
 0001:0006adf8       TrailDown1                 1006bdf8 f   LIBCMT:memmove.obj
 0001:0006ae08       TrailDown2                 1006be08 f   LIBCMT:memmove.obj
 0001:0006ae1c       TrailDown3                 1006be1c f   LIBCMT:memmove.obj
 0001:0006a984       fFMOD                      1006b984 f   LIBCMT:87fmod.obj
 0001:00069f8c       _doexit                    1006af8c f   LIBCMT:crt0dat.obj
 0001:0006a043       __initterm                 1006b043 f   LIBCMT:crt0dat.obj
 0001:00069dc4       _gu_return                 1006adc4 f   LIBCMT:exsup.obj
 0001:00069dcc       __unwind_handler           1006adcc f   LIBCMT:exsup.obj
 0001:00069b7f       ?CatchGuardHandler@@YA?AW4_EXCEPTION_DISPOSITION@@PAUEHExceptionRecord@@PAUCatchGuardRN@@PAX2@Z 1006ab7f f   LIBCMT:trnsctrl.obj
 0001:00069c5a       ?TranslatorGuardHandler@@YA?AW4_EXCEPTION_DISPOSITION@@PAUEHExceptionRecord@@PAUTranslatorGuardRN@@PAX2@Z 1006ac5a f   LIBCMT:trnsctrl.obj
