 spirit

 Timestamp is 60242763 (Thu Feb 11 01:35:15 2021)

 Preferred load address is 10000000

 Start         Length     Name                   Class
 0001:00000000 000d3366H .text                   CODE
 0002:00000000 000000f4H .idata$5                DATA
 0002:00000100 0001f621H .rdata                  DATA
 0002:0001f724 00000014H .idata$2                DATA
 0002:0001f738 00000014H .idata$3                DATA
 0002:0001f74c 000000f4H .idata$4                DATA
 0002:0001f840 00000428H .idata$6                DATA
 0002:0001fc70 00005a44H .edata                  DATA
 0003:00000000 00000004H .CRT$XCA                DATA
 0003:00000004 0000003cH .CRT$XCU                DATA
 0003:00000040 00000004H .CRT$XCZ                DATA
 0003:00000044 00000004H .CRT$XIA                DATA
 0003:00000048 0000000cH .CRT$XIC                DATA
 0003:00000054 00000004H .CRT$XIZ                DATA
 0003:00000058 00000004H .CRT$XPA                DATA
 0003:0000005c 00000004H .CRT$XPX                DATA
 0003:00000060 00000004H .CRT$XPZ                DATA
 0003:00000064 00000004H .CRT$XTA                DATA
 0003:00000068 00000004H .CRT$XTZ                DATA
 0003:00000070 000222c4H .data                   DATA
 0003:00022338 00012a88H .bss                    DATA

  Address         Publics by Value              Rva+Base     Lib:Object

 0001:00000000       ?Save@CFlockingFlyerFlock@@UAEHAAVCSave@@@Z 10001000 f   aflock.obj
 0001:00000070       ?Restore@CFlockingFlyerFlock@@UAEHAAVCRestore@@@Z 10001070 f   aflock.obj
 0001:000000a0       _monster_flyer             100010a0 f   aflock.obj
 0001:00000100       _monster_flyer_flock       10001100 f   aflock.obj
 0001:00000160       ?Save@CFlockingFlyer@@UAEHAAVCSave@@@Z 10001160 f   aflock.obj
 0001:000001d0       ?Restore@CFlockingFlyer@@UAEHAAVCRestore@@@Z 100011d0 f   aflock.obj
 0001:00000200       ?KeyValue@CFlockingFlyerFlock@@UAEXPAUKeyValueData_s@@@Z 10001200 f   aflock.obj
 0001:000002c0       ?Spawn@CFlockingFlyerFlock@@UAEXXZ 100012c0 f   aflock.obj
 0001:000002f0       ?PrecacheFlockSounds@CFlockingFlyerFlock@@SAXXZ 100012f0 f   aflock.obj
 0001:00000320       ?SpawnFlock@CFlockingFlyerFlock@@QAEXXZ 10001320 f   aflock.obj
 0001:00000520       ?Spawn@CFlockingFlyer@@UAEXXZ 10001520 f   aflock.obj
 0001:00000560       ?Precache@CFlockingFlyer@@UAEXXZ 10001560 f   aflock.obj
 0001:00000560       ?Precache@CFlockingFlyerFlock@@UAEXXZ 10001560 f   aflock.obj
 0001:00000580       ?MakeSound@CFlockingFlyer@@QAEXXZ 10001580 f   aflock.obj
 0001:00000660       ?Killed@CFlockingFlyer@@UAEXPAUentvars_s@@H@Z 10001660 f   aflock.obj
 0001:00000740       ?FallHack@CFlockingFlyer@@QAEXXZ 10001740 f   aflock.obj
 0001:000007f0       ?SpawnCommonCode@CFlockingFlyer@@QAEXXZ 100017f0 f   aflock.obj
 0001:000008c0       ?BoidAdvanceFrame@CFlockingFlyer@@QAEXXZ 100018c0 f   aflock.obj
 0001:00000970       ?IdleThink@CFlockingFlyer@@QAEXXZ 10001970 f   aflock.obj
 0001:000009c0       ?Start@CFlockingFlyer@@QAEXXZ 100019c0 f   aflock.obj
 0001:00000a10       ?FormFlock@CFlockingFlyer@@QAEXXZ 10001a10 f   aflock.obj
 0001:00000b00       ?SpreadFlock@CFlockingFlyer@@QAEXXZ 10001b00 f   aflock.obj
 0001:00000d40       ??0Vector@@QAE@MMM@Z       10001d40 f i aflock.obj
 0001:00000d60       ?SpreadFlock2@CFlockingFlyer@@QAEXXZ 10001d60 f   aflock.obj
 0001:00000e90       ?FPathBlocked@CFlockingFlyer@@QAEHXZ 10001e90 f   aflock.obj
 0001:00001230       ??GVector@@QBE?AV0@ABV0@@Z 10002230 f i aflock.obj
 0001:00001260       ??DVector@@QBE?AV0@M@Z     10002260 f i aflock.obj
 0001:00001290       ?FlockLeaderThink@CFlockingFlyer@@QAEXXZ 10002290 f   aflock.obj
 0001:00001660       ?FlockFollowerThink@CFlockingFlyer@@QAEXXZ 10002660 f   aflock.obj
 0001:000019d0       ?SetNextThink@CBaseEntity@@UAEXM@Z 100029d0 f i aflock.obj
 0001:000019e0       ?AbsoluteNextThink@CBaseEntity@@UAEXM@Z 100029e0 f i aflock.obj
 0001:000019f0       ?CalcVelocity@CBaseEntity@@UAE?AVVector@@PAV1@@Z 100029f0 f i aflock.obj
 0001:00001a10       ?HandleAnimEvent@CBaseAnimating@@UAEXPAUMonsterEvent_t@@@Z 10002a10 f i aflock.obj
 0001:00001a10       ?DeathNotice@CBaseEntity@@UAEXPAUentvars_s@@@Z 10002a10 f i aflock.obj
 0001:00001a10       ?GasWarning@CBaseEntity@@UAEXH@Z 10002a10 f i aflock.obj
 0001:00001a10       ?UpdateGameMode@CGameRules@@UAEXPAVCBasePlayer@@@Z 10002a10 f i aflock.obj
 0001:00001a10       ?TalkAboutDeadFriend@CTalkMonster@@UAEXPAV1@@Z 10002a10 f i aflock.obj
 0001:00001a10       ?BlockedByPlayer@CBaseMonster@@UAEXPAVCBasePlayer@@@Z 10002a10 f i aflock.obj
 0001:00001a10       ?SendInitMessage@CBaseEntity@@UAEXPAVCBasePlayer@@@Z 10002a10 f i aflock.obj
 0001:00001a10       ?SetToggleState@CBaseEntity@@UAEXH@Z 10002a10 f i aflock.obj
 0001:00001a20       ?ObjectCaps@CBaseEntity@@UAEHXZ 10002a20 f i aflock.obj
 0001:00001a40       ?SetYawSpeed@CBaseMonster@@UAEXXZ 10002a40 f i aflock.obj
 0001:00001a40       ?SecondaryAttack@CBasePlayerWeapon@@UAEXXZ 10002a40 f i aflock.obj
 0001:00001a40       ?Reload1@CBaseToggleWeapon@@UAEXXZ 10002a40 f i aflock.obj
 0001:00001a40       ?Spawn@CBaseEntity@@UAEXXZ 10002a40 f i aflock.obj
 0001:00001a40       ?PostSpawn@CRotButton@@UAEXXZ 10002a40 f i aflock.obj
 0001:00001a40       ?Precache@CBaseEntity@@UAEXXZ 10002a40 f i aflock.obj
 0001:00001a40       ?DesiredAction@CBaseEntity@@UAEXXZ 10002a40 f i aflock.obj
 0001:00001a40       ?FlushChanges@CBaseAlias@@UAEXXZ 10002a40 f i aflock.obj
 0001:00001a40       ?Idle2@CBaseToggleWeapon@@UAEXXZ 10002a40 f i aflock.obj
 0001:00001a40       ?PrescheduleThink@CBaseMonster@@UAEXXZ 10002a40 f i aflock.obj
 0001:00001a40       ?GibMonster@CBaseTurret@@UAEXXZ 10002a40 f i aflock.obj
 0001:00001a40       ?Attack1@CBaseToggleWeapon@@UAEXXZ 10002a40 f i aflock.obj
 0001:00001a40       ?ScheduleChange@CBaseMonster@@UAEXXZ 10002a40 f i aflock.obj
 0001:00001a40       ?UpdateItemInfo@CBasePlayerWeapon@@UAEXXZ 10002a40 f i aflock.obj
 0001:00001a40       ?Reload@CBasePlayerWeapon@@UAEXXZ 10002a40 f i aflock.obj
 0001:00001a40       ?PainSound@CBaseMonster@@UAEXXZ 10002a40 f i aflock.obj
 0001:00001a40       ?UpdateOwner@CBaseEntity@@UAEXXZ 10002a40 f i aflock.obj
 0001:00001a40       ?DeclineFollowing@CTalkMonster@@UAEXXZ 10002a40 f i aflock.obj
 0001:00001a40       ?Reload2@CBaseToggleWeapon@@UAEXXZ 10002a40 f i aflock.obj
 0001:00001a40       ?EndMultiplayerGame@CGameRules@@UAEXXZ 10002a40 f i aflock.obj
 0001:00001a40       ?Attack2@CBaseToggleWeapon@@UAEXXZ 10002a40 f i aflock.obj
 0001:00001a40       ?DeathSound@CBaseMonster@@UAEXXZ 10002a40 f i aflock.obj
 0001:00001a40       ?AlertSound@CBaseMonster@@UAEXXZ 10002a40 f i aflock.obj
 0001:00001a40       ?PlayerJump@CBasePlayerItem@@UAEXXZ 10002a40 f i aflock.obj
 0001:00001a40       ?WeaponIdle@CBasePlayerWeapon@@UAEXXZ 10002a40 f i aflock.obj
 0001:00001a40       ?CheckAmmo@CBaseMonster@@UAEXXZ 10002a40 f i aflock.obj
 0001:00001a40       ?StopSneaking@CBaseEntity@@UAEXXZ 10002a40 f i aflock.obj
 0001:00001a40       ?PostSpawn@CBaseEntity@@UAEXXZ 10002a40 f i aflock.obj
 0001:00001a40       ?StartSneaking@CBaseEntity@@UAEXXZ 10002a40 f i aflock.obj
 0001:00001a40       ?Idle1@CBaseToggleWeapon@@UAEXXZ 10002a40 f i aflock.obj
 0001:00001a40       ?IdleSound@CBaseMonster@@UAEXXZ 10002a40 f i aflock.obj
 0001:00001a40       ?ItemPreFrame@CBasePlayerItem@@UAEXXZ 10002a40 f i aflock.obj
 0001:00001a40       ?PostSpawn@CRotDoor@@UAEXXZ 10002a40 f i aflock.obj
 0001:00001a40       ?OverrideReset@CBaseEntity@@UAEXXZ 10002a40 f i aflock.obj
 0001:00001a50       ?SquadUnlink@CFlockingFlyer@@QAEXXZ 10002a50 f   aflock.obj
 0001:00001a60       ?GetState@CBaseEntity@@UAE?AW4STATE@@PAV1@@Z 10002a60 f i aflock.obj
 0001:00001a70       ?SquadAdd@CFlockingFlyer@@QAEXPAV1@@Z 10002a70 f   aflock.obj
 0001:00001a90       ?SquadRemove@CFlockingFlyer@@QAEXPAV1@@Z 10002a90 f   aflock.obj
 0001:00001b30       ?Respawn@CBaseEntity@@UAEPAV1@XZ 10002b30 f i aflock.obj
 0001:00001b30       ?ChangeModeTo2@CBaseToggleWeapon@@UAEHXZ 10002b30 f i aflock.obj
 0001:00001b30       ?PlayTextureSounds@CHalfLifeMultiplay@@UAEHXZ 10002b30 f i aflock.obj
 0001:00001b30       ?UseDecrement@CCrossbow@@UAEHXZ 10002b30 f i aflock.obj
 0001:00001b30       ?ShouldFadeOnDeath@CBasePlayer@@UAEHXZ 10002b30 f i aflock.obj
 0001:00001b30       ?IsAlias@CBaseEntity@@UAEHXZ 10002b30 f i aflock.obj
 0001:00001b30       ?FBecomeProne@CBaseEntity@@UAEHXZ 10002b30 f i aflock.obj
 0001:00001b30       ?IsAlive@CCycler@@UAEHXZ   10002b30 f i aflock.obj
 0001:00001b30       ?HasCustomGibs@CBaseMonster@@UAEHXZ 10002b30 f i aflock.obj
 0001:00001b30       ?IsSneaking@CBaseEntity@@UAEHXZ 10002b30 f i aflock.obj
 0001:00001b30       ?UseDecrement@CSatchel@@UAEHXZ 10002b30 f i aflock.obj
 0001:00001b30       ?MyMonsterPointer@CBaseEntity@@UAEPAVCBaseMonster@@XZ 10002b30 f i aflock.obj
 0001:00001b30       ?GetToggleState@CBaseEntity@@UAEHXZ 10002b30 f i aflock.obj
 0001:00001b30       ?IsNetClient@CBaseEntity@@UAEHXZ 10002b30 f i aflock.obj
 0001:00001b30       ?ShouldWeaponIdle@CBasePlayerWeapon@@UAEHXZ 10002b30 f i aflock.obj
 0001:00001b30       ?IsTeamplay@CGameRules@@UAEHXZ 10002b30 f i aflock.obj
 0001:00001b30       ?UseDecrement@CHgun@@UAEHXZ 10002b30 f i aflock.obj
 0001:00001b30       ?UseDecrement@CEgon@@UAEHXZ 10002b30 f i aflock.obj
 0001:00001b30       ?UseDecrement@CRpg@@UAEHXZ 10002b30 f i aflock.obj
 0001:00001b30       ?UseDecrement@CHandGrenade@@UAEHXZ 10002b30 f i aflock.obj
 0001:00001b30       ?UseDecrement@CBasePlayerWeapon@@UAEHXZ 10002b30 f i aflock.obj
 0001:00001b30       ?Classify@CBaseEntity@@UAEHXZ 10002b30 f i aflock.obj
 0001:00001b30       ?UseDecrement@CGauss@@UAEHXZ 10002b30 f i aflock.obj
 0001:00001b30       ?MySquadMonsterPointer@CBaseEntity@@UAEPAVCSquadMonster@@XZ 10002b30 f i aflock.obj
 0001:00001b30       ?ChangeModeTo1@CBaseToggleWeapon@@UAEHXZ 10002b30 f i aflock.obj
 0001:00001b30       ?UseDecrement@CTripmine@@UAEHXZ 10002b30 f i aflock.obj
 0001:00001b30       ?GetMode@CBasePlayerItem@@UAEHXZ 10002b30 f i aflock.obj
 0001:00001b30       ?UseDecrement@CPython@@UAEHXZ 10002b30 f i aflock.obj
 0001:00001b30       ?IsPlayer@CBaseEntity@@UAEHXZ 10002b30 f i aflock.obj
 0001:00001b30       ?GetState@CBaseEntity@@UAE?AW4STATE@@XZ 10002b30 f i aflock.obj
 0001:00001b30       ?UseDecrement@CSqueak@@UAEHXZ 10002b30 f i aflock.obj
 0001:00001b40       ?StopFollowing@CBaseMonster@@UAEXHH@Z 10002b40 f i aflock.obj
 0001:00001b40       ?AddPoints@CBaseEntity@@UAEXHH@Z 10002b40 f i aflock.obj
 0001:00001b40       ?AddPointsToTeam@CBaseEntity@@UAEXHH@Z 10002b40 f i aflock.obj
 0001:00001b40       ?ClientUserInfoChanged@CGameRules@@UAEXPAVCBasePlayer@@PAD@Z 10002b40 f i aflock.obj
 0001:00001b50       ?AddPlayerItem@CBaseEntity@@UAEHPAVCBasePlayerItem@@@Z 10002b50 f i aflock.obj
 0001:00001b50       ?RemovePlayerItem@CBaseEntity@@UAEHPAVCBasePlayerItem@@@Z 10002b50 f i aflock.obj
 0001:00001b50       ?GetItemInfo@CWeaponCycler@@UAEHPAUItemInfo@@@Z 10002b50 f i aflock.obj
 0001:00001b50       ?OnControls@CBaseEntity@@UAEHPAUentvars_s@@@Z 10002b50 f i aflock.obj
 0001:00001b60       ?GiveAmmo@CBaseEntity@@UAEHHPADH@Z 10002b60 f i aflock.obj
 0001:00001b70       ?SquadCount@CFlockingFlyer@@QAEHXZ 10002b70 f   aflock.obj
 0001:00001b90       ?SquadDisband@CFlockingFlyer@@QAEXXZ 10002b90 f   aflock.obj
 0001:00001bb0       ?IsBSPModel@CBaseEntity@@UAEHXZ 10002bb0 f i aflock.obj
 0001:00001bd0       ?ReflectGauss@CBaseEntity@@UAEHXZ 10002bd0 f i aflock.obj
 0001:00001c00       ?HasTarget@CBaseEntity@@UAEHH@Z 10002c00 f i aflock.obj
 0001:00001c70       ?TeamID@CBaseEntity@@UAEPBDXZ 10002c70 f i aflock.obj
 0001:00001c80       ?Think@CBaseEntity@@UAEXXZ 10002c80 f i aflock.obj
 0001:00001c90       ?Touch@CBaseEntity@@UAEXPAV1@@Z 10002c90 f i aflock.obj
 0001:00001cb0       ?Use@CBaseEntity@@UAEXPAV1@0W4USE_TYPE@@M@Z 10002cb0 f i aflock.obj
 0001:00001cd0       ?Blocked@CBaseEntity@@UAEXPAV1@@Z 10002cd0 f i aflock.obj
 0001:00001cf0       ??0CBaseToggle@@QAE@XZ     10002cf0 f i aflock.obj
 0001:00001d00       ?CalcRatio@CBaseEntity@@UAEMPAV1@@Z 10002d00 f i aflock.obj
 0001:00001d10       ?BloodColor@CAirtank@@EAEHXZ 10002d10 f i aflock.obj
 0001:00001d10       ?BloodColor@CApache@@EAEHXZ 10002d10 f i aflock.obj
 0001:00001d10       ?BloodColor@CBaseEntity@@UAEHXZ 10002d10 f i aflock.obj
 0001:00001d10       ?BloodColor@CLeech@@UAEHXZ 10002d10 f i aflock.obj
 0001:00001d10       ?BloodColor@CGrenade@@UAEHXZ 10002d10 f i aflock.obj
 0001:00001d10       ?BloodColor@CGunTarget@@UAEHXZ 10002d10 f i aflock.obj
 0001:00001d10       ?BloodColor@CBaseTurret@@UAEHXZ 10002d10 f i aflock.obj
 0001:00001d10       ?BloodColor@COsprey@@UAEHXZ 10002d10 f i aflock.obj
 0001:00001d20       ?IsMoving@CBaseEntity@@UAEHXZ 10002d20 f i aflock.obj
 0001:00001d70       ?IsAlive@CBasePlayer@@UAEHXZ 10002d70 f i aflock.obj
 0001:00001d70       ?IsAlive@CBaseEntity@@UAEHXZ 10002d70 f i aflock.obj
 0001:00001da0       ??_H@YGXPAXIHP6EX0@Z@Z     10002da0 f i aflock.obj
 0001:00001dd0       ?SUB_CallUseToggle@CBaseEntity@@QAEXXZ 10002dd0 f i aflock.obj
 0001:00001de0       ?MySquadMonsterPointer@CSquadMonster@@UAEPAV1@XZ 10002de0 f i aflock.obj
 0001:00001de0       ?GetWeaponPtr@CBasePlayerWeapon@@UAEPAVCBasePlayerItem@@XZ 10002de0 f i aflock.obj
 0001:00001de0       ?MyMonsterPointer@CBaseMonster@@UAEPAV1@XZ 10002de0 f i aflock.obj
 0001:00001de0       ??0Vector@@QAE@XZ          10002de0 f i aflock.obj
 0001:00001de0       ??0WayPoint_t@@QAE@XZ      10002de0 f i aflock.obj
 0001:00001df0       ??0CBaseEntity@@QAE@XZ     10002df0 f i aflock.obj
 0001:00001e00       ?KeyValue@CBaseEntity@@UAEXPAUKeyValueData_s@@@Z 10002e00 f i aflock.obj
 0001:00001f10       ?Center@CBaseEntity@@UAE?AVVector@@XZ 10002f10 f i aflock.obj
 0001:00001f70       ?EyePosition@CBaseEntity@@UAE?AVVector@@XZ 10002f70 f i aflock.obj
 0001:00001f70       ?EarPosition@CBaseEntity@@UAE?AVVector@@XZ 10002f70 f i aflock.obj
 0001:00001fa0       ?BodyTarget@CBaseEntity@@UAE?AVVector@@ABV2@@Z 10002fa0 f i aflock.obj
 0001:00001fc0       ?Illumination@CBaseEntity@@UAEHXZ 10002fc0 f i aflock.obj
 0001:00001fe0       ?GetToggleState@CBaseToggle@@UAEHXZ 10002fe0 f i aflock.obj
 0001:00001ff0       ?GetDelay@CBaseToggle@@UAEMXZ 10002ff0 f i aflock.obj
 0001:00002000       ?Classify@CBaseMonster@@UAEHXZ 10003000 f i aflock.obj
 0001:00002010       ?BloodColor@CBaseMonster@@UAEHXZ 10003010 f i aflock.obj
 0001:00002020       ?IsAlive@CBaseMonster@@UAEHXZ 10003020 f i aflock.obj
 0001:00002040       ?CallMonsterThink@CBaseMonster@@QAEXXZ 10003040 f i aflock.obj
 0001:00002040       ?CallHitBottom@CFuncPlat@@QAEXXZ 10003040 f i aflock.obj
 0001:00002050       ?IsNetClient@CBasePlayer@@UAEHXZ 10003050 f i aflock.obj
 0001:00002050       ?PlayTextureSounds@CGameRules@@UAEHXZ 10003050 f i aflock.obj
 0001:00002050       ?GetIdealState@CTentacle@@UAE?AW4MONSTERSTATE@@XZ 10003050 f i aflock.obj
 0001:00002050       ?IsAlias@CBaseAlias@@UAEHXZ 10003050 f i aflock.obj
 0001:00002050       ?Classify@COsprey@@UAEHXZ  10003050 f i aflock.obj
 0001:00002050       ?FAllowFlashlight@CHalfLifeRules@@UAEHXZ 10003050 f i aflock.obj
 0001:00002050       ?GetStoppedActivity@CBaseMonster@@UAE?AW4Activity@@XZ 10003050 f i aflock.obj
 0001:00002050       ?iItemSlot@CCrowbar@@UAEHXZ 10003050 f i aflock.obj
 0001:00002050       ?IsPlayer@CBasePlayer@@UAEHXZ 10003050 f i aflock.obj
 0001:00002050       ?Classify@CGunTarget@@UAEHXZ 10003050 f i aflock.obj
 0001:00002050       ?ShouldWeaponIdle@CRpg@@UAEHXZ 10003050 f i aflock.obj
 0001:00002050       ?iItemSlot@CWeaponCycler@@UAEHXZ 10003050 f i aflock.obj
 0001:00002050       ?CanHolster@CBasePlayerItem@@UAEHXZ 10003050 f i aflock.obj
 0001:00002050       ?IsTogglePlat@CFuncTrackChange@@UAEHXZ 10003050 f i aflock.obj
 0001:00002060       ?Stop@CBaseMonster@@UAEXXZ 10003060 f i aflock.obj
 0001:00002080       ?CanPlaySentence@CBaseMonster@@UAEHH@Z 10003080 f i aflock.obj
 0001:00002090       ?CanPlaySequence@CTentacle@@UAEHH@Z 10003090 f i aflock.obj
 0001:00002090       ?IsValidTeam@CGameRules@@UAEHPBD@Z 10003090 f i aflock.obj
 0001:00002090       ?FValidateCover@CBaseMonster@@UAEHABVVector@@@Z 10003090 f i aflock.obj
 0001:000020a0       ?CoverRadius@CBaseMonster@@UAEMXZ 100030a0 f i aflock.obj
 0001:000020b0       ?BodyTarget@CBaseMonster@@UAE?AVVector@@ABV2@@Z 100030b0 f i aflock.obj
 0001:00002150       ?IsMoving@CBaseMonster@@UAEHXZ 10003150 f i aflock.obj
 0001:00002160       ?CalcRatio@CBaseMonster@@UAEMPAVCBaseEntity@@@Z 10003160 f i aflock.obj
 0001:00002180       ?DefaultUse@CBasePlayerItem@@QAEXPAVCBaseEntity@@0W4USE_TYPE@@M@Z 10003180 f i agrunt.obj
 0001:00002190       ?DefaultUse@CBasePlayerAmmo@@QAEXPAVCBaseEntity@@0W4USE_TYPE@@M@Z 10003190 f i agrunt.obj
 0001:000021a0       _monster_alien_grunt       100031a0 f   agrunt.obj
 0001:00002200       ?SetObjectCollisionBox@CAGrunt@@UAEXXZ 10003200 f i agrunt.obj
 0001:000022a0       ?Save@CAGrunt@@UAEHAAVCSave@@@Z 100032a0 f   agrunt.obj
 0001:00002310       ?Restore@CAGrunt@@UAEHAAVCRestore@@@Z 10003310 f   agrunt.obj
 0001:00002340       ?IRelationship@CAGrunt@@UAEHPAVCBaseEntity@@@Z 10003340 f   agrunt.obj
 0001:000023b0       ?TraceAttack@CAGrunt@@UAEXPAUentvars_s@@MVVector@@PAUTraceResult@@H@Z 100033b0 f   agrunt.obj
 0001:000025c0       ??0Vector@@QAE@ABV0@@Z     100035c0 f i agrunt.obj
 0001:000025e0       ?StopTalking@CAGrunt@@QAEXXZ 100035e0 f   agrunt.obj
 0001:00002620       ?ShouldSpeak@CAGrunt@@QAEHXZ 10003620 f   agrunt.obj
 0001:00002670       ?PrescheduleThink@CAGrunt@@UAEXXZ 10003670 f   agrunt.obj
 0001:00002720       ?DeathSound@CAGrunt@@UAEXXZ 10003720 f   agrunt.obj
 0001:00002760       ?AlertSound@CAGrunt@@UAEXXZ 10003760 f   agrunt.obj
 0001:000027a0       ?AttackSound@CAGrunt@@QAEXXZ 100037a0 f   agrunt.obj
 0001:000027e0       ?PainSound@CAGrunt@@UAEXXZ 100037e0 f   agrunt.obj
 0001:00002850       ?SetYawSpeed@CAGrunt@@UAEXXZ 10003850 f   agrunt.obj
 0001:00002880       ?HandleAnimEvent@CAGrunt@@UAEXPAUMonsterEvent_t@@@Z 10003880 f   agrunt.obj
 0001:00003050       ?Spawn@CAGrunt@@UAEXXZ     10004050 f   agrunt.obj
 0001:000031c0       ?Precache@CAGrunt@@UAEXXZ  100041c0 f   agrunt.obj
 0001:000032e0       ?ScheduleFromName@CAGrunt@@UAEPAUSchedule_t@@PBD@Z 100042e0 f   agrunt.obj
 0001:00003310       ?FCanCheckAttacks@CHGrunt@@UAEHXZ 10004310 f   agrunt.obj
 0001:00003310       ?FCanCheckAttacks@CAGrunt@@UAEHXZ 10004310 f   agrunt.obj
 0001:00003310       ?FCanCheckAttacks@CMilitary@@UAEHXZ 10004310 f   agrunt.obj
 0001:00003320       ?CheckMeleeAttack1@CAGrunt@@UAEHMM@Z 10004320 f   agrunt.obj
 0001:00003370       ?CheckRangeAttack1@CAGrunt@@UAEHMM@Z 10004370 f   agrunt.obj
 0001:000034e0       ?StartTask@CAGrunt@@UAEXPAUTask_t@@@Z 100044e0 f   agrunt.obj
 0001:00003970       ?GetSchedule@CAGrunt@@UAEPAUSchedule_t@@XZ 10004970 f   agrunt.obj
 0001:00003a60       ?GetScheduleOfType@CAGrunt@@UAEPAUSchedule_t@@H@Z 10004a60 f   agrunt.obj
 0001:00003b20       ?Killed@CAGrunt@@UAEXPAUentvars_s@@H@Z 10004b20 f   agrunt.obj
 0001:00003b80       ?ClearSchedule@CBaseMonster@@QAEXXZ 10004b80 f   AI_BaseNPC_Schedule.obj
 0001:00003ba0       ?FScheduleDone@CBaseMonster@@QAEHXZ 10004ba0 f   AI_BaseNPC_Schedule.obj
 0001:00003bc0       ?ChangeSchedule@CBaseMonster@@QAEXPAUSchedule_t@@@Z 10004bc0 f   AI_BaseNPC_Schedule.obj
 0001:00003c30       ?NextScheduledTask@CBaseMonster@@QAEXXZ 10004c30 f   AI_BaseNPC_Schedule.obj
 0001:00003c60       ?IScheduleFlags@CBaseMonster@@QAEHXZ 10004c60 f   AI_BaseNPC_Schedule.obj
 0001:00003c80       ?FScheduleValid@CBaseMonster@@QAEHXZ 10004c80 f   AI_BaseNPC_Schedule.obj
 0001:00003cb0       ?MaintainSchedule@CBaseMonster@@QAEXXZ 10004cb0 f   AI_BaseNPC_Schedule.obj
 0001:00003e90       ?RunTask@CBaseMonster@@UAEXPAUTask_t@@@Z 10004e90 f   AI_BaseNPC_Schedule.obj
 0001:00004680       ?SetTurnActivity@CBaseMonster@@QAEXXZ 10005680 f   AI_BaseNPC_Schedule.obj
 0001:000046f0       ?StartTask@CBaseMonster@@UAEXPAUTask_t@@@Z 100056f0 f   AI_BaseNPC_Schedule.obj
 0001:00005c80       ?GetTask@CBaseMonster@@QAEPAUTask_t@@XZ 10006c80 f   AI_BaseNPC_Schedule.obj
 0001:00005ca0       ?GetSchedule@CBaseMonster@@UAEPAUSchedule_t@@XZ 10006ca0 f   AI_BaseNPC_Schedule.obj
 0001:00006070       _item_airtank              10007070 f   airtank.obj
 0001:000060d0       ?Save@CAirtank@@EAEHAAVCSave@@@Z 100070d0 f   airtank.obj
 0001:00006140       ?Restore@CAirtank@@EAEHAAVCRestore@@@Z 10007140 f   airtank.obj
 0001:00006170       ?Spawn@CAirtank@@EAEXXZ    10007170 f   airtank.obj
 0001:00006260       ?Precache@CAirtank@@EAEXXZ 10007260 f   airtank.obj
 0001:00006280       ?Killed@CAirtank@@EAEXPAUentvars_s@@H@Z 10007280 f   airtank.obj
 0001:000062d0       ?TankThink@CAirtank@@AAEXXZ 100072d0 f   airtank.obj
 0001:000062f0       ?TankTouch@CAirtank@@AAEXPAVCBaseEntity@@@Z 100072f0 f   airtank.obj
 0001:000063b0       ?Save@CBaseAlias@@UAEHAAVCSave@@@Z 100073b0 f   alias.obj
 0001:00006420       ?Restore@CBaseAlias@@UAEHAAVCRestore@@@Z 10007420 f   alias.obj
 0001:00006450       _info_alias                10007450 f   alias.obj
 0001:000064a0       ?Spawn@CInfoAlias@@UAEXXZ  100074a0 f   alias.obj
 0001:000064d0       ?Use@CInfoAlias@@UAEXPAVCBaseEntity@@0W4USE_TYPE@@M@Z 100074d0 f   alias.obj
 0001:00006590       ?FollowAlias@CInfoAlias@@UAEPAVCBaseEntity@@PAV2@@Z 10007590 f   alias.obj
 0001:000065c0       ?ChangeValue@CInfoAlias@@UAEXH@Z 100075c0 f   alias.obj
 0001:000065e0       ?FlushChanges@CInfoAlias@@UAEXXZ 100075e0 f   alias.obj
 0001:00006630       _info_group                10007630 f   alias.obj
 0001:00006680       ?Save@CInfoGroup@@UAEHAAVCSave@@@Z 10007680 f   alias.obj
 0001:000066f0       ?Restore@CInfoGroup@@UAEHAAVCRestore@@@Z 100076f0 f   alias.obj
 0001:00006720       ?KeyValue@CInfoGroup@@UAEXPAUKeyValueData_s@@@Z 10007720 f   alias.obj
 0001:00006830       ?Use@CInfoGroup@@UAEXPAVCBaseEntity@@0W4USE_TYPE@@M@Z 10007830 f   alias.obj
 0001:00006900       ?GetMember@CInfoGroup@@QAEHPBD@Z 10007900 f   alias.obj
 0001:00006a70       _multi_alias               10007a70 f   alias.obj
 0001:00006ac0       ?Save@CMultiAlias@@UAEHAAVCSave@@@Z 10007ac0 f   alias.obj
 0001:00006b30       ?Restore@CMultiAlias@@UAEHAAVCRestore@@@Z 10007b30 f   alias.obj
 0001:00006b60       ?KeyValue@CMultiAlias@@UAEXPAUKeyValueData_s@@@Z 10007b60 f   alias.obj
 0001:00006c90       ?FollowAlias@CMultiAlias@@UAEPAVCBaseEntity@@PAV2@@Z 10007c90 f   alias.obj
 0001:00006df0       _trigger_changealias       10007df0 f   alias.obj
 0001:00006e40       ?Use@CTriggerChangeAlias@@UAEXPAVCBaseEntity@@0W4USE_TYPE@@M@Z 10007e40 f   alias.obj
 0001:00006f60       ?ChangeValue@CBaseAlias@@UAEXH@Z 10007f60 f i alias.obj
 0001:00006f90       ?ChangeValue@CBaseAlias@@UAEXPAVCBaseEntity@@@Z 10007f90 f i alias.obj
 0001:00006fb0       ?Save@CBaseAnimating@@UAEHAAVCSave@@@Z 10007fb0 f   animating.obj
 0001:00007020       ?Restore@CBaseAnimating@@UAEHAAVCRestore@@@Z 10008020 f   animating.obj
 0001:00007050       ?StudioFrameAdvance@CBaseAnimating@@QAEMM@Z 10008050 f   animating.obj
 0001:00007190       ?LookupActivity@CBaseAnimating@@QAEHH@Z 10008190 f   animating.obj
 0001:000071c0       ?LookupActivityHeaviest@CBaseAnimating@@QAEHH@Z 100081c0 f   animating.obj
 0001:000071f0       ?LookupSequence@CBaseAnimating@@QAEHPBD@Z 100081f0 f   animating.obj
 0001:00007220       ?ResetSequenceInfo@CBaseAnimating@@QAEXXZ 10008220 f   animating.obj
 0001:000072a0       ?GetSequenceFlags@CBaseAnimating@@QAEHXZ 100082a0 f   animating.obj
 0001:000072d0       ?DispatchAnimEvents@CBaseAnimating@@QAEXM@Z 100082d0 f   animating.obj
 0001:000073f0       ?SetBoneController@CBaseAnimating@@QAEMHM@Z 100083f0 f   animating.obj
 0001:00007420       ?GetControllerBound@CBaseAnimating@@QAEMH@Z 10008420 f   animating.obj
 0001:00007450       ?InitBoneControllers@CBaseAnimating@@QAEXXZ 10008450 f   animating.obj
 0001:000074b0       ?SetBlending@CBaseAnimating@@QAEMHM@Z 100084b0 f   animating.obj
 0001:000074e0       ?GetBonePosition@CBaseAnimating@@QAEXHAAVVector@@0@Z 100084e0 f   animating.obj
 0001:00007510       ?GetAttachment@CBaseAnimating@@QAEXHAAVVector@@0@Z 10008510 f   animating.obj
 0001:00007540       ?FindTransition@CBaseAnimating@@QAEHHHPAH@Z 10008540 f   animating.obj
 0001:000075a0       ?SetBodygroup@CBaseAnimating@@QAEXHH@Z 100085a0 f   animating.obj
 0001:000075d0       ?GetBodygroup@CBaseAnimating@@QAEHH@Z 100085d0 f   animating.obj
 0001:00007600       ?ExtractBbox@CBaseAnimating@@QAEHHPAM0@Z 10008600 f   animating.obj
 0001:00007630       ?SetSequenceBox@CBaseAnimating@@QAEXXZ 10008630 f   animating.obj
 0001:000077f0       ?ExtractBbox@@YAHPAXHPAM1@Z 100087f0 f   animation.obj
 0001:00007850       ?LookupActivity@@YAHPAXPAUentvars_s@@H@Z 10008850 f   animation.obj
 0001:000078d0       ?LookupActivityHeaviest@@YAHPAXPAUentvars_s@@H@Z 100088d0 f   animation.obj
 0001:00007920       ?GetEyePosition@@YAXPAXPAM@Z 10008920 f   animation.obj
 0001:00007950       ?LookupSequence@@YAHPAXPBD@Z 10008950 f   animation.obj
 0001:000079b0       ?IsSoundEvent@@YAHH@Z      100089b0 f   animation.obj
 0001:000079d0       ?SequencePrecache@@YAXPAXPBD@Z 100089d0 f   animation.obj
 0001:00007ab0       ?GetSequenceInfo@@YAXPAXPAUentvars_s@@PAM2@Z 10008ab0 f   animation.obj
 0001:00007b70       ?GetSequenceTime@@YAMPAXH@Z 10008b70 f   animation.obj
 0001:00007bc0       ?GetSequenceFlags@@YAHPAXPAUentvars_s@@@Z 10008bc0 f   animation.obj
 0001:00007c00       ?GetAnimationEvent@@YAHPAXPAUentvars_s@@PAUMonsterEvent_t@@MMH@Z 10008c00 f   animation.obj
 0001:00007d50       ?SetController@@YAMPAXPAUentvars_s@@HM@Z 10008d50 f   animation.obj
 0001:00007ec0       ?GetControllerBound2@@YAMPAXPAUentvars_s@@H@Z 10008ec0 f   animation.obj
 0001:00007f20       ?SetBlending@@YAMPAXPAUentvars_s@@HM@Z 10008f20 f   animation.obj
 0001:00008060       ?FindTransition@@YAHPAXHHPAH@Z 10009060 f   animation.obj
 0001:00008170       ?SetBodygroup@@YAXPAXPAUentvars_s@@HH@Z 10009170 f   animation.obj
 0001:000081d0       ?GetBodygroup@@YAHPAXPAUentvars_s@@H@Z 100091d0 f   animation.obj
 0001:00008230       _monster_apache            10009230 f   apache.obj
 0001:000082a0       ?Classify@CApache@@EAEHXZ  100092a0 f i apache.obj
 0001:000082b0       ?SetObjectCollisionBox@CApache@@EAEXXZ 100092b0 f i apache.obj
 0001:00008350       ?Save@CApache@@EAEHAAVCSave@@@Z 10009350 f   apache.obj
 0001:000083c0       ?Restore@CApache@@EAEHAAVCRestore@@@Z 100093c0 f   apache.obj
 0001:000083f0       ?Spawn@CApache@@EAEXXZ     100093f0 f   apache.obj
 0001:00008580       ?Precache@CApache@@EAEXXZ  10009580 f   apache.obj
 0001:00008640       ?StartupUse@CApache@@AAEXPAVCBaseEntity@@0W4USE_TYPE@@M@Z 10009640 f   apache.obj
 0001:00008680       ?Killed@CApache@@EAEXPAUentvars_s@@H@Z 10009680 f   apache.obj
 0001:00008790       ?DyingThink@CApache@@AAEXXZ 10009790 f   apache.obj
 0001:00008f40       ?FlyTouch@CApache@@AAEXPAVCBaseEntity@@@Z 10009f40 f   apache.obj
 0001:00008ff0       ?CrashTouch@CApache@@AAEXPAVCBaseEntity@@@Z 10009ff0 f   apache.obj
 0001:00009020       ?HuntThink@CApache@@AAEXXZ 1000a020 f   apache.obj
 0001:00009950       ?Length@Vector@@QBEMXZ     1000a950 f i apache.obj
 0001:00009980       ?Flight@CApache@@AAEXXZ    1000a980 f   apache.obj
 0001:0000a060       ?FireRocket@CApache@@AAEXXZ 1000b060 f   apache.obj
 0001:0000a4f0       ??HVector@@QBE?AV0@ABV0@@Z 1000b4f0 f i apache.obj
 0001:0000a520       ?FireGun@CApache@@AAEHXZ   1000b520 f   apache.obj
 0001:0000a940       ?ShowDamage@CApache@@AAEXXZ 1000b940 f   apache.obj
 0001:0000aa10       ?TakeDamage@CApache@@EAEHPAUentvars_s@@0MH@Z 1000ba10 f   apache.obj
 0001:0000aa60       ?TraceAttack@CApache@@EAEXPAUentvars_s@@MVVector@@PAUTraceResult@@H@Z 1000ba60 f   apache.obj
 0001:0000aaf0       ?IRelationship@CApache@@EAEHPAVCBaseEntity@@@Z 1000baf0 f   apache.obj
 0001:0000ab60       _hvr_rocket                1000bb60 f   apache.obj
 0001:0000abc0       ?Save@CApacheHVR@@EAEHAAVCSave@@@Z 1000bbc0 f   apache.obj
 0001:0000ac30       ?Restore@CApacheHVR@@EAEHAAVCRestore@@@Z 1000bc30 f   apache.obj
 0001:0000ac60       ?Spawn@CApacheHVR@@EAEXXZ  1000bc60 f   apache.obj
 0001:0000ad60       ?Precache@CApacheHVR@@EAEXXZ 1000bd60 f   apache.obj
 0001:0000ad90       ?IgniteThink@CApacheHVR@@AAEXXZ 1000bd90 f   apache.obj
 0001:0000ae60       ?AccelerateThink@CApacheHVR@@AAEXXZ 1000be60 f   apache.obj
 0001:0000afc0       _monster_barnacle          1000bfc0 f   barnacle.obj
 0001:0000b020       ?Save@CBarnacle@@UAEHAAVCSave@@@Z 1000c020 f   barnacle.obj
 0001:0000b090       ?Restore@CBarnacle@@UAEHAAVCRestore@@@Z 1000c090 f   barnacle.obj
 0001:0000b0c0       ?HandleAnimEvent@CBarnacle@@UAEXPAUMonsterEvent_t@@@Z 1000c0c0 f   barnacle.obj
 0001:0000b0f0       ?Spawn@CBarnacle@@UAEXXZ   1000c0f0 f   barnacle.obj
 0001:0000b230       ?TakeDamage@CBarnacle@@UAEHPAUentvars_s@@0MH@Z 1000c230 f   barnacle.obj
 0001:0000b260       ?BarnacleThink@CBarnacle@@QAEXXZ 1000c260 f   barnacle.obj
 0001:0000b810       ?Killed@CBarnacle@@UAEXPAUentvars_s@@H@Z 1000c810 f   barnacle.obj
 0001:0000b900       ?WaitTillDead@CBarnacle@@QAEXXZ 1000c900 f   barnacle.obj
 0001:0000b950       ?Precache@CBarnacle@@UAEXXZ 1000c950 f   barnacle.obj
 0001:0000b9d0       ?TongueTouchEnt@CBarnacle@@QAEPAVCBaseEntity@@PAM@Z 1000c9d0 f   barnacle.obj
 0001:0000bb00       _monster_barney            1000cb00 f   barney.obj
 0001:0000bb60       ?FriendNumber@CTalkMonster@@UAEHH@Z 1000cb60 f i barney.obj
 0001:0000bb70       ?Save@CBarney@@UAEHAAVCSave@@@Z 1000cb70 f   barney.obj
 0001:0000bbe0       ?Restore@CBarney@@UAEHAAVCRestore@@@Z 1000cbe0 f   barney.obj
 0001:0000bc10       ?ScheduleFromName@CBarney@@UAEPAUSchedule_t@@PBD@Z 1000cc10 f   barney.obj
 0001:0000bc40       ?StartTask@CBarney@@UAEXPAUTask_t@@@Z 1000cc40 f   barney.obj
 0001:0000bc50       ?RunTask@CBarney@@UAEXPAUTask_t@@@Z 1000cc50 f   barney.obj
 0001:0000bcb0       ?ISoundMask@CBarney@@UAEHXZ 1000ccb0 f   barney.obj
 0001:0000bcc0       ?AlertSound@CBarney@@UAEXXZ 1000ccc0 f   barney.obj
 0001:0000bdd0       ?SetYawSpeed@CBarney@@UAEXXZ 1000cdd0 f   barney.obj
 0001:0000be10       ?CheckRangeAttack1@CBarney@@UAEHMM@Z 1000ce10 f   barney.obj
 0001:0000bf80       ?BarneyFirePistol@CBarney@@QAEXXZ 1000cf80 f   barney.obj
 0001:0000c170       ?HandleAnimEvent@CBarney@@UAEXPAUMonsterEvent_t@@@Z 1000d170 f   barney.obj
 0001:0000c1d0       ?Spawn@CBarney@@UAEXXZ     1000d1d0 f   barney.obj
 0001:0000c330       ?Precache@CBarney@@UAEXXZ  1000d330 f   barney.obj
 0001:0000c3d0       ?TalkInit@CBarney@@QAEXXZ  1000d3d0 f   barney.obj
 0001:0000c500       ?TakeDamage@CBarney@@UAEHPAUentvars_s@@0MH@Z 1000d500 f   barney.obj
 0001:0000c950       ?PainSound@CBarney@@UAEXXZ 1000d950 f   barney.obj
 0001:0000ca40       ?DeathSound@CBarney@@UAEXXZ 1000da40 f   barney.obj
 0001:0000caf0       ?TraceAttack@CBarney@@UAEXPAUentvars_s@@MVVector@@PAUTraceResult@@H@Z 1000daf0 f   barney.obj
 0001:0000cb90       ?Killed@CBarney@@UAEXPAUentvars_s@@H@Z 1000db90 f   barney.obj
 0001:0000cc10       ?GetScheduleOfType@CBarney@@UAEPAUSchedule_t@@H@Z 1000dc10 f   barney.obj
 0001:0000ccd0       ?GetSchedule@CBarney@@UAEPAUSchedule_t@@XZ 1000dcd0 f   barney.obj
 0001:0000cfb0       ?GetIdealState@CBarney@@UAE?AW4MONSTERSTATE@@XZ 1000dfb0 f   barney.obj
 0001:0000cfc0       ?KeyValue@CDeadScientist@@UAEXPAUKeyValueData_s@@@Z 1000dfc0 f   barney.obj
 0001:0000cfc0       ?KeyValue@CDeadMilitary@@UAEXPAUKeyValueData_s@@@Z 1000dfc0 f   barney.obj
 0001:0000cfc0       ?KeyValue@CDeadBarney@@UAEXPAUKeyValueData_s@@@Z 1000dfc0 f   barney.obj
 0001:0000cfc0       ?KeyValue@CDeadHEV@@UAEXPAUKeyValueData_s@@@Z 1000dfc0 f   barney.obj
 0001:0000cfc0       ?KeyValue@CDeadHGrunt@@UAEXPAUKeyValueData_s@@@Z 1000dfc0 f   barney.obj
 0001:0000d040       _monster_barney_dead       1000e040 f   barney.obj
 0001:0000d0a0       ?Spawn@CDeadBarney@@UAEXXZ 1000e0a0 f   barney.obj
 0001:0000d150       _info_bigmomma             1000e150 f   bigmomma.obj
 0001:0000d1a0       ?Save@CInfoBM@@UAEHAAVCSave@@@Z 1000e1a0 f   bigmomma.obj
 0001:0000d210       ?Restore@CInfoBM@@UAEHAAVCRestore@@@Z 1000e210 f   bigmomma.obj
 0001:0000d240       ?KeyValue@CInfoBM@@UAEXPAUKeyValueData_s@@@Z 1000e240 f   bigmomma.obj
 0001:0000d510       _bmortar                   1000e510 f   bigmomma.obj
 0001:0000d560       ?Save@CBMortar@@UAEHAAVCSave@@@Z 1000e560 f   bigmomma.obj
 0001:0000d5d0       ?Restore@CBMortar@@UAEHAAVCRestore@@@Z 1000e5d0 f   bigmomma.obj
 0001:0000d600       _monster_bigmomma          1000e600 f   bigmomma.obj
 0001:0000d660       ?OverrideReset@CBigMomma@@UAEXXZ 1000e660 f i bigmomma.obj
 0001:0000d670       ?SetObjectCollisionBox@CBigMomma@@UAEXXZ 1000e670 f i bigmomma.obj
 0001:0000d710       ?Save@CBigMomma@@UAEHAAVCSave@@@Z 1000e710 f   bigmomma.obj
 0001:0000d780       ?Restore@CBigMomma@@UAEHAAVCRestore@@@Z 1000e780 f   bigmomma.obj
 0001:0000d7b0       ?KeyValue@CBigMomma@@UAEXPAUKeyValueData_s@@@Z 1000e7b0 f   bigmomma.obj
 0001:0000d7c0       ?SetYawSpeed@CBigMomma@@UAEXXZ 1000e7c0 f   bigmomma.obj
 0001:0000d7f0       ?HandleAnimEvent@CBigMomma@@UAEXPAUMonsterEvent_t@@@Z 1000e7f0 f   bigmomma.obj
 0001:0000e0a0       ?TraceAttack@CBigMomma@@UAEXPAUentvars_s@@MVVector@@PAUTraceResult@@H@Z 1000f0a0 f   bigmomma.obj
 0001:0000e1c0       ?TakeDamage@CBigMomma@@UAEHPAUentvars_s@@0MH@Z 1000f1c0 f   bigmomma.obj
 0001:0000e240       ?LayHeadcrab@CBigMomma@@QAEXXZ 1000f240 f   bigmomma.obj
 0001:0000e380       ?DeathNotice@CBigMomma@@UAEXPAUentvars_s@@@Z 1000f380 f   bigmomma.obj
 0001:0000e3f0       ?LaunchMortar@CBigMomma@@QAEXXZ 1000f3f0 f   bigmomma.obj
 0001:0000e5f0       ?Spawn@CBigMomma@@UAEXXZ   1000f5f0 f   bigmomma.obj
 0001:0000e720       ?Precache@CBigMomma@@UAEXXZ 1000f720 f   bigmomma.obj
 0001:0000e8a0       ?Activate@CBigMomma@@UAEXXZ 1000f8a0 f   bigmomma.obj
 0001:0000e8d0       ?NodeStart@CBigMomma@@QAEXH@Z 1000f8d0 f   bigmomma.obj
 0001:0000e970       ?NodeReach@CBigMomma@@QAEXXZ 1000f970 f   bigmomma.obj
 0001:0000ea60       ?CheckMeleeAttack1@CBigMomma@@UAEHMM@Z 1000fa60 f   bigmomma.obj
 0001:0000ea90       ?CheckMeleeAttack2@CBigMomma@@UAEHMM@Z 1000fa90 f   bigmomma.obj
 0001:0000eb50       ?CheckRangeAttack1@CBigMomma@@UAEHMM@Z 1000fb50 f   bigmomma.obj
 0001:0000ec60       ?ScheduleFromName@CBigMomma@@UAEPAUSchedule_t@@PBD@Z 1000fc60 f   bigmomma.obj
 0001:0000ec90       ?GetScheduleOfType@CBigMomma@@UAEPAUSchedule_t@@H@Z 1000fc90 f   bigmomma.obj
 0001:0000ecc0       ?ShouldGoToNode@CBigMomma@@QAEHXZ 1000fcc0 f   bigmomma.obj
 0001:0000ecf0       ?SetActivity@CBigMomma@@UAEXW4Activity@@@Z 1000fcf0 f   bigmomma.obj
 0001:0000edc0       ?edict@CBaseEntity@@QAEPAUedict_s@@XZ 1000fdc0 f i bigmomma.obj
 0001:0000edd0       ?GetSchedule@CBigMomma@@UAEPAUSchedule_t@@XZ 1000fdd0 f   bigmomma.obj
 0001:0000ee00       ?StartTask@CBigMomma@@UAEXPAUTask_t@@@Z 1000fe00 f   bigmomma.obj
 0001:0000f2e0       ?RunTask@CBigMomma@@UAEXPAUTask_t@@@Z 100102e0 f   bigmomma.obj
 0001:0000f480       ?VecCheckSplatToss@@YA?AVVector@@PAUentvars_s@@ABV1@V1@M@Z 10010480 f   bigmomma.obj
 0001:0000f610       ?MortarSpray@@YAXABVVector@@0HH@Z 10010610 f   bigmomma.obj
 0001:0000f6a0       ?Spawn@CBMortar@@UAEXXZ    100106a0 f   bigmomma.obj
 0001:0000f7b0       ?Animate@CBMortar@@QAEXXZ  100107b0 f   bigmomma.obj
 0001:0000f8f0       ?Shoot@CBMortar@@SAPAV1@PAUedict_s@@VVector@@1@Z 100108f0 f   bigmomma.obj
 0001:0000f9a0       ?Touch@CBMortar@@UAEXPAVCBaseEntity@@@Z 100109a0 f   bigmomma.obj
 0001:0000fc00       _monster_bloater           10010c00 f   bloater.obj
 0001:0000fc60       ?TakeDamage@CBloater@@UAEHPAUentvars_s@@0MH@Z 10010c60 f   bloater.obj
 0001:0000fc90       ?HandleAnimEvent@CBloater@@UAEXPAUMonsterEvent_t@@@Z 10010c90 f   bloater.obj
 0001:0000fcb0       ?Spawn@CBloater@@UAEXXZ    10010cb0 f   bloater.obj
 0001:0000fde0       ?Precache@CBloater@@UAEXXZ 10010de0 f   bloater.obj
 0001:0000fe20       ?VecBModelOrigin@@YA?AVVector@@PAUentvars_s@@@Z 10010e20 f   bmodels.obj
 0001:0000fe80       _func_wall                 10010e80 f   bmodels.obj
 0001:0000fed0       ?GetState@CFuncWall@@UAE?AW4STATE@@XZ 10010ed0 f i bmodels.obj
 0001:0000fef0       ?Spawn@CFuncWall@@UAEXXZ   10010ef0 f   bmodels.obj
 0001:0000ff70       ?Use@CFuncWall@@UAEXPAVCBaseEntity@@0W4USE_TYPE@@M@Z 10010f70 f   bmodels.obj
 0001:0000ffb0       _func_wall_toggle          10010fb0 f   bmodels.obj
 0001:00010000       ?GetState@CFuncWallToggle@@UAE?AW4STATE@@XZ 10011000 f i bmodels.obj
 0001:00010020       ?Spawn@CFuncWallToggle@@UAEXXZ 10011020 f   bmodels.obj
 0001:00010040       ?TurnOff@CFuncWallToggle@@QAEXXZ 10011040 f   bmodels.obj
 0001:00010070       ?TurnOn@CFuncWallToggle@@QAEXXZ 10011070 f   bmodels.obj
 0001:000100a0       ?Use@CFuncWallToggle@@UAEXPAVCBaseEntity@@0W4USE_TYPE@@M@Z 100110a0 f   bmodels.obj
 0001:000100e0       _func_conveyor             100110e0 f   bmodels.obj
 0001:00010130       ?Spawn@CFuncConveyor@@UAEXXZ 10011130 f   bmodels.obj
 0001:000101b0       ?UpdateSpeed@CFuncConveyor@@QAEXM@Z 100111b0 f   bmodels.obj
 0001:00010230       ?Use@CFuncConveyor@@UAEXPAVCBaseEntity@@0W4USE_TYPE@@M@Z 10011230 f   bmodels.obj
 0001:00010260       _func_illusionary          10011260 f   bmodels.obj
 0001:000102b0       ?KeyValue@CFuncIllusionary@@UAEXPAUKeyValueData_s@@@Z 100112b0 f   bmodels.obj
 0001:00010330       ?Spawn@CFuncIllusionary@@UAEXXZ 10011330 f   bmodels.obj
 0001:00010390       _func_shine                10011390 f   bmodels.obj
 0001:000103e0       ?Spawn@CFuncShine@@UAEXXZ  100113e0 f   bmodels.obj
 0001:00010450       ?Activate@CFuncShine@@UAEXXZ 10011450 f   bmodels.obj
 0001:00010470       ?DesiredAction@CFuncShine@@UAEXXZ 10011470 f   bmodels.obj
 0001:000104b0       ?Think@CFuncShine@@UAEXXZ  100114b0 f   bmodels.obj
 0001:000105a0       _func_monsterclip          100115a0 f   bmodels.obj
 0001:000105f0       ?Spawn@CFuncMonsterClip@@UAEXXZ 100115f0 f   bmodels.obj
 0001:00010630       ?Save@CFuncRotating@@UAEHAAVCSave@@@Z 10011630 f   bmodels.obj
 0001:000106a0       ?Restore@CFuncRotating@@UAEHAAVCRestore@@@Z 100116a0 f   bmodels.obj
 0001:000106d0       _func_rotating             100116d0 f   bmodels.obj
 0001:00010720       ?GetState@CFuncRotating@@UAE?AW4STATE@@XZ 10011720 f i bmodels.obj
 0001:00010730       ?KeyValue@CFuncRotating@@UAEXPAUKeyValueData_s@@@Z 10011730 f   bmodels.obj
 0001:00010ab0       ?Spawn@CFuncRotating@@UAEXXZ 10011ab0 f   bmodels.obj
 0001:00010d50       ?Precache@CFuncRotating@@UAEXXZ 10011d50 f   bmodels.obj
 0001:00010ec0       ?WaitForStart@CFuncRotating@@QAEXXZ 10011ec0 f   bmodels.obj
 0001:00010ef0       ?HurtTouch@CFuncRotating@@QAEXPAVCBaseEntity@@@Z 10011ef0 f   bmodels.obj
 0001:00011020       ?RampPitchVol@CFuncRotating@@QAEXH@Z 10012020 f   bmodels.obj
 0001:000110a0       ?SpinUp@CFuncRotating@@QAEXXZ 100120a0 f   bmodels.obj
 0001:000111c0       ?SpinDown@CFuncRotating@@QAEXXZ 100121c0 f   bmodels.obj
 0001:000112d0       ?Rotate@CFuncRotating@@QAEXXZ 100122d0 f   bmodels.obj
 0001:000112e0       ?RotatingUse@CFuncRotating@@QAEXPAVCBaseEntity@@0W4USE_TYPE@@M@Z 100122e0 f   bmodels.obj
 0001:00011450       ?Blocked@CFuncRotating@@UAEXPAVCBaseEntity@@@Z 10012450 f   bmodels.obj
 0001:00011470       _func_pendulum             10012470 f   bmodels.obj
 0001:000114c0       ?GetState@CPendulum@@UAE?AW4STATE@@XZ 100124c0 f i bmodels.obj
 0001:000114e0       ?Save@CPendulum@@UAEHAAVCSave@@@Z 100124e0 f   bmodels.obj
 0001:00011550       ?Restore@CPendulum@@UAEHAAVCRestore@@@Z 10012550 f   bmodels.obj
 0001:00011580       ?KeyValue@CPendulum@@UAEXPAUKeyValueData_s@@@Z 10012580 f   bmodels.obj
 0001:000117a0       ?Spawn@CPendulum@@UAEXXZ   100127a0 f   bmodels.obj
 0001:00011940       ?PendulumUse@CPendulum@@QAEXPAVCBaseEntity@@0W4USE_TYPE@@M@Z 10012940 f   bmodels.obj
 0001:00011a60       ?StopThink@CPendulum@@QAEXXZ 10012a60 f   bmodels.obj
 0001:00011ad0       ?Blocked@CPendulum@@UAEXPAVCBaseEntity@@@Z 10012ad0 f   bmodels.obj
 0001:00011ae0       ?SwingThink@CPendulum@@QAEXXZ 10012ae0 f   bmodels.obj
 0001:00011cd0       ?Touch@CPendulum@@UAEXPAVCBaseEntity@@@Z 10012cd0 f   bmodels.obj
 0001:00011e20       ?RopeTouch@CPendulum@@QAEXPAVCBaseEntity@@@Z 10012e20 f   bmodels.obj
 0001:00011ea0       _squidspit                 10012ea0 f   bullsquid.obj
 0001:00011ef0       ?Save@CSquidSpit@@UAEHAAVCSave@@@Z 10012ef0 f   bullsquid.obj
 0001:00011f60       ?Restore@CSquidSpit@@UAEHAAVCRestore@@@Z 10012f60 f   bullsquid.obj
 0001:00011f90       ?Spawn@CSquidSpit@@UAEXXZ  10012f90 f   bullsquid.obj
 0001:00012090       ?Animate@CSquidSpit@@QAEXXZ 10013090 f   bullsquid.obj
 0001:000120f0       ?Shoot@CSquidSpit@@SAXPAUentvars_s@@VVector@@1@Z 100130f0 f   bullsquid.obj
 0001:000121a0       ?Touch@CSquidSpit@@UAEXPAVCBaseEntity@@@Z 100131a0 f   bullsquid.obj
 0001:00012390       _monster_bullchicken       10013390 f   bullsquid.obj
 0001:00012390       _monster_bullsquid         10013390 f   bullsquid.obj
 0001:000123f0       ?Save@CBullsquid@@UAEHAAVCSave@@@Z 100133f0 f   bullsquid.obj
 0001:00012460       ?Restore@CBullsquid@@UAEHAAVCRestore@@@Z 10013460 f   bullsquid.obj
 0001:00012490       ?IgnoreConditions@CBullsquid@@UAEHXZ 10013490 f   bullsquid.obj
 0001:00012530       ?IRelationship@CBullsquid@@UAEHPAVCBaseEntity@@@Z 10013530 f   bullsquid.obj
 0001:000125b0       ?TakeDamage@CBullsquid@@UAEHPAUentvars_s@@0MH@Z 100135b0 f   bullsquid.obj
 0001:00012750       ?CheckRangeAttack1@CBullsquid@@UAEHMM@Z 10013750 f   bullsquid.obj
 0001:00012850       ?CheckMeleeAttack1@CBullsquid@@UAEHMM@Z 10013850 f   bullsquid.obj
 0001:000128a0       ?CheckMeleeAttack2@CBullsquid@@UAEHMM@Z 100138a0 f   bullsquid.obj
 0001:000128e0       ?FValidateHintType@CBullsquid@@UAEHF@Z 100138e0 f   bullsquid.obj
 0001:00012920       ?ISoundMask@CBullsquid@@UAEHXZ 10013920 f   bullsquid.obj
 0001:00012930       ?Classify@CBullsquid@@UAEHXZ 10013930 f   bullsquid.obj
 0001:00012940       ?IdleSound@CBullsquid@@UAEXXZ 10013940 f   bullsquid.obj
 0001:00012a30       ?PainSound@CBullsquid@@UAEXXZ 10013a30 f   bullsquid.obj
 0001:00012b00       ?AlertSound@CBullsquid@@UAEXXZ 10013b00 f   bullsquid.obj
 0001:00012b80       ?SetYawSpeed@CBullsquid@@UAEXXZ 10013b80 f   bullsquid.obj
 0001:00012bb0       ?HandleAnimEvent@CBullsquid@@UAEXPAUMonsterEvent_t@@@Z 10013bb0 f   bullsquid.obj
 0001:00013510       ?Spawn@CBullsquid@@UAEXXZ  10014510 f   bullsquid.obj
 0001:00013630       ?Precache@CBullsquid@@UAEXXZ 10014630 f   bullsquid.obj
 0001:00013780       ?DeathSound@CBullsquid@@UAEXXZ 10014780 f   bullsquid.obj
 0001:00013820       ?AttackSound@CBullsquid@@QAEXXZ 10014820 f   bullsquid.obj
 0001:00013890       ?RunAI@CBullsquid@@UAEXXZ  10014890 f   bullsquid.obj
 0001:00013930       ?ScheduleFromName@CBullsquid@@UAEPAUSchedule_t@@PBD@Z 10014930 f   bullsquid.obj
 0001:00013960       ?GetSchedule@CBullsquid@@UAEPAUSchedule_t@@XZ 10014960 f   bullsquid.obj
 0001:00013b10       ?GetScheduleOfType@CBullsquid@@UAEPAUSchedule_t@@H@Z 10014b10 f   bullsquid.obj
 0001:00013bc0       ?StartTask@CBullsquid@@UAEXPAUTask_t@@@Z 10014bc0 f   bullsquid.obj
 0001:00013d20       ?RunTask@CBullsquid@@UAEXPAUTask_t@@@Z 10014d20 f   bullsquid.obj
 0001:00013da0       ?GetIdealState@CBullsquid@@UAE?AW4MONSTERSTATE@@XZ 10014da0 f   bullsquid.obj
 0001:00013e50       ?Save@CEnvGlobal@@UAEHAAVCSave@@@Z 10014e50 f   buttons.obj
 0001:00013ec0       ?Restore@CEnvGlobal@@UAEHAAVCRestore@@@Z 10014ec0 f   buttons.obj
 0001:00013ef0       _env_global                10014ef0 f   buttons.obj
 0001:00013f40       ?KeyValue@CEnvGlobal@@UAEXPAUKeyValueData_s@@@Z 10014f40 f   buttons.obj
 0001:00014140       ?Spawn@CEnvGlobal@@UAEXXZ  10015140 f   buttons.obj
 0001:000141b0       ?Use@CEnvGlobal@@UAEXPAVCBaseEntity@@0W4USE_TYPE@@M@Z 100151b0 f   buttons.obj
 0001:00014240       ?Spawn@CEnvState@@UAEXXZ   10015240 f   buttons.obj
 0001:00014270       ?Save@CEnvState@@UAEHAAVCSave@@@Z 10015270 f   buttons.obj
 0001:000142e0       ?Restore@CEnvState@@UAEHAAVCRestore@@@Z 100152e0 f   buttons.obj
 0001:00014310       _env_state                 10015310 f   buttons.obj
 0001:00014360       ?KeyValue@CEnvState@@UAEXPAUKeyValueData_s@@@Z 10015360 f   buttons.obj
 0001:00014560       ?Use@CEnvState@@UAEXPAVCBaseEntity@@0W4USE_TYPE@@M@Z 10015560 f   buttons.obj
 0001:00014990       ?Think@CEnvState@@UAEXXZ   10015990 f   buttons.obj
 0001:00014bb0       ?Save@CMultiSource@@UAEHAAVCSave@@@Z 10015bb0 f   buttons.obj
 0001:00014c20       ?Restore@CMultiSource@@UAEHAAVCRestore@@@Z 10015c20 f   buttons.obj
 0001:00014c50       _multisource               10015c50 f   buttons.obj
 0001:00014ca0       ?KeyValue@CMultiSource@@UAEXPAUKeyValueData_s@@@Z 10015ca0 f   buttons.obj
 0001:00014f50       ?Spawn@CMultiSource@@UAEXXZ 10015f50 f   buttons.obj
 0001:00014f90       ?Use@CMultiSource@@UAEXPAVCBaseEntity@@0W4USE_TYPE@@M@Z 10015f90 f   buttons.obj
 0001:00015140       ?GetState@CMultiSource@@UAE?AW4STATE@@XZ 10016140 f   buttons.obj
 0001:000151a0       ?Register@CMultiSource@@QAEXXZ 100161a0 f   buttons.obj
 0001:000152e0       ?ObjectCaps@CBaseButton@@UAEHXZ 100162e0 f   buttons.obj
 0001:00015350       ?Save@CBaseButton@@UAEHAAVCSave@@@Z 10016350 f   buttons.obj
 0001:000153c0       ?Restore@CBaseButton@@UAEHAAVCRestore@@@Z 100163c0 f   buttons.obj
 0001:000153f0       ?Precache@CBaseButton@@UAEXXZ 100163f0 f   buttons.obj
 0001:000156b0       ?KeyValue@CBaseButton@@UAEXPAUKeyValueData_s@@@Z 100166b0 f   buttons.obj
 0001:00015930       ?TakeDamage@CBaseButton@@UAEHPAUentvars_s@@0MH@Z 10016930 f   buttons.obj
 0001:00015a00       _func_button               10016a00 f   buttons.obj
 0001:00015a50       ?Spawn@CBaseButton@@UAEXXZ 10016a50 f   buttons.obj
 0001:00015d10       ?PostSpawn@CBaseButton@@UAEXXZ 10016d10 f   buttons.obj
 0001:00015e60       ?ButtonSound@@YAPADH@Z     10016e60 f   buttons.obj
 0001:00015f50       ?DoSpark@@YAXPAUentvars_s@@ABVVector@@@Z 10016f50 f   buttons.obj
 0001:000160f0       ?ButtonSpark@CBaseButton@@QAEXXZ 100170f0 f   buttons.obj
 0001:00016140       ?ButtonUse@CBaseButton@@QAEXPAVCBaseEntity@@0W4USE_TYPE@@M@Z 10017140 f   buttons.obj
 0001:000161d0       ?ButtonUse_IgnorePlayer@CBaseButton@@QAEXPAVCBaseEntity@@0W4USE_TYPE@@M@Z 100171d0 f   buttons.obj
 0001:00016210       ?ButtonResponseToTouch@CBaseButton@@QAE?AW4BUTTON_CODE@1@XZ 10017210 f   buttons.obj
 0001:00016270       ?ButtonTouch@CBaseButton@@QAEXPAVCBaseEntity@@@Z 10017270 f   buttons.obj
 0001:00016390       ?ButtonActivate@CBaseButton@@QAEXXZ 10017390 f   buttons.obj
 0001:000164a0       ?TriggerAndWait@CBaseButton@@QAEXXZ 100174a0 f   buttons.obj
 0001:00016570       ?ButtonReturn@CBaseButton@@QAEXXZ 10017570 f   buttons.obj
 0001:00016600       ?ButtonBackHome@CBaseButton@@QAEXXZ 10017600 f   buttons.obj
 0001:00016750       _func_rot_button           10017750 f   buttons.obj
 0001:000167a0       ?KeyValue@CRotButton@@UAEXPAUKeyValueData_s@@@Z 100177a0 f   buttons.obj
 0001:00016820       ?Spawn@CRotButton@@UAEXXZ  10017820 f   buttons.obj
 0001:00016a50       ?Save@CMomentaryRotButton@@UAEHAAVCSave@@@Z 10017a50 f   buttons.obj
 0001:00016ac0       ?Restore@CMomentaryRotButton@@UAEHAAVCRestore@@@Z 10017ac0 f   buttons.obj
 0001:00016af0       _momentary_rot_button      10017af0 f   buttons.obj
 0001:00016b50       ?ObjectCaps@CMomentaryRotButton@@UAEHXZ 10017b50 f i buttons.obj
 0001:00016b80       ?Spawn@CMomentaryRotButton@@UAEXXZ 10017b80 f   buttons.obj
 0001:00016d60       ?KeyValue@CMomentaryRotButton@@UAEXPAUKeyValueData_s@@@Z 10017d60 f   buttons.obj
 0001:00016e80       ?PlaySound@CMomentaryRotButton@@QAEXXZ 10017e80 f   buttons.obj
 0001:00016ec0       ?Use@CMomentaryRotButton@@UAEXPAVCBaseEntity@@0W4USE_TYPE@@M@Z 10017ec0 f   buttons.obj
 0001:00016f90       ?UpdateAllButtons@CMomentaryRotButton@@QAEXMH@Z 10017f90 f   buttons.obj
 0001:00017060       ?UpdateSelf@CMomentaryRotButton@@QAEXM@Z 10018060 f   buttons.obj
 0001:000171d0       ?UpdateTarget@CMomentaryRotButton@@QAEXM@Z 100181d0 f   buttons.obj
 0001:00017250       ?Off@CMomentaryRotButton@@QAEXXZ 10018250 f   buttons.obj
 0001:000172c0       ?Return@CMomentaryRotButton@@QAEXXZ 100182c0 f   buttons.obj
 0001:00017320       ?UpdateSelfReturn@CMomentaryRotButton@@QAEXM@Z 10018320 f   buttons.obj
 0001:000173e0       ?Save@CEnvSpark@@UAEHAAVCSave@@@Z 100183e0 f   buttons.obj
 0001:00017450       ?Restore@CEnvSpark@@UAEHAAVCRestore@@@Z 10018450 f   buttons.obj
 0001:00017480       _env_spark                 10018480 f   buttons.obj
 0001:00017480       _env_debris                10018480 f   buttons.obj
 0001:000174d0       ?GetState@CEnvSpark@@UAE?AW4STATE@@XZ 100184d0 f i buttons.obj
 0001:000174e0       ?Spawn@CEnvSpark@@UAEXXZ   100184e0 f   buttons.obj
 0001:00017580       ?Precache@CEnvSpark@@UAEXXZ 10018580 f   buttons.obj
 0001:000175d0       ?KeyValue@CEnvSpark@@UAEXPAUKeyValueData_s@@@Z 100185d0 f   buttons.obj
 0001:00017880       ?SparkCyclic@CEnvSpark@@QAEXPAVCBaseEntity@@0W4USE_TYPE@@M@Z 10018880 f   buttons.obj
 0001:000178c0       ?MultiWaitOver@CTriggerMultiple@@QAEXXZ 100188c0 f   buttons.obj
 0001:000178c0       ?SparkWait@CEnvSpark@@QAEXXZ 100188c0 f   buttons.obj
 0001:000178d0       ?SparkThink@CEnvSpark@@QAEXXZ 100188d0 f   buttons.obj
 0001:00017920       ?SparkStart@CEnvSpark@@QAEXPAVCBaseEntity@@0W4USE_TYPE@@M@Z 10018920 f   buttons.obj
 0001:00017970       ?SparkStop@CEnvSpark@@QAEXPAVCBaseEntity@@0W4USE_TYPE@@M@Z 10018970 f   buttons.obj
 0001:00017990       _button_target             10018990 f   buttons.obj
 0001:000179e0       ?Spawn@CButtonTarget@@UAEXXZ 100189e0 f   buttons.obj
 0001:00017a50       ?Use@CButtonTarget@@UAEXPAVCBaseEntity@@0W4USE_TYPE@@M@Z 10018a50 f   buttons.obj
 0001:00017ad0       ?ObjectCaps@CButtonTarget@@UAEHXZ 10018ad0 f   buttons.obj
 0001:00017b00       ?TakeDamage@CButtonTarget@@UAEHPAUentvars_s@@0MH@Z 10018b00 f   buttons.obj
 0001:00017b40       _GetEntityAPI              10018b40 f   cbase.obj
 0001:00017b70       _GetEntityAPI2             10018b70 f   cbase.obj
 0001:00017bb0       ?DispatchSpawn@@YAHPAUedict_s@@@Z 10018bb0 f   cbase.obj
 0001:00017d90       ?DispatchKeyValue@@YAXPAUedict_s@@PAUKeyValueData_s@@@Z 10018d90 f   cbase.obj
 0001:00017dd0       ?DispatchTouch@@YAXPAUedict_s@@0@Z 10018dd0 f   cbase.obj
 0001:00017e30       ?DispatchUse@@YAXPAUedict_s@@0@Z 10018e30 f   cbase.obj
 0001:00017e70       ?DispatchThink@@YAXPAUedict_s@@@Z 10018e70 f   cbase.obj
 0001:00017ec0       ?DispatchBlocked@@YAXPAUedict_s@@0@Z 10018ec0 f   cbase.obj
 0001:00017ef0       ?DispatchSave@@YAXPAUedict_s@@PAUsaverestore_s@@@Z 10018ef0 f   cbase.obj
 0001:00017fe0       ?FindGlobalEntity@@YAPAVCBaseEntity@@HH@Z 10018fe0 f   cbase.obj
 0001:00018080       ?DispatchRestore@@YAHPAUedict_s@@PAUsaverestore_s@@H@Z 10019080 f   cbase.obj
 0001:000183a0       ?DispatchObjectCollsionBox@@YAXPAUedict_s@@@Z 100193a0 f   cbase.obj
 0001:000183d0       ?SaveWriteFields@@YAXPAUsaverestore_s@@PBDPAXPAUTYPEDESCRIPTION@@H@Z 100193d0 f   cbase.obj
 0001:00018410       ?SaveReadFields@@YAXPAUsaverestore_s@@PBDPAXPAUTYPEDESCRIPTION@@H@Z 10019410 f   cbase.obj
 0001:00018460       ?Get@EHANDLE@@QAEPAUedict_s@@XZ 10019460 f   cbase.obj
 0001:00018480       ??4EHANDLE@@QAEPAVCBaseEntity@@PAV1@@Z 10019480 f   cbase.obj
 0001:000184b0       ??BEHANDLE@@QAEHXZ         100194b0 f   cbase.obj
 0001:000184c0       ??BEHANDLE@@QAEPAVCBaseEntity@@XZ 100194c0 f   cbase.obj
 0001:000184c0       ??CEHANDLE@@QAEPAVCBaseEntity@@XZ 100194c0 f   cbase.obj
 0001:000184d0       ?Activate@CBaseEntity@@UAEXXZ 100194d0 f   cbase.obj
 0001:00018520       ?InitMoveWith@CBaseEntity@@QAEXXZ 10019520 f   cbase.obj
 0001:000186e0       ?DontThink@CBaseEntity@@QAEXXZ 100196e0 f   cbase.obj
 0001:00018700       ?SetEternalThink@CBaseEntity@@QAEXXZ 10019700 f   cbase.obj
 0001:00018750       ?SetNextThink@CBaseEntity@@UAEXMH@Z 10019750 f   cbase.obj
 0001:000187e0       ?AbsoluteNextThink@CBaseEntity@@UAEXMH@Z 100197e0 f   cbase.obj
 0001:00018840       ?ThinkCorrection@CBaseEntity@@UAEXXZ 10019840 f   cbase.obj
 0001:00018870       ?TakeHealth@CBaseEntity@@UAEHMH@Z 10019870 f   cbase.obj
 0001:000188e0       ?TakeDamage@CBaseEntity@@UAEHPAUentvars_s@@0MH@Z 100198e0 f   cbase.obj
 0001:00018c20       ?Killed@CBaseEntity@@UAEXPAUentvars_s@@H@Z 10019c20 f   cbase.obj
 0001:00018c50       ?GetNextTarget@CBaseEntity@@UAEPAV1@XZ 10019c50 f   cbase.obj
 0001:00018c80       ?Save@CBaseEntity@@UAEHAAVCSave@@@Z 10019c80 f   cbase.obj
 0001:00018d00       ?Restore@CBaseEntity@@UAEHAAVCRestore@@@Z 10019d00 f   cbase.obj
 0001:00018fa0       ?SetObjectCollisionBox@CBaseEntity@@UAEXXZ 10019fa0 f   cbase.obj
 0001:00018fb0       ?Intersects@CBaseEntity@@QAEHPAV1@@Z 10019fb0 f   cbase.obj
 0001:00019040       ?MakeDormant@CBaseEntity@@QAEXXZ 1001a040 f   cbase.obj
 0001:000190a0       ?IsDormant@CBaseEntity@@QAEHXZ 1001a0a0 f   cbase.obj
 0001:000190b0       ?IsInWorld@CBaseEntity@@UAEHXZ 1001a0b0 f   cbase.obj
 0001:000191a0       ?ShouldToggle@CBaseEntity@@QAEHW4USE_TYPE@@H@Z 1001a1a0 f   cbase.obj
 0001:000191d0       ?ShouldToggle@CBaseEntity@@QAEHW4USE_TYPE@@@Z 1001a1d0 f   cbase.obj
 0001:00019220       ?DamageDecal@CBaseEntity@@UAEHH@Z 1001a220 f   cbase.obj
 0001:00019250       ?Create@CBaseEntity@@SAPAV1@PADABVVector@@1PAUedict_s@@@Z 1001a250 f   cbase.obj
 0001:000192f0       ?ClientConnect@@YAHPAUedict_s@@PBD1QAD@Z 1001a2f0 f   client.obj
 0001:00019310       ?ClientDisconnect@@YAXPAUedict_s@@@Z 1001a310 f   client.obj
 0001:000193d0       ?respawn@@YAXPAUentvars_s@@H@Z 1001a3d0 f   client.obj
 0001:00019480       ?ClientKill@@YAXPAUedict_s@@@Z 1001a480 f   client.obj
 0001:000194f0       ?ClientPutInServer@@YAXPAUedict_s@@@Z 1001a4f0 f   client.obj
 0001:00019570       ?Host_Say@@YAXPAUedict_s@@H@Z 1001a570 f   client.obj
 0001:00019a10       ?ClientCommand@@YAXPAUedict_s@@@Z 1001aa10 f   client.obj
 0001:0001a950       ?ClientUserInfoChanged@@YAXPAUedict_s@@PAD@Z 1001b950 f   client.obj
 0001:0001abe0       ?VARS@@YAPAUentvars_s@@PAUedict_s@@@Z 1001bbe0 f i client.obj
 0001:0001abf0       ?ServerDeactivate@@YAXXZ   1001bbf0 f   client.obj
 0001:0001ac10       ?ServerActivate@@YAXPAUedict_s@@HH@Z 1001bc10 f   client.obj
 0001:0001acb0       ?PlayerPreThink@@YAXPAUedict_s@@@Z 1001bcb0 f   client.obj
 0001:0001ad00       ?PlayerPostThink@@YAXPAUedict_s@@@Z 1001bd00 f   client.obj
 0001:0001ad30       ?ParmsChangeLevel@@YAXXZ   1001bd30 f   client.obj
 0001:0001ad60       ?StartFrame@@YAXXZ         1001bd60 f   client.obj
 0001:0001ada0       ?ClientPrecache@@YAXXZ     1001bda0 f   client.obj
 0001:0001b270       ?GetGameDescription@@YAPBDXZ 1001c270 f   client.obj
 0001:0001b280       ?PlayerCustomization@@YAXPAUedict_s@@PAUcustomization_s@@@Z 1001c280 f   client.obj
 0001:0001b2f0       ?SpectatorConnect@@YAXPAUedict_s@@@Z 1001c2f0 f   client.obj
 0001:0001b310       ?SpectatorDisconnect@@YAXPAUedict_s@@@Z 1001c310 f   client.obj
 0001:0001b330       ?SpectatorThink@@YAXPAUedict_s@@@Z 1001c330 f   client.obj
 0001:0001b350       ?SetupVisibility@@YAXPAUedict_s@@0PAPAE1@Z 1001c350 f   client.obj
 0001:0001b440       ?AddToFullPack@@YAHPAUentity_state_s@@HPAUedict_s@@1HHPAE@Z 1001c440 f   client.obj
 0001:0001b880       ?CreateBaseline@@YAXHHPAUentity_state_s@@PAUedict_s@@HVVector@@2@Z 1001c880 f   client.obj
 0001:0001ba20       ?BodyTarget@CBasePlayer@@UAE?AVVector@@ABV2@@Z 1001ca20 f i client.obj
 0001:0001ba90       ?StartSneaking@CBasePlayer@@UAEXXZ 1001ca90 f i client.obj
 0001:0001bab0       ?StopSneaking@CBasePlayer@@UAEXXZ 1001cab0 f i client.obj
 0001:0001bad0       ?IsSneaking@CBasePlayer@@UAEHXZ 1001cad0 f i client.obj
 0001:0001baf0       ?Entity_FieldInit@@YAXPAUdelta_s@@@Z 1001caf0 f   client.obj
 0001:0001bb60       ?Entity_Encode@@YAXPAUdelta_s@@PBE1@Z 1001cb60 f   client.obj
 0001:0001bcc0       ?Player_FieldInit@@YAXPAUdelta_s@@@Z 1001ccc0 f   client.obj
 0001:0001bd00       ?Player_Encode@@YAXPAUdelta_s@@PBE1@Z 1001cd00 f   client.obj
 0001:0001bde0       ?Custom_Entity_FieldInit@@YAXPAUdelta_s@@@Z 1001cde0 f   client.obj
 0001:0001be90       ?Custom_Encode@@YAXPAUdelta_s@@PBE1@Z 1001ce90 f   client.obj
 0001:0001bf80       ?RegisterEncoders@@YAXXZ   1001cf80 f   client.obj
 0001:0001bfc0       ?GetWeaponData@@YAHPAUedict_s@@PAUweapon_data_s@@@Z 1001cfc0 f   client.obj
 0001:0001bfe0       ?UpdateClientData@@YAXPBUedict_s@@HPAUclientdata_s@@@Z 1001cfe0 f   client.obj
 0001:0001c230       ?CmdStart@@YAXPBUedict_s@@PBUusercmd_s@@I@Z 1001d230 f   client.obj
 0001:0001c2a0       ?CmdEnd@@YAXPBUedict_s@@@Z 1001d2a0 f   client.obj
 0001:0001c2e0       ?ConnectionlessPacket@@YAHPBUnetadr_s@@PBDPADPAH@Z 1001d2e0 f   client.obj
 0001:0001c2f0       ?GetHullBounds@@YAHHPAM0@Z 1001d2f0 f   client.obj
 0001:0001c310       ?InconsistentFile@@YAHPBUedict_s@@PBDPAD@Z 1001d310 f   client.obj
 0001:0001c350       ??0CBaseMonster@@QAE@XZ    1001d350 f i client.obj
 0001:0001c370       ?LimitVelocity@CGib@@QAEXXZ 1001d370 f   combat.obj
 0001:0001c460       ?SpawnHeadGib@CGib@@SAXPAUentvars_s@@@Z 1001d460 f   combat.obj
 0001:0001c490       ?SpawnHeadGib@CGib@@SAXPAUentvars_s@@PBD@Z 1001d490 f   combat.obj
 0001:0001c870       ?SpawnRandomGibs@CGib@@SAXPAUentvars_s@@HH@Z 1001d870 f   combat.obj
 0001:0001c8d0       ?SpawnRandomGibs@CGib@@SAXPAUentvars_s@@HHPBD@Z 1001d8d0 f   combat.obj
 0001:0001cce0       ?HasHumanGibs@CBaseMonster@@UAEHXZ 1001dce0 f   combat.obj
 0001:0001cd10       ?HasAlienGibs@CBaseMonster@@UAEHXZ 1001dd10 f   combat.obj
 0001:0001cd40       ?FadeMonster@CBaseMonster@@UAEXXZ 1001dd40 f   combat.obj
 0001:0001cdc0       ?GibMonster@CBaseMonster@@UAEXXZ 1001ddc0 f   combat.obj
 0001:0001cf10       ?GetDeathActivity@CBaseMonster@@UAE?AW4Activity@@XZ 1001df10 f   combat.obj
 0001:0001d1f0       ?GetSmallFlinchActivity@CBaseMonster@@QAE?AW4Activity@@XZ 1001e1f0 f   combat.obj
 0001:0001d280       ?BecomeDead@CBaseMonster@@UAEXXZ 1001e280 f   combat.obj
 0001:0001d2c0       ?ShouldGibMonster@CBaseMonster@@QAEHH@Z 1001e2c0 f   combat.obj
 0001:0001d2f0       ?CallGibMonster@CBaseMonster@@QAEXXZ 1001e2f0 f   combat.obj
 0001:0001d3e0       ?Killed@CBaseMonster@@UAEXPAUentvars_s@@H@Z 1001e3e0 f   combat.obj
 0001:0001d4f0       ?SUB_StartFadeOut@CBaseEntity@@QAEXXZ 1001e4f0 f   combat.obj
 0001:0001d560       ?SUB_FadeOut@CBaseEntity@@QAEXXZ 1001e560 f   combat.obj
 0001:0001d5c0       ?WaitTillLand@CGib@@QAEXXZ 1001e5c0 f   combat.obj
 0001:0001d660       ?BounceGibTouch@CGib@@QAEXPAVCBaseEntity@@@Z 1001e660 f   combat.obj
 0001:0001d800       ?StickyGibTouch@CGib@@QAEXPAVCBaseEntity@@@Z 1001e800 f   combat.obj
 0001:0001d9b0       ?Spawn@CGib@@QAEXPBD@Z     1001e9b0 f   combat.obj
 0001:0001dab0       ?TakeHealth@CBaseMonster@@UAEHMH@Z 1001eab0 f   combat.obj
 0001:0001db00       ?TakeDamage@CBaseMonster@@UAEHPAUentvars_s@@0MH@Z 1001eb00 f   combat.obj
 0001:0001e090       ?DeadTakeDamage@CBaseMonster@@QAEHPAUentvars_s@@0MH@Z 1001f090 f   combat.obj
 0001:0001e2a0       ?DamageForce@CBaseMonster@@QAEMM@Z 1001f2a0 f   combat.obj
 0001:0001e2e0       ?RadiusDamage@@YAXVVector@@PAUentvars_s@@1MMHH@Z 1001f2e0 f   combat.obj
 0001:0001e5c0       ?Normalize@Vector@@QBE?AV1@XZ 1001f5c0 f i combat.obj
 0001:0001e640       ?RadiusDamage@CBaseMonster@@QAEXPAUentvars_s@@0MHH@Z 1001f640 f   combat.obj
 0001:0001e690       ?RadiusDamage@CBaseMonster@@QAEXVVector@@PAUentvars_s@@1MHH@Z 1001f690 f   combat.obj
 0001:0001e6e0       ?CheckTraceHullAttack@CBaseMonster@@QAEPAVCBaseEntity@@MHH@Z 1001f6e0 f   combat.obj
 0001:0001e7e0       ?FInViewCone@CBaseMonster@@UAEHPAVCBaseEntity@@@Z 1001f7e0 f   combat.obj
 0001:0001e8a0       ?FInViewCone@CBaseMonster@@UAEHPAVVector@@@Z 1001f8a0 f   combat.obj
 0001:0001e950       ?FVisible@CBaseEntity@@UAEHPAV1@@Z 1001f950 f   combat.obj
 0001:0001ea70       ?FVisible@CBaseEntity@@UAEHABVVector@@@Z 1001fa70 f   combat.obj
 0001:0001eaf0       ?TraceAttack@CBaseEntity@@UAEXPAUentvars_s@@MVVector@@PAUTraceResult@@H@Z 1001faf0 f   combat.obj
 0001:0001ebd0       ?TraceAttack@CBaseMonster@@UAEXPAUentvars_s@@MVVector@@PAUTraceResult@@H@Z 1001fbd0 f   combat.obj
 0001:0001ede0       ?FireBullets@CBaseEntity@@QAEXKVVector@@00MHHHPAUentvars_s@@@Z 1001fde0 f   combat.obj
 0001:0001f940       ?FireBulletsPlayer@CBaseEntity@@QAE?AVVector@@KV2@00MHHHPAUentvars_s@@H@Z 10020940 f   combat.obj
 0001:0001ff90       ?TraceBleed@CBaseEntity@@UAEXMVVector@@PAUTraceResult@@H@Z 10020f90 f   combat.obj
 0001:00020170       _monster_alien_controller  10021170 f   controller.obj
 0001:000201f0       ?Save@CController@@UAEHAAVCSave@@@Z 100211f0 f   controller.obj
 0001:00020260       ?Restore@CController@@UAEHAAVCRestore@@@Z 10021260 f   controller.obj
 0001:00020290       ?TakeDamage@CController@@UAEHPAUentvars_s@@0MH@Z 10021290 f   controller.obj
 0001:000202d0       ?Killed@CController@@UAEXPAUentvars_s@@H@Z 100212d0 f   controller.obj
 0001:00020320       ?GibMonster@CController@@UAEXXZ 10021320 f   controller.obj
 0001:00020370       ?PainSound@CController@@UAEXXZ 10021370 f   controller.obj
 0001:000203d0       ?AlertSound@CController@@UAEXXZ 100213d0 f   controller.obj
 0001:00020420       ?IdleSound@CController@@UAEXXZ 10021420 f   controller.obj
 0001:00020470       ?AttackSound@CController@@QAEXXZ 10021470 f   controller.obj
 0001:000204c0       ?DeathSound@CController@@UAEXXZ 100214c0 f   controller.obj
 0001:00020510       ?HandleAnimEvent@CController@@UAEXPAUMonsterEvent_t@@@Z 10021510 f   controller.obj
 0001:000208b0       ?Spawn@CController@@UAEXXZ 100218b0 f   controller.obj
 0001:000209f0       ?Precache@CController@@UAEXXZ 100219f0 f   controller.obj
 0001:00020ad0       ?ScheduleFromName@CController@@UAEPAUSchedule_t@@PBD@Z 10021ad0 f   controller.obj
 0001:00020b00       ?StartTask@CController@@UAEXPAUTask_t@@@Z 10021b00 f   controller.obj
 0001:00020c70       ?Intersect@@YA?AVVector@@V1@00M@Z 10021c70 f   controller.obj
 0001:00020e30       ?LookupFloat@CController@@QAEHXZ 10021e30 f   controller.obj
 0001:00020fd0       ?RunTask@CController@@UAEXPAUTask_t@@@Z 10021fd0 f   controller.obj
 0001:000216d0       ?GetSchedule@CController@@UAEPAUSchedule_t@@XZ 100226d0 f   controller.obj
 0001:00021750       ?GetScheduleOfType@CController@@UAEPAUSchedule_t@@H@Z 10022750 f   controller.obj
 0001:000217d0       ?CheckRangeAttack1@CController@@UAEHMM@Z 100227d0 f   controller.obj
 0001:00021810       ?CheckRangeAttack2@CController@@UAEHMM@Z 10022810 f   controller.obj
 0001:00021850       ?SetActivity@CController@@UAEXW4Activity@@@Z 10022850 f   controller.obj
 0001:00021880       ?RunAI@CController@@UAEXXZ 10022880 f   controller.obj
 0001:00021ac0       ?Stop@CController@@UAEXXZ  10022ac0 f   controller.obj
 0001:00021ae0       ?Move@CController@@UAEXM@Z 10022ae0 f   controller.obj
 0001:00022010       ?ShouldAdvanceRoute@CController@@UAEHM@Z 10023010 f   controller.obj
 0001:00022030       ?CheckLocalMove@CController@@UAEHABVVector@@0PAVCBaseEntity@@PAM@Z 10023030 f   controller.obj
 0001:00022140       ?MoveExecute@CController@@UAEXPAVCBaseEntity@@ABVVector@@M@Z 10023140 f   controller.obj
 0001:00022260       _controller_head_ball      10023260 f   controller.obj
 0001:000222c0       ?Spawn@CControllerHeadBall@@EAEXXZ 100232c0 f   controller.obj
 0001:00022420       ?Precache@CControllerHeadBall@@EAEXXZ 10023420 f   controller.obj
 0001:00022450       ?HuntThink@CControllerHeadBall@@AAEXXZ 10023450 f   controller.obj
 0001:00022870       ?DieThink@CControllerHeadBall@@AAEXXZ 10023870 f   controller.obj
 0001:00022880       ?MovetoTarget@CControllerHeadBall@@AAEXVVector@@@Z 10023880 f   controller.obj
 0001:00022ac0       ?BounceTouch@CControllerHeadBall@@AAEXPAVCBaseEntity@@@Z 10023ac0 f   controller.obj
 0001:00022c10       _controller_energy_ball    10023c10 f   controller.obj
 0001:00022c70       ?Spawn@CControllerZapBall@@EAEXXZ 10023c70 f   controller.obj
 0001:00022da0       ?Precache@CControllerZapBall@@EAEXXZ 10023da0 f   controller.obj
 0001:00022db0       ?AnimateThink@CControllerZapBall@@AAEXXZ 10023db0 f   controller.obj
 0001:00022e50       ?ExplodeTouch@CControllerZapBall@@AAEXPAVCBaseEntity@@@Z 10023e50 f   controller.obj
 0001:00022f20       _crossbow_bolt             10023f20 f   crossbow.obj
 0001:00022f70       ?BoltCreate@CCrossbowBolt@@SAPAV1@XZ 10023f70 f   crossbow.obj
 0001:00022fe0       ?Spawn@CCrossbowBolt@@EAEXXZ 10023fe0 f   crossbow.obj
 0001:000230a0       ?Precache@CCrossbowBolt@@EAEXXZ 100240a0 f   crossbow.obj
 0001:00023100       ?BoltTouch@CCrossbowBolt@@AAEXPAVCBaseEntity@@@Z 10024100 f   crossbow.obj
 0001:000234d0       ?BubbleThink@CCrossbowBolt@@AAEXXZ 100244d0 f   crossbow.obj
 0001:00023540       ?ExplodeThink@CCrossbowBolt@@AAEXXZ 10024540 f   crossbow.obj
 0001:00023640       _weapon_crossbow           10024640 f   crossbow.obj
 0001:00023690       ?Spawn@CCrossbow@@UAEXXZ   10024690 f   crossbow.obj
 0001:000236d0       ?Precache@CCrossbow@@UAEXXZ 100246d0 f   crossbow.obj
 0001:00023750       ?GetItemInfo@CCrossbow@@UAEHPAUItemInfo@@@Z 10024750 f   crossbow.obj
 0001:000237c0       ?Deploy@CCrossbow@@UAEHXZ  100247c0 f   crossbow.obj
 0001:00023800       ?Holster@CCrossbow@@UAEXH@Z 10024800 f   crossbow.obj
 0001:00023870       ?PrimaryAttack@CCrossbow@@UAEXXZ 10024870 f   crossbow.obj
 0001:000238a0       ?FireSniperBolt@CCrossbow@@QAEXXZ 100248a0 f   crossbow.obj
 0001:00023ae0       ?FireBolt@CCrossbow@@QAEXXZ 10024ae0 f   crossbow.obj
 0001:00023dc0       ?SecondaryAttack@CCrossbow@@UAEXXZ 10024dc0 f   crossbow.obj
 0001:00023e60       ?Reload@CCrossbow@@UAEXXZ  10024e60 f   crossbow.obj
 0001:00023f00       ?WeaponIdle@CCrossbow@@UAEXXZ 10024f00 f   crossbow.obj
 0001:00024020       _ammo_crossbow             10025020 f   crossbow.obj
 0001:00024070       ?Spawn@CCrossbowAmmo@@EAEXXZ 10025070 f i crossbow.obj
 0001:000240a0       ?Precache@CCrossbowAmmo@@EAEXXZ 100250a0 f i crossbow.obj
 0001:000240c0       ?AddAmmo@CCrossbowAmmo@@EAEHPAVCBaseEntity@@@Z 100250c0 f i crossbow.obj
 0001:00024120       ?Instance@CBaseEntity@@SAPAV1@PAUedict_s@@@Z 10025120 f i crossbow.obj
 0001:00024140       ?GetSpreadVec@CBasePlayerItem@@UAE?AVVector@@XZ 10025140 f i crossbow.obj
 0001:00024160       ?ObjectCaps@CBasePlayerItem@@UAEHXZ 10025160 f i crossbow.obj
 0001:00024170       ?AddWeapon@CBasePlayerWeapon@@UAEHXZ 10025170 f i crossbow.obj
 0001:00024180       _weapon_knife              10025180 f   crowbar.obj
 0001:00024180       _weapon_crowbar            10025180 f   crowbar.obj
 0001:000241d0       ?Spawn@CCrowbar@@UAEXXZ    100251d0 f   crowbar.obj
 0001:00024210       ?Precache@CCrowbar@@UAEXXZ 10025210 f   crowbar.obj
 0001:00024290       ?GetItemInfo@CCrowbar@@UAEHPAUItemInfo@@@Z 10025290 f   crowbar.obj
 0001:000242e0       ?Deploy@CCrowbar@@UAEHXZ   100252e0 f   crowbar.obj
 0001:00024300       ?Holster@CCrowbar@@UAEXH@Z 10025300 f   crowbar.obj
 0001:00024330       ?FindHullIntersection@@YAXABVVector@@AAUTraceResult@@PAM2PAUedict_s@@@Z 10025330 f   crowbar.obj
 0001:00024560       ?PrimaryAttack@CCrowbar@@UAEXXZ 10025560 f   crowbar.obj
 0001:00024570       ?SecondaryAttack@CCrowbar@@UAEXXZ 10025570 f   crowbar.obj
 0001:00024580       ?Smack@CCrowbar@@QAEXXZ    10025580 f   crowbar.obj
 0001:000245d0       ?SmackNormal@CCrowbar@@QAEXXZ 100255d0 f   crowbar.obj
 0001:000245f0       ?Swing@CCrowbar@@QAEHH@Z   100255f0 f   crowbar.obj
 0001:00024cb0       ?ScheduleFromName@CBaseMonster@@UAEPAUSchedule_t@@PBD@Z 10025cb0 f   defaultai.obj
 0001:00024cd0       ?ScheduleInList@CBaseMonster@@QAEPAUSchedule_t@@PBDPAPAU2@H@Z 10025cd0 f   defaultai.obj
 0001:00024d60       ?GetScheduleOfType@CBaseMonster@@UAEPAUSchedule_t@@H@Z 10025d60 f   defaultai.obj
 0001:00025030       ?Save@CBaseDoor@@UAEHAAVCSave@@@Z 10026030 f   doors.obj
 0001:000250a0       ?Restore@CBaseDoor@@UAEHAAVCRestore@@@Z 100260a0 f   doors.obj
 0001:000250d0       ?PlayLockSounds@@YAXPAUentvars_s@@PAUlocksounds@@HH@Z 100260d0 f   doors.obj
 0001:000252f0       ?KeyValue@CBaseDoor@@UAEXPAUKeyValueData_s@@@Z 100262f0 f   doors.obj
 0001:00025730       ?ObjectCaps@CBaseDoor@@UAEHXZ 10026730 f i doors.obj
 0001:00025790       _func_water                10026790 f   doors.obj
 0001:00025790       _func_door                 10026790 f   doors.obj
 0001:000257e0       ?Spawn@CBaseDoor@@UAEXXZ   100267e0 f   doors.obj
 0001:000258d0       ?PostSpawn@CBaseDoor@@UAEXXZ 100268d0 f   doors.obj
 0001:00025b40       ?SetToggleState@CBaseDoor@@UAEXH@Z 10026b40 f   doors.obj
 0001:00025c20       ?Precache@CBaseDoor@@UAEXXZ 10026c20 f   doors.obj
 0001:000260c0       ?DoorTouch@CBaseDoor@@QAEXPAVCBaseEntity@@@Z 100270c0 f   doors.obj
 0001:000261a0       ?Use@CBaseDoor@@UAEXPAVCBaseEntity@@0W4USE_TYPE@@M@Z 100271a0 f   doors.obj
 0001:00026260       ?DoorActivate@CBaseDoor@@QAEHXZ 10027260 f   doors.obj
 0001:00026320       ?DoorGoUp@CBaseDoor@@QAEXXZ 10027320 f   doors.obj
 0001:00026540       ?DoorHitTop@CBaseDoor@@QAEXXZ 10027540 f   doors.obj
 0001:000266c0       ?DoorGoDown@CBaseDoor@@QAEXXZ 100276c0 f   doors.obj
 0001:00026800       ?DoorHitBottom@CBaseDoor@@QAEXXZ 10027800 f   doors.obj
 0001:00026950       ?Blocked@CBaseDoor@@UAEXPAVCBaseEntity@@@Z 10027950 f   doors.obj
 0001:00026cd0       _func_door_rotating        10027cd0 f   doors.obj
 0001:00026d20       ?Spawn@CRotDoor@@UAEXXZ    10027d20 f   doors.obj
 0001:00026f60       ?KeyValue@CRotDoor@@UAEXPAUKeyValueData_s@@@Z 10027f60 f   doors.obj
 0001:00026fe0       ?SetToggleState@CRotDoor@@UAEXH@Z 10027fe0 f   doors.obj
 0001:00027050       _momentary_door            10028050 f   doors.obj
 0001:000270a0       ?GetState@CMomentaryDoor@@UAE?AW4STATE@@XZ 100280a0 f i doors.obj
 0001:000270b0       ?CalcRatio@CMomentaryDoor@@UAEMPAVCBaseEntity@@@Z 100280b0 f i doors.obj
 0001:000270c0       ?Save@CMomentaryDoor@@UAEHAAVCSave@@@Z 100280c0 f   doors.obj
 0001:00027130       ?Restore@CMomentaryDoor@@UAEHAAVCRestore@@@Z 10028130 f   doors.obj
 0001:00027160       ?Spawn@CMomentaryDoor@@UAEXXZ 10028160 f   doors.obj
 0001:00027390       ?Precache@CMomentaryDoor@@UAEXXZ 10028390 f   doors.obj
 0001:000274a0       ?KeyValue@CMomentaryDoor@@UAEXPAUKeyValueData_s@@@Z 100284a0 f   doors.obj
 0001:000275a0       ?Use@CMomentaryDoor@@UAEXPAVCBaseEntity@@0W4USE_TYPE@@M@Z 100285a0 f   doors.obj
 0001:00027730       ?MomentaryMoveDone@CMomentaryDoor@@QAEXXZ 10028730 f   doors.obj
 0001:00027770       _info_target               10028770 f   effects.obj
 0001:000277c0       ?Spawn@CInfoTarget@@UAEXXZ 100287c0 f   effects.obj
 0001:00027820       ?Precache@CInfoTarget@@UAEXXZ 10028820 f   effects.obj
 0001:00027840       _env_bubbles               10028840 f   effects.obj
 0001:00027890       ?GetState@CBubbling@@UAE?AW4STATE@@XZ 10028890 f i effects.obj
 0001:000278a0       ?Save@CBubbling@@UAEHAAVCSave@@@Z 100288a0 f   effects.obj
 0001:00027910       ?Restore@CBubbling@@UAEHAAVCRestore@@@Z 10028910 f   effects.obj
 0001:00027940       ?Spawn@CBubbling@@UAEXXZ   10028940 f   effects.obj
 0001:00027a50       ?Precache@CBubbling@@UAEXXZ 10028a50 f   effects.obj
 0001:00027a70       ?Use@CBubbling@@UAEXPAVCBaseEntity@@0W4USE_TYPE@@M@Z 10028a70 f   effects.obj
 0001:00027ad0       ?KeyValue@CBubbling@@UAEXPAUKeyValueData_s@@@Z 10028ad0 f   effects.obj
 0001:00027cf0       ?FizzThink@CBubbling@@QAEXXZ 10028cf0 f   effects.obj
 0001:00027da0       _beam                      10028da0 f   effects.obj
 0001:00027df0       ?Spawn@CBeam@@UAEXXZ       10028df0 f   effects.obj
 0001:00027e10       ?Precache@CBeam@@UAEXXZ    10028e10 f   effects.obj
 0001:00027e60       ?SetStartEntity@CBeam@@QAEXH@Z 10028e60 f   effects.obj
 0001:00027eb0       ?SetEndEntity@CBeam@@QAEXH@Z 10028eb0 f   effects.obj
 0001:00027f00       ?GetStartPos@CBeam@@QAEABVVector@@XZ 10028f00 f   effects.obj
 0001:00027f40       ?GetEndPos@CBeam@@QAEABVVector@@XZ 10028f40 f   effects.obj
 0001:00027f90       ?BeamCreate@CBeam@@SAPAV1@PBDH@Z 10028f90 f   effects.obj
 0001:00028010       ?BeamInit@CBeam@@QAEXPBDH@Z 10029010 f   effects.obj
 0001:000280d0       ?PointsInit@CBeam@@QAEXABVVector@@0@Z 100290d0 f   effects.obj
 0001:00028150       ?PointEntInit@CBeam@@QAEXABVVector@@H@Z 10029150 f   effects.obj
 0001:000281d0       ?EntsInit@CBeam@@QAEXHH@Z  100291d0 f   effects.obj
 0001:00028240       ?RelinkBeam@CBeam@@QAEXXZ  10029240 f   effects.obj
 0001:000283c0       ?TriggerTouch@CBeam@@QAEXPAVCBaseEntity@@@Z 100293c0 f   effects.obj
 0001:00028420       ?RandomTargetname@CBeam@@QAEPAVCBaseEntity@@PBD@Z 10029420 f   effects.obj
 0001:00028480       ?DoSparks@CBeam@@QAEXABVVector@@0@Z 10029480 f   effects.obj
 0001:000284c0       ?GetState@CLightning@@UAE?AW4STATE@@XZ 100294c0 f i effects.obj
 0001:000284d0       _env_beam                  100294d0 f   effects.obj
 0001:000284d0       _env_lightning             100294d0 f   effects.obj
 0001:00028520       ?Save@CLightning@@UAEHAAVCSave@@@Z 10029520 f   effects.obj
 0001:00028590       ?Restore@CLightning@@UAEHAAVCRestore@@@Z 10029590 f   effects.obj
 0001:000285c0       ?Spawn@CLightning@@UAEXXZ  100295c0 f   effects.obj
 0001:00028780       ?Precache@CLightning@@UAEXXZ 10029780 f   effects.obj
 0001:000287b0       ?Activate@CLightning@@UAEXXZ 100297b0 f   effects.obj
 0001:000287f0       ?KeyValue@CLightning@@UAEXPAUKeyValueData_s@@@Z 100297f0 f   effects.obj
 0001:00028cb0       ?ToggleUse@CLightning@@QAEXPAVCBaseEntity@@0W4USE_TYPE@@M@Z 10029cb0 f   effects.obj
 0001:00028d90       ?StrikeUse@CLightning@@QAEXPAVCBaseEntity@@0W4USE_TYPE@@M@Z 10029d90 f   effects.obj
 0001:00028e00       ?IsPointEntity@@YAHPAVCBaseEntity@@@Z 10029e00 f   effects.obj
 0001:00028e30       ?StrikeThink@CLightning@@QAEXXZ 10029e30 f   effects.obj
 0001:00029290       ?GetTripEntity@CBeam@@QAEPAVCBaseEntity@@PAUTraceResult@@@Z 1002a290 f   effects.obj
 0001:000293c0       ?BeamDamage@CBeam@@QAEXPAUTraceResult@@@Z 1002a3c0 f   effects.obj
 0001:00029510       ?TripThink@CLightning@@QAEXXZ 1002a510 f   effects.obj
 0001:00029610       ?Zap@CLightning@@QAEXABVVector@@0@Z 1002a610 f   effects.obj
 0001:00029750       ?RandomArea@CLightning@@QAEXXZ 1002a750 f   effects.obj
 0001:00029b50       ?RandomPoint@CLightning@@QAEXAAVVector@@@Z 1002ab50 f   effects.obj
 0001:00029ce0       ?BeamUpdatePoints@CLightning@@QAEXXZ 1002ace0 f   effects.obj
 0001:00029e30       ?BeamUpdateVars@CLightning@@QAEXXZ 1002ae30 f   effects.obj
 0001:00029f20       _env_laser                 1002af20 f   effects.obj
 0001:00029f70       ?Save@CLaser@@UAEHAAVCSave@@@Z 1002af70 f   effects.obj
 0001:00029fe0       ?ObjectCaps@CSprite@@UAEHXZ 1002afe0 f i effects.obj
 0001:00029fe0       ?ObjectCaps@CBeam@@UAEHXZ  1002afe0 f i effects.obj
 0001:0002a020       ?Restore@CLaser@@UAEHAAVCRestore@@@Z 1002b020 f   effects.obj
 0001:0002a050       ?Spawn@CLaser@@UAEXXZ      1002b050 f   effects.obj
 0001:0002a0a0       ?PostSpawn@CLaser@@UAEXXZ  1002b0a0 f   effects.obj
 0001:0002a4c0       ?Center@CBeam@@UAE?AVVector@@XZ 1002b4c0 f i effects.obj
 0001:0002a520       ?Precache@CLaser@@UAEXXZ   1002b520 f   effects.obj
 0001:0002a5d0       ?KeyValue@CLaser@@UAEXPAUKeyValueData_s@@@Z 1002b5d0 f   effects.obj
 0001:0002ab60       ?TurnOff@CLaser@@QAEXXZ    1002bb60 f   effects.obj
 0001:0002ac00       ?TurnOn@CLaser@@QAEXXZ     1002bc00 f   effects.obj
 0001:0002acc0       ?Use@CLaser@@UAEXPAVCBaseEntity@@0W4USE_TYPE@@M@Z 1002bcc0 f   effects.obj
 0001:0002ad00       ?FireAtPoint@CLaser@@QAEXVVector@@AAUTraceResult@@@Z 1002bd00 f   effects.obj
 0001:0002aea0       ?StrikeThink@CLaser@@QAEXXZ 1002bea0 f   effects.obj
 0001:0002b1a0       _env_glow                  1002c1a0 f   effects.obj
 0001:0002b1f0       ?Save@CGlow@@UAEHAAVCSave@@@Z 1002c1f0 f   effects.obj
 0001:0002b260       ?Restore@CGlow@@UAEHAAVCRestore@@@Z 1002c260 f   effects.obj
 0001:0002b290       ?Spawn@CGlow@@UAEXXZ       1002c290 f   effects.obj
 0001:0002b390       ?Think@CGlow@@UAEXXZ       1002c390 f   effects.obj
 0001:0002b3d0       ?Animate@CGlow@@QAEXM@Z    1002c3d0 f   effects.obj
 0001:0002b410       _env_sprite                1002c410 f   effects.obj
 0001:0002b460       ?GetState@CLaser@@UAE?AW4STATE@@XZ 1002c460 f i effects.obj
 0001:0002b460       ?GetState@CSprite@@UAE?AW4STATE@@XZ 1002c460 f i effects.obj
 0001:0002b480       ?Save@CSprite@@UAEHAAVCSave@@@Z 1002c480 f   effects.obj
 0001:0002b4f0       ?Restore@CSprite@@UAEHAAVCRestore@@@Z 1002c4f0 f   effects.obj
 0001:0002b520       ?Spawn@CSprite@@UAEXXZ     1002c520 f   effects.obj
 0001:0002b600       ?Precache@CSprite@@UAEXXZ  1002c600 f   effects.obj
 0001:0002b690       ?SpriteInit@CSprite@@QAEXPBDABVVector@@@Z 1002c690 f   effects.obj
 0001:0002b6d0       ?SpriteCreate@CSprite@@SAPAV1@PBDABVVector@@H@Z 1002c6d0 f   effects.obj
 0001:0002b770       ?AnimateThink@CSprite@@QAEXXZ 1002c770 f   effects.obj
 0001:0002b7b0       ?AnimateUntilDead@CSprite@@QAEXXZ 1002c7b0 f   effects.obj
 0001:0002b7f0       ?Expand@CSprite@@QAEXMM@Z  1002c7f0 f   effects.obj
 0001:0002b830       ?ExpandThink@CSprite@@QAEXXZ 1002c830 f   effects.obj
 0001:0002b8c0       ?Animate@CSprite@@QAEXM@Z  1002c8c0 f   effects.obj
 0001:0002b930       ?TurnOff@CSprite@@QAEXXZ   1002c930 f   effects.obj
 0001:0002b950       ?TurnOn@CSprite@@QAEXXZ    1002c950 f   effects.obj
 0001:0002ba40       ?Use@CSprite@@UAEXPAVCBaseEntity@@0W4USE_TYPE@@M@Z 1002ca40 f   effects.obj
 0001:0002baa0       ?Save@CEnvModel@@EAEHAAVCSave@@@Z 1002caa0 f   effects.obj
 0001:0002bb10       ?Restore@CEnvModel@@EAEHAAVCRestore@@@Z 1002cb10 f   effects.obj
 0001:0002bb40       _env_model                 1002cb40 f   effects.obj
 0001:0002bb90       ?KeyValue@CEnvModel@@EAEXPAUKeyValueData_s@@@Z 1002cb90 f   effects.obj
 0001:0002bd00       ?Spawn@CEnvModel@@EAEXXZ   1002cd00 f   effects.obj
 0001:0002be00       ?Precache@CGrassSprite@@UAEXXZ 1002ce00 f   effects.obj
 0001:0002be00       ?Precache@CEnvModel@@EAEXXZ 1002ce00 f   effects.obj
 0001:0002be20       ?Use@CEnvModel@@EAEXPAVCBaseEntity@@0W4USE_TYPE@@M@Z 1002ce20 f   effects.obj
 0001:0002be80       ?Think@CEnvModel@@EAEXXZ   1002ce80 f   effects.obj
 0001:0002bef0       ?SetSequence@CEnvModel@@AAEXXZ 1002cef0 f   effects.obj
 0001:0002bff0       ?Save@CGibShooter@@UAEHAAVCSave@@@Z 1002cff0 f   effects.obj
 0001:0002c060       ?Restore@CGibShooter@@UAEHAAVCRestore@@@Z 1002d060 f   effects.obj
 0001:0002c090       _gibshooter                1002d090 f   effects.obj
 0001:0002c0e0       ?Precache@CGibShooter@@UAEXXZ 1002d0e0 f   effects.obj
 0001:0002c140       ?KeyValue@CGibShooter@@UAEXPAUKeyValueData_s@@@Z 1002d140 f   effects.obj
 0001:0002c4a0       ?Use@CGibShooter@@UAEXPAVCBaseEntity@@0W4USE_TYPE@@M@Z 1002d4a0 f   effects.obj
 0001:0002c4d0       ?Spawn@CGibShooter@@UAEXXZ 1002d4d0 f   effects.obj
 0001:0002c550       ?CreateGib@CGibShooter@@UAEPAVCBaseEntity@@VVector@@0@Z 1002d550 f   effects.obj
 0001:0002c710       ?ShootThink@CGibShooter@@QAEXXZ 1002d710 f   effects.obj
 0001:0002cc80       ?Touch@CShot@@UAEXPAVCBaseEntity@@@Z 1002dc80 f   effects.obj
 0001:0002cd20       ?Save@CEnvShooter@@EAEHAAVCSave@@@Z 1002dd20 f   effects.obj
 0001:0002cd90       ?Restore@CEnvShooter@@EAEHAAVCRestore@@@Z 1002dd90 f   effects.obj
 0001:0002cdc0       _env_shooter               1002ddc0 f   effects.obj
 0001:0002ce10       ?Spawn@CEnvShooter@@EAEXXZ 1002de10 f   effects.obj
 0001:0002ce30       ?KeyValue@CEnvShooter@@EAEXPAUKeyValueData_s@@@Z 1002de30 f   effects.obj
 0001:0002d180       ?Precache@CEnvShooter@@EAEXXZ 1002e180 f   effects.obj
 0001:0002d1c0       ?CreateGib@CEnvShooter@@EAEPAVCBaseEntity@@VVector@@0@Z 1002e1c0 f   effects.obj
 0001:0002d760       _test_effect               1002e760 f   effects.obj
 0001:0002d7b0       ?Precache@CTestEffect@@UAEXXZ 1002e7b0 f   effects.obj
 0001:0002d7c0       ?TestThink@CTestEffect@@QAEXXZ 1002e7c0 f   effects.obj
 0001:0002da60       ?Use@CTestEffect@@UAEXPAVCBaseEntity@@0W4USE_TYPE@@M@Z 1002ea60 f   effects.obj
 0001:0002da90       _env_blood                 1002ea90 f   effects.obj
[...]
 0003:000336cc       ___argc                    1012e6cc     LIBCMT:crt0dat.obj
 0003:000336d0       ___argv                    1012e6d0     LIBCMT:crt0dat.obj
 0003:000336d4       ___wargv                   1012e6d4     LIBCMT:crt0dat.obj
 0003:000336d8       __environ                  1012e6d8     LIBCMT:crt0dat.obj
 0003:000336dc       ___initenv                 1012e6dc     LIBCMT:crt0dat.obj
 0003:000336e0       __wenviron                 1012e6e0     LIBCMT:crt0dat.obj
 0003:000336e4       ___winitenv                1012e6e4     LIBCMT:crt0dat.obj
 0003:000336e8       __pgmptr                   1012e6e8     LIBCMT:crt0dat.obj
 0003:000336ec       __wpgmptr                  1012e6ec     LIBCMT:crt0dat.obj
 0003:000336f0       __exitflag                 1012e6f0     LIBCMT:crt0dat.obj
 0003:000336f4       __C_Termination_Done       1012e6f4     LIBCMT:crt0dat.obj
 0003:000336f8       __C_Exit_Done              1012e6f8     LIBCMT:crt0dat.obj
 0003:00033760       ?_pnhHeap@@3P6AHI@ZA       1012e760     LIBCMT:handler.obj
 0003:00033764       __newmode                  1012e764     LIBCMT:_newmode.obj
 0003:00033768       __cflush                   1012e768     LIBCMT:_file.obj
 0003:0003376c       __stdbuf                   1012e76c     LIBCMT:_sftbuf.obj
 0003:00033780       ___lc_handle               1012e780     LIBCMT:nlsdata2.obj
 0003:00033798       ___lc_codepage             1012e798     LIBCMT:nlsdata2.obj
 0003:0003379c       ___lc_collate_cp           1012e79c     LIBCMT:nlsdata2.obj
 0003:000338b0       __adbgmsg                  1012e8b0     LIBCMT:crt0msg.obj
 0003:000338b4       __commode                  1012e8b4     LIBCMT:ncommode.obj
 0003:000338b8       ___lc_time_intl            1012e8b8     LIBCMT:inittime.obj
 0003:000338d4       ___lc_id                   1012e8d4     LIBCMT:nlsdata3.obj
 0003:00033940       __fmode                    1012e940     LIBCMT:txtmode.obj
 0003:0003394c       ___lconv_static_null       1012e94c     LIBCMT:lconv.obj
 0003:00033a20       ___mbcodepage              1012ea20     <common>
 0003:00033a30       ___mbulinfo                1012ea30     <common>
 0003:00033a3c       ___ismbcodepage            1012ea3c     <common>
 0003:00033a40       __mbcasemap                1012ea40     <common>
 0003:00033b40       __mbctype                  1012eb40     <common>
 0003:00033c44       ___mblcid                  1012ec44     <common>
 0003:00033c60       ___pioinfo                 1012ec60     <common>
 0003:00033d60       __nhandle                  1012ed60     <common>
 0003:00033d64       ___setlc_active            1012ed64     <common>
 0003:00033d68       ___unguarded_readlc_active 1012ed68     <common>
 0003:00033d6c       ___piob                    1012ed6c     <common>
 0003:00033d80       __bufin                    1012ed80     <common>
 0003:00034d80       __nstream                  1012fd80     <common>
 0003:00034d84       ___sbh_sizeHeaderList      1012fd84     <common>
 0003:00034d88       ___sbh_indGroupDefer       1012fd88     <common>
 0003:00034d8c       ___sbh_pHeaderScan         1012fd8c     <common>
 0003:00034d90       ___sbh_pHeaderDefer        1012fd90     <common>
 0003:00034d94       ___sbh_cntHeaderList       1012fd94     <common>
 0003:00034d98       ___sbh_pHeaderList         1012fd98     <common>
 0003:00034d9c       ___sbh_threshold           1012fd9c     <common>
 0003:00034da0       __crtheap                  1012fda0     <common>
 0003:00034da4       ___active_heap             1012fda4     <common>
 0003:00034da8       ___env_initialized         1012fda8     <common>
 0003:00034dac       ___mbctype_initialized     1012fdac     <common>
 0003:00034db0       ___onexitend               1012fdb0     <common>
 0003:00034db4       ___onexitbegin             1012fdb4     <common>
 0003:00034db8       __acmdln                   1012fdb8     <common>
 0003:00034dbc       __pRawDllMain              1012fdbc     <common>

 entry point at        0001:000c8f95

 Static symbols

 0001:000c6890       _$E25                      100c7890 f   xen.obj
 0001:000c68a0       _$E24                      100c78a0 f   xen.obj
 0001:000c43e0       _$E28                      100c53e0 f   world.obj
 0001:000c43f0       _$E27                      100c53f0 f   world.obj
 0001:000c5210       ?InitBodyQue@@YAXXZ        100c6210 f   world.obj
 0001:000c11f0       _$E15                      100c21f0 f   voice_gamemgr.obj
 0001:000c1200       _$E14                      100c2200 f   voice_gamemgr.obj
 0001:000c1210       _$E18                      100c2210 f   voice_gamemgr.obj
 0001:000c1220       _$E17                      100c2220 f   voice_gamemgr.obj
 0001:000c1240       _$E21                      100c2240 f   voice_gamemgr.obj
 0001:000c1250       _$E20                      100c2250 f   voice_gamemgr.obj
 0001:000c1270       _$E24                      100c2270 f   voice_gamemgr.obj
 0001:000c1280       _$E23                      100c2280 f   voice_gamemgr.obj
 0001:000c12a0       _$E27                      100c22a0 f   voice_gamemgr.obj
 0001:000c12b0       _$E26                      100c22b0 f   voice_gamemgr.obj
 0001:000c1680       ?VoiceServerDebug@@YAXPBDZZ 100c2680 f   voice_gamemgr.obj
 0001:000be4a0       ?FixedUnsigned16@@YAGMM@Z  100bf4a0 f   util.obj
 0001:000be870       ?FixedSigned16@@YAFMM@Z    100bf870 f   util.obj
 0001:000a3d10       ?memfgets@@YAPADPAEHAAHPADH@Z 100a4d10 f   sound.obj
 0001:0008e100       ?CheckPowerups@@YAXPAUentvars_s@@@Z 1008f100 f   player.obj
 0001:00083d30       ?PlatSpawnInsideTrigger@@YAXPAUentvars_s@@@Z 10084d30 f   plats.obj
 0001:00085600       ?FixupAngles@@YAXAAVVector@@@Z 10086600 f   plats.obj
 0001:00085630       ?Fix@@YAMM@Z               10086630 f   plats.obj
 0001:000807e0       _$E30                      100817e0 f   paranoia_wpn.obj
 0001:000807f0       _$E29                      100817f0 f   paranoia_wpn.obj
 0001:00080800       _$E33                      10081800 f   paranoia_wpn.obj
 0001:00080810       _$E32                      10081810 f   paranoia_wpn.obj
 0001:0006e050       _$E14                      1006f050 f   nodes.obj
 0001:0006e060       _$E13                      1006f060 f   nodes.obj
 0001:00067750       _$E31                      10068750 f   multiplay_gamerules.obj
 0001:00067760       _$E28                      10068760 f   multiplay_gamerules.obj
 0001:00067770       _$E30                      10068770 f   multiplay_gamerules.obj
 0001:00067780       _$E29                      10068780 f   multiplay_gamerules.obj
 0001:00067790       _$E36                      10068790 f   multiplay_gamerules.obj
 0001:000677a0       _$E33                      100687a0 f   multiplay_gamerules.obj
 0001:000677e0       _$E35                      100687e0 f   multiplay_gamerules.obj
 0001:000677f0       _$E34                      100687f0 f   multiplay_gamerules.obj
 0001:000439b0       _$E14                      100449b0 f   globals.obj
 0001:000439c0       _$E13                      100449c0 f   globals.obj
 0001:000439d0       _$E17                      100449d0 f   globals.obj
 0001:000439e0       _$E16                      100449e0 f   globals.obj
 0001:00037fd0       _$E31                      10038fd0 f   func_tank.obj
 0001:00037fe0       _$E30                      10038fe0 f   func_tank.obj
 0001:00018df0       ?SetObjectCollisionBox@@YAXPAUentvars_s@@@Z 10019df0 f   cbase.obj
 0001:0000c860       ?IsFacing@@YAHPAUentvars_s@@ABVVector@@@Z 1000d860 f   barney.obj
 0001:000d30c2       _xtoa                      100d40c2 f   LIBCMT:xtoa.obj
 0001:000d1e07       _getSystemCP               100d2e07 f   LIBCMT:mbctype.obj
 0001:000d1e51       _CPtoLCID                  100d2e51 f   LIBCMT:mbctype.obj
 0001:000d1e84       _setSBCS                   100d2e84 f   LIBCMT:mbctype.obj
 0001:000d1ead       _setSBUpLow                100d2ead f   LIBCMT:mbctype.obj
 0001:000d11f8       _strtoxl                   100d21f8 f   LIBCMT:strtol.obj
 0001:000d06d0       LeadUp1                    100d16d0 f   LIBCMT:memmove.obj
 0001:000d06fc       LeadUp2                    100d16fc f   LIBCMT:memmove.obj
 0001:000d0720       LeadUp3                    100d1720 f   LIBCMT:memmove.obj
 0001:000d079f       UnwindUp0                  100d179f f   LIBCMT:memmove.obj
 0001:000d078c       UnwindUp1                  100d178c f   LIBCMT:memmove.obj
 0001:000d0784       UnwindUp2                  100d1784 f   LIBCMT:memmove.obj
 0001:000d077c       UnwindUp3                  100d177c f   LIBCMT:memmove.obj
 0001:000d0774       UnwindUp4                  100d1774 f   LIBCMT:memmove.obj
 0001:000d076c       UnwindUp5                  100d176c f   LIBCMT:memmove.obj
 0001:000d0764       UnwindUp6                  100d1764 f   LIBCMT:memmove.obj
 0001:000d075c       UnwindUp7                  100d175c f   LIBCMT:memmove.obj
 0001:000d07b8       TrailUp0                   100d17b8 f   LIBCMT:memmove.obj
 0001:000d07c0       TrailUp1                   100d17c0 f   LIBCMT:memmove.obj
 0001:000d07cc       TrailUp2                   100d17cc f   LIBCMT:memmove.obj
 0001:000d07e0       TrailUp3                   100d17e0 f   LIBCMT:memmove.obj
 0001:000d0858       LeadDown1                  100d1858 f   LIBCMT:memmove.obj
 0001:000d0878       LeadDown2                  100d1878 f   LIBCMT:memmove.obj
 0001:000d08a0       LeadDown3                  100d18a0 f   LIBCMT:memmove.obj
 0001:000d08f4       UnwindDown7                100d18f4 f   LIBCMT:memmove.obj
 0001:000d08fc       UnwindDown6                100d18fc f   LIBCMT:memmove.obj
 0001:000d0904       UnwindDown5                100d1904 f   LIBCMT:memmove.obj
 0001:000d090c       UnwindDown4                100d190c f   LIBCMT:memmove.obj
 0001:000d0914       UnwindDown3                100d1914 f   LIBCMT:memmove.obj
 0001:000d091c       UnwindDown2                100d191c f   LIBCMT:memmove.obj
 0001:000d0924       UnwindDown1                100d1924 f   LIBCMT:memmove.obj
 0001:000d0937       UnwindDown0                100d1937 f   LIBCMT:memmove.obj
 0001:000d0950       TrailDown0                 100d1950 f   LIBCMT:memmove.obj
 0001:000d0958       TrailDown1                 100d1958 f   LIBCMT:memmove.obj
 0001:000d0968       TrailDown2                 100d1968 f   LIBCMT:memmove.obj
 0001:000d097c       TrailDown3                 100d197c f   LIBCMT:memmove.obj
 0001:000d02c9       __abstract_cw              100d12c9 f   LIBCMT:ieee87.obj
 0001:000d035b       __hw_cw                    100d135b f   LIBCMT:ieee87.obj
 0001:000cf54f       _parse_cmdline             100d054f f   LIBCMT:stdargv.obj
 0001:000cf079       _strncnt                   100d0079 f   LIBCMT:a_map.obj
 0001:000ceb90       LeadUp1                    100cfb90 f   LIBCMT:memcpy.obj
 0001:000cebbc       LeadUp2                    100cfbbc f   LIBCMT:memcpy.obj
 0001:000cebe0       LeadUp3                    100cfbe0 f   LIBCMT:memcpy.obj
 0001:000cec5f       UnwindUp0                  100cfc5f f   LIBCMT:memcpy.obj
 0001:000cec4c       UnwindUp1                  100cfc4c f   LIBCMT:memcpy.obj
 0001:000cec44       UnwindUp2                  100cfc44 f   LIBCMT:memcpy.obj
 0001:000cec3c       UnwindUp3                  100cfc3c f   LIBCMT:memcpy.obj
 0001:000cec34       UnwindUp4                  100cfc34 f   LIBCMT:memcpy.obj
 0001:000cec2c       UnwindUp5                  100cfc2c f   LIBCMT:memcpy.obj
 0001:000cec24       UnwindUp6                  100cfc24 f   LIBCMT:memcpy.obj
 0001:000cec1c       UnwindUp7                  100cfc1c f   LIBCMT:memcpy.obj
 0001:000cec78       TrailUp0                   100cfc78 f   LIBCMT:memcpy.obj
 0001:000cec80       TrailUp1                   100cfc80 f   LIBCMT:memcpy.obj
 0001:000cec8c       TrailUp2                   100cfc8c f   LIBCMT:memcpy.obj
 0001:000ceca0       TrailUp3                   100cfca0 f   LIBCMT:memcpy.obj
 0001:000ced18       LeadDown1                  100cfd18 f   LIBCMT:memcpy.obj
 0001:000ced38       LeadDown2                  100cfd38 f   LIBCMT:memcpy.obj
 0001:000ced60       LeadDown3                  100cfd60 f   LIBCMT:memcpy.obj
 0001:000cedb4       UnwindDown7                100cfdb4 f   LIBCMT:memcpy.obj
 0001:000cedbc       UnwindDown6                100cfdbc f   LIBCMT:memcpy.obj
 0001:000cedc4       UnwindDown5                100cfdc4 f   LIBCMT:memcpy.obj
 0001:000cedcc       UnwindDown4                100cfdcc f   LIBCMT:memcpy.obj
 0001:000cedd4       UnwindDown3                100cfdd4 f   LIBCMT:memcpy.obj
 0001:000ceddc       UnwindDown2                100cfddc f   LIBCMT:memcpy.obj
 0001:000cede4       UnwindDown1                100cfde4 f   LIBCMT:memcpy.obj
 0001:000cedf7       UnwindDown0                100cfdf7 f   LIBCMT:memcpy.obj
 0001:000cee10       TrailDown0                 100cfe10 f   LIBCMT:memcpy.obj
 0001:000cee18       TrailDown1                 100cfe18 f   LIBCMT:memcpy.obj
 0001:000cee28       TrailDown2                 100cfe28 f   LIBCMT:memcpy.obj
 0001:000cee3c       TrailDown3                 100cfe3c f   LIBCMT:memcpy.obj
 0001:000ce64d       _flsall                    100cf64d f   LIBCMT:fflush.obj
 0001:000ce060       _gu_return                 100cf060 f   LIBCMT:exsup.obj
 0001:000ce068       __unwind_handler           100cf068 f   LIBCMT:exsup.obj
 0001:000cc5be       _doexit                    100cd5be f   LIBCMT:crt0dat.obj
 0001:000cc675       __initterm                 100cd675 f   LIBCMT:crt0dat.obj
 0001:000cbff1       fFEXP                      100ccff1 f   LIBCMT:87tran.obj
 0001:000cc131       _rtforexpinf               100cd131 f   LIBCMT:87tran.obj
 0001:000cbf4a       __hextodec                 100ccf4a f   LIBCMT:input.obj
 0001:000cbf81       __inc                      100ccf81 f   LIBCMT:input.obj
 0001:000cbf9b       __un_inc                   100ccf9b f   LIBCMT:input.obj
 0001:000cbfb2       __whiteout                 100ccfb2 f   LIBCMT:input.obj
 0001:000ca784       label0                     100cb784 f   LIBCMT:adj_fdiv.obj
 0001:000ca78a       label1                     100cb78a f   LIBCMT:adj_fdiv.obj
 0001:000ca78f       label2                     100cb78f f   LIBCMT:adj_fdiv.obj
 0001:000ca795       label3                     100cb795 f   LIBCMT:adj_fdiv.obj
 0001:000ca79a       label4                     100cb79a f   LIBCMT:adj_fdiv.obj
 0001:000ca7a0       label5                     100cb7a0 f   LIBCMT:adj_fdiv.obj
 0001:000ca7a6       label6                     100cb7a6 f   LIBCMT:adj_fdiv.obj
 0001:000ca7ac       label7                     100cb7ac f   LIBCMT:adj_fdiv.obj
 0001:000ca7b2       label8                     100cb7b2 f   LIBCMT:adj_fdiv.obj
 0001:000ca7ce       label9                     100cb7ce f   LIBCMT:adj_fdiv.obj
 0001:000ca7d3       label10                    100cb7d3 f   LIBCMT:adj_fdiv.obj
 0001:000ca7e9       label11                    100cb7e9 f   LIBCMT:adj_fdiv.obj
 0001:000ca7ee       label12                    100cb7ee f   LIBCMT:adj_fdiv.obj
 0001:000ca80a       label13                    100cb80a f   LIBCMT:adj_fdiv.obj
 0001:000ca81a       label14                    100cb81a f   LIBCMT:adj_fdiv.obj
 0001:000ca82e       label15                    100cb82e f   LIBCMT:adj_fdiv.obj
 0001:000ca83e       label16                    100cb83e f   LIBCMT:adj_fdiv.obj
 0001:000ca85e       label17                    100cb85e f   LIBCMT:adj_fdiv.obj
 0001:000ca863       label18                    100cb863 f   LIBCMT:adj_fdiv.obj
 0001:000ca87d       label19                    100cb87d f   LIBCMT:adj_fdiv.obj
 0001:000ca882       label20                    100cb882 f   LIBCMT:adj_fdiv.obj
 0001:000ca8a2       label21                    100cb8a2 f   LIBCMT:adj_fdiv.obj
 0001:000ca8b6       label22                    100cb8b6 f   LIBCMT:adj_fdiv.obj
 0001:000ca8ce       label23                    100cb8ce f   LIBCMT:adj_fdiv.obj
 0001:000ca8e2       label24                    100cb8e2 f   LIBCMT:adj_fdiv.obj
 0001:000ca902       label25                    100cb902 f   LIBCMT:adj_fdiv.obj
 0001:000ca907       label26                    100cb907 f   LIBCMT:adj_fdiv.obj
 0001:000ca921       label27                    100cb921 f   LIBCMT:adj_fdiv.obj
 0001:000ca926       label28                    100cb926 f   LIBCMT:adj_fdiv.obj
 0001:000ca946       label29                    100cb946 f   LIBCMT:adj_fdiv.obj
 0001:000ca95a       label30                    100cb95a f   LIBCMT:adj_fdiv.obj
 0001:000ca972       label31                    100cb972 f   LIBCMT:adj_fdiv.obj
 0001:000ca986       label32                    100cb986 f   LIBCMT:adj_fdiv.obj
 0001:000ca9a6       label33                    100cb9a6 f   LIBCMT:adj_fdiv.obj
 0001:000ca9ab       label34                    100cb9ab f   LIBCMT:adj_fdiv.obj
 0001:000ca9c5       label35                    100cb9c5 f   LIBCMT:adj_fdiv.obj
 0001:000ca9ca       label36                    100cb9ca f   LIBCMT:adj_fdiv.obj
 0001:000ca9ea       label37                    100cb9ea f   LIBCMT:adj_fdiv.obj
 0001:000ca9fe       label38                    100cb9fe f   LIBCMT:adj_fdiv.obj
 0001:000caa16       label39                    100cba16 f   LIBCMT:adj_fdiv.obj
 0001:000caa2a       label40                    100cba2a f   LIBCMT:adj_fdiv.obj
 0001:000caa4a       label41                    100cba4a f   LIBCMT:adj_fdiv.obj
 0001:000caa4f       label42                    100cba4f f   LIBCMT:adj_fdiv.obj
 0001:000caa69       label43                    100cba69 f   LIBCMT:adj_fdiv.obj
 0001:000caa6e       label44                    100cba6e f   LIBCMT:adj_fdiv.obj
 0001:000caa8e       label45                    100cba8e f   LIBCMT:adj_fdiv.obj
 0001:000caaa2       label46                    100cbaa2 f   LIBCMT:adj_fdiv.obj
 0001:000caaba       label47                    100cbaba f   LIBCMT:adj_fdiv.obj
 0001:000caace       label48                    100cbace f   LIBCMT:adj_fdiv.obj
 0001:000caaee       label49                    100cbaee f   LIBCMT:adj_fdiv.obj
 0001:000caaf3       label50                    100cbaf3 f   LIBCMT:adj_fdiv.obj
 0001:000cab0d       label51                    100cbb0d f   LIBCMT:adj_fdiv.obj
 0001:000cab12       label52                    100cbb12 f   LIBCMT:adj_fdiv.obj
 0001:000cab32       label53                    100cbb32 f   LIBCMT:adj_fdiv.obj
 0001:000cab46       label54                    100cbb46 f   LIBCMT:adj_fdiv.obj
 0001:000cab5e       label55                    100cbb5e f   LIBCMT:adj_fdiv.obj
 0001:000cab72       label56                    100cbb72 f   LIBCMT:adj_fdiv.obj
 0001:000cab92       label57                    100cbb92 f   LIBCMT:adj_fdiv.obj
 0001:000cab97       label58                    100cbb97 f   LIBCMT:adj_fdiv.obj
 0001:000cabb1       label59                    100cbbb1 f   LIBCMT:adj_fdiv.obj
 0001:000cabb6       label60                    100cbbb6 f   LIBCMT:adj_fdiv.obj
 0001:000cabd6       label61                    100cbbd6 f   LIBCMT:adj_fdiv.obj
 0001:000cabea       label62                    100cbbea f   LIBCMT:adj_fdiv.obj
 0001:000cac02       label63                    100cbc02 f   LIBCMT:adj_fdiv.obj
 0001:000ca085       _write_char                100cb085 f   LIBCMT:output.obj
 0001:000ca0ba       _write_multi_char          100cb0ba f   LIBCMT:output.obj
 0001:000ca0eb       _write_string              100cb0eb f   LIBCMT:output.obj
 0001:000ca123       _get_int_arg               100cb123 f   LIBCMT:output.obj
 0001:000ca130       _get_int64_arg             100cb130 f   LIBCMT:output.obj
 0001:000ca140       _get_short_arg             100cb140 f   LIBCMT:output.obj
 0001:000c937c       __cftoe2                   100ca37c f   LIBCMT:cvt.obj
 0001:000c9493       __cftof2                   100ca493 f   LIBCMT:cvt.obj
 0001:000c961e       __shift                    100ca61e f   LIBCMT:cvt.obj
 0001:000c8084       fFMOD                      100c9084 f   LIBCMT:87fmod.obj

 13840 bytes saved through ICF

