 spirit

 Timestamp is 60242a47 (Thu Feb 11 01:47:35 2021)

 Preferred load address is 10000000

 Start         Length     Name                   Class
 0001:00000000 000d3356H .text                   CODE
 0002:00000000 000000f4H .idata$5                DATA
 0002:00000100 0001f621H .rdata                  DATA
 0002:0001f724 00000014H .idata$2                DATA
 0002:0001f738 00000014H .idata$3                DATA
 0002:0001f74c 000000f4H .idata$4                DATA
 0002:0001f840 00000428H .idata$6                DATA
 0002:0001fc70 00005a44H .edata                  DATA
 0003:00000000 00000004H .CRT$XCA                DATA
 0003:00000004 0000003cH .CRT$XCU                DATA
 0003:00000040 00000004H .CRT$XCZ                DATA
 0003:00000044 00000004H .CRT$XIA                DATA
 0003:00000048 0000000cH .CRT$XIC                DATA
 0003:00000054 00000004H .CRT$XIZ                DATA
 0003:00000058 00000004H .CRT$XPA                DATA
 0003:0000005c 00000004H .CRT$XPX                DATA
 0003:00000060 00000004H .CRT$XPZ                DATA
 0003:00000064 00000004H .CRT$XTA                DATA
 0003:00000068 00000004H .CRT$XTZ                DATA
 0003:00000070 000222c4H .data                   DATA
 0003:00022338 00012a88H .bss                    DATA

  Address         Publics by Value              Rva+Base     Lib:Object

 0001:00000000       ?Save@CFlockingFlyerFlock@@UAEHAAVCSave@@@Z 10001000 f   aflock.obj
 0001:00000070       ?Restore@CFlockingFlyerFlock@@UAEHAAVCRestore@@@Z 10001070 f   aflock.obj
 0001:000000a0       _monster_flyer             100010a0 f   aflock.obj
 0001:00000100       _monster_flyer_flock       10001100 f   aflock.obj
 0001:00000160       ?Save@CFlockingFlyer@@UAEHAAVCSave@@@Z 10001160 f   aflock.obj
 0001:000001d0       ?Restore@CFlockingFlyer@@UAEHAAVCRestore@@@Z 100011d0 f   aflock.obj
 0001:00000200       ?KeyValue@CFlockingFlyerFlock@@UAEXPAUKeyValueData_s@@@Z 10001200 f   aflock.obj
 0001:000002c0       ?Spawn@CFlockingFlyerFlock@@UAEXXZ 100012c0 f   aflock.obj
 0001:000002f0       ?PrecacheFlockSounds@CFlockingFlyerFlock@@SAXXZ 100012f0 f   aflock.obj
 0001:00000320       ?SpawnFlock@CFlockingFlyerFlock@@QAEXXZ 10001320 f   aflock.obj
 0001:00000520       ?Spawn@CFlockingFlyer@@UAEXXZ 10001520 f   aflock.obj
 0001:00000560       ?Precache@CFlockingFlyer@@UAEXXZ 10001560 f   aflock.obj
 0001:00000560       ?Precache@CFlockingFlyerFlock@@UAEXXZ 10001560 f   aflock.obj
 0001:00000580       ?MakeSound@CFlockingFlyer@@QAEXXZ 10001580 f   aflock.obj
 0001:00000660       ?Killed@CFlockingFlyer@@UAEXPAUentvars_s@@H@Z 10001660 f   aflock.obj
 0001:00000740       ?FallHack@CFlockingFlyer@@QAEXXZ 10001740 f   aflock.obj
 0001:000007f0       ?SpawnCommonCode@CFlockingFlyer@@QAEXXZ 100017f0 f   aflock.obj
 0001:000008c0       ?BoidAdvanceFrame@CFlockingFlyer@@QAEXXZ 100018c0 f   aflock.obj
 0001:00000970       ?IdleThink@CFlockingFlyer@@QAEXXZ 10001970 f   aflock.obj
 0001:000009c0       ?Start@CFlockingFlyer@@QAEXXZ 100019c0 f   aflock.obj
 0001:00000a10       ?FormFlock@CFlockingFlyer@@QAEXXZ 10001a10 f   aflock.obj
 0001:00000b00       ?SpreadFlock@CFlockingFlyer@@QAEXXZ 10001b00 f   aflock.obj
 0001:00000d40       ??0Vector@@QAE@MMM@Z       10001d40 f i aflock.obj
 0001:00000d60       ?SpreadFlock2@CFlockingFlyer@@QAEXXZ 10001d60 f   aflock.obj
 0001:00000e90       ?FPathBlocked@CFlockingFlyer@@QAEHXZ 10001e90 f   aflock.obj
 0001:00001230       ??GVector@@QBE?AV0@ABV0@@Z 10002230 f i aflock.obj
 0001:00001260       ??DVector@@QBE?AV0@M@Z     10002260 f i aflock.obj
 0001:00001290       ?FlockLeaderThink@CFlockingFlyer@@QAEXXZ 10002290 f   aflock.obj
 0001:00001660       ?FlockFollowerThink@CFlockingFlyer@@QAEXXZ 10002660 f   aflock.obj
 0001:000019d0       ?SetNextThink@CBaseEntity@@UAEXM@Z 100029d0 f i aflock.obj
 0001:000019e0       ?AbsoluteNextThink@CBaseEntity@@UAEXM@Z 100029e0 f i aflock.obj
 0001:000019f0       ?CalcPosition@CBaseEntity@@UAE?AVVector@@PAV1@@Z 100029f0 f i aflock.obj
 0001:000019f0       ?BodyTarget@CGunTarget@@UAE?AVVector@@ABV2@@Z 100029f0 f i aflock.obj
 0001:00001a10       ?CalcVelocity@CBaseEntity@@UAE?AVVector@@PAV1@@Z 10002a10 f i aflock.obj
 0001:00001a30       ?DeathNotice@CBaseEntity@@UAEXPAUentvars_s@@@Z 10002a30 f i aflock.obj
 0001:00001a30       ?TalkAboutDeadFriend@CTalkMonster@@UAEXPAV1@@Z 10002a30 f i aflock.obj
 0001:00001a30       ?BlockedByPlayer@CBaseMonster@@UAEXPAVCBasePlayer@@@Z 10002a30 f i aflock.obj
 0001:00001a30       ?SetToggleState@CBaseEntity@@UAEXH@Z 10002a30 f i aflock.obj
 0001:00001a30       ?GasWarning@CBaseEntity@@UAEXH@Z 10002a30 f i aflock.obj
 0001:00001a30       ?SendInitMessage@CBaseEntity@@UAEXPAVCBasePlayer@@@Z 10002a30 f i aflock.obj
 0001:00001a30       ?HandleAnimEvent@CBaseAnimating@@UAEXPAUMonsterEvent_t@@@Z 10002a30 f i aflock.obj
 0001:00001a30       ?UpdateGameMode@CGameRules@@UAEXPAVCBasePlayer@@@Z 10002a30 f i aflock.obj
 0001:00001a40       ?ObjectCaps@CBaseEntity@@UAEHXZ 10002a40 f i aflock.obj
 0001:00001a60       ?Precache@CBaseEntity@@UAEXXZ 10002a60 f i aflock.obj
 0001:00001a60       ?DeclineFollowing@CTalkMonster@@UAEXXZ 10002a60 f i aflock.obj
 0001:00001a60       ?Idle2@CBaseToggleWeapon@@UAEXXZ 10002a60 f i aflock.obj
 0001:00001a60       ?PrescheduleThink@CBaseMonster@@UAEXXZ 10002a60 f i aflock.obj
 0001:00001a60       ?WeaponIdle@CBasePlayerWeapon@@UAEXXZ 10002a60 f i aflock.obj
 0001:00001a60       ?OverrideReset@CBaseEntity@@UAEXXZ 10002a60 f i aflock.obj
 0001:00001a60       ?EndMultiplayerGame@CGameRules@@UAEXXZ 10002a60 f i aflock.obj
 0001:00001a60       ?DeathSound@CBaseMonster@@UAEXXZ 10002a60 f i aflock.obj
 0001:00001a60       ?PainSound@CBaseMonster@@UAEXXZ 10002a60 f i aflock.obj
 0001:00001a60       ?Attack1@CBaseToggleWeapon@@UAEXXZ 10002a60 f i aflock.obj
 0001:00001a60       ?SetYawSpeed@CBaseMonster@@UAEXXZ 10002a60 f i aflock.obj
 0001:00001a60       ?AlertSound@CBaseMonster@@UAEXXZ 10002a60 f i aflock.obj
 0001:00001a60       ?UpdateItemInfo@CBasePlayerWeapon@@UAEXXZ 10002a60 f i aflock.obj
 0001:00001a60       ?UpdateOwner@CBaseEntity@@UAEXXZ 10002a60 f i aflock.obj
 0001:00001a60       ?PlayerJump@CBasePlayerItem@@UAEXXZ 10002a60 f i aflock.obj
 0001:00001a60       ?ScheduleChange@CBaseMonster@@UAEXXZ 10002a60 f i aflock.obj
 0001:00001a60       ?Reload1@CBaseToggleWeapon@@UAEXXZ 10002a60 f i aflock.obj
 0001:00001a60       ?Spawn@CBaseEntity@@UAEXXZ 10002a60 f i aflock.obj
 0001:00001a60       ?StopSneaking@CBaseEntity@@UAEXXZ 10002a60 f i aflock.obj
 0001:00001a60       ?PostSpawn@CRotDoor@@UAEXXZ 10002a60 f i aflock.obj
 0001:00001a60       ?DesiredAction@CBaseEntity@@UAEXXZ 10002a60 f i aflock.obj
 0001:00001a60       ?StartSneaking@CBaseEntity@@UAEXXZ 10002a60 f i aflock.obj
 0001:00001a60       ?IdleSound@CBaseMonster@@UAEXXZ 10002a60 f i aflock.obj
 0001:00001a60       ?ItemPreFrame@CBasePlayerItem@@UAEXXZ 10002a60 f i aflock.obj
 0001:00001a60       ?GibMonster@CBaseTurret@@UAEXXZ 10002a60 f i aflock.obj
 0001:00001a60       ?SecondaryAttack@CBasePlayerWeapon@@UAEXXZ 10002a60 f i aflock.obj
 0001:00001a60       ?FlushChanges@CBaseAlias@@UAEXXZ 10002a60 f i aflock.obj
 0001:00001a60       ?Reload2@CBaseToggleWeapon@@UAEXXZ 10002a60 f i aflock.obj
 0001:00001a60       ?Idle1@CBaseToggleWeapon@@UAEXXZ 10002a60 f i aflock.obj
 0001:00001a60       ?PostSpawn@CRotButton@@UAEXXZ 10002a60 f i aflock.obj
 0001:00001a60       ?Attack2@CBaseToggleWeapon@@UAEXXZ 10002a60 f i aflock.obj
 0001:00001a60       ?CheckAmmo@CBaseMonster@@UAEXXZ 10002a60 f i aflock.obj
 0001:00001a60       ?Reload@CBasePlayerWeapon@@UAEXXZ 10002a60 f i aflock.obj
 0001:00001a60       ?PostSpawn@CBaseEntity@@UAEXXZ 10002a60 f i aflock.obj
 0001:00001a70       ?SquadUnlink@CFlockingFlyer@@QAEXXZ 10002a70 f   aflock.obj
 0001:00001a80       ?GetState@CBaseEntity@@UAE?AW4STATE@@PAV1@@Z 10002a80 f i aflock.obj
 0001:00001a90       ?SquadAdd@CFlockingFlyer@@QAEXPAV1@@Z 10002a90 f   aflock.obj
 0001:00001ab0       ?SquadRemove@CFlockingFlyer@@QAEXPAV1@@Z 10002ab0 f   aflock.obj
 0001:00001b50       ?StopFollowing@CBaseMonster@@UAEXHH@Z 10002b50 f i aflock.obj
 0001:00001b50       ?AddPointsToTeam@CBaseEntity@@UAEXHH@Z 10002b50 f i aflock.obj
 0001:00001b50       ?AddPoints@CBaseEntity@@UAEXHH@Z 10002b50 f i aflock.obj
 0001:00001b50       ?ClientUserInfoChanged@CGameRules@@UAEXPAVCBasePlayer@@PAD@Z 10002b50 f i aflock.obj
 0001:00001b60       ?OnControls@CBaseEntity@@UAEHPAUentvars_s@@@Z 10002b60 f i aflock.obj
 0001:00001b60       ?AddPlayerItem@CBaseEntity@@UAEHPAVCBasePlayerItem@@@Z 10002b60 f i aflock.obj
 0001:00001b60       ?RemovePlayerItem@CBaseEntity@@UAEHPAVCBasePlayerItem@@@Z 10002b60 f i aflock.obj
 0001:00001b60       ?GetItemInfo@CWeaponCycler@@UAEHPAUItemInfo@@@Z 10002b60 f i aflock.obj
 0001:00001b70       ?GiveAmmo@CBaseEntity@@UAEHHPADH@Z 10002b70 f i aflock.obj
 0001:00001b80       ?SquadCount@CFlockingFlyer@@QAEHXZ 10002b80 f   aflock.obj
 0001:00001ba0       ?SquadDisband@CFlockingFlyer@@QAEXXZ 10002ba0 f   aflock.obj
 0001:00001bc0       ?IsBSPModel@CBaseEntity@@UAEHXZ 10002bc0 f i aflock.obj
 0001:00001be0       ?ReflectGauss@CBaseEntity@@UAEHXZ 10002be0 f i aflock.obj
 0001:00001c10       ?HasTarget@CBaseEntity@@UAEHH@Z 10002c10 f i aflock.obj
 0001:00001c80       ?TeamID@CBaseEntity@@UAEPBDXZ 10002c80 f i aflock.obj
 0001:00001c90       ?Think@CBaseEntity@@UAEXXZ 10002c90 f i aflock.obj
 0001:00001ca0       ?Touch@CBaseEntity@@UAEXPAV1@@Z 10002ca0 f i aflock.obj
 0001:00001cc0       ?Use@CBaseEntity@@UAEXPAV1@0W4USE_TYPE@@M@Z 10002cc0 f i aflock.obj
 0001:00001ce0       ?Blocked@CBaseEntity@@UAEXPAV1@@Z 10002ce0 f i aflock.obj
 0001:00001d00       ??0CBaseToggle@@QAE@XZ     10002d00 f i aflock.obj
 0001:00001d10       ?CalcRatio@CBaseEntity@@UAEMPAV1@@Z 10002d10 f i aflock.obj
 0001:00001d20       ?BloodColor@CLeech@@UAEHXZ 10002d20 f i aflock.obj
 0001:00001d20       ?BloodColor@COsprey@@UAEHXZ 10002d20 f i aflock.obj
 0001:00001d20       ?BloodColor@CAirtank@@EAEHXZ 10002d20 f i aflock.obj
 0001:00001d20       ?BloodColor@CGunTarget@@UAEHXZ 10002d20 f i aflock.obj
 0001:00001d20       ?BloodColor@CApache@@EAEHXZ 10002d20 f i aflock.obj
 0001:00001d20       ?BloodColor@CBaseTurret@@UAEHXZ 10002d20 f i aflock.obj
 0001:00001d20       ?BloodColor@CBaseEntity@@UAEHXZ 10002d20 f i aflock.obj
 0001:00001d20       ?BloodColor@CGrenade@@UAEHXZ 10002d20 f i aflock.obj
 0001:00001d30       ?IsMoving@CBaseEntity@@UAEHXZ 10002d30 f i aflock.obj
 0001:00001d80       ??_H@YGXPAXIHP6EX0@Z@Z     10002d80 f i aflock.obj
 0001:00001db0       ?SUB_CallUseToggle@CBaseEntity@@QAEXXZ 10002db0 f i aflock.obj
 0001:00001dc0       ??0WayPoint_t@@QAE@XZ      10002dc0 f i aflock.obj
 0001:00001dc0       ?MyMonsterPointer@CBaseMonster@@UAEPAV1@XZ 10002dc0 f i aflock.obj
 0001:00001dc0       ?MySquadMonsterPointer@CSquadMonster@@UAEPAV1@XZ 10002dc0 f i aflock.obj
 0001:00001dc0       ?GetWeaponPtr@CBasePlayerWeapon@@UAEPAVCBasePlayerItem@@XZ 10002dc0 f i aflock.obj
 0001:00001dc0       ??0Vector@@QAE@XZ          10002dc0 f i aflock.obj
 0001:00001dd0       ??0CBaseEntity@@QAE@XZ     10002dd0 f i aflock.obj
 0001:00001de0       ?KeyValue@CBaseEntity@@UAEXPAUKeyValueData_s@@@Z 10002de0 f i aflock.obj
 0001:00001ef0       ?Center@CBaseEntity@@UAE?AVVector@@XZ 10002ef0 f i aflock.obj
 0001:00001f50       ?EarPosition@CBaseEntity@@UAE?AVVector@@XZ 10002f50 f i aflock.obj
 0001:00001f50       ?EyePosition@CBaseEntity@@UAE?AVVector@@XZ 10002f50 f i aflock.obj
 0001:00001f80       ?BodyTarget@CBaseEntity@@UAE?AVVector@@ABV2@@Z 10002f80 f i aflock.obj
 0001:00001fa0       ?Illumination@CBaseEntity@@UAEHXZ 10002fa0 f i aflock.obj
 0001:00001fc0       ?GetToggleState@CBaseToggle@@UAEHXZ 10002fc0 f i aflock.obj
 0001:00001fd0       ?GetDelay@CBaseToggle@@UAEMXZ 10002fd0 f i aflock.obj
 0001:00001fe0       ?Classify@CBaseMonster@@UAEHXZ 10002fe0 f i aflock.obj
 0001:00001ff0       ?BloodColor@CBaseMonster@@UAEHXZ 10002ff0 f i aflock.obj
 0001:00002000       ?IsAlive@CBaseMonster@@UAEHXZ 10003000 f i aflock.obj
 0001:00002020       ?CallHitBottom@CFuncPlat@@QAEXXZ 10003020 f i aflock.obj
 0001:00002020       ?CallMonsterThink@CBaseMonster@@QAEXXZ 10003020 f i aflock.obj
 0001:00002030       ?FAllowFlashlight@CHalfLifeRules@@UAEHXZ 10003030 f i aflock.obj
 0001:00002030       ?ShouldWeaponIdle@CRpg@@UAEHXZ 10003030 f i aflock.obj
 0001:00002030       ?PlayTextureSounds@CGameRules@@UAEHXZ 10003030 f i aflock.obj
 0001:00002030       ?IsAlias@CBaseAlias@@UAEHXZ 10003030 f i aflock.obj
 0001:00002030       ?iItemSlot@CWeaponCycler@@UAEHXZ 10003030 f i aflock.obj
 0001:00002030       ?IsNetClient@CBasePlayer@@UAEHXZ 10003030 f i aflock.obj
 0001:00002030       ?GetIdealState@CTentacle@@UAE?AW4MONSTERSTATE@@XZ 10003030 f i aflock.obj
 0001:00002030       ?Classify@CGunTarget@@UAEHXZ 10003030 f i aflock.obj
 0001:00002030       ?iItemSlot@CCrowbar@@UAEHXZ 10003030 f i aflock.obj
 0001:00002030       ?IsTogglePlat@CFuncTrackChange@@UAEHXZ 10003030 f i aflock.obj
 0001:00002030       ?Classify@COsprey@@UAEHXZ  10003030 f i aflock.obj
 0001:00002030       ?IsPlayer@CBasePlayer@@UAEHXZ 10003030 f i aflock.obj
 0001:00002030       ?GetStoppedActivity@CBaseMonster@@UAE?AW4Activity@@XZ 10003030 f i aflock.obj
 0001:00002030       ?CanHolster@CBasePlayerItem@@UAEHXZ 10003030 f i aflock.obj
 0001:00002040       ?Stop@CBaseMonster@@UAEXXZ 10003040 f i aflock.obj
 0001:00002060       ?CanPlaySentence@CBaseMonster@@UAEHH@Z 10003060 f i aflock.obj
 0001:00002070       ?CanPlaySequence@CTentacle@@UAEHH@Z 10003070 f i aflock.obj
 0001:00002070       ?FValidateCover@CBaseMonster@@UAEHABVVector@@@Z 10003070 f i aflock.obj
 0001:00002070       ?IsValidTeam@CGameRules@@UAEHPBD@Z 10003070 f i aflock.obj
 0001:00002080       ?CoverRadius@CBaseMonster@@UAEMXZ 10003080 f i aflock.obj
 0001:00002090       ?BodyTarget@CBaseMonster@@UAE?AVVector@@ABV2@@Z 10003090 f i aflock.obj
 0001:00002130       ?IsMoving@CBaseMonster@@UAEHXZ 10003130 f i aflock.obj
 0001:00002140       ?CalcRatio@CBaseMonster@@UAEMPAVCBaseEntity@@@Z 10003140 f i aflock.obj
 0001:00002160       ?DefaultUse@CBasePlayerItem@@QAEXPAVCBaseEntity@@0W4USE_TYPE@@M@Z 10003160 f i agrunt.obj
 0001:00002170       ?DefaultUse@CBasePlayerAmmo@@QAEXPAVCBaseEntity@@0W4USE_TYPE@@M@Z 10003170 f i agrunt.obj
 0001:00002180       _monster_alien_grunt       10003180 f   agrunt.obj
 0001:000021e0       ?SetObjectCollisionBox@CAGrunt@@UAEXXZ 100031e0 f i agrunt.obj
 0001:00002280       ?Save@CAGrunt@@UAEHAAVCSave@@@Z 10003280 f   agrunt.obj
 0001:000022f0       ?Restore@CAGrunt@@UAEHAAVCRestore@@@Z 100032f0 f   agrunt.obj
 0001:00002320       ?IRelationship@CAGrunt@@UAEHPAVCBaseEntity@@@Z 10003320 f   agrunt.obj
 0001:00002390       ?TraceAttack@CAGrunt@@UAEXPAUentvars_s@@MVVector@@PAUTraceResult@@H@Z 10003390 f   agrunt.obj
 0001:000025a0       ??0Vector@@QAE@ABV0@@Z     100035a0 f i agrunt.obj
 0001:000025c0       ?StopTalking@CAGrunt@@QAEXXZ 100035c0 f   agrunt.obj
 0001:00002600       ?ShouldSpeak@CAGrunt@@QAEHXZ 10003600 f   agrunt.obj
 0001:00002650       ?PrescheduleThink@CAGrunt@@UAEXXZ 10003650 f   agrunt.obj
 0001:00002700       ?DeathSound@CAGrunt@@UAEXXZ 10003700 f   agrunt.obj
 0001:00002740       ?AlertSound@CAGrunt@@UAEXXZ 10003740 f   agrunt.obj
 0001:00002780       ?AttackSound@CAGrunt@@QAEXXZ 10003780 f   agrunt.obj
 0001:000027c0       ?PainSound@CAGrunt@@UAEXXZ 100037c0 f   agrunt.obj
 0001:00002830       ?SetYawSpeed@CAGrunt@@UAEXXZ 10003830 f   agrunt.obj
 0001:00002860       ?HandleAnimEvent@CAGrunt@@UAEXPAUMonsterEvent_t@@@Z 10003860 f   agrunt.obj
 0001:00003030       ?Spawn@CAGrunt@@UAEXXZ     10004030 f   agrunt.obj
 0001:000031a0       ?Precache@CAGrunt@@UAEXXZ  100041a0 f   agrunt.obj
 0001:000032c0       ?ScheduleFromName@CAGrunt@@UAEPAUSchedule_t@@PBD@Z 100042c0 f   agrunt.obj
 0001:000032f0       ?FCanCheckAttacks@CHGrunt@@UAEHXZ 100042f0 f   agrunt.obj
 0001:000032f0       ?FCanCheckAttacks@CAGrunt@@UAEHXZ 100042f0 f   agrunt.obj
 0001:000032f0       ?FCanCheckAttacks@CMilitary@@UAEHXZ 100042f0 f   agrunt.obj
 0001:00003300       ?CheckMeleeAttack1@CAGrunt@@UAEHMM@Z 10004300 f   agrunt.obj
 0001:00003350       ?CheckRangeAttack1@CAGrunt@@UAEHMM@Z 10004350 f   agrunt.obj
 0001:000034c0       ?StartTask@CAGrunt@@UAEXPAUTask_t@@@Z 100044c0 f   agrunt.obj
 0001:00003950       ?GetSchedule@CAGrunt@@UAEPAUSchedule_t@@XZ 10004950 f   agrunt.obj
 0001:00003a40       ?GetScheduleOfType@CAGrunt@@UAEPAUSchedule_t@@H@Z 10004a40 f   agrunt.obj
 0001:00003b00       ?Killed@CAGrunt@@UAEXPAUentvars_s@@H@Z 10004b00 f   agrunt.obj
 0001:00003b60       ?ClearSchedule@CBaseMonster@@QAEXXZ 10004b60 f   AI_BaseNPC_Schedule.obj
 0001:00003b80       ?FScheduleDone@CBaseMonster@@QAEHXZ 10004b80 f   AI_BaseNPC_Schedule.obj
 0001:00003ba0       ?ChangeSchedule@CBaseMonster@@QAEXPAUSchedule_t@@@Z 10004ba0 f   AI_BaseNPC_Schedule.obj
 0001:00003c10       ?NextScheduledTask@CBaseMonster@@QAEXXZ 10004c10 f   AI_BaseNPC_Schedule.obj
 0001:00003c40       ?IScheduleFlags@CBaseMonster@@QAEHXZ 10004c40 f   AI_BaseNPC_Schedule.obj
 0001:00003c60       ?FScheduleValid@CBaseMonster@@QAEHXZ 10004c60 f   AI_BaseNPC_Schedule.obj
 0001:00003c90       ?MaintainSchedule@CBaseMonster@@QAEXXZ 10004c90 f   AI_BaseNPC_Schedule.obj
 0001:00003e70       ?RunTask@CBaseMonster@@UAEXPAUTask_t@@@Z 10004e70 f   AI_BaseNPC_Schedule.obj
 0001:00004660       ?SetTurnActivity@CBaseMonster@@QAEXXZ 10005660 f   AI_BaseNPC_Schedule.obj
 0001:000046d0       ?StartTask@CBaseMonster@@UAEXPAUTask_t@@@Z 100056d0 f   AI_BaseNPC_Schedule.obj
 0001:00005c60       ?GetTask@CBaseMonster@@QAEPAUTask_t@@XZ 10006c60 f   AI_BaseNPC_Schedule.obj
 0001:00005c80       ?GetSchedule@CBaseMonster@@UAEPAUSchedule_t@@XZ 10006c80 f   AI_BaseNPC_Schedule.obj
 0001:00006050       _item_airtank              10007050 f   airtank.obj
 0001:000060b0       ?Save@CAirtank@@EAEHAAVCSave@@@Z 100070b0 f   airtank.obj
 0001:00006120       ?Restore@CAirtank@@EAEHAAVCRestore@@@Z 10007120 f   airtank.obj
 0001:00006150       ?Spawn@CAirtank@@EAEXXZ    10007150 f   airtank.obj
 0001:00006240       ?Precache@CAirtank@@EAEXXZ 10007240 f   airtank.obj
 0001:00006260       ?Killed@CAirtank@@EAEXPAUentvars_s@@H@Z 10007260 f   airtank.obj
 0001:000062b0       ?TankThink@CAirtank@@AAEXXZ 100072b0 f   airtank.obj
 0001:000062d0       ?TankTouch@CAirtank@@AAEXPAVCBaseEntity@@@Z 100072d0 f   airtank.obj
 0001:00006390       ?Save@CBaseAlias@@UAEHAAVCSave@@@Z 10007390 f   alias.obj
 0001:00006400       ?Restore@CBaseAlias@@UAEHAAVCRestore@@@Z 10007400 f   alias.obj
 0001:00006430       _info_alias                10007430 f   alias.obj
 0001:00006480       ?GetState@CInfoMoveWith@@UAE?AW4STATE@@XZ 10007480 f i alias.obj
 0001:00006480       ?GetState@CInfoAlias@@UAE?AW4STATE@@XZ 10007480 f i alias.obj
 0001:000064a0       ?Spawn@CInfoAlias@@UAEXXZ  100074a0 f   alias.obj
 0001:000064d0       ?Use@CInfoAlias@@UAEXPAVCBaseEntity@@0W4USE_TYPE@@M@Z 100074d0 f   alias.obj
 0001:00006590       ?FollowAlias@CInfoAlias@@UAEPAVCBaseEntity@@PAV2@@Z 10007590 f   alias.obj
 0001:000065c0       ?ChangeValue@CInfoAlias@@UAEXH@Z 100075c0 f   alias.obj
 0001:000065e0       ?FlushChanges@CInfoAlias@@UAEXXZ 100075e0 f   alias.obj
 0001:00006630       _info_group                10007630 f   alias.obj
 0001:00006680       ?Save@CInfoGroup@@UAEHAAVCSave@@@Z 10007680 f   alias.obj
 0001:000066f0       ?Restore@CInfoGroup@@UAEHAAVCRestore@@@Z 100076f0 f   alias.obj
 0001:00006720       ?KeyValue@CInfoGroup@@UAEXPAUKeyValueData_s@@@Z 10007720 f   alias.obj
 0001:00006830       ?Use@CInfoGroup@@UAEXPAVCBaseEntity@@0W4USE_TYPE@@M@Z 10007830 f   alias.obj
 0001:00006900       ?GetMember@CInfoGroup@@QAEHPBD@Z 10007900 f   alias.obj
 0001:00006a70       _multi_alias               10007a70 f   alias.obj
 0001:00006ac0       ?Save@CMultiAlias@@UAEHAAVCSave@@@Z 10007ac0 f   alias.obj
 0001:00006b30       ?Restore@CMultiAlias@@UAEHAAVCRestore@@@Z 10007b30 f   alias.obj
 0001:00006b60       ?KeyValue@CMultiAlias@@UAEXPAUKeyValueData_s@@@Z 10007b60 f   alias.obj
 0001:00006c90       ?FollowAlias@CMultiAlias@@UAEPAVCBaseEntity@@PAV2@@Z 10007c90 f   alias.obj
 0001:00006df0       _trigger_changealias       10007df0 f   alias.obj
 0001:00006e40       ?Use@CTriggerChangeAlias@@UAEXPAVCBaseEntity@@0W4USE_TYPE@@M@Z 10007e40 f   alias.obj
 0001:00006f60       ?ChangeValue@CBaseAlias@@UAEXH@Z 10007f60 f i alias.obj
 0001:00006f90       ?ChangeValue@CBaseAlias@@UAEXPAVCBaseEntity@@@Z 10007f90 f i alias.obj
 0001:00006fb0       ?Save@CBaseAnimating@@UAEHAAVCSave@@@Z 10007fb0 f   animating.obj
 0001:00007020       ?Restore@CBaseAnimating@@UAEHAAVCRestore@@@Z 10008020 f   animating.obj
 0001:00007050       ?StudioFrameAdvance@CBaseAnimating@@QAEMM@Z 10008050 f   animating.obj
 0001:00007190       ?LookupActivity@CBaseAnimating@@QAEHH@Z 10008190 f   animating.obj
 0001:000071c0       ?LookupActivityHeaviest@CBaseAnimating@@QAEHH@Z 100081c0 f   animating.obj
 0001:000071f0       ?LookupSequence@CBaseAnimating@@QAEHPBD@Z 100081f0 f   animating.obj
 0001:00007220       ?ResetSequenceInfo@CBaseAnimating@@QAEXXZ 10008220 f   animating.obj
 0001:000072a0       ?GetSequenceFlags@CBaseAnimating@@QAEHXZ 100082a0 f   animating.obj
 0001:000072d0       ?DispatchAnimEvents@CBaseAnimating@@QAEXM@Z 100082d0 f   animating.obj
 0001:000073f0       ?SetBoneController@CBaseAnimating@@QAEMHM@Z 100083f0 f   animating.obj
 0001:00007420       ?GetControllerBound@CBaseAnimating@@QAEMH@Z 10008420 f   animating.obj
 0001:00007450       ?InitBoneControllers@CBaseAnimating@@QAEXXZ 10008450 f   animating.obj
 0001:000074b0       ?SetBlending@CBaseAnimating@@QAEMHM@Z 100084b0 f   animating.obj
 0001:000074e0       ?GetBonePosition@CBaseAnimating@@QAEXHAAVVector@@0@Z 100084e0 f   animating.obj
 0001:00007510       ?GetAttachment@CBaseAnimating@@QAEXHAAVVector@@0@Z 10008510 f   animating.obj
 0001:00007540       ?FindTransition@CBaseAnimating@@QAEHHHPAH@Z 10008540 f   animating.obj
 0001:000075a0       ?SetBodygroup@CBaseAnimating@@QAEXHH@Z 100085a0 f   animating.obj
 0001:000075d0       ?GetBodygroup@CBaseAnimating@@QAEHH@Z 100085d0 f   animating.obj
 0001:00007600       ?ExtractBbox@CBaseAnimating@@QAEHHPAM0@Z 10008600 f   animating.obj
 0001:00007630       ?SetSequenceBox@CBaseAnimating@@QAEXXZ 10008630 f   animating.obj
 0001:000077f0       ?ExtractBbox@@YAHPAXHPAM1@Z 100087f0 f   animation.obj
 0001:00007850       ?LookupActivity@@YAHPAXPAUentvars_s@@H@Z 10008850 f   animation.obj
 0001:000078d0       ?LookupActivityHeaviest@@YAHPAXPAUentvars_s@@H@Z 100088d0 f   animation.obj
 0001:00007920       ?GetEyePosition@@YAXPAXPAM@Z 10008920 f   animation.obj
 0001:00007950       ?LookupSequence@@YAHPAXPBD@Z 10008950 f   animation.obj
 0001:000079b0       ?IsSoundEvent@@YAHH@Z      100089b0 f   animation.obj
 0001:000079d0       ?SequencePrecache@@YAXPAXPBD@Z 100089d0 f   animation.obj
 0001:00007ab0       ?GetSequenceInfo@@YAXPAXPAUentvars_s@@PAM2@Z 10008ab0 f   animation.obj
 0001:00007b70       ?GetSequenceTime@@YAMPAXH@Z 10008b70 f   animation.obj
 0001:00007bc0       ?GetSequenceFlags@@YAHPAXPAUentvars_s@@@Z 10008bc0 f   animation.obj
 0001:00007c00       ?GetAnimationEvent@@YAHPAXPAUentvars_s@@PAUMonsterEvent_t@@MMH@Z 10008c00 f   animation.obj
 0001:00007d50       ?SetController@@YAMPAXPAUentvars_s@@HM@Z 10008d50 f   animation.obj
 0001:00007ec0       ?GetControllerBound2@@YAMPAXPAUentvars_s@@H@Z 10008ec0 f   animation.obj
 0001:00007f20       ?SetBlending@@YAMPAXPAUentvars_s@@HM@Z 10008f20 f   animation.obj
 0001:00008060       ?FindTransition@@YAHPAXHHPAH@Z 10009060 f   animation.obj
 0001:00008170       ?SetBodygroup@@YAXPAXPAUentvars_s@@HH@Z 10009170 f   animation.obj
 0001:000081d0       ?GetBodygroup@@YAHPAXPAUentvars_s@@H@Z 100091d0 f   animation.obj
 0001:00008230       _monster_apache            10009230 f   apache.obj
 0001:000082a0       ?Classify@CApache@@EAEHXZ  100092a0 f i apache.obj
 0001:000082b0       ?SetObjectCollisionBox@CApache@@EAEXXZ 100092b0 f i apache.obj
 0001:00008350       ?Save@CApache@@EAEHAAVCSave@@@Z 10009350 f   apache.obj
 0001:000083c0       ?Restore@CApache@@EAEHAAVCRestore@@@Z 100093c0 f   apache.obj
 0001:000083f0       ?Spawn@CApache@@EAEXXZ     100093f0 f   apache.obj
 0001:00008580       ?Precache@CApache@@EAEXXZ  10009580 f   apache.obj
 0001:00008640       ?StartupUse@CApache@@AAEXPAVCBaseEntity@@0W4USE_TYPE@@M@Z 10009640 f   apache.obj
 0001:00008680       ?Killed@CApache@@EAEXPAUentvars_s@@H@Z 10009680 f   apache.obj
 0001:00008790       ?DyingThink@CApache@@AAEXXZ 10009790 f   apache.obj
 0001:00008f40       ?FlyTouch@CApache@@AAEXPAVCBaseEntity@@@Z 10009f40 f   apache.obj
 0001:00008ff0       ?CrashTouch@CApache@@AAEXPAVCBaseEntity@@@Z 10009ff0 f   apache.obj
 0001:00009020       ?HuntThink@CApache@@AAEXXZ 1000a020 f   apache.obj
 0001:00009950       ?Length@Vector@@QBEMXZ     1000a950 f i apache.obj
 0001:00009980       ?Flight@CApache@@AAEXXZ    1000a980 f   apache.obj
 0001:0000a060       ?FireRocket@CApache@@AAEXXZ 1000b060 f   apache.obj
 0001:0000a4f0       ??HVector@@QBE?AV0@ABV0@@Z 1000b4f0 f i apache.obj
 0001:0000a520       ?FireGun@CApache@@AAEHXZ   1000b520 f   apache.obj
 0001:0000a940       ?ShowDamage@CApache@@AAEXXZ 1000b940 f   apache.obj
 0001:0000aa10       ?TakeDamage@CApache@@EAEHPAUentvars_s@@0MH@Z 1000ba10 f   apache.obj
 0001:0000aa60       ?TraceAttack@CApache@@EAEXPAUentvars_s@@MVVector@@PAUTraceResult@@H@Z 1000ba60 f   apache.obj
 0001:0000aaf0       ?IRelationship@CApache@@EAEHPAVCBaseEntity@@@Z 1000baf0 f   apache.obj
 0001:0000ab60       _hvr_rocket                1000bb60 f   apache.obj
 0001:0000abc0       ?Save@CApacheHVR@@EAEHAAVCSave@@@Z 1000bbc0 f   apache.obj
 0001:0000ac30       ?Restore@CApacheHVR@@EAEHAAVCRestore@@@Z 1000bc30 f   apache.obj
 0001:0000ac60       ?Spawn@CApacheHVR@@EAEXXZ  1000bc60 f   apache.obj
 0001:0000ad60       ?Precache@CApacheHVR@@EAEXXZ 1000bd60 f   apache.obj
 0001:0000ad90       ?IgniteThink@CApacheHVR@@AAEXXZ 1000bd90 f   apache.obj
 0001:0000ae60       ?AccelerateThink@CApacheHVR@@AAEXXZ 1000be60 f   apache.obj
 0001:0000afc0       _monster_barnacle          1000bfc0 f   barnacle.obj
 0001:0000b020       ?Save@CBarnacle@@UAEHAAVCSave@@@Z 1000c020 f   barnacle.obj
 0001:0000b090       ?Restore@CBarnacle@@UAEHAAVCRestore@@@Z 1000c090 f   barnacle.obj
 0001:0000b0c0       ?HandleAnimEvent@CBarnacle@@UAEXPAUMonsterEvent_t@@@Z 1000c0c0 f   barnacle.obj
 0001:0000b0f0       ?Spawn@CBarnacle@@UAEXXZ   1000c0f0 f   barnacle.obj
 0001:0000b230       ?TakeDamage@CBarnacle@@UAEHPAUentvars_s@@0MH@Z 1000c230 f   barnacle.obj
 0001:0000b260       ?BarnacleThink@CBarnacle@@QAEXXZ 1000c260 f   barnacle.obj
 0001:0000b810       ?Killed@CBarnacle@@UAEXPAUentvars_s@@H@Z 1000c810 f   barnacle.obj
 0001:0000b900       ?WaitTillDead@CBarnacle@@QAEXXZ 1000c900 f   barnacle.obj
 0001:0000b950       ?Precache@CBarnacle@@UAEXXZ 1000c950 f   barnacle.obj
 0001:0000b9d0       ?TongueTouchEnt@CBarnacle@@QAEPAVCBaseEntity@@PAM@Z 1000c9d0 f   barnacle.obj
 0001:0000bb00       _monster_barney            1000cb00 f   barney.obj
 0001:0000bb60       ?FriendNumber@CTalkMonster@@UAEHH@Z 1000cb60 f i barney.obj
 0001:0000bb70       ?Save@CBarney@@UAEHAAVCSave@@@Z 1000cb70 f   barney.obj
 0001:0000bbe0       ?Restore@CBarney@@UAEHAAVCRestore@@@Z 1000cbe0 f   barney.obj
 0001:0000bc10       ?ScheduleFromName@CBarney@@UAEPAUSchedule_t@@PBD@Z 1000cc10 f   barney.obj
 0001:0000bc40       ?StartTask@CBarney@@UAEXPAUTask_t@@@Z 1000cc40 f   barney.obj
 0001:0000bc50       ?RunTask@CBarney@@UAEXPAUTask_t@@@Z 1000cc50 f   barney.obj
 0001:0000bcb0       ?ISoundMask@CBarney@@UAEHXZ 1000ccb0 f   barney.obj
 0001:0000bcc0       ?AlertSound@CBarney@@UAEXXZ 1000ccc0 f   barney.obj
 0001:0000bdd0       ?SetYawSpeed@CBarney@@UAEXXZ 1000cdd0 f   barney.obj
 0001:0000be10       ?CheckRangeAttack1@CBarney@@UAEHMM@Z 1000ce10 f   barney.obj
 0001:0000bf80       ?BarneyFirePistol@CBarney@@QAEXXZ 1000cf80 f   barney.obj
 0001:0000c170       ?HandleAnimEvent@CBarney@@UAEXPAUMonsterEvent_t@@@Z 1000d170 f   barney.obj
 0001:0000c1d0       ?Spawn@CBarney@@UAEXXZ     1000d1d0 f   barney.obj
 0001:0000c330       ?Precache@CBarney@@UAEXXZ  1000d330 f   barney.obj
 0001:0000c3d0       ?TalkInit@CBarney@@QAEXXZ  1000d3d0 f   barney.obj
 0001:0000c500       ?TakeDamage@CBarney@@UAEHPAUentvars_s@@0MH@Z 1000d500 f   barney.obj
 0001:0000c950       ?PainSound@CBarney@@UAEXXZ 1000d950 f   barney.obj
 0001:0000ca40       ?DeathSound@CBarney@@UAEXXZ 1000da40 f   barney.obj
 0001:0000caf0       ?TraceAttack@CBarney@@UAEXPAUentvars_s@@MVVector@@PAUTraceResult@@H@Z 1000daf0 f   barney.obj
 0001:0000cb90       ?Killed@CBarney@@UAEXPAUentvars_s@@H@Z 1000db90 f   barney.obj
 0001:0000cc10       ?GetScheduleOfType@CBarney@@UAEPAUSchedule_t@@H@Z 1000dc10 f   barney.obj
 0001:0000ccd0       ?GetSchedule@CBarney@@UAEPAUSchedule_t@@XZ 1000dcd0 f   barney.obj
 0001:0000cfb0       ?GetIdealState@CBarney@@UAE?AW4MONSTERSTATE@@XZ 1000dfb0 f   barney.obj
 0001:0000cfc0       _monster_barney_dead       1000dfc0 f   barney.obj
 0001:0000d020       ?Spawn@CDeadBarney@@UAEXXZ 1000e020 f   barney.obj
 0001:0000d0d0       _info_bigmomma             1000e0d0 f   bigmomma.obj
 0001:0000d120       ?Save@CInfoBM@@UAEHAAVCSave@@@Z 1000e120 f   bigmomma.obj
 0001:0000d190       ?Restore@CInfoBM@@UAEHAAVCRestore@@@Z 1000e190 f   bigmomma.obj
 0001:0000d1c0       ?KeyValue@CInfoBM@@UAEXPAUKeyValueData_s@@@Z 1000e1c0 f   bigmomma.obj
 0001:0000d490       _bmortar                   1000e490 f   bigmomma.obj
 0001:0000d4e0       ?Save@CBMortar@@UAEHAAVCSave@@@Z 1000e4e0 f   bigmomma.obj
 0001:0000d550       ?Restore@CBMortar@@UAEHAAVCRestore@@@Z 1000e550 f   bigmomma.obj
 0001:0000d580       _monster_bigmomma          1000e580 f   bigmomma.obj
 0001:0000d5e0       ?OverrideReset@CBigMomma@@UAEXXZ 1000e5e0 f i bigmomma.obj
 0001:0000d5f0       ?SetObjectCollisionBox@CBigMomma@@UAEXXZ 1000e5f0 f i bigmomma.obj
 0001:0000d690       ?Save@CBigMomma@@UAEHAAVCSave@@@Z 1000e690 f   bigmomma.obj
 0001:0000d700       ?Restore@CBigMomma@@UAEHAAVCRestore@@@Z 1000e700 f   bigmomma.obj
 0001:0000d730       ?KeyValue@CBigMomma@@UAEXPAUKeyValueData_s@@@Z 1000e730 f   bigmomma.obj
 0001:0000d740       ?SetYawSpeed@CBigMomma@@UAEXXZ 1000e740 f   bigmomma.obj
 0001:0000d770       ?HandleAnimEvent@CBigMomma@@UAEXPAUMonsterEvent_t@@@Z 1000e770 f   bigmomma.obj
 0001:0000e020       ?TraceAttack@CBigMomma@@UAEXPAUentvars_s@@MVVector@@PAUTraceResult@@H@Z 1000f020 f   bigmomma.obj
 0001:0000e140       ?TakeDamage@CBigMomma@@UAEHPAUentvars_s@@0MH@Z 1000f140 f   bigmomma.obj
 0001:0000e1c0       ?LayHeadcrab@CBigMomma@@QAEXXZ 1000f1c0 f   bigmomma.obj
 0001:0000e300       ?DeathNotice@CBigMomma@@UAEXPAUentvars_s@@@Z 1000f300 f   bigmomma.obj
 0001:0000e370       ?LaunchMortar@CBigMomma@@QAEXXZ 1000f370 f   bigmomma.obj
 0001:0000e570       ?Spawn@CBigMomma@@UAEXXZ   1000f570 f   bigmomma.obj
 0001:0000e6a0       ?Precache@CBigMomma@@UAEXXZ 1000f6a0 f   bigmomma.obj
 0001:0000e820       ?Activate@CBigMomma@@UAEXXZ 1000f820 f   bigmomma.obj
 0001:0000e850       ?NodeStart@CBigMomma@@QAEXH@Z 1000f850 f   bigmomma.obj
 0001:0000e8f0       ?NodeReach@CBigMomma@@QAEXXZ 1000f8f0 f   bigmomma.obj
 0001:0000e9e0       ?CheckMeleeAttack1@CBigMomma@@UAEHMM@Z 1000f9e0 f   bigmomma.obj
 0001:0000ea10       ?CheckMeleeAttack2@CBigMomma@@UAEHMM@Z 1000fa10 f   bigmomma.obj
 0001:0000ead0       ?CheckRangeAttack1@CBigMomma@@UAEHMM@Z 1000fad0 f   bigmomma.obj
 0001:0000ebe0       ?ScheduleFromName@CBigMomma@@UAEPAUSchedule_t@@PBD@Z 1000fbe0 f   bigmomma.obj
 0001:0000ec10       ?GetScheduleOfType@CBigMomma@@UAEPAUSchedule_t@@H@Z 1000fc10 f   bigmomma.obj
 0001:0000ec40       ?ShouldGoToNode@CBigMomma@@QAEHXZ 1000fc40 f   bigmomma.obj
 0001:0000ec70       ?SetActivity@CBigMomma@@UAEXW4Activity@@@Z 1000fc70 f   bigmomma.obj
 0001:0000ed40       ?edict@CBaseEntity@@QAEPAUedict_s@@XZ 1000fd40 f i bigmomma.obj
 0001:0000ed50       ?GetSchedule@CBigMomma@@UAEPAUSchedule_t@@XZ 1000fd50 f   bigmomma.obj
 0001:0000ed80       ?StartTask@CBigMomma@@UAEXPAUTask_t@@@Z 1000fd80 f   bigmomma.obj
 0001:0000f260       ?RunTask@CBigMomma@@UAEXPAUTask_t@@@Z 10010260 f   bigmomma.obj
 0001:0000f400       ?VecCheckSplatToss@@YA?AVVector@@PAUentvars_s@@ABV1@V1@M@Z 10010400 f   bigmomma.obj
 0001:0000f590       ?MortarSpray@@YAXABVVector@@0HH@Z 10010590 f   bigmomma.obj
 0001:0000f620       ?Spawn@CBMortar@@UAEXXZ    10010620 f   bigmomma.obj
 0001:0000f730       ?Animate@CBMortar@@QAEXXZ  10010730 f   bigmomma.obj
 0001:0000f870       ?Shoot@CBMortar@@SAPAV1@PAUedict_s@@VVector@@1@Z 10010870 f   bigmomma.obj
 0001:0000f920       ?Touch@CBMortar@@UAEXPAVCBaseEntity@@@Z 10010920 f   bigmomma.obj
 0001:0000fb80       _monster_bloater           10010b80 f   bloater.obj
 0001:0000fbe0       ?TakeDamage@CBloater@@UAEHPAUentvars_s@@0MH@Z 10010be0 f   bloater.obj
 0001:0000fc10       ?HandleAnimEvent@CBloater@@UAEXPAUMonsterEvent_t@@@Z 10010c10 f   bloater.obj
 0001:0000fc30       ?Spawn@CBloater@@UAEXXZ    10010c30 f   bloater.obj
 0001:0000fd60       ?Precache@CBloater@@UAEXXZ 10010d60 f   bloater.obj
 0001:0000fda0       ?VecBModelOrigin@@YA?AVVector@@PAUentvars_s@@@Z 10010da0 f   bmodels.obj
 0001:0000fe00       _func_wall                 10010e00 f   bmodels.obj
 0001:0000fe50       ?GetState@CFuncWall@@UAE?AW4STATE@@XZ 10010e50 f i bmodels.obj
 0001:0000fe70       ?Spawn@CFuncWall@@UAEXXZ   10010e70 f   bmodels.obj
 0001:0000fef0       ?Use@CFuncWall@@UAEXPAVCBaseEntity@@0W4USE_TYPE@@M@Z 10010ef0 f   bmodels.obj
 0001:0000ff30       _func_wall_toggle          10010f30 f   bmodels.obj
 0001:0000ff80       ?GetState@CFuncWallToggle@@UAE?AW4STATE@@XZ 10010f80 f i bmodels.obj
 0001:0000ffa0       ?Spawn@CFuncWallToggle@@UAEXXZ 10010fa0 f   bmodels.obj
 0001:0000ffc0       ?TurnOff@CFuncWallToggle@@QAEXXZ 10010fc0 f   bmodels.obj
 0001:0000fff0       ?TurnOn@CFuncWallToggle@@QAEXXZ 10010ff0 f   bmodels.obj
 0001:00010020       ?Use@CFuncWallToggle@@UAEXPAVCBaseEntity@@0W4USE_TYPE@@M@Z 10011020 f   bmodels.obj
 0001:00010060       _func_conveyor             10011060 f   bmodels.obj
 0001:000100b0       ?Spawn@CFuncConveyor@@UAEXXZ 100110b0 f   bmodels.obj
 0001:00010130       ?UpdateSpeed@CFuncConveyor@@QAEXM@Z 10011130 f   bmodels.obj
 0001:000101b0       ?Use@CFuncConveyor@@UAEXPAVCBaseEntity@@0W4USE_TYPE@@M@Z 100111b0 f   bmodels.obj
 0001:000101e0       _func_illusionary          100111e0 f   bmodels.obj
 0001:00010230       ?KeyValue@CFuncIllusionary@@UAEXPAUKeyValueData_s@@@Z 10011230 f   bmodels.obj
 0001:000102b0       ?Spawn@CFuncIllusionary@@UAEXXZ 100112b0 f   bmodels.obj
 0001:00010310       _func_shine                10011310 f   bmodels.obj
 0001:00010360       ?Spawn@CFuncShine@@UAEXXZ  10011360 f   bmodels.obj
 0001:000103d0       ?Activate@CFuncShine@@UAEXXZ 100113d0 f   bmodels.obj
 0001:000103f0       ?DesiredAction@CFuncShine@@UAEXXZ 100113f0 f   bmodels.obj
 0001:00010430       ?Think@CFuncShine@@UAEXXZ  10011430 f   bmodels.obj
 0001:00010520       _func_monsterclip          10011520 f   bmodels.obj
 0001:00010570       ?Spawn@CFuncMonsterClip@@UAEXXZ 10011570 f   bmodels.obj
 0001:000105b0       ?Save@CFuncRotating@@UAEHAAVCSave@@@Z 100115b0 f   bmodels.obj
 0001:00010620       ?Restore@CFuncRotating@@UAEHAAVCRestore@@@Z 10011620 f   bmodels.obj
 0001:00010650       _func_rotating             10011650 f   bmodels.obj
 0001:000106a0       ?GetState@CFuncRotating@@UAE?AW4STATE@@XZ 100116a0 f i bmodels.obj
 0001:000106b0       ?KeyValue@CFuncRotating@@UAEXPAUKeyValueData_s@@@Z 100116b0 f   bmodels.obj
 0001:00010a30       ?Spawn@CFuncRotating@@UAEXXZ 10011a30 f   bmodels.obj
 0001:00010cd0       ?Precache@CFuncRotating@@UAEXXZ 10011cd0 f   bmodels.obj
 0001:00010e40       ?WaitForStart@CFuncRotating@@QAEXXZ 10011e40 f   bmodels.obj
 0001:00010e70       ?HurtTouch@CFuncRotating@@QAEXPAVCBaseEntity@@@Z 10011e70 f   bmodels.obj
 0001:00010fa0       ?RampPitchVol@CFuncRotating@@QAEXH@Z 10011fa0 f   bmodels.obj
 0001:00011020       ?SpinUp@CFuncRotating@@QAEXXZ 10012020 f   bmodels.obj
 0001:00011140       ?SpinDown@CFuncRotating@@QAEXXZ 10012140 f   bmodels.obj
 0001:00011250       ?Rotate@CFuncRotating@@QAEXXZ 10012250 f   bmodels.obj
 0001:00011260       ?RotatingUse@CFuncRotating@@QAEXPAVCBaseEntity@@0W4USE_TYPE@@M@Z 10012260 f   bmodels.obj
 0001:000113d0       ?Blocked@CFuncRotating@@UAEXPAVCBaseEntity@@@Z 100123d0 f   bmodels.obj
 0001:000113f0       _func_pendulum             100123f0 f   bmodels.obj
 0001:00011440       ?GetState@CPendulum@@UAE?AW4STATE@@XZ 10012440 f i bmodels.obj
 0001:00011460       ?Save@CPendulum@@UAEHAAVCSave@@@Z 10012460 f   bmodels.obj
 0001:000114d0       ?Restore@CPendulum@@UAEHAAVCRestore@@@Z 100124d0 f   bmodels.obj
 0001:00011500       ?KeyValue@CPendulum@@UAEXPAUKeyValueData_s@@@Z 10012500 f   bmodels.obj
 0001:00011720       ?Spawn@CPendulum@@UAEXXZ   10012720 f   bmodels.obj
 0001:000118c0       ?PendulumUse@CPendulum@@QAEXPAVCBaseEntity@@0W4USE_TYPE@@M@Z 100128c0 f   bmodels.obj
 0001:000119e0       ?StopThink@CPendulum@@QAEXXZ 100129e0 f   bmodels.obj
 0001:00011a50       ?Blocked@CPendulum@@UAEXPAVCBaseEntity@@@Z 10012a50 f   bmodels.obj
 0001:00011a60       ?SwingThink@CPendulum@@QAEXXZ 10012a60 f   bmodels.obj
 0001:00011c50       ?Touch@CPendulum@@UAEXPAVCBaseEntity@@@Z 10012c50 f   bmodels.obj
 0001:00011da0       ?RopeTouch@CPendulum@@QAEXPAVCBaseEntity@@@Z 10012da0 f   bmodels.obj
 0001:00011e20       _squidspit                 10012e20 f   bullsquid.obj
 0001:00011e70       ?Save@CSquidSpit@@UAEHAAVCSave@@@Z 10012e70 f   bullsquid.obj
 0001:00011ee0       ?Restore@CSquidSpit@@UAEHAAVCRestore@@@Z 10012ee0 f   bullsquid.obj
 0001:00011f10       ?Spawn@CSquidSpit@@UAEXXZ  10012f10 f   bullsquid.obj
 0001:00012010       ?Animate@CSquidSpit@@QAEXXZ 10013010 f   bullsquid.obj
 0001:00012070       ?Shoot@CSquidSpit@@SAXPAUentvars_s@@VVector@@1@Z 10013070 f   bullsquid.obj
 0001:00012120       ?Touch@CSquidSpit@@UAEXPAVCBaseEntity@@@Z 10013120 f   bullsquid.obj
 0001:00012310       _monster_bullchicken       10013310 f   bullsquid.obj
 0001:00012310       _monster_bullsquid         10013310 f   bullsquid.obj
 0001:00012370       ?Save@CBullsquid@@UAEHAAVCSave@@@Z 10013370 f   bullsquid.obj
 0001:000123e0       ?Restore@CBullsquid@@UAEHAAVCRestore@@@Z 100133e0 f   bullsquid.obj
 0001:00012410       ?IgnoreConditions@CBullsquid@@UAEHXZ 10013410 f   bullsquid.obj
 0001:000124b0       ?IRelationship@CBullsquid@@UAEHPAVCBaseEntity@@@Z 100134b0 f   bullsquid.obj
 0001:00012530       ?TakeDamage@CBullsquid@@UAEHPAUentvars_s@@0MH@Z 10013530 f   bullsquid.obj
 0001:000126d0       ?CheckRangeAttack1@CBullsquid@@UAEHMM@Z 100136d0 f   bullsquid.obj
 0001:000127d0       ?CheckMeleeAttack1@CBullsquid@@UAEHMM@Z 100137d0 f   bullsquid.obj
 0001:00012820       ?CheckMeleeAttack2@CBullsquid@@UAEHMM@Z 10013820 f   bullsquid.obj
 0001:00012860       ?FValidateHintType@CBullsquid@@UAEHF@Z 10013860 f   bullsquid.obj
 0001:000128a0       ?ISoundMask@CBullsquid@@UAEHXZ 100138a0 f   bullsquid.obj
 0001:000128b0       ?Classify@CBullsquid@@UAEHXZ 100138b0 f   bullsquid.obj
 0001:000128c0       ?IdleSound@CBullsquid@@UAEXXZ 100138c0 f   bullsquid.obj
 0001:000129b0       ?PainSound@CBullsquid@@UAEXXZ 100139b0 f   bullsquid.obj
 0001:00012a80       ?AlertSound@CBullsquid@@UAEXXZ 10013a80 f   bullsquid.obj
 0001:00012b00       ?SetYawSpeed@CBullsquid@@UAEXXZ 10013b00 f   bullsquid.obj
 0001:00012b30       ?HandleAnimEvent@CBullsquid@@UAEXPAUMonsterEvent_t@@@Z 10013b30 f   bullsquid.obj
 0001:00013490       ?Spawn@CBullsquid@@UAEXXZ  10014490 f   bullsquid.obj
 0001:000135b0       ?Precache@CBullsquid@@UAEXXZ 100145b0 f   bullsquid.obj
 0001:00013700       ?DeathSound@CBullsquid@@UAEXXZ 10014700 f   bullsquid.obj
 0001:000137a0       ?AttackSound@CBullsquid@@QAEXXZ 100147a0 f   bullsquid.obj
 0001:00013810       ?RunAI@CBullsquid@@UAEXXZ  10014810 f   bullsquid.obj
 0001:000138b0       ?ScheduleFromName@CBullsquid@@UAEPAUSchedule_t@@PBD@Z 100148b0 f   bullsquid.obj
 0001:000138e0       ?GetSchedule@CBullsquid@@UAEPAUSchedule_t@@XZ 100148e0 f   bullsquid.obj
 0001:00013a90       ?GetScheduleOfType@CBullsquid@@UAEPAUSchedule_t@@H@Z 10014a90 f   bullsquid.obj
 0001:00013b40       ?StartTask@CBullsquid@@UAEXPAUTask_t@@@Z 10014b40 f   bullsquid.obj
 0001:00013ca0       ?RunTask@CBullsquid@@UAEXPAUTask_t@@@Z 10014ca0 f   bullsquid.obj
 0001:00013d20       ?GetIdealState@CBullsquid@@UAE?AW4MONSTERSTATE@@XZ 10014d20 f   bullsquid.obj
 0001:00013dd0       ?Save@CEnvGlobal@@UAEHAAVCSave@@@Z 10014dd0 f   buttons.obj
 0001:00013e40       ?Restore@CEnvGlobal@@UAEHAAVCRestore@@@Z 10014e40 f   buttons.obj
 0001:00013e70       _env_global                10014e70 f   buttons.obj
 0001:00013ec0       ?KeyValue@CEnvGlobal@@UAEXPAUKeyValueData_s@@@Z 10014ec0 f   buttons.obj
 0001:000140c0       ?Spawn@CEnvGlobal@@UAEXXZ  100150c0 f   buttons.obj
 0001:00014130       ?Use@CEnvGlobal@@UAEXPAVCBaseEntity@@0W4USE_TYPE@@M@Z 10015130 f   buttons.obj
 0001:000141c0       ?Spawn@CEnvState@@UAEXXZ   100151c0 f   buttons.obj
 0001:000141f0       ?Save@CEnvState@@UAEHAAVCSave@@@Z 100151f0 f   buttons.obj
 0001:00014260       ?Restore@CEnvState@@UAEHAAVCRestore@@@Z 10015260 f   buttons.obj
 0001:00014290       _env_state                 10015290 f   buttons.obj
 0001:000142e0       ?KeyValue@CEnvState@@UAEXPAUKeyValueData_s@@@Z 100152e0 f   buttons.obj
 0001:000144e0       ?Use@CEnvState@@UAEXPAVCBaseEntity@@0W4USE_TYPE@@M@Z 100154e0 f   buttons.obj
 0001:00014910       ?Think@CEnvState@@UAEXXZ   10015910 f   buttons.obj
 0001:00014b30       ?Save@CMultiSource@@UAEHAAVCSave@@@Z 10015b30 f   buttons.obj
 0001:00014ba0       ?Restore@CMultiSource@@UAEHAAVCRestore@@@Z 10015ba0 f   buttons.obj
 0001:00014bd0       _multisource               10015bd0 f   buttons.obj
 0001:00014c20       ?KeyValue@CMultiSource@@UAEXPAUKeyValueData_s@@@Z 10015c20 f   buttons.obj
 0001:00014ed0       ?Spawn@CMultiSource@@UAEXXZ 10015ed0 f   buttons.obj
 0001:00014f10       ?Use@CMultiSource@@UAEXPAVCBaseEntity@@0W4USE_TYPE@@M@Z 10015f10 f   buttons.obj
 0001:000150c0       ?GetState@CMultiSource@@UAE?AW4STATE@@XZ 100160c0 f   buttons.obj
 0001:00015120       ?Register@CMultiSource@@QAEXXZ 10016120 f   buttons.obj
 0001:00015260       ?ObjectCaps@CBaseButton@@UAEHXZ 10016260 f   buttons.obj
 0001:000152d0       ?Save@CBaseButton@@UAEHAAVCSave@@@Z 100162d0 f   buttons.obj
 0001:00015340       ?Restore@CBaseButton@@UAEHAAVCRestore@@@Z 10016340 f   buttons.obj
 0001:00015370       ?Precache@CBaseButton@@UAEXXZ 10016370 f   buttons.obj
 0001:00015630       ?KeyValue@CBaseButton@@UAEXPAUKeyValueData_s@@@Z 10016630 f   buttons.obj
 0001:000158b0       ?TakeDamage@CBaseButton@@UAEHPAUentvars_s@@0MH@Z 100168b0 f   buttons.obj
 0001:00015980       _func_button               10016980 f   buttons.obj
 0001:000159d0       ?Spawn@CBaseButton@@UAEXXZ 100169d0 f   buttons.obj
 0001:00015c90       ?PostSpawn@CBaseButton@@UAEXXZ 10016c90 f   buttons.obj
 0001:00015de0       ?ButtonSound@@YAPADH@Z     10016de0 f   buttons.obj
 0001:00015ed0       ?DoSpark@@YAXPAUentvars_s@@ABVVector@@@Z 10016ed0 f   buttons.obj
 0001:00016070       ?ButtonSpark@CBaseButton@@QAEXXZ 10017070 f   buttons.obj
 0001:000160c0       ?ButtonUse@CBaseButton@@QAEXPAVCBaseEntity@@0W4USE_TYPE@@M@Z 100170c0 f   buttons.obj
 0001:00016150       ?ButtonUse_IgnorePlayer@CBaseButton@@QAEXPAVCBaseEntity@@0W4USE_TYPE@@M@Z 10017150 f   buttons.obj
 0001:00016190       ?ButtonResponseToTouch@CBaseButton@@QAE?AW4BUTTON_CODE@1@XZ 10017190 f   buttons.obj
 0001:000161f0       ?ButtonTouch@CBaseButton@@QAEXPAVCBaseEntity@@@Z 100171f0 f   buttons.obj
 0001:00016310       ?ButtonActivate@CBaseButton@@QAEXXZ 10017310 f   buttons.obj
 0001:00016420       ?TriggerAndWait@CBaseButton@@QAEXXZ 10017420 f   buttons.obj
 0001:000164f0       ?ButtonReturn@CBaseButton@@QAEXXZ 100174f0 f   buttons.obj
 0001:00016580       ?ButtonBackHome@CBaseButton@@QAEXXZ 10017580 f   buttons.obj
 0001:000166d0       _func_rot_button           100176d0 f   buttons.obj
 0001:00016720       ?KeyValue@CRotButton@@UAEXPAUKeyValueData_s@@@Z 10017720 f   buttons.obj
 0001:000167a0       ?Spawn@CRotButton@@UAEXXZ  100177a0 f   buttons.obj
 0001:000169d0       ?Save@CMomentaryRotButton@@UAEHAAVCSave@@@Z 100179d0 f   buttons.obj
 0001:00016a40       ?Restore@CMomentaryRotButton@@UAEHAAVCRestore@@@Z 10017a40 f   buttons.obj
 0001:00016a70       _momentary_rot_button      10017a70 f   buttons.obj
 0001:00016ad0       ?ObjectCaps@CMomentaryRotButton@@UAEHXZ 10017ad0 f i buttons.obj
 0001:00016b00       ?Spawn@CMomentaryRotButton@@UAEXXZ 10017b00 f   buttons.obj
 0001:00016ce0       ?KeyValue@CMomentaryRotButton@@UAEXPAUKeyValueData_s@@@Z 10017ce0 f   buttons.obj
 0001:00016e00       ?PlaySound@CMomentaryRotButton@@QAEXXZ 10017e00 f   buttons.obj
 0001:00016e40       ?Use@CMomentaryRotButton@@UAEXPAVCBaseEntity@@0W4USE_TYPE@@M@Z 10017e40 f   buttons.obj
 0001:00016f10       ?UpdateAllButtons@CMomentaryRotButton@@QAEXMH@Z 10017f10 f   buttons.obj
 0001:00016fe0       ?UpdateSelf@CMomentaryRotButton@@QAEXM@Z 10017fe0 f   buttons.obj
 0001:00017150       ?UpdateTarget@CMomentaryRotButton@@QAEXM@Z 10018150 f   buttons.obj
 0001:000171d0       ?Off@CMomentaryRotButton@@QAEXXZ 100181d0 f   buttons.obj
 0001:00017240       ?Return@CMomentaryRotButton@@QAEXXZ 10018240 f   buttons.obj
 0001:000172a0       ?UpdateSelfReturn@CMomentaryRotButton@@QAEXM@Z 100182a0 f   buttons.obj
 0001:00017360       ?Save@CEnvSpark@@UAEHAAVCSave@@@Z 10018360 f   buttons.obj
 0001:000173d0       ?Restore@CEnvSpark@@UAEHAAVCRestore@@@Z 100183d0 f   buttons.obj
 0001:00017400       _env_debris                10018400 f   buttons.obj
 0001:00017400       _env_spark                 10018400 f   buttons.obj
 0001:00017450       ?GetState@CEnvSpark@@UAE?AW4STATE@@XZ 10018450 f i buttons.obj
 0001:00017460       ?Spawn@CEnvSpark@@UAEXXZ   10018460 f   buttons.obj
 0001:00017500       ?Precache@CEnvSpark@@UAEXXZ 10018500 f   buttons.obj
 0001:00017550       ?KeyValue@CEnvSpark@@UAEXPAUKeyValueData_s@@@Z 10018550 f   buttons.obj
 0001:00017800       ?SparkCyclic@CEnvSpark@@QAEXPAVCBaseEntity@@0W4USE_TYPE@@M@Z 10018800 f   buttons.obj
 0001:00017840       ?SparkWait@CEnvSpark@@QAEXXZ 10018840 f   buttons.obj
 0001:00017840       ?MultiWaitOver@CTriggerMultiple@@QAEXXZ 10018840 f   buttons.obj
 0001:00017850       ?SparkThink@CEnvSpark@@QAEXXZ 10018850 f   buttons.obj
 0001:000178a0       ?SparkStart@CEnvSpark@@QAEXPAVCBaseEntity@@0W4USE_TYPE@@M@Z 100188a0 f   buttons.obj
 0001:000178f0       ?SparkStop@CEnvSpark@@QAEXPAVCBaseEntity@@0W4USE_TYPE@@M@Z 100188f0 f   buttons.obj
 0001:00017910       _button_target             10018910 f   buttons.obj
 0001:00017960       ?Spawn@CButtonTarget@@UAEXXZ 10018960 f   buttons.obj
 0001:000179d0       ?Use@CButtonTarget@@UAEXPAVCBaseEntity@@0W4USE_TYPE@@M@Z 100189d0 f   buttons.obj
 0001:00017a50       ?ObjectCaps@CButtonTarget@@UAEHXZ 10018a50 f   buttons.obj
 0001:00017a80       ?TakeDamage@CButtonTarget@@UAEHPAUentvars_s@@0MH@Z 10018a80 f   buttons.obj
 0001:00017ac0       _GetEntityAPI              10018ac0 f   cbase.obj
 0001:00017af0       _GetEntityAPI2             10018af0 f   cbase.obj
 0001:00017b30       ?DispatchSpawn@@YAHPAUedict_s@@@Z 10018b30 f   cbase.obj
 0001:00017d10       ?DispatchKeyValue@@YAXPAUedict_s@@PAUKeyValueData_s@@@Z 10018d10 f   cbase.obj
 0001:00017d50       ?DispatchTouch@@YAXPAUedict_s@@0@Z 10018d50 f   cbase.obj
 0001:00017db0       ?DispatchUse@@YAXPAUedict_s@@0@Z 10018db0 f   cbase.obj
 0001:00017df0       ?DispatchThink@@YAXPAUedict_s@@@Z 10018df0 f   cbase.obj
 0001:00017e40       ?DispatchBlocked@@YAXPAUedict_s@@0@Z 10018e40 f   cbase.obj
 0001:00017e70       ?DispatchSave@@YAXPAUedict_s@@PAUsaverestore_s@@@Z 10018e70 f   cbase.obj
 0001:00017f60       ?FindGlobalEntity@@YAPAVCBaseEntity@@HH@Z 10018f60 f   cbase.obj
 0001:00018000       ?DispatchRestore@@YAHPAUedict_s@@PAUsaverestore_s@@H@Z 10019000 f   cbase.obj
 0001:00018320       ?DispatchObjectCollsionBox@@YAXPAUedict_s@@@Z 10019320 f   cbase.obj
 0001:00018350       ?SaveWriteFields@@YAXPAUsaverestore_s@@PBDPAXPAUTYPEDESCRIPTION@@H@Z 10019350 f   cbase.obj
 0001:00018390       ?SaveReadFields@@YAXPAUsaverestore_s@@PBDPAXPAUTYPEDESCRIPTION@@H@Z 10019390 f   cbase.obj
 0001:000183e0       ?Get@EHANDLE@@QAEPAUedict_s@@XZ 100193e0 f   cbase.obj
 0001:00018400       ??4EHANDLE@@QAEPAVCBaseEntity@@PAV1@@Z 10019400 f   cbase.obj
 0001:00018430       ??BEHANDLE@@QAEHXZ         10019430 f   cbase.obj
 0001:00018440       ??CEHANDLE@@QAEPAVCBaseEntity@@XZ 10019440 f   cbase.obj
 0001:00018440       ??BEHANDLE@@QAEPAVCBaseEntity@@XZ 10019440 f   cbase.obj
 0001:00018450       ?Activate@CBaseEntity@@UAEXXZ 10019450 f   cbase.obj
 0001:000184a0       ?InitMoveWith@CBaseEntity@@QAEXXZ 100194a0 f   cbase.obj
 0001:00018660       ?DontThink@CBaseEntity@@QAEXXZ 10019660 f   cbase.obj
 0001:00018680       ?SetEternalThink@CBaseEntity@@QAEXXZ 10019680 f   cbase.obj
 0001:000186d0       ?SetNextThink@CBaseEntity@@UAEXMH@Z 100196d0 f   cbase.obj
 0001:00018760       ?AbsoluteNextThink@CBaseEntity@@UAEXMH@Z 10019760 f   cbase.obj
 0001:000187c0       ?ThinkCorrection@CBaseEntity@@UAEXXZ 100197c0 f   cbase.obj
 0001:000187f0       ?TakeHealth@CBaseEntity@@UAEHMH@Z 100197f0 f   cbase.obj
 0001:00018860       ?TakeDamage@CBaseEntity@@UAEHPAUentvars_s@@0MH@Z 10019860 f   cbase.obj
 0001:00018ba0       ?Killed@CBaseEntity@@UAEXPAUentvars_s@@H@Z 10019ba0 f   cbase.obj
 0001:00018bd0       ?GetNextTarget@CBaseEntity@@UAEPAV1@XZ 10019bd0 f   cbase.obj
 0001:00018c00       ?Save@CBaseEntity@@UAEHAAVCSave@@@Z 10019c00 f   cbase.obj
 0001:00018c80       ?Restore@CBaseEntity@@UAEHAAVCRestore@@@Z 10019c80 f   cbase.obj
 0001:00018f20       ?SetObjectCollisionBox@CBaseEntity@@UAEXXZ 10019f20 f   cbase.obj
 0001:00018f30       ?Intersects@CBaseEntity@@QAEHPAV1@@Z 10019f30 f   cbase.obj
 0001:00018fc0       ?MakeDormant@CBaseEntity@@QAEXXZ 10019fc0 f   cbase.obj
 0001:00019020       ?IsDormant@CBaseEntity@@QAEHXZ 1001a020 f   cbase.obj
 0001:00019030       ?IsInWorld@CBaseEntity@@UAEHXZ 1001a030 f   cbase.obj
 0001:00019120       ?ShouldToggle@CBaseEntity@@QAEHW4USE_TYPE@@H@Z 1001a120 f   cbase.obj
 0001:00019150       ?ShouldToggle@CBaseEntity@@QAEHW4USE_TYPE@@@Z 1001a150 f   cbase.obj
 0001:000191a0       ?DamageDecal@CBaseEntity@@UAEHH@Z 1001a1a0 f   cbase.obj
 0001:000191d0       ?Create@CBaseEntity@@SAPAV1@PADABVVector@@1PAUedict_s@@@Z 1001a1d0 f   cbase.obj
 0001:00019270       ?ClientConnect@@YAHPAUedict_s@@PBD1QAD@Z 1001a270 f   client.obj
 0001:00019290       ?ClientDisconnect@@YAXPAUedict_s@@@Z 1001a290 f   client.obj
 0001:00019350       ?respawn@@YAXPAUentvars_s@@H@Z 1001a350 f   client.obj
 0001:00019400       ?ClientKill@@YAXPAUedict_s@@@Z 1001a400 f   client.obj
 0001:00019470       ?ClientPutInServer@@YAXPAUedict_s@@@Z 1001a470 f   client.obj
 0001:000194f0       ?Host_Say@@YAXPAUedict_s@@H@Z 1001a4f0 f   client.obj
 0001:00019990       ?ClientCommand@@YAXPAUedict_s@@@Z 1001a990 f   client.obj
 0001:0001a8d0       ?ClientUserInfoChanged@@YAXPAUedict_s@@PAD@Z 1001b8d0 f   client.obj
 0001:0001ab60       ?VARS@@YAPAUentvars_s@@PAUedict_s@@@Z 1001bb60 f i client.obj
 0001:0001ab70       ?ServerDeactivate@@YAXXZ   1001bb70 f   client.obj
 0001:0001ab90       ?ServerActivate@@YAXPAUedict_s@@HH@Z 1001bb90 f   client.obj
 0001:0001ac30       ?PlayerPreThink@@YAXPAUedict_s@@@Z 1001bc30 f   client.obj
 0001:0001ac80       ?PlayerPostThink@@YAXPAUedict_s@@@Z 1001bc80 f   client.obj
 0001:0001acb0       ?ParmsChangeLevel@@YAXXZ   1001bcb0 f   client.obj
 0001:0001ace0       ?StartFrame@@YAXXZ         1001bce0 f   client.obj
 0001:0001ad20       ?ClientPrecache@@YAXXZ     1001bd20 f   client.obj
 0001:0001b1f0       ?GetGameDescription@@YAPBDXZ 1001c1f0 f   client.obj
 0001:0001b200       ?PlayerCustomization@@YAXPAUedict_s@@PAUcustomization_s@@@Z 1001c200 f   client.obj
 0001:0001b270       ?SpectatorConnect@@YAXPAUedict_s@@@Z 1001c270 f   client.obj
 0001:0001b290       ?SpectatorDisconnect@@YAXPAUedict_s@@@Z 1001c290 f   client.obj
 0001:0001b2b0       ?SpectatorThink@@YAXPAUedict_s@@@Z 1001c2b0 f   client.obj
 0001:0001b2d0       ?SetupVisibility@@YAXPAUedict_s@@0PAPAE1@Z 1001c2d0 f   client.obj
 0001:0001b3c0       ?AddToFullPack@@YAHPAUentity_state_s@@HPAUedict_s@@1HHPAE@Z 1001c3c0 f   client.obj
 0001:0001b800       ?CreateBaseline@@YAXHHPAUentity_state_s@@PAUedict_s@@HVVector@@2@Z 1001c800 f   client.obj
 0001:0001b9a0       ?BodyTarget@CBasePlayer@@UAE?AVVector@@ABV2@@Z 1001c9a0 f i client.obj
 0001:0001ba10       ?StartSneaking@CBasePlayer@@UAEXXZ 1001ca10 f i client.obj
 0001:0001ba30       ?StopSneaking@CBasePlayer@@UAEXXZ 1001ca30 f i client.obj
 0001:0001ba50       ?IsSneaking@CBasePlayer@@UAEHXZ 1001ca50 f i client.obj
 0001:0001ba70       ?IsAlive@CBaseEntity@@UAEHXZ 1001ca70 f i client.obj
 0001:0001ba70       ?IsAlive@CBasePlayer@@UAEHXZ 1001ca70 f i client.obj
 0001:0001baa0       ?Entity_FieldInit@@YAXPAUdelta_s@@@Z 1001caa0 f   client.obj
 0001:0001bb10       ?Entity_Encode@@YAXPAUdelta_s@@PBE1@Z 1001cb10 f   client.obj
 0001:0001bc70       ?Player_FieldInit@@YAXPAUdelta_s@@@Z 1001cc70 f   client.obj
 0001:0001bcb0       ?Player_Encode@@YAXPAUdelta_s@@PBE1@Z 1001ccb0 f   client.obj
 0001:0001bd90       ?Custom_Entity_FieldInit@@YAXPAUdelta_s@@@Z 1001cd90 f   client.obj
 0001:0001be40       ?Custom_Encode@@YAXPAUdelta_s@@PBE1@Z 1001ce40 f   client.obj
 0001:0001bf30       ?RegisterEncoders@@YAXXZ   1001cf30 f   client.obj
 0001:0001bf70       ?GetWeaponData@@YAHPAUedict_s@@PAUweapon_data_s@@@Z 1001cf70 f   client.obj
 0001:0001bf90       ?UpdateClientData@@YAXPBUedict_s@@HPAUclientdata_s@@@Z 1001cf90 f   client.obj
 0001:0001c1e0       ?CmdStart@@YAXPBUedict_s@@PBUusercmd_s@@I@Z 1001d1e0 f   client.obj
 0001:0001c250       ?CmdEnd@@YAXPBUedict_s@@@Z 1001d250 f   client.obj
 0001:0001c290       ?ConnectionlessPacket@@YAHPBUnetadr_s@@PBDPADPAH@Z 1001d290 f   client.obj
 0001:0001c2a0       ?GetHullBounds@@YAHHPAM0@Z 1001d2a0 f   client.obj
 0001:0001c2c0       ?InconsistentFile@@YAHPBUedict_s@@PBDPAD@Z 1001d2c0 f   client.obj
 0001:0001c300       ??0CBaseMonster@@QAE@XZ    1001d300 f i client.obj
 0001:0001c320       ?LimitVelocity@CGib@@QAEXXZ 1001d320 f   combat.obj
 0001:0001c410       ?SpawnHeadGib@CGib@@SAXPAUentvars_s@@@Z 1001d410 f   combat.obj
 0001:0001c440       ?SpawnHeadGib@CGib@@SAXPAUentvars_s@@PBD@Z 1001d440 f   combat.obj
 0001:0001c820       ?SpawnRandomGibs@CGib@@SAXPAUentvars_s@@HH@Z 1001d820 f   combat.obj
 0001:0001c880       ?SpawnRandomGibs@CGib@@SAXPAUentvars_s@@HHPBD@Z 1001d880 f   combat.obj
 0001:0001cc90       ?HasHumanGibs@CBaseMonster@@UAEHXZ 1001dc90 f   combat.obj
 0001:0001ccc0       ?HasAlienGibs@CBaseMonster@@UAEHXZ 1001dcc0 f   combat.obj
 0001:0001ccf0       ?FadeMonster@CBaseMonster@@UAEXXZ 1001dcf0 f   combat.obj
 0001:0001cd70       ?GibMonster@CBaseMonster@@UAEXXZ 1001dd70 f   combat.obj
 0001:0001cec0       ?GetDeathActivity@CBaseMonster@@UAE?AW4Activity@@XZ 1001dec0 f   combat.obj
 0001:0001d1a0       ?GetSmallFlinchActivity@CBaseMonster@@QAE?AW4Activity@@XZ 1001e1a0 f   combat.obj
 0001:0001d230       ?BecomeDead@CBaseMonster@@UAEXXZ 1001e230 f   combat.obj
 0001:0001d270       ?ShouldGibMonster@CBaseMonster@@QAEHH@Z 1001e270 f   combat.obj
 0001:0001d2a0       ?CallGibMonster@CBaseMonster@@QAEXXZ 1001e2a0 f   combat.obj
 0001:0001d390       ?Killed@CBaseMonster@@UAEXPAUentvars_s@@H@Z 1001e390 f   combat.obj
 0001:0001d4a0       ?SUB_StartFadeOut@CBaseEntity@@QAEXXZ 1001e4a0 f   combat.obj
 0001:0001d510       ?SUB_FadeOut@CBaseEntity@@QAEXXZ 1001e510 f   combat.obj
 0001:0001d570       ?WaitTillLand@CGib@@QAEXXZ 1001e570 f   combat.obj
 0001:0001d610       ?BounceGibTouch@CGib@@QAEXPAVCBaseEntity@@@Z 1001e610 f   combat.obj
 0001:0001d7b0       ?StickyGibTouch@CGib@@QAEXPAVCBaseEntity@@@Z 1001e7b0 f   combat.obj
 0001:0001d960       ?Spawn@CGib@@QAEXPBD@Z     1001e960 f   combat.obj
 0001:0001da60       ?TakeHealth@CBaseMonster@@UAEHMH@Z 1001ea60 f   combat.obj
 0001:0001dab0       ?TakeDamage@CBaseMonster@@UAEHPAUentvars_s@@0MH@Z 1001eab0 f   combat.obj
 0001:0001e040       ?DeadTakeDamage@CBaseMonster@@QAEHPAUentvars_s@@0MH@Z 1001f040 f   combat.obj
 0001:0001e250       ?DamageForce@CBaseMonster@@QAEMM@Z 1001f250 f   combat.obj
 0001:0001e290       ?RadiusDamage@@YAXVVector@@PAUentvars_s@@1MMHH@Z 1001f290 f   combat.obj
 0001:0001e570       ?Normalize@Vector@@QBE?AV1@XZ 1001f570 f i combat.obj
 0001:0001e5f0       ?RadiusDamage@CBaseMonster@@QAEXPAUentvars_s@@0MHH@Z 1001f5f0 f   combat.obj
 0001:0001e640       ?RadiusDamage@CBaseMonster@@QAEXVVector@@PAUentvars_s@@1MHH@Z 1001f640 f   combat.obj
 0001:0001e690       ?CheckTraceHullAttack@CBaseMonster@@QAEPAVCBaseEntity@@MHH@Z 1001f690 f   combat.obj
 0001:0001e790       ?FInViewCone@CBaseMonster@@UAEHPAVCBaseEntity@@@Z 1001f790 f   combat.obj
 0001:0001e850       ?FInViewCone@CBaseMonster@@UAEHPAVVector@@@Z 1001f850 f   combat.obj
 0001:0001e900       ?FVisible@CBaseEntity@@UAEHPAV1@@Z 1001f900 f   combat.obj
 0001:0001ea20       ?FVisible@CBaseEntity@@UAEHABVVector@@@Z 1001fa20 f   combat.obj
 0001:0001eaa0       ?TraceAttack@CBaseEntity@@UAEXPAUentvars_s@@MVVector@@PAUTraceResult@@H@Z 1001faa0 f   combat.obj
 0001:0001eb80       ?TraceAttack@CBaseMonster@@UAEXPAUentvars_s@@MVVector@@PAUTraceResult@@H@Z 1001fb80 f   combat.obj
 0001:0001ed90       ?FireBullets@CBaseEntity@@QAEXKVVector@@00MHHHPAUentvars_s@@@Z 1001fd90 f   combat.obj
 0001:0001f8f0       ?FireBulletsPlayer@CBaseEntity@@QAE?AVVector@@KV2@00MHHHPAUentvars_s@@H@Z 100208f0 f   combat.obj
 0001:0001ff40       ?TraceBleed@CBaseEntity@@UAEXMVVector@@PAUTraceResult@@H@Z 10020f40 f   combat.obj
 0001:00020120       _monster_alien_controller  10021120 f   controller.obj
 0001:000201a0       ?Save@CController@@UAEHAAVCSave@@@Z 100211a0 f   controller.obj
 0001:00020210       ?Restore@CController@@UAEHAAVCRestore@@@Z 10021210 f   controller.obj
 0001:00020240       ?TakeDamage@CController@@UAEHPAUentvars_s@@0MH@Z 10021240 f   controller.obj
 0001:00020280       ?Killed@CController@@UAEXPAUentvars_s@@H@Z 10021280 f   controller.obj
 0001:000202d0       ?GibMonster@CController@@UAEXXZ 100212d0 f   controller.obj
 0001:00020320       ?PainSound@CController@@UAEXXZ 10021320 f   controller.obj
 0001:00020380       ?AlertSound@CController@@UAEXXZ 10021380 f   controller.obj
 0001:000203d0       ?IdleSound@CController@@UAEXXZ 100213d0 f   controller.obj
 0001:00020420       ?AttackSound@CController@@QAEXXZ 10021420 f   controller.obj
 0001:00020470       ?DeathSound@CController@@UAEXXZ 10021470 f   controller.obj
 0001:000204c0       ?HandleAnimEvent@CController@@UAEXPAUMonsterEvent_t@@@Z 100214c0 f   controller.obj
 0001:00020860       ?Spawn@CController@@UAEXXZ 10021860 f   controller.obj
 0001:000209a0       ?Precache@CController@@UAEXXZ 100219a0 f   controller.obj
 0001:00020a80       ?ScheduleFromName@CController@@UAEPAUSchedule_t@@PBD@Z 10021a80 f   controller.obj
 0001:00020ab0       ?StartTask@CController@@UAEXPAUTask_t@@@Z 10021ab0 f   controller.obj
 0001:00020c20       ?Intersect@@YA?AVVector@@V1@00M@Z 10021c20 f   controller.obj
 0001:00020de0       ?LookupFloat@CController@@QAEHXZ 10021de0 f   controller.obj
 0001:00020f80       ?RunTask@CController@@UAEXPAUTask_t@@@Z 10021f80 f   controller.obj
 0001:00021680       ?GetSchedule@CController@@UAEPAUSchedule_t@@XZ 10022680 f   controller.obj
 0001:00021700       ?GetScheduleOfType@CController@@UAEPAUSchedule_t@@H@Z 10022700 f   controller.obj
 0001:00021780       ?CheckRangeAttack1@CController@@UAEHMM@Z 10022780 f   controller.obj
 0001:000217c0       ?CheckRangeAttack2@CController@@UAEHMM@Z 100227c0 f   controller.obj
 0001:00021800       ?SetActivity@CController@@UAEXW4Activity@@@Z 10022800 f   controller.obj
 0001:00021830       ?RunAI@CController@@UAEXXZ 10022830 f   controller.obj
 0001:00021a70       ?Stop@CController@@UAEXXZ  10022a70 f   controller.obj
 0001:00021a90       ?Move@CController@@UAEXM@Z 10022a90 f   controller.obj
 0001:00021fc0       ?ShouldAdvanceRoute@CController@@UAEHM@Z 10022fc0 f   controller.obj
 0001:00021fe0       ?CheckLocalMove@CController@@UAEHABVVector@@0PAVCBaseEntity@@PAM@Z 10022fe0 f   controller.obj
 0001:000220f0       ?MoveExecute@CController@@UAEXPAVCBaseEntity@@ABVVector@@M@Z 100230f0 f   controller.obj
 0001:00022210       _controller_head_ball      10023210 f   controller.obj
 0001:00022270       ?Spawn@CControllerHeadBall@@EAEXXZ 10023270 f   controller.obj
 0001:000223d0       ?Precache@CControllerHeadBall@@EAEXXZ 100233d0 f   controller.obj
 0001:00022400       ?HuntThink@CControllerHeadBall@@AAEXXZ 10023400 f   controller.obj
 0001:00022820       ?DieThink@CControllerHeadBall@@AAEXXZ 10023820 f   controller.obj
 0001:00022830       ?MovetoTarget@CControllerHeadBall@@AAEXVVector@@@Z 10023830 f   controller.obj
 0001:00022a70       ?BounceTouch@CControllerHeadBall@@AAEXPAVCBaseEntity@@@Z 10023a70 f   controller.obj
 0001:00022bc0       _controller_energy_ball    10023bc0 f   controller.obj
 0001:00022c20       ?Spawn@CControllerZapBall@@EAEXXZ 10023c20 f   controller.obj
 0001:00022d50       ?Precache@CControllerZapBall@@EAEXXZ 10023d50 f   controller.obj
 0001:00022d60       ?AnimateThink@CControllerZapBall@@AAEXXZ 10023d60 f   controller.obj
 0001:00022e00       ?ExplodeTouch@CControllerZapBall@@AAEXPAVCBaseEntity@@@Z 10023e00 f   controller.obj
 0001:00022ed0       _crossbow_bolt             10023ed0 f   crossbow.obj
 0001:00022f20       ?BoltCreate@CCrossbowBolt@@SAPAV1@XZ 10023f20 f   crossbow.obj
 0001:00022f90       ?Spawn@CCrossbowBolt@@EAEXXZ 10023f90 f   crossbow.obj
 0001:00023050       ?Precache@CCrossbowBolt@@EAEXXZ 10024050 f   crossbow.obj
 0001:000230b0       ?BoltTouch@CCrossbowBolt@@AAEXPAVCBaseEntity@@@Z 100240b0 f   crossbow.obj
 0001:00023480       ?BubbleThink@CCrossbowBolt@@AAEXXZ 10024480 f   crossbow.obj
 0001:000234f0       ?ExplodeThink@CCrossbowBolt@@AAEXXZ 100244f0 f   crossbow.obj
 0001:000235f0       _weapon_crossbow           100245f0 f   crossbow.obj
 0001:00023640       ?Spawn@CCrossbow@@UAEXXZ   10024640 f   crossbow.obj
 0001:00023680       ?Precache@CCrossbow@@UAEXXZ 10024680 f   crossbow.obj
 0001:00023700       ?GetItemInfo@CCrossbow@@UAEHPAUItemInfo@@@Z 10024700 f   crossbow.obj
 0001:00023770       ?Deploy@CCrossbow@@UAEHXZ  10024770 f   crossbow.obj
 0001:000237b0       ?Holster@CCrossbow@@UAEXH@Z 100247b0 f   crossbow.obj
 0001:00023820       ?PrimaryAttack@CCrossbow@@UAEXXZ 10024820 f   crossbow.obj
 0001:00023850       ?FireSniperBolt@CCrossbow@@QAEXXZ 10024850 f   crossbow.obj
 0001:00023a90       ?FireBolt@CCrossbow@@QAEXXZ 10024a90 f   crossbow.obj
 0001:00023d70       ?SecondaryAttack@CCrossbow@@UAEXXZ 10024d70 f   crossbow.obj
 0001:00023e10       ?Reload@CCrossbow@@UAEXXZ  10024e10 f   crossbow.obj
 0001:00023eb0       ?WeaponIdle@CCrossbow@@UAEXXZ 10024eb0 f   crossbow.obj
 0001:00023fd0       _ammo_crossbow             10024fd0 f   crossbow.obj
 0001:00024020       ?Spawn@CCrossbowAmmo@@EAEXXZ 10025020 f i crossbow.obj
 0001:00024050       ?Precache@CCrossbowAmmo@@EAEXXZ 10025050 f i crossbow.obj
 0001:00024070       ?AddAmmo@CCrossbowAmmo@@EAEHPAVCBaseEntity@@@Z 10025070 f i crossbow.obj
 0001:000240d0       ?Instance@CBaseEntity@@SAPAV1@PAUedict_s@@@Z 100250d0 f i crossbow.obj
 0001:000240f0       ?GetSpreadVec@CBasePlayerItem@@UAE?AVVector@@XZ 100250f0 f i crossbow.obj
 0001:00024110       ?ObjectCaps@CBasePlayerItem@@UAEHXZ 10025110 f i crossbow.obj
 0001:00024120       ?AddWeapon@CBasePlayerWeapon@@UAEHXZ 10025120 f i crossbow.obj
 0001:00024130       _weapon_crowbar            10025130 f   crowbar.obj
 0001:00024130       _weapon_knife              10025130 f   crowbar.obj
 0001:00024180       ?Spawn@CCrowbar@@UAEXXZ    10025180 f   crowbar.obj
 0001:000241c0       ?Precache@CCrowbar@@UAEXXZ 100251c0 f   crowbar.obj
 0001:00024240       ?GetItemInfo@CCrowbar@@UAEHPAUItemInfo@@@Z 10025240 f   crowbar.obj
 0001:00024290       ?Deploy@CCrowbar@@UAEHXZ   10025290 f   crowbar.obj
 0001:000242b0       ?Holster@CCrowbar@@UAEXH@Z 100252b0 f   crowbar.obj
 0001:000242e0       ?FindHullIntersection@@YAXABVVector@@AAUTraceResult@@PAM2PAUedict_s@@@Z 100252e0 f   crowbar.obj
 0001:00024510       ?PrimaryAttack@CCrowbar@@UAEXXZ 10025510 f   crowbar.obj
 0001:00024520       ?SecondaryAttack@CCrowbar@@UAEXXZ 10025520 f   crowbar.obj
 0001:00024530       ?Smack@CCrowbar@@QAEXXZ    10025530 f   crowbar.obj
 0001:00024580       ?SmackNormal@CCrowbar@@QAEXXZ 10025580 f   crowbar.obj
 0001:000245a0       ?Swing@CCrowbar@@QAEHH@Z   100255a0 f   crowbar.obj
 0001:00024c60       ?ScheduleFromName@CBaseMonster@@UAEPAUSchedule_t@@PBD@Z 10025c60 f   defaultai.obj
 0001:00024c80       ?ScheduleInList@CBaseMonster@@QAEPAUSchedule_t@@PBDPAPAU2@H@Z 10025c80 f   defaultai.obj
 0001:00024d10       ?GetScheduleOfType@CBaseMonster@@UAEPAUSchedule_t@@H@Z 10025d10 f   defaultai.obj
 0001:00024fe0       ?Save@CBaseDoor@@UAEHAAVCSave@@@Z 10025fe0 f   doors.obj
 0001:00025050       ?Restore@CBaseDoor@@UAEHAAVCRestore@@@Z 10026050 f   doors.obj
 0001:00025080       ?PlayLockSounds@@YAXPAUentvars_s@@PAUlocksounds@@HH@Z 10026080 f   doors.obj
 0001:000252a0       ?KeyValue@CBaseDoor@@UAEXPAUKeyValueData_s@@@Z 100262a0 f   doors.obj
 0001:000256e0       ?ObjectCaps@CBaseDoor@@UAEHXZ 100266e0 f i doors.obj
 0001:00025740       _func_door                 10026740 f   doors.obj
 0001:00025740       _func_water                10026740 f   doors.obj
 0001:00025790       ?Spawn@CBaseDoor@@UAEXXZ   10026790 f   doors.obj
 0001:00025880       ?PostSpawn@CBaseDoor@@UAEXXZ 10026880 f   doors.obj
 0001:00025af0       ?SetToggleState@CBaseDoor@@UAEXH@Z 10026af0 f   doors.obj
 0001:00025bd0       ?Precache@CBaseDoor@@UAEXXZ 10026bd0 f   doors.obj
 0001:00026070       ?DoorTouch@CBaseDoor@@QAEXPAVCBaseEntity@@@Z 10027070 f   doors.obj
 0001:00026150       ?Use@CBaseDoor@@UAEXPAVCBaseEntity@@0W4USE_TYPE@@M@Z 10027150 f   doors.obj
 0001:00026210       ?DoorActivate@CBaseDoor@@QAEHXZ 10027210 f   doors.obj
 0001:000262d0       ?DoorGoUp@CBaseDoor@@QAEXXZ 100272d0 f   doors.obj
 0001:000264f0       ?DoorHitTop@CBaseDoor@@QAEXXZ 100274f0 f   doors.obj
 0001:00026670       ?DoorGoDown@CBaseDoor@@QAEXXZ 10027670 f   doors.obj
 0001:000267b0       ?DoorHitBottom@CBaseDoor@@QAEXXZ 100277b0 f   doors.obj
 0001:00026900       ?Blocked@CBaseDoor@@UAEXPAVCBaseEntity@@@Z 10027900 f   doors.obj
 0001:00026c80       _func_door_rotating        10027c80 f   doors.obj
 0001:00026cd0       ?Spawn@CRotDoor@@UAEXXZ    10027cd0 f   doors.obj
 0001:00026f10       ?KeyValue@CRotDoor@@UAEXPAUKeyValueData_s@@@Z 10027f10 f   doors.obj
 0001:00026f90       ?SetToggleState@CRotDoor@@UAEXH@Z 10027f90 f   doors.obj
 0001:00027000       _momentary_door            10028000 f   doors.obj
 0001:00027050       ?GetState@CMomentaryDoor@@UAE?AW4STATE@@XZ 10028050 f i doors.obj
 0001:00027060       ?CalcRatio@CMomentaryDoor@@UAEMPAVCBaseEntity@@@Z 10028060 f i doors.obj
 0001:00027070       ?Save@CMomentaryDoor@@UAEHAAVCSave@@@Z 10028070 f   doors.obj
 0001:000270e0       ?Restore@CMomentaryDoor@@UAEHAAVCRestore@@@Z 100280e0 f   doors.obj
 0001:00027110       ?Spawn@CMomentaryDoor@@UAEXXZ 10028110 f   doors.obj
 0001:00027340       ?Precache@CMomentaryDoor@@UAEXXZ 10028340 f   doors.obj
 0001:00027450       ?KeyValue@CMomentaryDoor@@UAEXPAUKeyValueData_s@@@Z 10028450 f   doors.obj
 0001:00027550       ?Use@CMomentaryDoor@@UAEXPAVCBaseEntity@@0W4USE_TYPE@@M@Z 10028550 f   doors.obj
 0001:000276e0       ?MomentaryMoveDone@CMomentaryDoor@@QAEXXZ 100286e0 f   doors.obj
 0001:00027720       _info_target               10028720 f   effects.obj
 0001:00027770       ?Spawn@CInfoTarget@@UAEXXZ 10028770 f   effects.obj
 0001:000277d0       ?Precache@CInfoTarget@@UAEXXZ 100287d0 f   effects.obj
 0001:000277f0       _env_bubbles               100287f0 f   effects.obj
 0001:00027840       ?GetState@CBubbling@@UAE?AW4STATE@@XZ 10028840 f i effects.obj
 0001:00027850       ?Save@CBubbling@@UAEHAAVCSave@@@Z 10028850 f   effects.obj
 0001:000278c0       ?Restore@CBubbling@@UAEHAAVCRestore@@@Z 100288c0 f   effects.obj
 0001:000278f0       ?Spawn@CBubbling@@UAEXXZ   100288f0 f   effects.obj
 0001:00027a00       ?Precache@CBubbling@@UAEXXZ 10028a00 f   effects.obj
 0001:00027a20       ?Use@CBubbling@@UAEXPAVCBaseEntity@@0W4USE_TYPE@@M@Z 10028a20 f   effects.obj
 0001:00027a80       ?KeyValue@CBubbling@@UAEXPAUKeyValueData_s@@@Z 10028a80 f   effects.obj
 0001:00027ca0       ?FizzThink@CBubbling@@QAEXXZ 10028ca0 f   effects.obj
 0001:00027d50       _beam                      10028d50 f   effects.obj
 0001:00027da0       ?Spawn@CBeam@@UAEXXZ       10028da0 f   effects.obj
 0001:00027dc0       ?Precache@CBeam@@UAEXXZ    10028dc0 f   effects.obj
 0001:00027e10       ?SetStartEntity@CBeam@@QAEXH@Z 10028e10 f   effects.obj
 0001:00027e60       ?SetEndEntity@CBeam@@QAEXH@Z 10028e60 f   effects.obj
 0001:00027eb0       ?GetStartPos@CBeam@@QAEABVVector@@XZ 10028eb0 f   effects.obj
 0001:00027ef0       ?GetEndPos@CBeam@@QAEABVVector@@XZ 10028ef0 f   effects.obj
 0001:00027f40       ?BeamCreate@CBeam@@SAPAV1@PBDH@Z 10028f40 f   effects.obj
 0001:00027fc0       ?BeamInit@CBeam@@QAEXPBDH@Z 10028fc0 f   effects.obj
 0001:00028080       ?PointsInit@CBeam@@QAEXABVVector@@0@Z 10029080 f   effects.obj
 0001:00028100       ?PointEntInit@CBeam@@QAEXABVVector@@H@Z 10029100 f   effects.obj
 0001:00028180       ?EntsInit@CBeam@@QAEXHH@Z  10029180 f   effects.obj
 0001:000281f0       ?RelinkBeam@CBeam@@QAEXXZ  100291f0 f   effects.obj
 0001:00028370       ?TriggerTouch@CBeam@@QAEXPAVCBaseEntity@@@Z 10029370 f   effects.obj
 0001:000283d0       ?RandomTargetname@CBeam@@QAEPAVCBaseEntity@@PBD@Z 100293d0 f   effects.obj
 0001:00028430       ?DoSparks@CBeam@@QAEXABVVector@@0@Z 10029430 f   effects.obj
 0001:00028470       ?GetState@CLightning@@UAE?AW4STATE@@XZ 10029470 f i effects.obj
 0001:00028480       _env_lightning             10029480 f   effects.obj
 0001:00028480       _env_beam                  10029480 f   effects.obj
 0001:000284d0       ?Save@CLightning@@UAEHAAVCSave@@@Z 100294d0 f   effects.obj
 0001:00028540       ?Restore@CLightning@@UAEHAAVCRestore@@@Z 10029540 f   effects.obj
 0001:00028570       ?Spawn@CLightning@@UAEXXZ  10029570 f   effects.obj
 0001:00028730       ?Precache@CLightning@@UAEXXZ 10029730 f   effects.obj
 0001:00028760       ?Activate@CLightning@@UAEXXZ 10029760 f   effects.obj
 0001:000287a0       ?KeyValue@CLightning@@UAEXPAUKeyValueData_s@@@Z 100297a0 f   effects.obj
 0001:00028c60       ?ToggleUse@CLightning@@QAEXPAVCBaseEntity@@0W4USE_TYPE@@M@Z 10029c60 f   effects.obj
 0001:00028d40       ?StrikeUse@CLightning@@QAEXPAVCBaseEntity@@0W4USE_TYPE@@M@Z 10029d40 f   effects.obj
 0001:00028db0       ?IsPointEntity@@YAHPAVCBaseEntity@@@Z 10029db0 f   effects.obj
 0001:00028de0       ?StrikeThink@CLightning@@QAEXXZ 10029de0 f   effects.obj
 0001:00029240       ?GetTripEntity@CBeam@@QAEPAVCBaseEntity@@PAUTraceResult@@@Z 1002a240 f   effects.obj
 0001:00029370       ?BeamDamage@CBeam@@QAEXPAUTraceResult@@@Z 1002a370 f   effects.obj
 0001:000294c0       ?TripThink@CLightning@@QAEXXZ 1002a4c0 f   effects.obj
 0001:000295c0       ?Zap@CLightning@@QAEXABVVector@@0@Z 1002a5c0 f   effects.obj
 0001:00029700       ?RandomArea@CLightning@@QAEXXZ 1002a700 f   effects.obj
 0001:00029b00       ?RandomPoint@CLightning@@QAEXAAVVector@@@Z 1002ab00 f   effects.obj
 0001:00029c90       ?BeamUpdatePoints@CLightning@@QAEXXZ 1002ac90 f   effects.obj
 0001:00029de0       ?BeamUpdateVars@CLightning@@QAEXXZ 1002ade0 f   effects.obj
 0001:00029ed0       _env_laser                 1002aed0 f   effects.obj
 0001:00029f20       ?Save@CLaser@@UAEHAAVCSave@@@Z 1002af20 f   effects.obj
 0001:00029f90       ?ObjectCaps@CSprite@@UAEHXZ 1002af90 f i effects.obj
 0001:00029f90       ?ObjectCaps@CBeam@@UAEHXZ  1002af90 f i effects.obj
 0001:00029fd0       ?Restore@CLaser@@UAEHAAVCRestore@@@Z 1002afd0 f   effects.obj
 0001:0002a000       ?Spawn@CLaser@@UAEXXZ      1002b000 f   effects.obj
 0001:0002a050       ?PostSpawn@CLaser@@UAEXXZ  1002b050 f   effects.obj
 0001:0002a470       ?Center@CBeam@@UAE?AVVector@@XZ 1002b470 f i effects.obj
 0001:0002a4d0       ?Precache@CLaser@@UAEXXZ   1002b4d0 f   effects.obj
 0001:0002a580       ?KeyValue@CLaser@@UAEXPAUKeyValueData_s@@@Z 1002b580 f   effects.obj
 0001:0002ab10       ?TurnOff@CLaser@@QAEXXZ    1002bb10 f   effects.obj
 0001:0002abb0       ?TurnOn@CLaser@@QAEXXZ     1002bbb0 f   effects.obj
 0001:0002ac70       ?Use@CLaser@@UAEXPAVCBaseEntity@@0W4USE_TYPE@@M@Z 1002bc70 f   effects.obj
 0001:0002acb0       ?FireAtPoint@CLaser@@QAEXVVector@@AAUTraceResult@@@Z 1002bcb0 f   effects.obj
 0001:0002ae50       ?StrikeThink@CLaser@@QAEXXZ 1002be50 f   effects.obj
 0001:0002b150       _env_glow                  1002c150 f   effects.obj
 0001:0002b1a0       ?Save@CGlow@@UAEHAAVCSave@@@Z 1002c1a0 f   effects.obj
 0001:0002b210       ?Restore@CGlow@@UAEHAAVCRestore@@@Z 1002c210 f   effects.obj
 0001:0002b240       ?Spawn@CGlow@@UAEXXZ       1002c240 f   effects.obj
 0001:0002b340       ?Think@CGlow@@UAEXXZ       1002c340 f   effects.obj
 0001:0002b380       ?Animate@CGlow@@QAEXM@Z    1002c380 f   effects.obj
 0001:0002b3c0       _env_sprite                1002c3c0 f   effects.obj
 0001:0002b410       ?GetState@CLaser@@UAE?AW4STATE@@XZ 1002c410 f i effects.obj
 0001:0002b410       ?GetState@CSprite@@UAE?AW4STATE@@XZ 1002c410 f i effects.obj
 0001:0002b430       ?Save@CSprite@@UAEHAAVCSave@@@Z 1002c430 f   effects.obj
 0001:0002b4a0       ?Restore@CSprite@@UAEHAAVCRestore@@@Z 1002c4a0 f   effects.obj
 0001:0002b4d0       ?Spawn@CSprite@@UAEXXZ     1002c4d0 f   effects.obj
 0001:0002b5b0       ?Precache@CSprite@@UAEXXZ  1002c5b0 f   effects.obj
 0001:0002b640       ?SpriteInit@CSprite@@QAEXPBDABVVector@@@Z 1002c640 f   effects.obj
 0001:0002b680       ?SpriteCreate@CSprite@@SAPAV1@PBDABVVector@@H@Z 1002c680 f   effects.obj
 0001:0002b720       ?AnimateThink@CSprite@@QAEXXZ 1002c720 f   effects.obj
 0001:0002b760       ?AnimateUntilDead@CSprite@@QAEXXZ 1002c760 f   effects.obj
 0001:0002b7a0       ?Expand@CSprite@@QAEXMM@Z  1002c7a0 f   effects.obj
 0001:0002b7e0       ?ExpandThink@CSprite@@QAEXXZ 1002c7e0 f   effects.obj
 0001:0002b870       ?Animate@CSprite@@QAEXM@Z  1002c870 f   effects.obj
 0001:0002b8e0       ?TurnOff@CSprite@@QAEXXZ   1002c8e0 f   effects.obj
 0001:0002b900       ?TurnOn@CSprite@@QAEXXZ    1002c900 f   effects.obj
 0001:0002b9f0       ?Use@CSprite@@UAEXPAVCBaseEntity@@0W4USE_TYPE@@M@Z 1002c9f0 f   effects.obj
 0001:0002ba50       ?Save@CEnvModel@@EAEHAAVCSave@@@Z 1002ca50 f   effects.obj
 0001:0002bac0       ?Restore@CEnvModel@@EAEHAAVCRestore@@@Z 1002cac0 f   effects.obj
 0001:0002baf0       _env_model                 1002caf0 f   effects.obj
 0001:0002bb40       ?ObjectCaps@CBasePlayer@@UAEHXZ 1002cb40 f i effects.obj
 0001:0002bb40       ?ObjectCaps@CCineMonster@@UAEHXZ 1002cb40 f i effects.obj
 0001:0002bb40       ?ObjectCaps@CRenderFxFader@@UAEHXZ 1002cb40 f i effects.obj
 0001:0002bb40       ?ObjectCaps@CPointEntity@@UAEHXZ 1002cb40 f i effects.obj
 0001:0002bb40       ?ObjectCaps@CTriggerChangeValue@@UAEHXZ 1002cb40 f i effects.obj
 0001:0002bb40       ?ObjectCaps@CBubbling@@UAEHXZ 1002cb40 f i effects.obj
 0001:0002bb40       ?ObjectCaps@CBasePlatTrain@@UAEHXZ 1002cb40 f i effects.obj
 0001:0002bb40       ?ObjectCaps@CFrictionModifier@@UAEHXZ 1002cb40 f i effects.obj
 0001:0002bb40       ?ObjectCaps@CAutoTrigger@@UAEHXZ 1002cb40 f i effects.obj
 0001:0002bb40       ?ObjectCaps@CFuncTrainControls@@UAEHXZ 1002cb40 f i effects.obj
 0001:0002bb40       ?ObjectCaps@CTriggerGoal@@UAEHXZ 1002cb40 f i effects.obj
 0001:0002bb40       ?ObjectCaps@CFurniture@@UAEHXZ 1002cb40 f i effects.obj
 0001:0002bb40       ?ObjectCaps@CTriggerOnSight@@UAEHXZ 1002cb40 f i effects.obj
 0001:0002bb40       ?ObjectCaps@CRainModify@@UAEHXZ 1002cb40 f i effects.obj
 0001:0002bb40       ?ObjectCaps@CTriggerSound@@UAEHXZ 1002cb40 f i effects.obj
 0001:0002bb40       ?ObjectCaps@CTriggerTextWindow@@UAEHXZ 1002cb40 f i effects.obj
 0001:0002bb40       ?ObjectCaps@CTriggerRelay@@UAEHXZ 1002cb40 f i effects.obj
 0001:0002bb40       ?ObjectCaps@CFuncMortarField@@UAEHXZ 1002cb40 f i effects.obj
 0001:0002bb40       ?ObjectCaps@CRainSettings@@UAEHXZ 1002cb40 f i effects.obj
 0001:0002bb40       ?ObjectCaps@CTriggerCommand@@UAEHXZ 1002cb40 f i effects.obj
 0001:0002bb40       ?ObjectCaps@CStateWatcher@@UAEHXZ 1002cb40 f i effects.obj
 0001:0002bb40       ?ObjectCaps@CGasArea@@UAEHXZ 1002cb40 f i effects.obj
 0001:0002bb40       ?ObjectCaps@CTriggerChangeCVar@@UAEHXZ 1002cb40 f i effects.obj
 0001:0002bb40       ?ObjectCaps@CSpeaker@@UAEHXZ 1002cb40 f i effects.obj
 0001:0002bb40       ?ObjectCaps@CEnvFootsteps@@UAEHXZ 1002cb40 f i effects.obj
 0001:0002bb40       ?ObjectCaps@CTentacle@@UAEHXZ 1002cb40 f i effects.obj
 0001:0002bb40       ?ObjectCaps@CFuncIllusionary@@UAEHXZ 1002cb40 f i effects.obj
 0001:0002bb40       ?ObjectCaps@CInfoMoveWith@@UAEHXZ 1002cb40 f i effects.obj
 0001:0002bb40       ?ObjectCaps@CTriggerChangeTarget@@UAEHXZ 1002cb40 f i effects.obj
 0001:0002bb40       ?ObjectCaps@CBaseTrigger@@UAEHXZ 1002cb40 f i effects.obj
 0001:0002bb40       ?ObjectCaps@CEnvRain@@UAEHXZ 1002cb40 f i effects.obj
 0001:0002bb40       ?ObjectCaps@COsprey@@UAEHXZ 1002cb40 f i effects.obj
 0001:0002bb40       ?ObjectCaps@CWatcherCount@@UAEHXZ 1002cb40 f i effects.obj
 0001:0002bb40       ?ObjectCaps@CMultiManager@@UAEHXZ 1002cb40 f i effects.obj
 0001:0002bb40       ?ObjectCaps@CEnvModel@@EAEHXZ 1002cb40 f i effects.obj
 0001:0002bb40       ?ObjectCaps@CScriptedSentence@@UAEHXZ 1002cb40 f i effects.obj
 0001:0002bb40       ?ObjectCaps@CTestHull@@UAEHXZ 1002cb40 f i effects.obj
 0001:0002bb40       ?ObjectCaps@CTriggerSetPatrol@@UAEHXZ 1002cb40 f i effects.obj
 0001:0002bb40       ?ObjectCaps@CTriggerMP3@@UAEHXZ 1002cb40 f i effects.obj
 0001:0002bb40       ?ObjectCaps@CTriggerCamera@@UAEHXZ 1002cb40 f i effects.obj
 0001:0002bb40       ?ObjectCaps@CFuncShine@@UAEHXZ 1002cb40 f i effects.obj
 0001:0002bb40       ?ObjectCaps@CStartRush@@UAEHXZ 1002cb40 f i effects.obj
 0001:0002bb40       ?ObjectCaps@CActAnimating@@UAEHXZ 1002cb40 f i effects.obj
 0001:0002bb40       ?ObjectCaps@CAmbientGeneric@@UAEHXZ 1002cb40 f i effects.obj
 0001:0002bb40       ?ObjectCaps@CGunTarget@@UAEHXZ 1002cb40 f i effects.obj
 0001:0002bb40       ?ObjectCaps@CFuncTank@@UAEHXZ 1002cb40 f i effects.obj
 0001:0002bb40       ?ObjectCaps@CNodeEnt@@EAEHXZ 1002cb40 f i effects.obj
 0001:0002bb40       ?ObjectCaps@CEnvWarpBall@@UAEHXZ 1002cb40 f i effects.obj
 0001:0002bb40       ?ObjectCaps@CPendulum@@UAEHXZ 1002cb40 f i effects.obj
 0001:0002bb40       ?ObjectCaps@CFuncRotating@@UAEHXZ 1002cb40 f i effects.obj
 0001:0002bb40       ?ObjectCaps@CEnvCustomize@@UAEHXZ 1002cb40 f i effects.obj
 0001:0002bb40       ?ObjectCaps@CTriggerChangeAlias@@UAEHXZ 1002cb40 f i effects.obj
 0001:0002bb40       ?ObjectCaps@CBreakable@@UAEHXZ 1002cb40 f i effects.obj
 0001:0002bb40       ?ObjectCaps@CMomentaryDoor@@UAEHXZ 1002cb40 f i effects.obj
 0001:0002bb40       ?ObjectCaps@CLightDynamic@@UAEHXZ 1002cb40 f i effects.obj
 0001:0002bb40       ?ObjectCaps@CFuncWall@@UAEHXZ 1002cb40 f i effects.obj
 0001:0002bb60       ?KeyValue@CEnvModel@@EAEXPAUKeyValueData_s@@@Z 1002cb60 f   effects.obj
 0001:0002bcd0       ?Spawn@CEnvModel@@EAEXXZ   1002ccd0 f   effects.obj
 0001:0002bdd0       ?Precache@CEnvModel@@EAEXXZ 1002cdd0 f   effects.obj
 0001:0002bdd0       ?Precache@CGrassSprite@@UAEXXZ 1002cdd0 f   effects.obj
 0001:0002bdf0       ?GetState@CEnvModel@@EAE?AW4STATE@@XZ 1002cdf0 f   effects.obj
 0001:0002bdf0       ?GetState@CEnvBeamTrail@@UAE?AW4STATE@@XZ 1002cdf0 f   effects.obj
[...]
 0003:000336cc       ___argc                    1012e6cc     LIBCMT:crt0dat.obj
 0003:000336d0       ___argv                    1012e6d0     LIBCMT:crt0dat.obj
 0003:000336d4       ___wargv                   1012e6d4     LIBCMT:crt0dat.obj
 0003:000336d8       __environ                  1012e6d8     LIBCMT:crt0dat.obj
 0003:000336dc       ___initenv                 1012e6dc     LIBCMT:crt0dat.obj
 0003:000336e0       __wenviron                 1012e6e0     LIBCMT:crt0dat.obj
 0003:000336e4       ___winitenv                1012e6e4     LIBCMT:crt0dat.obj
 0003:000336e8       __pgmptr                   1012e6e8     LIBCMT:crt0dat.obj
 0003:000336ec       __wpgmptr                  1012e6ec     LIBCMT:crt0dat.obj
 0003:000336f0       __exitflag                 1012e6f0     LIBCMT:crt0dat.obj
 0003:000336f4       __C_Termination_Done       1012e6f4     LIBCMT:crt0dat.obj
 0003:000336f8       __C_Exit_Done              1012e6f8     LIBCMT:crt0dat.obj
 0003:00033760       ?_pnhHeap@@3P6AHI@ZA       1012e760     LIBCMT:handler.obj
 0003:00033764       __newmode                  1012e764     LIBCMT:_newmode.obj
 0003:00033768       __cflush                   1012e768     LIBCMT:_file.obj
 0003:0003376c       __stdbuf                   1012e76c     LIBCMT:_sftbuf.obj
 0003:00033780       ___lc_handle               1012e780     LIBCMT:nlsdata2.obj
 0003:00033798       ___lc_codepage             1012e798     LIBCMT:nlsdata2.obj
 0003:0003379c       ___lc_collate_cp           1012e79c     LIBCMT:nlsdata2.obj
 0003:000338b0       __adbgmsg                  1012e8b0     LIBCMT:crt0msg.obj
 0003:000338b4       __commode                  1012e8b4     LIBCMT:ncommode.obj
 0003:000338b8       ___lc_time_intl            1012e8b8     LIBCMT:inittime.obj
 0003:000338d4       ___lc_id                   1012e8d4     LIBCMT:nlsdata3.obj
 0003:00033940       __fmode                    1012e940     LIBCMT:txtmode.obj
 0003:0003394c       ___lconv_static_null       1012e94c     LIBCMT:lconv.obj
 0003:00033a20       ___mbcodepage              1012ea20     <common>
 0003:00033a30       ___mbulinfo                1012ea30     <common>
 0003:00033a3c       ___ismbcodepage            1012ea3c     <common>
 0003:00033a40       __mbcasemap                1012ea40     <common>
 0003:00033b40       __mbctype                  1012eb40     <common>
 0003:00033c44       ___mblcid                  1012ec44     <common>
 0003:00033c60       ___pioinfo                 1012ec60     <common>
 0003:00033d60       __nhandle                  1012ed60     <common>
 0003:00033d64       ___setlc_active            1012ed64     <common>
 0003:00033d68       ___unguarded_readlc_active 1012ed68     <common>
 0003:00033d6c       ___piob                    1012ed6c     <common>
 0003:00033d80       __bufin                    1012ed80     <common>
 0003:00034d80       __nstream                  1012fd80     <common>
 0003:00034d84       ___sbh_sizeHeaderList      1012fd84     <common>
 0003:00034d88       ___sbh_indGroupDefer       1012fd88     <common>
 0003:00034d8c       ___sbh_pHeaderScan         1012fd8c     <common>
 0003:00034d90       ___sbh_pHeaderDefer        1012fd90     <common>
 0003:00034d94       ___sbh_cntHeaderList       1012fd94     <common>
 0003:00034d98       ___sbh_pHeaderList         1012fd98     <common>
 0003:00034d9c       ___sbh_threshold           1012fd9c     <common>
 0003:00034da0       __crtheap                  1012fda0     <common>
 0003:00034da4       ___active_heap             1012fda4     <common>
 0003:00034da8       ___env_initialized         1012fda8     <common>
 0003:00034dac       ___mbctype_initialized     1012fdac     <common>
 0003:00034db0       ___onexitend               1012fdb0     <common>
 0003:00034db4       ___onexitbegin             1012fdb4     <common>
 0003:00034db8       __acmdln                   1012fdb8     <common>
 0003:00034dbc       __pRawDllMain              1012fdbc     <common>

 entry point at        0001:000c8f85

 Static symbols

 0001:000c6880       _$E25                      100c7880 f   xen.obj
 0001:000c6890       _$E24                      100c7890 f   xen.obj
 0001:000c43d0       _$E28                      100c53d0 f   world.obj
 0001:000c43e0       _$E27                      100c53e0 f   world.obj
 0001:000c5200       ?InitBodyQue@@YAXXZ        100c6200 f   world.obj
 0001:000c11e0       _$E15                      100c21e0 f   voice_gamemgr.obj
 0001:000c11f0       _$E14                      100c21f0 f   voice_gamemgr.obj
 0001:000c1200       _$E18                      100c2200 f   voice_gamemgr.obj
 0001:000c1210       _$E17                      100c2210 f   voice_gamemgr.obj
 0001:000c1230       _$E21                      100c2230 f   voice_gamemgr.obj
 0001:000c1240       _$E20                      100c2240 f   voice_gamemgr.obj
 0001:000c1260       _$E24                      100c2260 f   voice_gamemgr.obj
 0001:000c1270       _$E23                      100c2270 f   voice_gamemgr.obj
 0001:000c1290       _$E27                      100c2290 f   voice_gamemgr.obj
 0001:000c12a0       _$E26                      100c22a0 f   voice_gamemgr.obj
 0001:000c1670       ?VoiceServerDebug@@YAXPBDZZ 100c2670 f   voice_gamemgr.obj
 0001:000be490       ?FixedUnsigned16@@YAGMM@Z  100bf490 f   util.obj
 0001:000be860       ?FixedSigned16@@YAFMM@Z    100bf860 f   util.obj
 0001:000a3d30       ?memfgets@@YAPADPAEHAAHPADH@Z 100a4d30 f   sound.obj
 0001:0008e180       ?CheckPowerups@@YAXPAUentvars_s@@@Z 1008f180 f   player.obj
 0001:00083df0       ?PlatSpawnInsideTrigger@@YAXPAUentvars_s@@@Z 10084df0 f   plats.obj
 0001:000856c0       ?FixupAngles@@YAXAAVVector@@@Z 100866c0 f   plats.obj
 0001:000856f0       ?Fix@@YAMM@Z               100866f0 f   plats.obj
 0001:000808a0       _$E30                      100818a0 f   paranoia_wpn.obj
 0001:000808b0       _$E29                      100818b0 f   paranoia_wpn.obj
 0001:000808c0       _$E33                      100818c0 f   paranoia_wpn.obj
 0001:000808d0       _$E32                      100818d0 f   paranoia_wpn.obj
 0001:0006e100       _$E14                      1006f100 f   nodes.obj
 0001:0006e110       _$E13                      1006f110 f   nodes.obj
 0001:000676f0       _$E31                      100686f0 f   multiplay_gamerules.obj
 0001:00067700       _$E28                      10068700 f   multiplay_gamerules.obj
 0001:00067710       _$E30                      10068710 f   multiplay_gamerules.obj
 0001:00067720       _$E29                      10068720 f   multiplay_gamerules.obj
 0001:00067730       _$E36                      10068730 f   multiplay_gamerules.obj
 0001:00067740       _$E33                      10068740 f   multiplay_gamerules.obj
 0001:00067780       _$E35                      10068780 f   multiplay_gamerules.obj
 0001:00067790       _$E34                      10068790 f   multiplay_gamerules.obj
 0001:000439a0       _$E14                      100449a0 f   globals.obj
 0001:000439b0       _$E13                      100449b0 f   globals.obj
 0001:000439c0       _$E17                      100449c0 f   globals.obj
 0001:000439d0       _$E16                      100449d0 f   globals.obj
 0001:00037f40       _$E31                      10038f40 f   func_tank.obj
 0001:00037f50       _$E30                      10038f50 f   func_tank.obj
 0001:00018d70       ?SetObjectCollisionBox@@YAXPAUentvars_s@@@Z 10019d70 f   cbase.obj
 0001:0000c860       ?IsFacing@@YAHPAUentvars_s@@ABVVector@@@Z 1000d860 f   barney.obj
 0001:000d30b2       _xtoa                      100d40b2 f   LIBCMT:xtoa.obj
 0001:000d1df7       _getSystemCP               100d2df7 f   LIBCMT:mbctype.obj
 0001:000d1e41       _CPtoLCID                  100d2e41 f   LIBCMT:mbctype.obj
 0001:000d1e74       _setSBCS                   100d2e74 f   LIBCMT:mbctype.obj
 0001:000d1e9d       _setSBUpLow                100d2e9d f   LIBCMT:mbctype.obj
 0001:000d11e8       _strtoxl                   100d21e8 f   LIBCMT:strtol.obj
 0001:000d06c0       LeadUp1                    100d16c0 f   LIBCMT:memmove.obj
 0001:000d06ec       LeadUp2                    100d16ec f   LIBCMT:memmove.obj
 0001:000d0710       LeadUp3                    100d1710 f   LIBCMT:memmove.obj
 0001:000d078f       UnwindUp0                  100d178f f   LIBCMT:memmove.obj
 0001:000d077c       UnwindUp1                  100d177c f   LIBCMT:memmove.obj
 0001:000d0774       UnwindUp2                  100d1774 f   LIBCMT:memmove.obj
 0001:000d076c       UnwindUp3                  100d176c f   LIBCMT:memmove.obj
 0001:000d0764       UnwindUp4                  100d1764 f   LIBCMT:memmove.obj
 0001:000d075c       UnwindUp5                  100d175c f   LIBCMT:memmove.obj
 0001:000d0754       UnwindUp6                  100d1754 f   LIBCMT:memmove.obj
 0001:000d074c       UnwindUp7                  100d174c f   LIBCMT:memmove.obj
 0001:000d07a8       TrailUp0                   100d17a8 f   LIBCMT:memmove.obj
 0001:000d07b0       TrailUp1                   100d17b0 f   LIBCMT:memmove.obj
 0001:000d07bc       TrailUp2                   100d17bc f   LIBCMT:memmove.obj
 0001:000d07d0       TrailUp3                   100d17d0 f   LIBCMT:memmove.obj
 0001:000d0848       LeadDown1                  100d1848 f   LIBCMT:memmove.obj
 0001:000d0868       LeadDown2                  100d1868 f   LIBCMT:memmove.obj
 0001:000d0890       LeadDown3                  100d1890 f   LIBCMT:memmove.obj
 0001:000d08e4       UnwindDown7                100d18e4 f   LIBCMT:memmove.obj
 0001:000d08ec       UnwindDown6                100d18ec f   LIBCMT:memmove.obj
 0001:000d08f4       UnwindDown5                100d18f4 f   LIBCMT:memmove.obj
 0001:000d08fc       UnwindDown4                100d18fc f   LIBCMT:memmove.obj
 0001:000d0904       UnwindDown3                100d1904 f   LIBCMT:memmove.obj
 0001:000d090c       UnwindDown2                100d190c f   LIBCMT:memmove.obj
 0001:000d0914       UnwindDown1                100d1914 f   LIBCMT:memmove.obj
 0001:000d0927       UnwindDown0                100d1927 f   LIBCMT:memmove.obj
 0001:000d0940       TrailDown0                 100d1940 f   LIBCMT:memmove.obj
 0001:000d0948       TrailDown1                 100d1948 f   LIBCMT:memmove.obj
 0001:000d0958       TrailDown2                 100d1958 f   LIBCMT:memmove.obj
 0001:000d096c       TrailDown3                 100d196c f   LIBCMT:memmove.obj
 0001:000d02b9       __abstract_cw              100d12b9 f   LIBCMT:ieee87.obj
 0001:000d034b       __hw_cw                    100d134b f   LIBCMT:ieee87.obj
 0001:000cf53f       _parse_cmdline             100d053f f   LIBCMT:stdargv.obj
 0001:000cf069       _strncnt                   100d0069 f   LIBCMT:a_map.obj
 0001:000ceb80       LeadUp1                    100cfb80 f   LIBCMT:memcpy.obj
 0001:000cebac       LeadUp2                    100cfbac f   LIBCMT:memcpy.obj
 0001:000cebd0       LeadUp3                    100cfbd0 f   LIBCMT:memcpy.obj
 0001:000cec4f       UnwindUp0                  100cfc4f f   LIBCMT:memcpy.obj
 0001:000cec3c       UnwindUp1                  100cfc3c f   LIBCMT:memcpy.obj
 0001:000cec34       UnwindUp2                  100cfc34 f   LIBCMT:memcpy.obj
 0001:000cec2c       UnwindUp3                  100cfc2c f   LIBCMT:memcpy.obj
 0001:000cec24       UnwindUp4                  100cfc24 f   LIBCMT:memcpy.obj
 0001:000cec1c       UnwindUp5                  100cfc1c f   LIBCMT:memcpy.obj
 0001:000cec14       UnwindUp6                  100cfc14 f   LIBCMT:memcpy.obj
 0001:000cec0c       UnwindUp7                  100cfc0c f   LIBCMT:memcpy.obj
 0001:000cec68       TrailUp0                   100cfc68 f   LIBCMT:memcpy.obj
 0001:000cec70       TrailUp1                   100cfc70 f   LIBCMT:memcpy.obj
 0001:000cec7c       TrailUp2                   100cfc7c f   LIBCMT:memcpy.obj
 0001:000cec90       TrailUp3                   100cfc90 f   LIBCMT:memcpy.obj
 0001:000ced08       LeadDown1                  100cfd08 f   LIBCMT:memcpy.obj
 0001:000ced28       LeadDown2                  100cfd28 f   LIBCMT:memcpy.obj
 0001:000ced50       LeadDown3                  100cfd50 f   LIBCMT:memcpy.obj
 0001:000ceda4       UnwindDown7                100cfda4 f   LIBCMT:memcpy.obj
 0001:000cedac       UnwindDown6                100cfdac f   LIBCMT:memcpy.obj
 0001:000cedb4       UnwindDown5                100cfdb4 f   LIBCMT:memcpy.obj
 0001:000cedbc       UnwindDown4                100cfdbc f   LIBCMT:memcpy.obj
 0001:000cedc4       UnwindDown3                100cfdc4 f   LIBCMT:memcpy.obj
 0001:000cedcc       UnwindDown2                100cfdcc f   LIBCMT:memcpy.obj
 0001:000cedd4       UnwindDown1                100cfdd4 f   LIBCMT:memcpy.obj
 0001:000cede7       UnwindDown0                100cfde7 f   LIBCMT:memcpy.obj
 0001:000cee00       TrailDown0                 100cfe00 f   LIBCMT:memcpy.obj
 0001:000cee08       TrailDown1                 100cfe08 f   LIBCMT:memcpy.obj
 0001:000cee18       TrailDown2                 100cfe18 f   LIBCMT:memcpy.obj
 0001:000cee2c       TrailDown3                 100cfe2c f   LIBCMT:memcpy.obj
 0001:000ce63d       _flsall                    100cf63d f   LIBCMT:fflush.obj
 0001:000ce050       _gu_return                 100cf050 f   LIBCMT:exsup.obj
 0001:000ce058       __unwind_handler           100cf058 f   LIBCMT:exsup.obj
 0001:000cc5ae       _doexit                    100cd5ae f   LIBCMT:crt0dat.obj
 0001:000cc665       __initterm                 100cd665 f   LIBCMT:crt0dat.obj
 0001:000cbfe1       fFEXP                      100ccfe1 f   LIBCMT:87tran.obj
 0001:000cc121       _rtforexpinf               100cd121 f   LIBCMT:87tran.obj
 0001:000cbf3a       __hextodec                 100ccf3a f   LIBCMT:input.obj
 0001:000cbf71       __inc                      100ccf71 f   LIBCMT:input.obj
 0001:000cbf8b       __un_inc                   100ccf8b f   LIBCMT:input.obj
 0001:000cbfa2       __whiteout                 100ccfa2 f   LIBCMT:input.obj
 0001:000ca774       label0                     100cb774 f   LIBCMT:adj_fdiv.obj
 0001:000ca77a       label1                     100cb77a f   LIBCMT:adj_fdiv.obj
 0001:000ca77f       label2                     100cb77f f   LIBCMT:adj_fdiv.obj
 0001:000ca785       label3                     100cb785 f   LIBCMT:adj_fdiv.obj
 0001:000ca78a       label4                     100cb78a f   LIBCMT:adj_fdiv.obj
 0001:000ca790       label5                     100cb790 f   LIBCMT:adj_fdiv.obj
 0001:000ca796       label6                     100cb796 f   LIBCMT:adj_fdiv.obj
 0001:000ca79c       label7                     100cb79c f   LIBCMT:adj_fdiv.obj
 0001:000ca7a2       label8                     100cb7a2 f   LIBCMT:adj_fdiv.obj
 0001:000ca7be       label9                     100cb7be f   LIBCMT:adj_fdiv.obj
 0001:000ca7c3       label10                    100cb7c3 f   LIBCMT:adj_fdiv.obj
 0001:000ca7d9       label11                    100cb7d9 f   LIBCMT:adj_fdiv.obj
 0001:000ca7de       label12                    100cb7de f   LIBCMT:adj_fdiv.obj
 0001:000ca7fa       label13                    100cb7fa f   LIBCMT:adj_fdiv.obj
 0001:000ca80a       label14                    100cb80a f   LIBCMT:adj_fdiv.obj
 0001:000ca81e       label15                    100cb81e f   LIBCMT:adj_fdiv.obj
 0001:000ca82e       label16                    100cb82e f   LIBCMT:adj_fdiv.obj
 0001:000ca84e       label17                    100cb84e f   LIBCMT:adj_fdiv.obj
 0001:000ca853       label18                    100cb853 f   LIBCMT:adj_fdiv.obj
 0001:000ca86d       label19                    100cb86d f   LIBCMT:adj_fdiv.obj
 0001:000ca872       label20                    100cb872 f   LIBCMT:adj_fdiv.obj
 0001:000ca892       label21                    100cb892 f   LIBCMT:adj_fdiv.obj
 0001:000ca8a6       label22                    100cb8a6 f   LIBCMT:adj_fdiv.obj
 0001:000ca8be       label23                    100cb8be f   LIBCMT:adj_fdiv.obj
 0001:000ca8d2       label24                    100cb8d2 f   LIBCMT:adj_fdiv.obj
 0001:000ca8f2       label25                    100cb8f2 f   LIBCMT:adj_fdiv.obj
 0001:000ca8f7       label26                    100cb8f7 f   LIBCMT:adj_fdiv.obj
 0001:000ca911       label27                    100cb911 f   LIBCMT:adj_fdiv.obj
 0001:000ca916       label28                    100cb916 f   LIBCMT:adj_fdiv.obj
 0001:000ca936       label29                    100cb936 f   LIBCMT:adj_fdiv.obj
 0001:000ca94a       label30                    100cb94a f   LIBCMT:adj_fdiv.obj
 0001:000ca962       label31                    100cb962 f   LIBCMT:adj_fdiv.obj
 0001:000ca976       label32                    100cb976 f   LIBCMT:adj_fdiv.obj
 0001:000ca996       label33                    100cb996 f   LIBCMT:adj_fdiv.obj
 0001:000ca99b       label34                    100cb99b f   LIBCMT:adj_fdiv.obj
 0001:000ca9b5       label35                    100cb9b5 f   LIBCMT:adj_fdiv.obj
 0001:000ca9ba       label36                    100cb9ba f   LIBCMT:adj_fdiv.obj
 0001:000ca9da       label37                    100cb9da f   LIBCMT:adj_fdiv.obj
 0001:000ca9ee       label38                    100cb9ee f   LIBCMT:adj_fdiv.obj
 0001:000caa06       label39                    100cba06 f   LIBCMT:adj_fdiv.obj
 0001:000caa1a       label40                    100cba1a f   LIBCMT:adj_fdiv.obj
 0001:000caa3a       label41                    100cba3a f   LIBCMT:adj_fdiv.obj
 0001:000caa3f       label42                    100cba3f f   LIBCMT:adj_fdiv.obj
 0001:000caa59       label43                    100cba59 f   LIBCMT:adj_fdiv.obj
 0001:000caa5e       label44                    100cba5e f   LIBCMT:adj_fdiv.obj
 0001:000caa7e       label45                    100cba7e f   LIBCMT:adj_fdiv.obj
 0001:000caa92       label46                    100cba92 f   LIBCMT:adj_fdiv.obj
 0001:000caaaa       label47                    100cbaaa f   LIBCMT:adj_fdiv.obj
 0001:000caabe       label48                    100cbabe f   LIBCMT:adj_fdiv.obj
 0001:000caade       label49                    100cbade f   LIBCMT:adj_fdiv.obj
 0001:000caae3       label50                    100cbae3 f   LIBCMT:adj_fdiv.obj
 0001:000caafd       label51                    100cbafd f   LIBCMT:adj_fdiv.obj
 0001:000cab02       label52                    100cbb02 f   LIBCMT:adj_fdiv.obj
 0001:000cab22       label53                    100cbb22 f   LIBCMT:adj_fdiv.obj
 0001:000cab36       label54                    100cbb36 f   LIBCMT:adj_fdiv.obj
 0001:000cab4e       label55                    100cbb4e f   LIBCMT:adj_fdiv.obj
 0001:000cab62       label56                    100cbb62 f   LIBCMT:adj_fdiv.obj
 0001:000cab82       label57                    100cbb82 f   LIBCMT:adj_fdiv.obj
 0001:000cab87       label58                    100cbb87 f   LIBCMT:adj_fdiv.obj
 0001:000caba1       label59                    100cbba1 f   LIBCMT:adj_fdiv.obj
 0001:000caba6       label60                    100cbba6 f   LIBCMT:adj_fdiv.obj
 0001:000cabc6       label61                    100cbbc6 f   LIBCMT:adj_fdiv.obj
 0001:000cabda       label62                    100cbbda f   LIBCMT:adj_fdiv.obj
 0001:000cabf2       label63                    100cbbf2 f   LIBCMT:adj_fdiv.obj
 0001:000ca075       _write_char                100cb075 f   LIBCMT:output.obj
 0001:000ca0aa       _write_multi_char          100cb0aa f   LIBCMT:output.obj
 0001:000ca0db       _write_string              100cb0db f   LIBCMT:output.obj
 0001:000ca113       _get_int_arg               100cb113 f   LIBCMT:output.obj
 0001:000ca120       _get_int64_arg             100cb120 f   LIBCMT:output.obj
 0001:000ca130       _get_short_arg             100cb130 f   LIBCMT:output.obj
 0001:000c936c       __cftoe2                   100ca36c f   LIBCMT:cvt.obj
 0001:000c9483       __cftof2                   100ca483 f   LIBCMT:cvt.obj
 0001:000c960e       __shift                    100ca60e f   LIBCMT:cvt.obj
 0001:000c8074       fFMOD                      100c9074 f   LIBCMT:87fmod.obj

 13840 bytes saved through ICF

