 spirit

 Timestamp is 60241189 (Thu Feb 11 00:02:01 2021)

 Preferred load address is 10000000

 Start         Length     Name                   Class
 0001:00000000 000d33b6H .text                   CODE
 0002:00000000 000000f4H .idata$5                DATA
 0002:00000100 0001f621H .rdata                  DATA
 0002:0001f724 00000014H .idata$2                DATA
 0002:0001f738 00000014H .idata$3                DATA
 0002:0001f74c 000000f4H .idata$4                DATA
 0002:0001f840 00000428H .idata$6                DATA
 0002:0001fc70 00005a44H .edata                  DATA
 0003:00000000 00000004H .CRT$XCA                DATA
 0003:00000004 0000003cH .CRT$XCU                DATA
 0003:00000040 00000004H .CRT$XCZ                DATA
 0003:00000044 00000004H .CRT$XIA                DATA
 0003:00000048 0000000cH .CRT$XIC                DATA
 0003:00000054 00000004H .CRT$XIZ                DATA
 0003:00000058 00000004H .CRT$XPA                DATA
 0003:0000005c 00000004H .CRT$XPX                DATA
 0003:00000060 00000004H .CRT$XPZ                DATA
 0003:00000064 00000004H .CRT$XTA                DATA
 0003:00000068 00000004H .CRT$XTZ                DATA
 0003:00000070 000222c4H .data                   DATA
 0003:00022338 00012a88H .bss                    DATA

  Address         Publics by Value              Rva+Base     Lib:Object

 0001:00000000       ?Save@CFlockingFlyerFlock@@UAEHAAVCSave@@@Z 10001000 f   aflock.obj
 0001:00000070       ?Restore@CFlockingFlyerFlock@@UAEHAAVCRestore@@@Z 10001070 f   aflock.obj
 0001:000000a0       _monster_flyer             100010a0 f   aflock.obj
 0001:00000100       _monster_flyer_flock       10001100 f   aflock.obj
 0001:00000160       ?Save@CFlockingFlyer@@UAEHAAVCSave@@@Z 10001160 f   aflock.obj
 0001:000001d0       ?Restore@CFlockingFlyer@@UAEHAAVCRestore@@@Z 100011d0 f   aflock.obj
 0001:00000200       ?KeyValue@CFlockingFlyerFlock@@UAEXPAUKeyValueData_s@@@Z 10001200 f   aflock.obj
 0001:000002c0       ?Spawn@CFlockingFlyerFlock@@UAEXXZ 100012c0 f   aflock.obj
 0001:000002f0       ?Precache@CFlockingFlyerFlock@@UAEXXZ 100012f0 f   aflock.obj
 0001:000002f0       ?Precache@CFlockingFlyer@@UAEXXZ 100012f0 f   aflock.obj
 0001:00000310       ?PrecacheFlockSounds@CFlockingFlyerFlock@@SAXXZ 10001310 f   aflock.obj
 0001:00000340       ?SpawnFlock@CFlockingFlyerFlock@@QAEXXZ 10001340 f   aflock.obj
 0001:00000540       ?Spawn@CFlockingFlyer@@UAEXXZ 10001540 f   aflock.obj
 0001:00000580       ?MakeSound@CFlockingFlyer@@QAEXXZ 10001580 f   aflock.obj
 0001:00000660       ?Killed@CFlockingFlyer@@UAEXPAUentvars_s@@H@Z 10001660 f   aflock.obj
 0001:00000740       ?FallHack@CFlockingFlyer@@QAEXXZ 10001740 f   aflock.obj
 0001:000007f0       ?SpawnCommonCode@CFlockingFlyer@@QAEXXZ 100017f0 f   aflock.obj
 0001:000008c0       ?BoidAdvanceFrame@CFlockingFlyer@@QAEXXZ 100018c0 f   aflock.obj
 0001:00000970       ?IdleThink@CFlockingFlyer@@QAEXXZ 10001970 f   aflock.obj
 0001:000009c0       ?Start@CFlockingFlyer@@QAEXXZ 100019c0 f   aflock.obj
 0001:00000a10       ?FormFlock@CFlockingFlyer@@QAEXXZ 10001a10 f   aflock.obj
 0001:00000b00       ?SpreadFlock@CFlockingFlyer@@QAEXXZ 10001b00 f   aflock.obj
 0001:00000d40       ??0Vector@@QAE@MMM@Z       10001d40 f i aflock.obj
 0001:00000d60       ?SpreadFlock2@CFlockingFlyer@@QAEXXZ 10001d60 f   aflock.obj
 0001:00000e90       ?FPathBlocked@CFlockingFlyer@@QAEHXZ 10001e90 f   aflock.obj
 0001:00001230       ??GVector@@QBE?AV0@ABV0@@Z 10002230 f i aflock.obj
 0001:00001260       ??DVector@@QBE?AV0@M@Z     10002260 f i aflock.obj
 0001:00001290       ?FlockLeaderThink@CFlockingFlyer@@QAEXXZ 10002290 f   aflock.obj
 0001:00001660       ?FlockFollowerThink@CFlockingFlyer@@QAEXXZ 10002660 f   aflock.obj
 0001:000019d0       ?SetNextThink@CBaseEntity@@UAEXM@Z 100029d0 f i aflock.obj
 0001:000019e0       ?AbsoluteNextThink@CBaseEntity@@UAEXM@Z 100029e0 f i aflock.obj
 0001:000019f0       ?CalcVelocity@CBaseEntity@@UAE?AVVector@@PAV1@@Z 100029f0 f i aflock.obj
 0001:00001a10       ?SendInitMessage@CBaseEntity@@UAEXPAVCBasePlayer@@@Z 10002a10 f i aflock.obj
 0001:00001a10       ?BlockedByPlayer@CBaseMonster@@UAEXPAVCBasePlayer@@@Z 10002a10 f i aflock.obj
 0001:00001a10       ?SetToggleState@CBaseEntity@@UAEXH@Z 10002a10 f i aflock.obj
 0001:00001a10       ?GasWarning@CBaseEntity@@UAEXH@Z 10002a10 f i aflock.obj
 0001:00001a10       ?HandleAnimEvent@CBaseAnimating@@UAEXPAUMonsterEvent_t@@@Z 10002a10 f i aflock.obj
 0001:00001a10       ?DeathNotice@CBaseEntity@@UAEXPAUentvars_s@@@Z 10002a10 f i aflock.obj
 0001:00001a10       ?TalkAboutDeadFriend@CTalkMonster@@UAEXPAV1@@Z 10002a10 f i aflock.obj
 0001:00001a10       ?UpdateGameMode@CGameRules@@UAEXPAVCBasePlayer@@@Z 10002a10 f i aflock.obj
 0001:00001a20       ?ObjectCaps@CBaseEntity@@UAEHXZ 10002a20 f i aflock.obj
 0001:00001a40       ?GibMonster@CBaseTurret@@UAEXXZ 10002a40 f i aflock.obj
 0001:00001a40       ?StartSneaking@CBaseEntity@@UAEXXZ 10002a40 f i aflock.obj
 0001:00001a40       ?DeathSound@CBaseMonster@@UAEXXZ 10002a40 f i aflock.obj
 0001:00001a40       ?FlushChanges@CBaseAlias@@UAEXXZ 10002a40 f i aflock.obj
 0001:00001a40       ?PainSound@CBaseMonster@@UAEXXZ 10002a40 f i aflock.obj
 0001:00001a40       ?IdleSound@CBaseMonster@@UAEXXZ 10002a40 f i aflock.obj
 0001:00001a40       ?DesiredAction@CBaseEntity@@UAEXXZ 10002a40 f i aflock.obj
 0001:00001a40       ?DeclineFollowing@CTalkMonster@@UAEXXZ 10002a40 f i aflock.obj
 0001:00001a40       ?WeaponIdle@CBasePlayerWeapon@@UAEXXZ 10002a40 f i aflock.obj
 0001:00001a40       ?Attack1@CBaseToggleWeapon@@UAEXXZ 10002a40 f i aflock.obj
 0001:00001a40       ?OverrideReset@CBaseEntity@@UAEXXZ 10002a40 f i aflock.obj
 0001:00001a40       ?SecondaryAttack@CBasePlayerWeapon@@UAEXXZ 10002a40 f i aflock.obj
 0001:00001a40       ?Idle1@CBaseToggleWeapon@@UAEXXZ 10002a40 f i aflock.obj
 0001:00001a40       ?EndMultiplayerGame@CGameRules@@UAEXXZ 10002a40 f i aflock.obj
 0001:00001a40       ?PostSpawn@CBaseEntity@@UAEXXZ 10002a40 f i aflock.obj
 0001:00001a40       ?Reload1@CBaseToggleWeapon@@UAEXXZ 10002a40 f i aflock.obj
 0001:00001a40       ?Spawn@CBaseEntity@@UAEXXZ 10002a40 f i aflock.obj
 0001:00001a40       ?CheckAmmo@CBaseMonster@@UAEXXZ 10002a40 f i aflock.obj
 0001:00001a40       ?AlertSound@CBaseMonster@@UAEXXZ 10002a40 f i aflock.obj
 0001:00001a40       ?ItemPreFrame@CBasePlayerItem@@UAEXXZ 10002a40 f i aflock.obj
 0001:00001a40       ?PrescheduleThink@CBaseMonster@@UAEXXZ 10002a40 f i aflock.obj
 0001:00001a40       ?Precache@CBaseEntity@@UAEXXZ 10002a40 f i aflock.obj
 0001:00001a40       ?PostSpawn@CRotDoor@@UAEXXZ 10002a40 f i aflock.obj
 0001:00001a40       ?StopSneaking@CBaseEntity@@UAEXXZ 10002a40 f i aflock.obj
 0001:00001a40       ?UpdateItemInfo@CBasePlayerWeapon@@UAEXXZ 10002a40 f i aflock.obj
 0001:00001a40       ?Attack2@CBaseToggleWeapon@@UAEXXZ 10002a40 f i aflock.obj
 0001:00001a40       ?UpdateOwner@CBaseEntity@@UAEXXZ 10002a40 f i aflock.obj
 0001:00001a40       ?Reload2@CBaseToggleWeapon@@UAEXXZ 10002a40 f i aflock.obj
 0001:00001a40       ?SetYawSpeed@CBaseMonster@@UAEXXZ 10002a40 f i aflock.obj
 0001:00001a40       ?PostSpawn@CRotButton@@UAEXXZ 10002a40 f i aflock.obj
 0001:00001a40       ?ScheduleChange@CBaseMonster@@UAEXXZ 10002a40 f i aflock.obj
 0001:00001a40       ?Reload@CBasePlayerWeapon@@UAEXXZ 10002a40 f i aflock.obj
 0001:00001a40       ?Idle2@CBaseToggleWeapon@@UAEXXZ 10002a40 f i aflock.obj
 0001:00001a40       ?PlayerJump@CBasePlayerItem@@UAEXXZ 10002a40 f i aflock.obj
 0001:00001a50       ?SquadUnlink@CFlockingFlyer@@QAEXXZ 10002a50 f   aflock.obj
 0001:00001a60       ?GetState@CBaseEntity@@UAE?AW4STATE@@PAV1@@Z 10002a60 f i aflock.obj
 0001:00001a70       ?SquadAdd@CFlockingFlyer@@QAEXPAV1@@Z 10002a70 f   aflock.obj
 0001:00001a90       ?SquadRemove@CFlockingFlyer@@QAEXPAV1@@Z 10002a90 f   aflock.obj
 0001:00001b30       ?AddPoints@CBaseEntity@@UAEXHH@Z 10002b30 f i aflock.obj
 0001:00001b30       ?AddPointsToTeam@CBaseEntity@@UAEXHH@Z 10002b30 f i aflock.obj
 0001:00001b30       ?StopFollowing@CBaseMonster@@UAEXHH@Z 10002b30 f i aflock.obj
 0001:00001b30       ?ClientUserInfoChanged@CGameRules@@UAEXPAVCBasePlayer@@PAD@Z 10002b30 f i aflock.obj
 0001:00001b40       ?GetItemInfo@CWeaponCycler@@UAEHPAUItemInfo@@@Z 10002b40 f i aflock.obj
 0001:00001b40       ?RemovePlayerItem@CBaseEntity@@UAEHPAVCBasePlayerItem@@@Z 10002b40 f i aflock.obj
 0001:00001b40       ?AddPlayerItem@CBaseEntity@@UAEHPAVCBasePlayerItem@@@Z 10002b40 f i aflock.obj
 0001:00001b40       ?OnControls@CBaseEntity@@UAEHPAUentvars_s@@@Z 10002b40 f i aflock.obj
 0001:00001b50       ?GiveAmmo@CBaseEntity@@UAEHHPADH@Z 10002b50 f i aflock.obj
 0001:00001b60       ?SquadCount@CFlockingFlyer@@QAEHXZ 10002b60 f   aflock.obj
 0001:00001b80       ?SquadDisband@CFlockingFlyer@@QAEXXZ 10002b80 f   aflock.obj
 0001:00001ba0       ?IsBSPModel@CBaseEntity@@UAEHXZ 10002ba0 f i aflock.obj
 0001:00001bc0       ?ReflectGauss@CBaseEntity@@UAEHXZ 10002bc0 f i aflock.obj
 0001:00001bf0       ?HasTarget@CBaseEntity@@UAEHH@Z 10002bf0 f i aflock.obj
 0001:00001c60       ?TeamID@CBaseEntity@@UAEPBDXZ 10002c60 f i aflock.obj
 0001:00001c70       ?Think@CBaseEntity@@UAEXXZ 10002c70 f i aflock.obj
 0001:00001c80       ?Touch@CBaseEntity@@UAEXPAV1@@Z 10002c80 f i aflock.obj
 0001:00001ca0       ?Use@CBaseEntity@@UAEXPAV1@0W4USE_TYPE@@M@Z 10002ca0 f i aflock.obj
 0001:00001cc0       ?Blocked@CBaseEntity@@UAEXPAV1@@Z 10002cc0 f i aflock.obj
 0001:00001ce0       ??0CBaseToggle@@QAE@XZ     10002ce0 f i aflock.obj
 0001:00001cf0       ?CalcRatio@CBaseEntity@@UAEMPAV1@@Z 10002cf0 f i aflock.obj
 0001:00001d00       ?BloodColor@CAirtank@@EAEHXZ 10002d00 f i aflock.obj
 0001:00001d00       ?BloodColor@COsprey@@UAEHXZ 10002d00 f i aflock.obj
 0001:00001d00       ?BloodColor@CGunTarget@@UAEHXZ 10002d00 f i aflock.obj
 0001:00001d00       ?BloodColor@CApache@@EAEHXZ 10002d00 f i aflock.obj
 0001:00001d00       ?BloodColor@CBaseTurret@@UAEHXZ 10002d00 f i aflock.obj
 0001:00001d00       ?BloodColor@CBaseEntity@@UAEHXZ 10002d00 f i aflock.obj
 0001:00001d00       ?BloodColor@CLeech@@UAEHXZ 10002d00 f i aflock.obj
 0001:00001d00       ?BloodColor@CGrenade@@UAEHXZ 10002d00 f i aflock.obj
 0001:00001d10       ?IsMoving@CBaseEntity@@UAEHXZ 10002d10 f i aflock.obj
 0001:00001d60       ?IsAlive@CBaseEntity@@UAEHXZ 10002d60 f i aflock.obj
 0001:00001d60       ?IsAlive@CBasePlayer@@UAEHXZ 10002d60 f i aflock.obj
 0001:00001d90       ??_H@YGXPAXIHP6EX0@Z@Z     10002d90 f i aflock.obj
 0001:00001dc0       ?SUB_CallUseToggle@CBaseEntity@@QAEXXZ 10002dc0 f i aflock.obj
 0001:00001dd0       ??0WayPoint_t@@QAE@XZ      10002dd0 f i aflock.obj
 0001:00001dd0       ?GetWeaponPtr@CBasePlayerWeapon@@UAEPAVCBasePlayerItem@@XZ 10002dd0 f i aflock.obj
 0001:00001dd0       ?MyMonsterPointer@CBaseMonster@@UAEPAV1@XZ 10002dd0 f i aflock.obj
 0001:00001dd0       ?MySquadMonsterPointer@CSquadMonster@@UAEPAV1@XZ 10002dd0 f i aflock.obj
 0001:00001dd0       ??0Vector@@QAE@XZ          10002dd0 f i aflock.obj
 0001:00001de0       ??0CBaseEntity@@QAE@XZ     10002de0 f i aflock.obj
 0001:00001df0       ?KeyValue@CBaseEntity@@UAEXPAUKeyValueData_s@@@Z 10002df0 f i aflock.obj
 0001:00001f00       ?Center@CBaseEntity@@UAE?AVVector@@XZ 10002f00 f i aflock.obj
 0001:00001f60       ?EyePosition@CBaseEntity@@UAE?AVVector@@XZ 10002f60 f i aflock.obj
 0001:00001f60       ?EarPosition@CBaseEntity@@UAE?AVVector@@XZ 10002f60 f i aflock.obj
 0001:00001f90       ?BodyTarget@CBaseEntity@@UAE?AVVector@@ABV2@@Z 10002f90 f i aflock.obj
 0001:00001fb0       ?Illumination@CBaseEntity@@UAEHXZ 10002fb0 f i aflock.obj
 0001:00001fd0       ?GetToggleState@CBaseToggle@@UAEHXZ 10002fd0 f i aflock.obj
 0001:00001fe0       ?GetDelay@CBaseToggle@@UAEMXZ 10002fe0 f i aflock.obj
 0001:00001ff0       ?Classify@CBaseMonster@@UAEHXZ 10002ff0 f i aflock.obj
 0001:00002000       ?BloodColor@CBaseMonster@@UAEHXZ 10003000 f i aflock.obj
 0001:00002010       ?IsAlive@CBaseMonster@@UAEHXZ 10003010 f i aflock.obj
 0001:00002030       ?CallHitBottom@CFuncPlat@@QAEXXZ 10003030 f i aflock.obj
 0001:00002030       ?CallMonsterThink@CBaseMonster@@QAEXXZ 10003030 f i aflock.obj
 0001:00002040       ?Stop@CBaseMonster@@UAEXXZ 10003040 f i aflock.obj
 0001:00002060       ?CanPlaySentence@CBaseMonster@@UAEHH@Z 10003060 f i aflock.obj
 0001:00002070       ?FValidateCover@CBaseMonster@@UAEHABVVector@@@Z 10003070 f i aflock.obj
 0001:00002070       ?IsValidTeam@CGameRules@@UAEHPBD@Z 10003070 f i aflock.obj
 0001:00002070       ?CanPlaySequence@CTentacle@@UAEHH@Z 10003070 f i aflock.obj
 0001:00002080       ?CoverRadius@CBaseMonster@@UAEMXZ 10003080 f i aflock.obj
 0001:00002090       ?BodyTarget@CBaseMonster@@UAE?AVVector@@ABV2@@Z 10003090 f i aflock.obj
 0001:00002130       ?IsMoving@CBaseMonster@@UAEHXZ 10003130 f i aflock.obj
 0001:00002140       ?CalcRatio@CBaseMonster@@UAEMPAVCBaseEntity@@@Z 10003140 f i aflock.obj
 0001:00002160       ?DefaultUse@CBasePlayerItem@@QAEXPAVCBaseEntity@@0W4USE_TYPE@@M@Z 10003160 f i agrunt.obj
 0001:00002170       ?DefaultUse@CBasePlayerAmmo@@QAEXPAVCBaseEntity@@0W4USE_TYPE@@M@Z 10003170 f i agrunt.obj
 0001:00002180       _monster_alien_grunt       10003180 f   agrunt.obj
 0001:000021e0       ?SetObjectCollisionBox@CAGrunt@@UAEXXZ 100031e0 f i agrunt.obj
 0001:00002280       ?Save@CAGrunt@@UAEHAAVCSave@@@Z 10003280 f   agrunt.obj
 0001:000022f0       ?Restore@CAGrunt@@UAEHAAVCRestore@@@Z 100032f0 f   agrunt.obj
 0001:00002320       ?IRelationship@CAGrunt@@UAEHPAVCBaseEntity@@@Z 10003320 f   agrunt.obj
 0001:00002390       ?ISoundMask@CHGrunt@@UAEHXZ 10003390 f   agrunt.obj
 0001:00002390       ?ISoundMask@CAGrunt@@UAEHXZ 10003390 f   agrunt.obj
 0001:00002390       ?ISoundMask@CHAssassin@@UAEHXZ 10003390 f   agrunt.obj
 0001:00002390       ?ISoundMask@CMilitary@@UAEHXZ 10003390 f   agrunt.obj
 0001:00002390       ?ISoundMask@CISlave@@UAEHXZ 10003390 f   agrunt.obj
 0001:00002390       ?ISoundMask@CScientist@@UAEHXZ 10003390 f   agrunt.obj
 0001:000023a0       ?TraceAttack@CAGrunt@@UAEXPAUentvars_s@@MVVector@@PAUTraceResult@@H@Z 100033a0 f   agrunt.obj
 0001:000025b0       ??0Vector@@QAE@ABV0@@Z     100035b0 f i agrunt.obj
 0001:000025d0       ?StopTalking@CAGrunt@@QAEXXZ 100035d0 f   agrunt.obj
 0001:00002610       ?ShouldSpeak@CAGrunt@@QAEHXZ 10003610 f   agrunt.obj
 0001:00002660       ?PrescheduleThink@CAGrunt@@UAEXXZ 10003660 f   agrunt.obj
 0001:00002710       ?DeathSound@CAGrunt@@UAEXXZ 10003710 f   agrunt.obj
 0001:00002750       ?AlertSound@CAGrunt@@UAEXXZ 10003750 f   agrunt.obj
 0001:00002790       ?AttackSound@CAGrunt@@QAEXXZ 10003790 f   agrunt.obj
 0001:000027d0       ?PainSound@CAGrunt@@UAEXXZ 100037d0 f   agrunt.obj
 0001:00002840       ?SetYawSpeed@CAGrunt@@UAEXXZ 10003840 f   agrunt.obj
 0001:00002870       ?HandleAnimEvent@CAGrunt@@UAEXPAUMonsterEvent_t@@@Z 10003870 f   agrunt.obj
 0001:00003040       ?Spawn@CAGrunt@@UAEXXZ     10004040 f   agrunt.obj
 0001:000031b0       ?Precache@CAGrunt@@UAEXXZ  100041b0 f   agrunt.obj
 0001:000032d0       ?ScheduleFromName@CAGrunt@@UAEPAUSchedule_t@@PBD@Z 100042d0 f   agrunt.obj
 0001:00003300       ?CheckMeleeAttack1@CAGrunt@@UAEHMM@Z 10004300 f   agrunt.obj
 0001:00003350       ?CheckRangeAttack1@CAGrunt@@UAEHMM@Z 10004350 f   agrunt.obj
 0001:000034c0       ?StartTask@CAGrunt@@UAEXPAUTask_t@@@Z 100044c0 f   agrunt.obj
 0001:00003950       ?GetSchedule@CAGrunt@@UAEPAUSchedule_t@@XZ 10004950 f   agrunt.obj
 0001:00003a40       ?GetScheduleOfType@CAGrunt@@UAEPAUSchedule_t@@H@Z 10004a40 f   agrunt.obj
 0001:00003b00       ?Killed@CAGrunt@@UAEXPAUentvars_s@@H@Z 10004b00 f   agrunt.obj
 0001:00003b60       ?ClearSchedule@CBaseMonster@@QAEXXZ 10004b60 f   AI_BaseNPC_Schedule.obj
 0001:00003b80       ?FScheduleDone@CBaseMonster@@QAEHXZ 10004b80 f   AI_BaseNPC_Schedule.obj
 0001:00003ba0       ?ChangeSchedule@CBaseMonster@@QAEXPAUSchedule_t@@@Z 10004ba0 f   AI_BaseNPC_Schedule.obj
 0001:00003c10       ?NextScheduledTask@CBaseMonster@@QAEXXZ 10004c10 f   AI_BaseNPC_Schedule.obj
 0001:00003c40       ?IScheduleFlags@CBaseMonster@@QAEHXZ 10004c40 f   AI_BaseNPC_Schedule.obj
 0001:00003c60       ?FScheduleValid@CBaseMonster@@QAEHXZ 10004c60 f   AI_BaseNPC_Schedule.obj
 0001:00003c90       ?MaintainSchedule@CBaseMonster@@QAEXXZ 10004c90 f   AI_BaseNPC_Schedule.obj
 0001:00003e70       ?RunTask@CBaseMonster@@UAEXPAUTask_t@@@Z 10004e70 f   AI_BaseNPC_Schedule.obj
 0001:00004660       ?SetTurnActivity@CBaseMonster@@QAEXXZ 10005660 f   AI_BaseNPC_Schedule.obj
 0001:000046d0       ?StartTask@CBaseMonster@@UAEXPAUTask_t@@@Z 100056d0 f   AI_BaseNPC_Schedule.obj
 0001:00005c60       ?GetTask@CBaseMonster@@QAEPAUTask_t@@XZ 10006c60 f   AI_BaseNPC_Schedule.obj
 0001:00005c80       ?GetSchedule@CBaseMonster@@UAEPAUSchedule_t@@XZ 10006c80 f   AI_BaseNPC_Schedule.obj
 0001:00006050       _item_airtank              10007050 f   airtank.obj
 0001:000060b0       ?Save@CAirtank@@EAEHAAVCSave@@@Z 100070b0 f   airtank.obj
 0001:00006120       ?Restore@CAirtank@@EAEHAAVCRestore@@@Z 10007120 f   airtank.obj
 0001:00006150       ?Spawn@CAirtank@@EAEXXZ    10007150 f   airtank.obj
 0001:00006240       ?Precache@CAirtank@@EAEXXZ 10007240 f   airtank.obj
 0001:00006260       ?Killed@CAirtank@@EAEXPAUentvars_s@@H@Z 10007260 f   airtank.obj
 0001:000062b0       ?TankThink@CAirtank@@AAEXXZ 100072b0 f   airtank.obj
 0001:000062d0       ?TankTouch@CAirtank@@AAEXPAVCBaseEntity@@@Z 100072d0 f   airtank.obj
 0001:00006390       ?Save@CBaseAlias@@UAEHAAVCSave@@@Z 10007390 f   alias.obj
 0001:00006400       ?Restore@CBaseAlias@@UAEHAAVCRestore@@@Z 10007400 f   alias.obj
 0001:00006430       _info_alias                10007430 f   alias.obj
 0001:00006480       ?GetState@CInfoMoveWith@@UAE?AW4STATE@@XZ 10007480 f i alias.obj
 0001:00006480       ?GetState@CInfoAlias@@UAE?AW4STATE@@XZ 10007480 f i alias.obj
 0001:000064a0       ?Spawn@CInfoAlias@@UAEXXZ  100074a0 f   alias.obj
 0001:000064d0       ?Use@CInfoAlias@@UAEXPAVCBaseEntity@@0W4USE_TYPE@@M@Z 100074d0 f   alias.obj
 0001:00006590       ?FollowAlias@CInfoAlias@@UAEPAVCBaseEntity@@PAV2@@Z 10007590 f   alias.obj
 0001:000065c0       ?ChangeValue@CInfoAlias@@UAEXH@Z 100075c0 f   alias.obj
 0001:000065e0       ?FlushChanges@CInfoAlias@@UAEXXZ 100075e0 f   alias.obj
 0001:00006630       _info_group                10007630 f   alias.obj
 0001:00006680       ?Save@CInfoGroup@@UAEHAAVCSave@@@Z 10007680 f   alias.obj
 0001:000066f0       ?Restore@CInfoGroup@@UAEHAAVCRestore@@@Z 100076f0 f   alias.obj
 0001:00006720       ?KeyValue@CInfoGroup@@UAEXPAUKeyValueData_s@@@Z 10007720 f   alias.obj
 0001:00006830       ?Use@CInfoGroup@@UAEXPAVCBaseEntity@@0W4USE_TYPE@@M@Z 10007830 f   alias.obj
 0001:00006900       ?GetMember@CInfoGroup@@QAEHPBD@Z 10007900 f   alias.obj
 0001:00006a70       _multi_alias               10007a70 f   alias.obj
 0001:00006ac0       ?Save@CMultiAlias@@UAEHAAVCSave@@@Z 10007ac0 f   alias.obj
 0001:00006b30       ?Restore@CMultiAlias@@UAEHAAVCRestore@@@Z 10007b30 f   alias.obj
 0001:00006b60       ?KeyValue@CMultiAlias@@UAEXPAUKeyValueData_s@@@Z 10007b60 f   alias.obj
 0001:00006c90       ?FollowAlias@CMultiAlias@@UAEPAVCBaseEntity@@PAV2@@Z 10007c90 f   alias.obj
 0001:00006df0       _trigger_changealias       10007df0 f   alias.obj
 0001:00006e40       ?Use@CTriggerChangeAlias@@UAEXPAVCBaseEntity@@0W4USE_TYPE@@M@Z 10007e40 f   alias.obj
 0001:00006f60       ?ChangeValue@CBaseAlias@@UAEXH@Z 10007f60 f i alias.obj
 0001:00006f90       ?ChangeValue@CBaseAlias@@UAEXPAVCBaseEntity@@@Z 10007f90 f i alias.obj
 0001:00006fb0       ?Save@CBaseAnimating@@UAEHAAVCSave@@@Z 10007fb0 f   animating.obj
 0001:00007020       ?Restore@CBaseAnimating@@UAEHAAVCRestore@@@Z 10008020 f   animating.obj
 0001:00007050       ?StudioFrameAdvance@CBaseAnimating@@QAEMM@Z 10008050 f   animating.obj
 0001:00007190       ?LookupActivity@CBaseAnimating@@QAEHH@Z 10008190 f   animating.obj
 0001:000071c0       ?LookupActivityHeaviest@CBaseAnimating@@QAEHH@Z 100081c0 f   animating.obj
 0001:000071f0       ?LookupSequence@CBaseAnimating@@QAEHPBD@Z 100081f0 f   animating.obj
 0001:00007220       ?ResetSequenceInfo@CBaseAnimating@@QAEXXZ 10008220 f   animating.obj
 0001:000072a0       ?GetSequenceFlags@CBaseAnimating@@QAEHXZ 100082a0 f   animating.obj
 0001:000072d0       ?DispatchAnimEvents@CBaseAnimating@@QAEXM@Z 100082d0 f   animating.obj
 0001:000073f0       ?SetBoneController@CBaseAnimating@@QAEMHM@Z 100083f0 f   animating.obj
 0001:00007420       ?GetControllerBound@CBaseAnimating@@QAEMH@Z 10008420 f   animating.obj
 0001:00007450       ?InitBoneControllers@CBaseAnimating@@QAEXXZ 10008450 f   animating.obj
 0001:000074b0       ?SetBlending@CBaseAnimating@@QAEMHM@Z 100084b0 f   animating.obj
 0001:000074e0       ?GetBonePosition@CBaseAnimating@@QAEXHAAVVector@@0@Z 100084e0 f   animating.obj
 0001:00007510       ?GetAttachment@CBaseAnimating@@QAEXHAAVVector@@0@Z 10008510 f   animating.obj
 0001:00007540       ?FindTransition@CBaseAnimating@@QAEHHHPAH@Z 10008540 f   animating.obj
 0001:000075a0       ?SetBodygroup@CBaseAnimating@@QAEXHH@Z 100085a0 f   animating.obj
 0001:000075d0       ?GetBodygroup@CBaseAnimating@@QAEHH@Z 100085d0 f   animating.obj
 0001:00007600       ?ExtractBbox@CBaseAnimating@@QAEHHPAM0@Z 10008600 f   animating.obj
 0001:00007630       ?SetSequenceBox@CBaseAnimating@@QAEXXZ 10008630 f   animating.obj
 0001:000077f0       ?ExtractBbox@@YAHPAXHPAM1@Z 100087f0 f   animation.obj
 0001:00007850       ?LookupActivity@@YAHPAXPAUentvars_s@@H@Z 10008850 f   animation.obj
 0001:000078d0       ?LookupActivityHeaviest@@YAHPAXPAUentvars_s@@H@Z 100088d0 f   animation.obj
 0001:00007920       ?GetEyePosition@@YAXPAXPAM@Z 10008920 f   animation.obj
 0001:00007950       ?LookupSequence@@YAHPAXPBD@Z 10008950 f   animation.obj
 0001:000079b0       ?IsSoundEvent@@YAHH@Z      100089b0 f   animation.obj
 0001:000079d0       ?SequencePrecache@@YAXPAXPBD@Z 100089d0 f   animation.obj
 0001:00007ab0       ?GetSequenceInfo@@YAXPAXPAUentvars_s@@PAM2@Z 10008ab0 f   animation.obj
 0001:00007b70       ?GetSequenceTime@@YAMPAXH@Z 10008b70 f   animation.obj
 0001:00007bc0       ?GetSequenceFlags@@YAHPAXPAUentvars_s@@@Z 10008bc0 f   animation.obj
 0001:00007c00       ?GetAnimationEvent@@YAHPAXPAUentvars_s@@PAUMonsterEvent_t@@MMH@Z 10008c00 f   animation.obj
 0001:00007d50       ?SetController@@YAMPAXPAUentvars_s@@HM@Z 10008d50 f   animation.obj
 0001:00007ec0       ?GetControllerBound2@@YAMPAXPAUentvars_s@@H@Z 10008ec0 f   animation.obj
 0001:00007f20       ?SetBlending@@YAMPAXPAUentvars_s@@HM@Z 10008f20 f   animation.obj
 0001:00008060       ?FindTransition@@YAHPAXHHPAH@Z 10009060 f   animation.obj
 0001:00008170       ?SetBodygroup@@YAXPAXPAUentvars_s@@HH@Z 10009170 f   animation.obj
 0001:000081d0       ?GetBodygroup@@YAHPAXPAUentvars_s@@H@Z 100091d0 f   animation.obj
 0001:00008230       _monster_apache            10009230 f   apache.obj
 0001:000082a0       ?Classify@CApache@@EAEHXZ  100092a0 f i apache.obj
 0001:000082b0       ?SetObjectCollisionBox@CApache@@EAEXXZ 100092b0 f i apache.obj
 0001:00008350       ?Save@CApache@@EAEHAAVCSave@@@Z 10009350 f   apache.obj
 0001:000083c0       ?Restore@CApache@@EAEHAAVCRestore@@@Z 100093c0 f   apache.obj
 0001:000083f0       ?Spawn@CApache@@EAEXXZ     100093f0 f   apache.obj
 0001:00008580       ?Precache@CApache@@EAEXXZ  10009580 f   apache.obj
 0001:00008640       ?NullThink@CNihilanth@@QAEXXZ 10009640 f   apache.obj
 0001:00008640       ?Think@CXenHair@@UAEXXZ    10009640 f   apache.obj
 0001:00008640       ?NullThink@CApache@@AAEXXZ 10009640 f   apache.obj
 0001:00008660       ?StartupUse@CApache@@AAEXPAVCBaseEntity@@0W4USE_TYPE@@M@Z 10009660 f   apache.obj
 0001:000086a0       ?Killed@CApache@@EAEXPAUentvars_s@@H@Z 100096a0 f   apache.obj
 0001:000087b0       ?DyingThink@CApache@@AAEXXZ 100097b0 f   apache.obj
 0001:00008f60       ?FlyTouch@CApache@@AAEXPAVCBaseEntity@@@Z 10009f60 f   apache.obj
 0001:00009010       ?CrashTouch@CApache@@AAEXPAVCBaseEntity@@@Z 1000a010 f   apache.obj
 0001:00009040       ?HuntThink@CApache@@AAEXXZ 1000a040 f   apache.obj
 0001:00009970       ?Length@Vector@@QBEMXZ     1000a970 f i apache.obj
 0001:000099a0       ?Flight@CApache@@AAEXXZ    1000a9a0 f   apache.obj
 0001:0000a080       ?FireRocket@CApache@@AAEXXZ 1000b080 f   apache.obj
 0001:0000a510       ??HVector@@QBE?AV0@ABV0@@Z 1000b510 f i apache.obj
 0001:0000a540       ?FireGun@CApache@@AAEHXZ   1000b540 f   apache.obj
 0001:0000a960       ?ShowDamage@CApache@@AAEXXZ 1000b960 f   apache.obj
 0001:0000aa30       ?TakeDamage@CApache@@EAEHPAUentvars_s@@0MH@Z 1000ba30 f   apache.obj
 0001:0000aa80       ?TraceAttack@CApache@@EAEXPAUentvars_s@@MVVector@@PAUTraceResult@@H@Z 1000ba80 f   apache.obj
 0001:0000ab10       ?IRelationship@CApache@@EAEHPAVCBaseEntity@@@Z 1000bb10 f   apache.obj
 0001:0000ab80       _hvr_rocket                1000bb80 f   apache.obj
 0001:0000abe0       ?Save@CApacheHVR@@EAEHAAVCSave@@@Z 1000bbe0 f   apache.obj
 0001:0000ac50       ?Restore@CApacheHVR@@EAEHAAVCRestore@@@Z 1000bc50 f   apache.obj
 0001:0000ac80       ?Spawn@CApacheHVR@@EAEXXZ  1000bc80 f   apache.obj
 0001:0000ad80       ?Precache@CApacheHVR@@EAEXXZ 1000bd80 f   apache.obj
 0001:0000adb0       ?IgniteThink@CApacheHVR@@AAEXXZ 1000bdb0 f   apache.obj
 0001:0000ae80       ?AccelerateThink@CApacheHVR@@AAEXXZ 1000be80 f   apache.obj
 0001:0000afe0       _monster_barnacle          1000bfe0 f   barnacle.obj
 0001:0000b040       ?Save@CBarnacle@@UAEHAAVCSave@@@Z 1000c040 f   barnacle.obj
 0001:0000b0b0       ?Restore@CBarnacle@@UAEHAAVCRestore@@@Z 1000c0b0 f   barnacle.obj
 0001:0000b0e0       ?HandleAnimEvent@CBarnacle@@UAEXPAUMonsterEvent_t@@@Z 1000c0e0 f   barnacle.obj
 0001:0000b110       ?Spawn@CBarnacle@@UAEXXZ   1000c110 f   barnacle.obj
 0001:0000b250       ?TakeDamage@CBarnacle@@UAEHPAUentvars_s@@0MH@Z 1000c250 f   barnacle.obj
 0001:0000b280       ?BarnacleThink@CBarnacle@@QAEXXZ 1000c280 f   barnacle.obj
 0001:0000b830       ?Killed@CBarnacle@@UAEXPAUentvars_s@@H@Z 1000c830 f   barnacle.obj
 0001:0000b920       ?WaitTillDead@CBarnacle@@QAEXXZ 1000c920 f   barnacle.obj
 0001:0000b970       ?Precache@CBarnacle@@UAEXXZ 1000c970 f   barnacle.obj
 0001:0000b9f0       ?TongueTouchEnt@CBarnacle@@QAEPAVCBaseEntity@@PAM@Z 1000c9f0 f   barnacle.obj
 0001:0000bb20       _monster_barney            1000cb20 f   barney.obj
 0001:0000bb80       ?FriendNumber@CTalkMonster@@UAEHH@Z 1000cb80 f i barney.obj
 0001:0000bb90       ?ObjectCaps@CMilitary@@UAEHXZ 1000cb90 f i barney.obj
 0001:0000bb90       ?ObjectCaps@CScientist@@UAEHXZ 1000cb90 f i barney.obj
 0001:0000bb90       ?ObjectCaps@CBarney@@UAEHXZ 1000cb90 f i barney.obj
 0001:0000bbd0       ?Save@CBarney@@UAEHAAVCSave@@@Z 1000cbd0 f   barney.obj
 0001:0000bc40       ?Restore@CBarney@@UAEHAAVCRestore@@@Z 1000cc40 f   barney.obj
 0001:0000bc70       ?ScheduleFromName@CBarney@@UAEPAUSchedule_t@@PBD@Z 1000cc70 f   barney.obj
 0001:0000bca0       ?StartTask@CBarney@@UAEXPAUTask_t@@@Z 1000cca0 f   barney.obj
 0001:0000bcb0       ?RunTask@CBarney@@UAEXPAUTask_t@@@Z 1000ccb0 f   barney.obj
 0001:0000bd10       ?ISoundMask@CBarney@@UAEHXZ 1000cd10 f   barney.obj
 0001:0000bd20       ?AlertSound@CBarney@@UAEXXZ 1000cd20 f   barney.obj
 0001:0000be30       ?SetYawSpeed@CBarney@@UAEXXZ 1000ce30 f   barney.obj
 0001:0000be70       ?CheckRangeAttack1@CBarney@@UAEHMM@Z 1000ce70 f   barney.obj
 0001:0000bfe0       ?BarneyFirePistol@CBarney@@QAEXXZ 1000cfe0 f   barney.obj
 0001:0000c1d0       ?HandleAnimEvent@CBarney@@UAEXPAUMonsterEvent_t@@@Z 1000d1d0 f   barney.obj
 0001:0000c230       ?Spawn@CBarney@@UAEXXZ     1000d230 f   barney.obj
 0001:0000c390       ?Precache@CBarney@@UAEXXZ  1000d390 f   barney.obj
 0001:0000c430       ?TalkInit@CBarney@@QAEXXZ  1000d430 f   barney.obj
 0001:0000c560       ?TakeDamage@CBarney@@UAEHPAUentvars_s@@0MH@Z 1000d560 f   barney.obj
 0001:0000c9b0       ?PainSound@CBarney@@UAEXXZ 1000d9b0 f   barney.obj
 0001:0000caa0       ?DeathSound@CBarney@@UAEXXZ 1000daa0 f   barney.obj
 0001:0000cb50       ?TraceAttack@CBarney@@UAEXPAUentvars_s@@MVVector@@PAUTraceResult@@H@Z 1000db50 f   barney.obj
 0001:0000cbf0       ?Killed@CBarney@@UAEXPAUentvars_s@@H@Z 1000dbf0 f   barney.obj
 0001:0000cc70       ?GetScheduleOfType@CBarney@@UAEPAUSchedule_t@@H@Z 1000dc70 f   barney.obj
 0001:0000cd30       ?GetSchedule@CBarney@@UAEPAUSchedule_t@@XZ 1000dd30 f   barney.obj
 0001:0000d010       ?GetIdealState@CBarney@@UAE?AW4MONSTERSTATE@@XZ 1000e010 f   barney.obj
 0001:0000d020       _monster_barney_dead       1000e020 f   barney.obj
 0001:0000d080       ?Spawn@CDeadBarney@@UAEXXZ 1000e080 f   barney.obj
 0001:0000d130       _info_bigmomma             1000e130 f   bigmomma.obj
 0001:0000d180       ?Save@CInfoBM@@UAEHAAVCSave@@@Z 1000e180 f   bigmomma.obj
 0001:0000d1f0       ?Restore@CInfoBM@@UAEHAAVCRestore@@@Z 1000e1f0 f   bigmomma.obj
 0001:0000d220       ?KeyValue@CInfoBM@@UAEXPAUKeyValueData_s@@@Z 1000e220 f   bigmomma.obj
 0001:0000d4f0       _bmortar                   1000e4f0 f   bigmomma.obj
 0001:0000d540       ?Save@CBMortar@@UAEHAAVCSave@@@Z 1000e540 f   bigmomma.obj
 0001:0000d5b0       ?Restore@CBMortar@@UAEHAAVCRestore@@@Z 1000e5b0 f   bigmomma.obj
 0001:0000d5e0       _monster_bigmomma          1000e5e0 f   bigmomma.obj
 0001:0000d640       ?OverrideReset@CBigMomma@@UAEXXZ 1000e640 f i bigmomma.obj
 0001:0000d650       ?SetObjectCollisionBox@CBigMomma@@UAEXXZ 1000e650 f i bigmomma.obj
 0001:0000d6f0       ?Save@CBigMomma@@UAEHAAVCSave@@@Z 1000e6f0 f   bigmomma.obj
 0001:0000d760       ?Restore@CBigMomma@@UAEHAAVCRestore@@@Z 1000e760 f   bigmomma.obj
 0001:0000d790       ?KeyValue@CBigMomma@@UAEXPAUKeyValueData_s@@@Z 1000e790 f   bigmomma.obj
 0001:0000d7a0       ?SetYawSpeed@CBigMomma@@UAEXXZ 1000e7a0 f   bigmomma.obj
 0001:0000d7d0       ?HandleAnimEvent@CBigMomma@@UAEXPAUMonsterEvent_t@@@Z 1000e7d0 f   bigmomma.obj
 0001:0000e080       ?TraceAttack@CBigMomma@@UAEXPAUentvars_s@@MVVector@@PAUTraceResult@@H@Z 1000f080 f   bigmomma.obj
 0001:0000e1a0       ?TakeDamage@CBigMomma@@UAEHPAUentvars_s@@0MH@Z 1000f1a0 f   bigmomma.obj
 0001:0000e220       ?LayHeadcrab@CBigMomma@@QAEXXZ 1000f220 f   bigmomma.obj
 0001:0000e360       ?DeathNotice@CBigMomma@@UAEXPAUentvars_s@@@Z 1000f360 f   bigmomma.obj
 0001:0000e3d0       ?LaunchMortar@CBigMomma@@QAEXXZ 1000f3d0 f   bigmomma.obj
 0001:0000e5d0       ?Spawn@CBigMomma@@UAEXXZ   1000f5d0 f   bigmomma.obj
 0001:0000e700       ?Precache@CBigMomma@@UAEXXZ 1000f700 f   bigmomma.obj
 0001:0000e880       ?Activate@CBigMomma@@UAEXXZ 1000f880 f   bigmomma.obj
 0001:0000e8b0       ?NodeStart@CBigMomma@@QAEXH@Z 1000f8b0 f   bigmomma.obj
 0001:0000e950       ?NodeReach@CBigMomma@@QAEXXZ 1000f950 f   bigmomma.obj
 0001:0000ea40       ?CheckMeleeAttack1@CBigMomma@@UAEHMM@Z 1000fa40 f   bigmomma.obj
 0001:0000ea70       ?CheckMeleeAttack2@CBigMomma@@UAEHMM@Z 1000fa70 f   bigmomma.obj
 0001:0000eb30       ?CheckRangeAttack1@CBigMomma@@UAEHMM@Z 1000fb30 f   bigmomma.obj
 0001:0000ec40       ?ScheduleFromName@CBigMomma@@UAEPAUSchedule_t@@PBD@Z 1000fc40 f   bigmomma.obj
 0001:0000ec70       ?GetScheduleOfType@CBigMomma@@UAEPAUSchedule_t@@H@Z 1000fc70 f   bigmomma.obj
 0001:0000eca0       ?ShouldGoToNode@CBigMomma@@QAEHXZ 1000fca0 f   bigmomma.obj
 0001:0000ecd0       ?SetActivity@CBigMomma@@UAEXW4Activity@@@Z 1000fcd0 f   bigmomma.obj
 0001:0000eda0       ?edict@CBaseEntity@@QAEPAUedict_s@@XZ 1000fda0 f i bigmomma.obj
 0001:0000edb0       ?GetSchedule@CBigMomma@@UAEPAUSchedule_t@@XZ 1000fdb0 f   bigmomma.obj
 0001:0000ede0       ?StartTask@CBigMomma@@UAEXPAUTask_t@@@Z 1000fde0 f   bigmomma.obj
 0001:0000f2c0       ?RunTask@CBigMomma@@UAEXPAUTask_t@@@Z 100102c0 f   bigmomma.obj
 0001:0000f460       ?VecCheckSplatToss@@YA?AVVector@@PAUentvars_s@@ABV1@V1@M@Z 10010460 f   bigmomma.obj
 0001:0000f5f0       ?MortarSpray@@YAXABVVector@@0HH@Z 100105f0 f   bigmomma.obj
 0001:0000f680       ?Spawn@CBMortar@@UAEXXZ    10010680 f   bigmomma.obj
 0001:0000f790       ?Animate@CBMortar@@QAEXXZ  10010790 f   bigmomma.obj
 0001:0000f8d0       ?Shoot@CBMortar@@SAPAV1@PAUedict_s@@VVector@@1@Z 100108d0 f   bigmomma.obj
 0001:0000f980       ?Touch@CBMortar@@UAEXPAVCBaseEntity@@@Z 10010980 f   bigmomma.obj
 0001:0000fbe0       _monster_bloater           10010be0 f   bloater.obj
 0001:0000fc40       ?CheckRangeAttack2@CBloater@@UAEHMM@Z 10010c40 f i bloater.obj
 0001:0000fc40       ?CheckRangeAttack1@CZombie@@UAEHMM@Z 10010c40 f i bloater.obj
 0001:0000fc40       ?CheckRangeAttack2@CZombie@@UAEHMM@Z 10010c40 f i bloater.obj
 0001:0000fc40       ?ClientCommand@CGameRules@@UAEHPAVCBasePlayer@@PBD@Z 10010c40 f i bloater.obj
 0001:0000fc40       ?CheckRangeAttack1@CBloater@@UAEHMM@Z 10010c40 f i bloater.obj
 0001:0000fc50       ?TakeDamage@CBloater@@UAEHPAUentvars_s@@0MH@Z 10010c50 f   bloater.obj
 0001:0000fc80       ?HandleAnimEvent@CBloater@@UAEXPAUMonsterEvent_t@@@Z 10010c80 f   bloater.obj
 0001:0000fca0       ?Spawn@CBloater@@UAEXXZ    10010ca0 f   bloater.obj
 0001:0000fdd0       ?Precache@CBloater@@UAEXXZ 10010dd0 f   bloater.obj
 0001:0000fe10       ?VecBModelOrigin@@YA?AVVector@@PAUentvars_s@@@Z 10010e10 f   bmodels.obj
 0001:0000fe70       _func_wall                 10010e70 f   bmodels.obj
 0001:0000fec0       ?GetState@CFuncWall@@UAE?AW4STATE@@XZ 10010ec0 f i bmodels.obj
 0001:0000fee0       ?Spawn@CFuncWall@@UAEXXZ   10010ee0 f   bmodels.obj
 0001:0000ff60       ?Use@CFuncWall@@UAEXPAVCBaseEntity@@0W4USE_TYPE@@M@Z 10010f60 f   bmodels.obj
 0001:0000ffa0       _func_wall_toggle          10010fa0 f   bmodels.obj
 0001:0000fff0       ?GetState@CFuncWallToggle@@UAE?AW4STATE@@XZ 10010ff0 f i bmodels.obj
 0001:00010010       ?Spawn@CFuncWallToggle@@UAEXXZ 10011010 f   bmodels.obj
 0001:00010030       ?TurnOff@CFuncWallToggle@@QAEXXZ 10011030 f   bmodels.obj
 0001:00010060       ?TurnOn@CFuncWallToggle@@QAEXXZ 10011060 f   bmodels.obj
 0001:00010090       ?Use@CFuncWallToggle@@UAEXPAVCBaseEntity@@0W4USE_TYPE@@M@Z 10011090 f   bmodels.obj
 0001:000100d0       _func_conveyor             100110d0 f   bmodels.obj
 0001:00010120       ?Spawn@CFuncConveyor@@UAEXXZ 10011120 f   bmodels.obj
 0001:000101a0       ?UpdateSpeed@CFuncConveyor@@QAEXM@Z 100111a0 f   bmodels.obj
 0001:00010220       ?Use@CFuncConveyor@@UAEXPAVCBaseEntity@@0W4USE_TYPE@@M@Z 10011220 f   bmodels.obj
 0001:00010250       _func_illusionary          10011250 f   bmodels.obj
 0001:000102a0       ?KeyValue@CFuncIllusionary@@UAEXPAUKeyValueData_s@@@Z 100112a0 f   bmodels.obj
 0001:00010320       ?Spawn@CFuncIllusionary@@UAEXXZ 10011320 f   bmodels.obj
 0001:00010380       _func_shine                10011380 f   bmodels.obj
 0001:000103d0       ?Spawn@CFuncShine@@UAEXXZ  100113d0 f   bmodels.obj
 0001:00010440       ?Activate@CFuncShine@@UAEXXZ 10011440 f   bmodels.obj
 0001:00010460       ?DesiredAction@CFuncShine@@UAEXXZ 10011460 f   bmodels.obj
 0001:000104a0       ?Think@CFuncShine@@UAEXXZ  100114a0 f   bmodels.obj
 0001:00010590       _func_monsterclip          10011590 f   bmodels.obj
 0001:000105e0       ?Spawn@CFuncMonsterClip@@UAEXXZ 100115e0 f   bmodels.obj
 0001:00010620       ?Save@CFuncRotating@@UAEHAAVCSave@@@Z 10011620 f   bmodels.obj
 0001:00010690       ?Restore@CFuncRotating@@UAEHAAVCRestore@@@Z 10011690 f   bmodels.obj
 0001:000106c0       _func_rotating             100116c0 f   bmodels.obj
 0001:00010710       ?GetState@CFuncRotating@@UAE?AW4STATE@@XZ 10011710 f i bmodels.obj
 0001:00010720       ?KeyValue@CFuncRotating@@UAEXPAUKeyValueData_s@@@Z 10011720 f   bmodels.obj
 0001:00010aa0       ?Spawn@CFuncRotating@@UAEXXZ 10011aa0 f   bmodels.obj
 0001:00010d40       ?Precache@CFuncRotating@@UAEXXZ 10011d40 f   bmodels.obj
 0001:00010eb0       ?WaitForStart@CFuncRotating@@QAEXXZ 10011eb0 f   bmodels.obj
 0001:00010ee0       ?HurtTouch@CFuncRotating@@QAEXPAVCBaseEntity@@@Z 10011ee0 f   bmodels.obj
 0001:00011010       ?RampPitchVol@CFuncRotating@@QAEXH@Z 10012010 f   bmodels.obj
 0001:00011090       ?SpinUp@CFuncRotating@@QAEXXZ 10012090 f   bmodels.obj
 0001:000111b0       ?SpinDown@CFuncRotating@@QAEXXZ 100121b0 f   bmodels.obj
 0001:000112c0       ?Rotate@CFuncRotating@@QAEXXZ 100122c0 f   bmodels.obj
 0001:000112d0       ?RotatingUse@CFuncRotating@@QAEXPAVCBaseEntity@@0W4USE_TYPE@@M@Z 100122d0 f   bmodels.obj
 0001:00011440       ?Blocked@CFuncRotating@@UAEXPAVCBaseEntity@@@Z 10012440 f   bmodels.obj
 0001:00011460       _func_pendulum             10012460 f   bmodels.obj
 0001:000114b0       ?GetState@CPendulum@@UAE?AW4STATE@@XZ 100124b0 f i bmodels.obj
 0001:000114d0       ?Save@CPendulum@@UAEHAAVCSave@@@Z 100124d0 f   bmodels.obj
 0001:00011540       ?Restore@CPendulum@@UAEHAAVCRestore@@@Z 10012540 f   bmodels.obj
 0001:00011570       ?KeyValue@CPendulum@@UAEXPAUKeyValueData_s@@@Z 10012570 f   bmodels.obj
 0001:00011790       ?Spawn@CPendulum@@UAEXXZ   10012790 f   bmodels.obj
 0001:00011930       ?PendulumUse@CPendulum@@QAEXPAVCBaseEntity@@0W4USE_TYPE@@M@Z 10012930 f   bmodels.obj
 0001:00011a50       ?StopThink@CPendulum@@QAEXXZ 10012a50 f   bmodels.obj
 0001:00011ac0       ?Blocked@CPendulum@@UAEXPAVCBaseEntity@@@Z 10012ac0 f   bmodels.obj
 0001:00011ad0       ?SwingThink@CPendulum@@QAEXXZ 10012ad0 f   bmodels.obj
 0001:00011cc0       ?Touch@CPendulum@@UAEXPAVCBaseEntity@@@Z 10012cc0 f   bmodels.obj
 0001:00011e10       ?RopeTouch@CPendulum@@QAEXPAVCBaseEntity@@@Z 10012e10 f   bmodels.obj
 0001:00011e90       _squidspit                 10012e90 f   bullsquid.obj
 0001:00011ee0       ?Save@CSquidSpit@@UAEHAAVCSave@@@Z 10012ee0 f   bullsquid.obj
 0001:00011f50       ?Restore@CSquidSpit@@UAEHAAVCRestore@@@Z 10012f50 f   bullsquid.obj
 0001:00011f80       ?Spawn@CSquidSpit@@UAEXXZ  10012f80 f   bullsquid.obj
 0001:00012080       ?Animate@CSquidSpit@@QAEXXZ 10013080 f   bullsquid.obj
 0001:000120e0       ?Shoot@CSquidSpit@@SAXPAUentvars_s@@VVector@@1@Z 100130e0 f   bullsquid.obj
 0001:00012190       ?Touch@CSquidSpit@@UAEXPAVCBaseEntity@@@Z 10013190 f   bullsquid.obj
 0001:00012380       _monster_bullchicken       10013380 f   bullsquid.obj
 0001:00012380       _monster_bullsquid         10013380 f   bullsquid.obj
 0001:000123e0       ?Save@CBullsquid@@UAEHAAVCSave@@@Z 100133e0 f   bullsquid.obj
 0001:00012450       ?Restore@CBullsquid@@UAEHAAVCRestore@@@Z 10013450 f   bullsquid.obj
 0001:00012480       ?IgnoreConditions@CBullsquid@@UAEHXZ 10013480 f   bullsquid.obj
 0001:00012520       ?IRelationship@CBullsquid@@UAEHPAVCBaseEntity@@@Z 10013520 f   bullsquid.obj
 0001:000125a0       ?TakeDamage@CBullsquid@@UAEHPAUentvars_s@@0MH@Z 100135a0 f   bullsquid.obj
 0001:00012740       ?CheckRangeAttack1@CBullsquid@@UAEHMM@Z 10013740 f   bullsquid.obj
 0001:00012840       ?CheckMeleeAttack1@CBullsquid@@UAEHMM@Z 10013840 f   bullsquid.obj
 0001:00012890       ?CheckMeleeAttack2@CBullsquid@@UAEHMM@Z 10013890 f   bullsquid.obj
 0001:000128d0       ?FValidateHintType@CBullsquid@@UAEHF@Z 100138d0 f   bullsquid.obj
 0001:00012910       ?ISoundMask@CBullsquid@@UAEHXZ 10013910 f   bullsquid.obj
 0001:00012920       ?Classify@CBullsquid@@UAEHXZ 10013920 f   bullsquid.obj
 0001:00012930       ?IdleSound@CBullsquid@@UAEXXZ 10013930 f   bullsquid.obj
 0001:00012a20       ?PainSound@CBullsquid@@UAEXXZ 10013a20 f   bullsquid.obj
 0001:00012af0       ?AlertSound@CBullsquid@@UAEXXZ 10013af0 f   bullsquid.obj
 0001:00012b70       ?SetYawSpeed@CBullsquid@@UAEXXZ 10013b70 f   bullsquid.obj
 0001:00012ba0       ?HandleAnimEvent@CBullsquid@@UAEXPAUMonsterEvent_t@@@Z 10013ba0 f   bullsquid.obj
 0001:00013500       ?Spawn@CBullsquid@@UAEXXZ  10014500 f   bullsquid.obj
 0001:00013620       ?Precache@CBullsquid@@UAEXXZ 10014620 f   bullsquid.obj
 0001:00013770       ?DeathSound@CBullsquid@@UAEXXZ 10014770 f   bullsquid.obj
 0001:00013810       ?AttackSound@CBullsquid@@QAEXXZ 10014810 f   bullsquid.obj
 0001:00013880       ?RunAI@CBullsquid@@UAEXXZ  10014880 f   bullsquid.obj
 0001:00013920       ?ScheduleFromName@CBullsquid@@UAEPAUSchedule_t@@PBD@Z 10014920 f   bullsquid.obj
 0001:00013950       ?GetSchedule@CBullsquid@@UAEPAUSchedule_t@@XZ 10014950 f   bullsquid.obj
 0001:00013b00       ?GetScheduleOfType@CBullsquid@@UAEPAUSchedule_t@@H@Z 10014b00 f   bullsquid.obj
 0001:00013bb0       ?StartTask@CBullsquid@@UAEXPAUTask_t@@@Z 10014bb0 f   bullsquid.obj
 0001:00013d10       ?RunTask@CBullsquid@@UAEXPAUTask_t@@@Z 10014d10 f   bullsquid.obj
 0001:00013d90       ?GetIdealState@CBullsquid@@UAE?AW4MONSTERSTATE@@XZ 10014d90 f   bullsquid.obj
 0001:00013e40       ?Save@CEnvGlobal@@UAEHAAVCSave@@@Z 10014e40 f   buttons.obj
 0001:00013eb0       ?Restore@CEnvGlobal@@UAEHAAVCRestore@@@Z 10014eb0 f   buttons.obj
 0001:00013ee0       _env_global                10014ee0 f   buttons.obj
 0001:00013f30       ?KeyValue@CEnvGlobal@@UAEXPAUKeyValueData_s@@@Z 10014f30 f   buttons.obj
 0001:00014130       ?Spawn@CEnvGlobal@@UAEXXZ  10015130 f   buttons.obj
 0001:000141a0       ?Use@CEnvGlobal@@UAEXPAVCBaseEntity@@0W4USE_TYPE@@M@Z 100151a0 f   buttons.obj
 0001:00014230       ?Spawn@CEnvState@@UAEXXZ   10015230 f   buttons.obj
 0001:00014260       ?Save@CEnvState@@UAEHAAVCSave@@@Z 10015260 f   buttons.obj
 0001:000142d0       ?Restore@CEnvState@@UAEHAAVCRestore@@@Z 100152d0 f   buttons.obj
 0001:00014300       _env_state                 10015300 f   buttons.obj
 0001:00014350       ?KeyValue@CEnvState@@UAEXPAUKeyValueData_s@@@Z 10015350 f   buttons.obj
 0001:00014550       ?Use@CEnvState@@UAEXPAVCBaseEntity@@0W4USE_TYPE@@M@Z 10015550 f   buttons.obj
 0001:00014980       ?Think@CEnvState@@UAEXXZ   10015980 f   buttons.obj
 0001:00014ba0       ?Save@CMultiSource@@UAEHAAVCSave@@@Z 10015ba0 f   buttons.obj
 0001:00014c10       ?Restore@CMultiSource@@UAEHAAVCRestore@@@Z 10015c10 f   buttons.obj
 0001:00014c40       _multisource               10015c40 f   buttons.obj
 0001:00014c90       ?KeyValue@CMultiSource@@UAEXPAUKeyValueData_s@@@Z 10015c90 f   buttons.obj
 0001:00014f40       ?Spawn@CMultiSource@@UAEXXZ 10015f40 f   buttons.obj
 0001:00014f80       ?Use@CMultiSource@@UAEXPAVCBaseEntity@@0W4USE_TYPE@@M@Z 10015f80 f   buttons.obj
 0001:00015130       ?GetState@CMultiSource@@UAE?AW4STATE@@XZ 10016130 f   buttons.obj
 0001:00015190       ?Register@CMultiSource@@QAEXXZ 10016190 f   buttons.obj
 0001:000152d0       ?ObjectCaps@CBaseButton@@UAEHXZ 100162d0 f   buttons.obj
 0001:00015340       ?Save@CBaseButton@@UAEHAAVCSave@@@Z 10016340 f   buttons.obj
 0001:000153b0       ?Restore@CBaseButton@@UAEHAAVCRestore@@@Z 100163b0 f   buttons.obj
 0001:000153e0       ?Precache@CBaseButton@@UAEXXZ 100163e0 f   buttons.obj
 0001:000156a0       ?KeyValue@CBaseButton@@UAEXPAUKeyValueData_s@@@Z 100166a0 f   buttons.obj
 0001:00015920       ?TakeDamage@CBaseButton@@UAEHPAUentvars_s@@0MH@Z 10016920 f   buttons.obj
 0001:000159f0       _func_button               100169f0 f   buttons.obj
 0001:00015a40       ?Spawn@CBaseButton@@UAEXXZ 10016a40 f   buttons.obj
 0001:00015d00       ?PostSpawn@CBaseButton@@UAEXXZ 10016d00 f   buttons.obj
 0001:00015e50       ?ButtonSound@@YAPADH@Z     10016e50 f   buttons.obj
 0001:00015f40       ?DoSpark@@YAXPAUentvars_s@@ABVVector@@@Z 10016f40 f   buttons.obj
 0001:000160e0       ?ButtonSpark@CBaseButton@@QAEXXZ 100170e0 f   buttons.obj
 0001:00016130       ?ButtonUse@CBaseButton@@QAEXPAVCBaseEntity@@0W4USE_TYPE@@M@Z 10017130 f   buttons.obj
 0001:000161c0       ?ButtonUse_IgnorePlayer@CBaseButton@@QAEXPAVCBaseEntity@@0W4USE_TYPE@@M@Z 100171c0 f   buttons.obj
 0001:00016200       ?ButtonResponseToTouch@CBaseButton@@QAE?AW4BUTTON_CODE@1@XZ 10017200 f   buttons.obj
 0001:00016260       ?ButtonTouch@CBaseButton@@QAEXPAVCBaseEntity@@@Z 10017260 f   buttons.obj
 0001:00016380       ?ButtonActivate@CBaseButton@@QAEXXZ 10017380 f   buttons.obj
 0001:00016490       ?TriggerAndWait@CBaseButton@@QAEXXZ 10017490 f   buttons.obj
 0001:00016560       ?ButtonReturn@CBaseButton@@QAEXXZ 10017560 f   buttons.obj
 0001:000165f0       ?ButtonBackHome@CBaseButton@@QAEXXZ 100175f0 f   buttons.obj
 0001:00016740       _func_rot_button           10017740 f   buttons.obj
 0001:00016790       ?KeyValue@CRotButton@@UAEXPAUKeyValueData_s@@@Z 10017790 f   buttons.obj
 0001:00016810       ?Spawn@CRotButton@@UAEXXZ  10017810 f   buttons.obj
 0001:00016a40       ?Save@CMomentaryRotButton@@UAEHAAVCSave@@@Z 10017a40 f   buttons.obj
 0001:00016ab0       ?Restore@CMomentaryRotButton@@UAEHAAVCRestore@@@Z 10017ab0 f   buttons.obj
 0001:00016ae0       _momentary_rot_button      10017ae0 f   buttons.obj
 0001:00016b40       ?ObjectCaps@CMomentaryRotButton@@UAEHXZ 10017b40 f i buttons.obj
 0001:00016b70       ?Spawn@CMomentaryRotButton@@UAEXXZ 10017b70 f   buttons.obj
 0001:00016d50       ?KeyValue@CMomentaryRotButton@@UAEXPAUKeyValueData_s@@@Z 10017d50 f   buttons.obj
 0001:00016e70       ?PlaySound@CMomentaryRotButton@@QAEXXZ 10017e70 f   buttons.obj
 0001:00016eb0       ?Use@CMomentaryRotButton@@UAEXPAVCBaseEntity@@0W4USE_TYPE@@M@Z 10017eb0 f   buttons.obj
 0001:00016f80       ?UpdateAllButtons@CMomentaryRotButton@@QAEXMH@Z 10017f80 f   buttons.obj
 0001:00017050       ?UpdateSelf@CMomentaryRotButton@@QAEXM@Z 10018050 f   buttons.obj
 0001:000171c0       ?UpdateTarget@CMomentaryRotButton@@QAEXM@Z 100181c0 f   buttons.obj
 0001:00017240       ?Off@CMomentaryRotButton@@QAEXXZ 10018240 f   buttons.obj
 0001:000172b0       ?Return@CMomentaryRotButton@@QAEXXZ 100182b0 f   buttons.obj
 0001:00017310       ?UpdateSelfReturn@CMomentaryRotButton@@QAEXM@Z 10018310 f   buttons.obj
 0001:000173d0       ?Save@CEnvSpark@@UAEHAAVCSave@@@Z 100183d0 f   buttons.obj
 0001:00017440       ?Restore@CEnvSpark@@UAEHAAVCRestore@@@Z 10018440 f   buttons.obj
 0001:00017470       ?GetState@CEnvSpark@@UAE?AW4STATE@@XZ 10018470 f i buttons.obj
 0001:00017480       _env_debris                10018480 f   buttons.obj
 0001:00017480       _env_spark                 10018480 f   buttons.obj
 0001:000174d0       ?Spawn@CEnvSpark@@UAEXXZ   100184d0 f   buttons.obj
 0001:00017570       ?Precache@CEnvSpark@@UAEXXZ 10018570 f   buttons.obj
 0001:000175c0       ?KeyValue@CEnvSpark@@UAEXPAUKeyValueData_s@@@Z 100185c0 f   buttons.obj
 0001:00017870       ?SparkCyclic@CEnvSpark@@QAEXPAVCBaseEntity@@0W4USE_TYPE@@M@Z 10018870 f   buttons.obj
 0001:000178b0       ?SparkThink@CEnvSpark@@QAEXXZ 100188b0 f   buttons.obj
 0001:00017900       ?SparkStart@CEnvSpark@@QAEXPAVCBaseEntity@@0W4USE_TYPE@@M@Z 10018900 f   buttons.obj
 0001:00017950       ?SparkStop@CEnvSpark@@QAEXPAVCBaseEntity@@0W4USE_TYPE@@M@Z 10018950 f   buttons.obj
 0001:00017970       _button_target             10018970 f   buttons.obj
 0001:000179c0       ?Spawn@CButtonTarget@@UAEXXZ 100189c0 f   buttons.obj
 0001:00017a30       ?Use@CButtonTarget@@UAEXPAVCBaseEntity@@0W4USE_TYPE@@M@Z 10018a30 f   buttons.obj
 0001:00017ab0       ?ObjectCaps@CButtonTarget@@UAEHXZ 10018ab0 f   buttons.obj
 0001:00017ae0       ?TakeDamage@CButtonTarget@@UAEHPAUentvars_s@@0MH@Z 10018ae0 f   buttons.obj
 0001:00017b20       _GetEntityAPI              10018b20 f   cbase.obj
 0001:00017b50       _GetEntityAPI2             10018b50 f   cbase.obj
 0001:00017b90       ?DispatchSpawn@@YAHPAUedict_s@@@Z 10018b90 f   cbase.obj
 0001:00017d70       ?DispatchKeyValue@@YAXPAUedict_s@@PAUKeyValueData_s@@@Z 10018d70 f   cbase.obj
 0001:00017db0       ?DispatchTouch@@YAXPAUedict_s@@0@Z 10018db0 f   cbase.obj
 0001:00017e10       ?DispatchUse@@YAXPAUedict_s@@0@Z 10018e10 f   cbase.obj
 0001:00017e50       ?DispatchThink@@YAXPAUedict_s@@@Z 10018e50 f   cbase.obj
 0001:00017ea0       ?DispatchBlocked@@YAXPAUedict_s@@0@Z 10018ea0 f   cbase.obj
 0001:00017ed0       ?DispatchSave@@YAXPAUedict_s@@PAUsaverestore_s@@@Z 10018ed0 f   cbase.obj
 0001:00017fc0       ?FindGlobalEntity@@YAPAVCBaseEntity@@HH@Z 10018fc0 f   cbase.obj
 0001:00018060       ?DispatchRestore@@YAHPAUedict_s@@PAUsaverestore_s@@H@Z 10019060 f   cbase.obj
 0001:00018380       ?DispatchObjectCollsionBox@@YAXPAUedict_s@@@Z 10019380 f   cbase.obj
 0001:000183b0       ?SaveWriteFields@@YAXPAUsaverestore_s@@PBDPAXPAUTYPEDESCRIPTION@@H@Z 100193b0 f   cbase.obj
 0001:000183f0       ?SaveReadFields@@YAXPAUsaverestore_s@@PBDPAXPAUTYPEDESCRIPTION@@H@Z 100193f0 f   cbase.obj
 0001:00018440       ?Get@EHANDLE@@QAEPAUedict_s@@XZ 10019440 f   cbase.obj
 0001:00018460       ??CEHANDLE@@QAEPAVCBaseEntity@@XZ 10019460 f   cbase.obj
 0001:00018460       ??BEHANDLE@@QAEPAVCBaseEntity@@XZ 10019460 f   cbase.obj
 0001:00018470       ??4EHANDLE@@QAEPAVCBaseEntity@@PAV1@@Z 10019470 f   cbase.obj
 0001:000184a0       ??BEHANDLE@@QAEHXZ         100194a0 f   cbase.obj
 0001:000184b0       ?Activate@CBaseEntity@@UAEXXZ 100194b0 f   cbase.obj
 0001:00018500       ?InitMoveWith@CBaseEntity@@QAEXXZ 10019500 f   cbase.obj
 0001:000186c0       ?DontThink@CBaseEntity@@QAEXXZ 100196c0 f   cbase.obj
 0001:000186e0       ?SetEternalThink@CBaseEntity@@QAEXXZ 100196e0 f   cbase.obj
 0001:00018730       ?SetNextThink@CBaseEntity@@UAEXMH@Z 10019730 f   cbase.obj
 0001:000187c0       ?AbsoluteNextThink@CBaseEntity@@UAEXMH@Z 100197c0 f   cbase.obj
 0001:00018820       ?ThinkCorrection@CBaseEntity@@UAEXXZ 10019820 f   cbase.obj
 0001:00018850       ?TakeHealth@CBaseEntity@@UAEHMH@Z 10019850 f   cbase.obj
 0001:000188c0       ?TakeDamage@CBaseEntity@@UAEHPAUentvars_s@@0MH@Z 100198c0 f   cbase.obj
 0001:00018c00       ?Killed@CBaseEntity@@UAEXPAUentvars_s@@H@Z 10019c00 f   cbase.obj
 0001:00018c30       ?GetNextTarget@CBaseEntity@@UAEPAV1@XZ 10019c30 f   cbase.obj
 0001:00018c60       ?Save@CBaseEntity@@UAEHAAVCSave@@@Z 10019c60 f   cbase.obj
 0001:00018ce0       ?Restore@CBaseEntity@@UAEHAAVCRestore@@@Z 10019ce0 f   cbase.obj
 0001:00018f80       ?SetObjectCollisionBox@CBaseEntity@@UAEXXZ 10019f80 f   cbase.obj
 0001:00018f90       ?Intersects@CBaseEntity@@QAEHPAV1@@Z 10019f90 f   cbase.obj
 0001:00019020       ?MakeDormant@CBaseEntity@@QAEXXZ 1001a020 f   cbase.obj
 0001:00019080       ?IsDormant@CBaseEntity@@QAEHXZ 1001a080 f   cbase.obj
 0001:00019090       ?IsInWorld@CBaseEntity@@UAEHXZ 1001a090 f   cbase.obj
 0001:00019180       ?ShouldToggle@CBaseEntity@@QAEHW4USE_TYPE@@H@Z 1001a180 f   cbase.obj
 0001:000191b0       ?ShouldToggle@CBaseEntity@@QAEHW4USE_TYPE@@@Z 1001a1b0 f   cbase.obj
 0001:00019200       ?DamageDecal@CBaseEntity@@UAEHH@Z 1001a200 f   cbase.obj
 0001:00019230       ?Create@CBaseEntity@@SAPAV1@PADABVVector@@1PAUedict_s@@@Z 1001a230 f   cbase.obj
 0001:000192d0       ?ClientConnect@@YAHPAUedict_s@@PBD1QAD@Z 1001a2d0 f   client.obj
 0001:000192f0       ?ClientDisconnect@@YAXPAUedict_s@@@Z 1001a2f0 f   client.obj
 0001:000193b0       ?respawn@@YAXPAUentvars_s@@H@Z 1001a3b0 f   client.obj
 0001:00019460       ?ClientKill@@YAXPAUedict_s@@@Z 1001a460 f   client.obj
 0001:000194d0       ?ClientPutInServer@@YAXPAUedict_s@@@Z 1001a4d0 f   client.obj
 0001:00019550       ?Host_Say@@YAXPAUedict_s@@H@Z 1001a550 f   client.obj
 0001:000199f0       ?ClientCommand@@YAXPAUedict_s@@@Z 1001a9f0 f   client.obj
 0001:0001a930       ?ClientUserInfoChanged@@YAXPAUedict_s@@PAD@Z 1001b930 f   client.obj
 0001:0001abc0       ?VARS@@YAPAUentvars_s@@PAUedict_s@@@Z 1001bbc0 f i client.obj
 0001:0001abd0       ?ServerDeactivate@@YAXXZ   1001bbd0 f   client.obj
 0001:0001abf0       ?ServerActivate@@YAXPAUedict_s@@HH@Z 1001bbf0 f   client.obj
 0001:0001ac90       ?PlayerPreThink@@YAXPAUedict_s@@@Z 1001bc90 f   client.obj
 0001:0001ace0       ?PlayerPostThink@@YAXPAUedict_s@@@Z 1001bce0 f   client.obj
 0001:0001ad10       ?ParmsChangeLevel@@YAXXZ   1001bd10 f   client.obj
 0001:0001ad40       ?StartFrame@@YAXXZ         1001bd40 f   client.obj
 0001:0001ad80       ?ClientPrecache@@YAXXZ     1001bd80 f   client.obj
 0001:0001b250       ?GetGameDescription@@YAPBDXZ 1001c250 f   client.obj
 0001:0001b260       ?PlayerCustomization@@YAXPAUedict_s@@PAUcustomization_s@@@Z 1001c260 f   client.obj
 0001:0001b2d0       ?SpectatorConnect@@YAXPAUedict_s@@@Z 1001c2d0 f   client.obj
 0001:0001b2f0       ?SpectatorDisconnect@@YAXPAUedict_s@@@Z 1001c2f0 f   client.obj
 0001:0001b310       ?SpectatorThink@@YAXPAUedict_s@@@Z 1001c310 f   client.obj
 0001:0001b330       ?SetupVisibility@@YAXPAUedict_s@@0PAPAE1@Z 1001c330 f   client.obj
 0001:0001b420       ?AddToFullPack@@YAHPAUentity_state_s@@HPAUedict_s@@1HHPAE@Z 1001c420 f   client.obj
 0001:0001b860       ?CreateBaseline@@YAXHHPAUentity_state_s@@PAUedict_s@@HVVector@@2@Z 1001c860 f   client.obj
 0001:0001ba00       ?BodyTarget@CBasePlayer@@UAE?AVVector@@ABV2@@Z 1001ca00 f i client.obj
 0001:0001ba70       ?StartSneaking@CBasePlayer@@UAEXXZ 1001ca70 f i client.obj
 0001:0001ba90       ?StopSneaking@CBasePlayer@@UAEXXZ 1001ca90 f i client.obj
 0001:0001bab0       ?IsSneaking@CBasePlayer@@UAEHXZ 1001cab0 f i client.obj
 0001:0001bad0       ?Entity_FieldInit@@YAXPAUdelta_s@@@Z 1001cad0 f   client.obj
 0001:0001bb40       ?Entity_Encode@@YAXPAUdelta_s@@PBE1@Z 1001cb40 f   client.obj
 0001:0001bca0       ?Player_FieldInit@@YAXPAUdelta_s@@@Z 1001cca0 f   client.obj
 0001:0001bce0       ?Player_Encode@@YAXPAUdelta_s@@PBE1@Z 1001cce0 f   client.obj
 0001:0001bdc0       ?Custom_Entity_FieldInit@@YAXPAUdelta_s@@@Z 1001cdc0 f   client.obj
 0001:0001be70       ?Custom_Encode@@YAXPAUdelta_s@@PBE1@Z 1001ce70 f   client.obj
 0001:0001bf60       ?RegisterEncoders@@YAXXZ   1001cf60 f   client.obj
 0001:0001bfa0       ?GetWeaponData@@YAHPAUedict_s@@PAUweapon_data_s@@@Z 1001cfa0 f   client.obj
 0001:0001bfc0       ?UpdateClientData@@YAXPBUedict_s@@HPAUclientdata_s@@@Z 1001cfc0 f   client.obj
 0001:0001c210       ?CmdStart@@YAXPBUedict_s@@PBUusercmd_s@@I@Z 1001d210 f   client.obj
 0001:0001c280       ?CmdEnd@@YAXPBUedict_s@@@Z 1001d280 f   client.obj
 0001:0001c2c0       ?ConnectionlessPacket@@YAHPBUnetadr_s@@PBDPADPAH@Z 1001d2c0 f   client.obj
 0001:0001c2d0       ?GetHullBounds@@YAHHPAM0@Z 1001d2d0 f   client.obj
 0001:0001c2f0       ?InconsistentFile@@YAHPBUedict_s@@PBDPAD@Z 1001d2f0 f   client.obj
 0001:0001c330       ?IsTeamplay@CHalfLifeTeamplay@@UAEHXZ 1001d330 f   client.obj
 0001:0001c330       ?FAllowMonsters@CHalfLifeRules@@UAEHXZ 1001d330 f   client.obj
 0001:0001c330       ?AllowLagCompensation@@YAHXZ 1001d330 f   client.obj
 0001:0001c330       ?IsDeathmatch@CHalfLifeMultiplay@@UAEHXZ 1001d330 f   client.obj
 0001:0001c330       ?IsMultiplayer@CHalfLifeMultiplay@@UAEHXZ 1001d330 f   client.obj
 0001:0001c330       ?IsUseable@CHgun@@UAEHXZ   1001d330 f   client.obj
 0001:0001c340       ??0CBaseMonster@@QAE@XZ    1001d340 f i client.obj
 0001:0001c360       ?LimitVelocity@CGib@@QAEXXZ 1001d360 f   combat.obj
 0001:0001c450       ?SpawnHeadGib@CGib@@SAXPAUentvars_s@@@Z 1001d450 f   combat.obj
 0001:0001c480       ?SpawnHeadGib@CGib@@SAXPAUentvars_s@@PBD@Z 1001d480 f   combat.obj
 0001:0001c860       ?SpawnRandomGibs@CGib@@SAXPAUentvars_s@@HH@Z 1001d860 f   combat.obj
 0001:0001c8c0       ?SpawnRandomGibs@CGib@@SAXPAUentvars_s@@HHPBD@Z 1001d8c0 f   combat.obj
 0001:0001ccd0       ?HasHumanGibs@CBaseMonster@@UAEHXZ 1001dcd0 f   combat.obj
 0001:0001cd00       ?HasAlienGibs@CBaseMonster@@UAEHXZ 1001dd00 f   combat.obj
 0001:0001cd30       ?FadeMonster@CBaseMonster@@UAEXXZ 1001dd30 f   combat.obj
 0001:0001cdb0       ?GibMonster@CBaseMonster@@UAEXXZ 1001ddb0 f   combat.obj
 0001:0001cf00       ?GetDeathActivity@CBaseMonster@@UAE?AW4Activity@@XZ 1001df00 f   combat.obj
 0001:0001d1e0       ?GetSmallFlinchActivity@CBaseMonster@@QAE?AW4Activity@@XZ 1001e1e0 f   combat.obj
 0001:0001d270       ?BecomeDead@CBaseMonster@@UAEXXZ 1001e270 f   combat.obj
 0001:0001d2b0       ?ShouldGibMonster@CBaseMonster@@QAEHH@Z 1001e2b0 f   combat.obj
 0001:0001d2e0       ?CallGibMonster@CBaseMonster@@QAEXXZ 1001e2e0 f   combat.obj
 0001:0001d3d0       ?Killed@CBaseMonster@@UAEXPAUentvars_s@@H@Z 1001e3d0 f   combat.obj
 0001:0001d4e0       ?SUB_StartFadeOut@CBaseEntity@@QAEXXZ 1001e4e0 f   combat.obj
 0001:0001d550       ?SUB_FadeOut@CBaseEntity@@QAEXXZ 1001e550 f   combat.obj
 0001:0001d5b0       ?WaitTillLand@CGib@@QAEXXZ 1001e5b0 f   combat.obj
 0001:0001d650       ?BounceGibTouch@CGib@@QAEXPAVCBaseEntity@@@Z 1001e650 f   combat.obj
 0001:0001d7f0       ?StickyGibTouch@CGib@@QAEXPAVCBaseEntity@@@Z 1001e7f0 f   combat.obj
 0001:0001d9a0       ?Spawn@CGib@@QAEXPBD@Z     1001e9a0 f   combat.obj
 0001:0001daa0       ?TakeHealth@CBaseMonster@@UAEHMH@Z 1001eaa0 f   combat.obj
 0001:0001daf0       ?TakeDamage@CBaseMonster@@UAEHPAUentvars_s@@0MH@Z 1001eaf0 f   combat.obj
 0001:0001e080       ?DeadTakeDamage@CBaseMonster@@QAEHPAUentvars_s@@0MH@Z 1001f080 f   combat.obj
 0001:0001e290       ?DamageForce@CBaseMonster@@QAEMM@Z 1001f290 f   combat.obj
 0001:0001e2d0       ?RadiusDamage@@YAXVVector@@PAUentvars_s@@1MMHH@Z 1001f2d0 f   combat.obj
 0001:0001e5b0       ?Normalize@Vector@@QBE?AV1@XZ 1001f5b0 f i combat.obj
 0001:0001e630       ?RadiusDamage@CBaseMonster@@QAEXPAUentvars_s@@0MHH@Z 1001f630 f   combat.obj
 0001:0001e680       ?RadiusDamage@CBaseMonster@@QAEXVVector@@PAUentvars_s@@1MHH@Z 1001f680 f   combat.obj
 0001:0001e6d0       ?CheckTraceHullAttack@CBaseMonster@@QAEPAVCBaseEntity@@MHH@Z 1001f6d0 f   combat.obj
 0001:0001e7d0       ?FInViewCone@CBaseMonster@@UAEHPAVCBaseEntity@@@Z 1001f7d0 f   combat.obj
 0001:0001e890       ?FInViewCone@CBaseMonster@@UAEHPAVVector@@@Z 1001f890 f   combat.obj
 0001:0001e940       ?FVisible@CBaseEntity@@UAEHPAV1@@Z 1001f940 f   combat.obj
 0001:0001ea60       ?FVisible@CBaseEntity@@UAEHABVVector@@@Z 1001fa60 f   combat.obj
 0001:0001eae0       ?TraceAttack@CBaseEntity@@UAEXPAUentvars_s@@MVVector@@PAUTraceResult@@H@Z 1001fae0 f   combat.obj
 0001:0001ebc0       ?TraceAttack@CBaseMonster@@UAEXPAUentvars_s@@MVVector@@PAUTraceResult@@H@Z 1001fbc0 f   combat.obj
 0001:0001edd0       ?FireBullets@CBaseEntity@@QAEXKVVector@@00MHHHPAUentvars_s@@@Z 1001fdd0 f   combat.obj
 0001:0001f930       ?FireBulletsPlayer@CBaseEntity@@QAE?AVVector@@KV2@00MHHHPAUentvars_s@@H@Z 10020930 f   combat.obj
 0001:0001ff80       ?TraceBleed@CBaseEntity@@UAEXMVVector@@PAUTraceResult@@H@Z 10020f80 f   combat.obj
 0001:00020160       _monster_alien_controller  10021160 f   controller.obj
 0001:000201e0       ?Save@CController@@UAEHAAVCSave@@@Z 100211e0 f   controller.obj
 0001:00020250       ?Restore@CController@@UAEHAAVCRestore@@@Z 10021250 f   controller.obj
 0001:00020280       ?Classify@CISlave@@UAEHXZ  10021280 f   controller.obj
 0001:00020280       ?Classify@CController@@UAEHXZ 10021280 f   controller.obj
 0001:00020280       ?Classify@CAGrunt@@UAEHXZ  10021280 f   controller.obj
 0001:00020290       ?SetYawSpeed@CController@@UAEXXZ 10021290 f   controller.obj
 0001:00020290       ?SetYawSpeed@CZombie@@UAEXXZ 10021290 f   controller.obj
 0001:00020290       ?SetYawSpeed@CRat@@UAEXXZ  10021290 f   controller.obj
 0001:00020290       ?SetYawSpeed@CBloater@@UAEXXZ 10021290 f   controller.obj
 0001:00020290       ?SetYawSpeed@CBabyCrab@@UAEXXZ 10021290 f   controller.obj
 0001:000202a0       ?TakeDamage@CController@@UAEHPAUentvars_s@@0MH@Z 100212a0 f   controller.obj
 0001:000202e0       ?Killed@CController@@UAEXPAUentvars_s@@H@Z 100212e0 f   controller.obj
 0001:00020330       ?GibMonster@CController@@UAEXXZ 10021330 f   controller.obj
 0001:00020380       ?PainSound@CController@@UAEXXZ 10021380 f   controller.obj
 0001:000203e0       ?AlertSound@CController@@UAEXXZ 100213e0 f   controller.obj
 0001:00020430       ?IdleSound@CController@@UAEXXZ 10021430 f   controller.obj
 0001:00020480       ?AttackSound@CController@@QAEXXZ 10021480 f   controller.obj
 0001:000204d0       ?DeathSound@CController@@UAEXXZ 100214d0 f   controller.obj
 0001:00020520       ?HandleAnimEvent@CController@@UAEXPAUMonsterEvent_t@@@Z 10021520 f   controller.obj
 0001:000208c0       ?Spawn@CController@@UAEXXZ 100218c0 f   controller.obj
 0001:00020a00       ?Precache@CController@@UAEXXZ 10021a00 f   controller.obj
 0001:00020ae0       ?ScheduleFromName@CController@@UAEPAUSchedule_t@@PBD@Z 10021ae0 f   controller.obj
 0001:00020b10       ?StartTask@CController@@UAEXPAUTask_t@@@Z 10021b10 f   controller.obj
 0001:00020c80       ?Intersect@@YA?AVVector@@V1@00M@Z 10021c80 f   controller.obj
 0001:00020e40       ?LookupFloat@CController@@QAEHXZ 10021e40 f   controller.obj
 0001:00020fe0       ?RunTask@CController@@UAEXPAUTask_t@@@Z 10021fe0 f   controller.obj
 0001:000216e0       ?GetSchedule@CController@@UAEPAUSchedule_t@@XZ 100226e0 f   controller.obj
 0001:00021760       ?GetScheduleOfType@CController@@UAEPAUSchedule_t@@H@Z 10022760 f   controller.obj
 0001:000217e0       ?CheckRangeAttack1@CController@@UAEHMM@Z 100227e0 f   controller.obj
 0001:00021820       ?CheckRangeAttack2@CController@@UAEHMM@Z 10022820 f   controller.obj
 0001:00021860       ?PlayerRelationship@CHalfLifeRules@@UAEHPAVCBaseEntity@@0@Z 10022860 f   controller.obj
 0001:00021860       ?CheckRangeAttack2@CHeadCrab@@UAEHMM@Z 10022860 f   controller.obj
 0001:00021860       ?CheckRangeAttack2@CISlave@@UAEHMM@Z 10022860 f   controller.obj
 0001:00021860       ?CheckMeleeAttack1@CController@@UAEHMM@Z 10022860 f   controller.obj
 0001:00021870       ?SetActivity@CController@@UAEXW4Activity@@@Z 10022870 f   controller.obj
 0001:000218a0       ?RunAI@CController@@UAEXXZ 100228a0 f   controller.obj
 0001:00021ae0       ?Stop@CController@@UAEXXZ  10022ae0 f   controller.obj
 0001:00021b00       ?Move@CController@@UAEXM@Z 10022b00 f   controller.obj
 0001:00022030       ?ShouldAdvanceRoute@CController@@UAEHM@Z 10023030 f   controller.obj
 0001:00022050       ?CheckLocalMove@CController@@UAEHABVVector@@0PAVCBaseEntity@@PAM@Z 10023050 f   controller.obj
 0001:00022160       ?MoveExecute@CController@@UAEXPAVCBaseEntity@@ABVVector@@M@Z 10023160 f   controller.obj
 0001:00022280       _controller_head_ball      10023280 f   controller.obj
 0001:000222e0       ?Spawn@CControllerHeadBall@@EAEXXZ 100232e0 f   controller.obj
 0001:00022440       ?Precache@CControllerHeadBall@@EAEXXZ 10023440 f   controller.obj
 0001:00022470       ?HuntThink@CControllerHeadBall@@AAEXXZ 10023470 f   controller.obj
 0001:00022890       ?DieThink@CControllerHeadBall@@AAEXXZ 10023890 f   controller.obj
 0001:000228a0       ?MovetoTarget@CControllerHeadBall@@AAEXVVector@@@Z 100238a0 f   controller.obj
 0001:00022ae0       ?BounceTouch@CControllerHeadBall@@AAEXPAVCBaseEntity@@@Z 10023ae0 f   controller.obj
 0001:00022c30       _controller_energy_ball    10023c30 f   controller.obj
 0001:00022c90       ?Spawn@CControllerZapBall@@EAEXXZ 10023c90 f   controller.obj
 0001:00022dc0       ?Precache@CControllerZapBall@@EAEXXZ 10023dc0 f   controller.obj
 0001:00022dd0       ?AnimateThink@CControllerZapBall@@AAEXXZ 10023dd0 f   controller.obj
 0001:00022e70       ?ExplodeTouch@CControllerZapBall@@AAEXPAVCBaseEntity@@@Z 10023e70 f   controller.obj
 0001:00022f40       _crossbow_bolt             10023f40 f   crossbow.obj
 0001:00022f90       ?BoltCreate@CCrossbowBolt@@SAPAV1@XZ 10023f90 f   crossbow.obj
 0001:00023000       ?Spawn@CCrossbowBolt@@EAEXXZ 10024000 f   crossbow.obj
 0001:000230c0       ?Precache@CCrossbowBolt@@EAEXXZ 100240c0 f   crossbow.obj
 0001:00023120       ?BoltTouch@CCrossbowBolt@@AAEXPAVCBaseEntity@@@Z 10024120 f   crossbow.obj
 0001:000234f0       ?BubbleThink@CCrossbowBolt@@AAEXXZ 100244f0 f   crossbow.obj
 0001:00023560       ?ExplodeThink@CCrossbowBolt@@AAEXXZ 10024560 f   crossbow.obj
 0001:00023660       _weapon_crossbow           10024660 f   crossbow.obj
 0001:000236b0       ?Spawn@CCrossbow@@UAEXXZ   100246b0 f   crossbow.obj
 0001:000236f0       ?Precache@CCrossbow@@UAEXXZ 100246f0 f   crossbow.obj
 0001:00023770       ?GetItemInfo@CCrossbow@@UAEHPAUItemInfo@@@Z 10024770 f   crossbow.obj
 0001:000237e0       ?Deploy@CCrossbow@@UAEHXZ  100247e0 f   crossbow.obj
 0001:00023820       ?Holster@CCrossbow@@UAEXH@Z 10024820 f   crossbow.obj
 0001:00023890       ?PrimaryAttack@CCrossbow@@UAEXXZ 10024890 f   crossbow.obj
 0001:000238c0       ?FireSniperBolt@CCrossbow@@QAEXXZ 100248c0 f   crossbow.obj
 0001:00023b00       ?FireBolt@CCrossbow@@QAEXXZ 10024b00 f   crossbow.obj
 0001:00023de0       ?SecondaryAttack@CCrossbow@@UAEXXZ 10024de0 f   crossbow.obj
 0001:00023e80       ?Reload@CCrossbow@@UAEXXZ  10024e80 f   crossbow.obj
 0001:00023f20       ?WeaponIdle@CCrossbow@@UAEXXZ 10024f20 f   crossbow.obj
 0001:00024040       _ammo_crossbow             10025040 f   crossbow.obj
 0001:00024090       ?Spawn@CCrossbowAmmo@@EAEXXZ 10025090 f i crossbow.obj
 0001:000240c0       ?Precache@CCrossbowAmmo@@EAEXXZ 100250c0 f i crossbow.obj
 0001:000240e0       ?AddAmmo@CCrossbowAmmo@@EAEHPAVCBaseEntity@@@Z 100250e0 f i crossbow.obj
 0001:00024140       ?Instance@CBaseEntity@@SAPAV1@PAUedict_s@@@Z 10025140 f i crossbow.obj
 0001:00024160       ?GetSpreadVec@CBasePlayerItem@@UAE?AVVector@@XZ 10025160 f i crossbow.obj
 0001:00024180       ?HasCustomGibs@CBaseMonster@@UAEHXZ 10025180 f i crossbow.obj
 0001:00024180       ?IsTeamplay@CGameRules@@UAEHXZ 10025180 f i crossbow.obj
 0001:00024180       ?UseDecrement@CSqueak@@UAEHXZ 10025180 f i crossbow.obj
 0001:00024180       ?IsSneaking@CBaseEntity@@UAEHXZ 10025180 f i crossbow.obj
 0001:00024180       ?IsAlias@CBaseEntity@@UAEHXZ 10025180 f i crossbow.obj
 0001:00024180       ?FBecomeProne@CBaseEntity@@UAEHXZ 10025180 f i crossbow.obj
 0001:00024180       ?UseDecrement@CHandGrenade@@UAEHXZ 10025180 f i crossbow.obj
 0001:00024180       ?MyMonsterPointer@CBaseEntity@@UAEPAVCBaseMonster@@XZ 10025180 f i crossbow.obj
 0001:00024180       ?ChangeModeTo1@CBaseToggleWeapon@@UAEHXZ 10025180 f i crossbow.obj
 0001:00024180       ?UseDecrement@CTripmine@@UAEHXZ 10025180 f i crossbow.obj
 0001:00024180       ?ChangeModeTo2@CBaseToggleWeapon@@UAEHXZ 10025180 f i crossbow.obj
 0001:00024180       ?ShouldFadeOnDeath@CBasePlayer@@UAEHXZ 10025180 f i crossbow.obj
 0001:00024180       ?GetMode@CBasePlayerItem@@UAEHXZ 10025180 f i crossbow.obj
 0001:00024180       ?UseDecrement@CRpg@@UAEHXZ 10025180 f i crossbow.obj
 0001:00024180       ?GetState@CBaseEntity@@UAE?AW4STATE@@XZ 10025180 f i crossbow.obj
 0001:00024180       ?IsAlive@CCycler@@UAEHXZ   10025180 f i crossbow.obj
 0001:00024180       ?Classify@CBaseEntity@@UAEHXZ 10025180 f i crossbow.obj
 0001:00024180       ?UseDecrement@CBasePlayerWeapon@@UAEHXZ 10025180 f i crossbow.obj
 0001:00024180       ?ShouldWeaponIdle@CBasePlayerWeapon@@UAEHXZ 10025180 f i crossbow.obj
 0001:00024180       ?IsNetClient@CBaseEntity@@UAEHXZ 10025180 f i crossbow.obj
 0001:00024180       ?UseDecrement@CSatchel@@UAEHXZ 10025180 f i crossbow.obj
 0001:00024180       ?Respawn@CBaseEntity@@UAEPAV1@XZ 10025180 f i crossbow.obj
 0001:00024180       ?IsPlayer@CBaseEntity@@UAEHXZ 10025180 f i crossbow.obj
 0001:00024180       ?UseDecrement@CCrossbow@@UAEHXZ 10025180 f i crossbow.obj
 0001:00024180       ?UseDecrement@CPython@@UAEHXZ 10025180 f i crossbow.obj
 0001:00024180       ?UseDecrement@CGauss@@UAEHXZ 10025180 f i crossbow.obj
 0001:00024180       ?GetToggleState@CBaseEntity@@UAEHXZ 10025180 f i crossbow.obj
 0001:00024180       ?MySquadMonsterPointer@CBaseEntity@@UAEPAVCSquadMonster@@XZ 10025180 f i crossbow.obj
 0001:00024180       ?PlayTextureSounds@CHalfLifeMultiplay@@UAEHXZ 10025180 f i crossbow.obj
 0001:00024180       ?UseDecrement@CEgon@@UAEHXZ 10025180 f i crossbow.obj
 0001:00024180       ?UseDecrement@CHgun@@UAEHXZ 10025180 f i crossbow.obj
 0001:00024190       ?ObjectCaps@CBasePlayerItem@@UAEHXZ 10025190 f i crossbow.obj
 0001:000241a0       ?IsTogglePlat@CFuncTrackChange@@UAEHXZ 100251a0 f i crossbow.obj
 0001:000241a0       ?PlayTextureSounds@CGameRules@@UAEHXZ 100251a0 f i crossbow.obj
 0001:000241a0       ?iItemSlot@CCrowbar@@UAEHXZ 100251a0 f i crossbow.obj
 0001:000241a0       ?Classify@CGunTarget@@UAEHXZ 100251a0 f i crossbow.obj
 0001:000241a0       ?ShouldWeaponIdle@CRpg@@UAEHXZ 100251a0 f i crossbow.obj
 0001:000241a0       ?GetStoppedActivity@CBaseMonster@@UAE?AW4Activity@@XZ 100251a0 f i crossbow.obj
 0001:000241a0       ?IsAlias@CBaseAlias@@UAEHXZ 100251a0 f i crossbow.obj
 0001:000241a0       ?IsPlayer@CBasePlayer@@UAEHXZ 100251a0 f i crossbow.obj
 0001:000241a0       ?iItemSlot@CWeaponCycler@@UAEHXZ 100251a0 f i crossbow.obj
 0001:000241a0       ?Classify@COsprey@@UAEHXZ  100251a0 f i crossbow.obj
 0001:000241a0       ?FAllowFlashlight@CHalfLifeRules@@UAEHXZ 100251a0 f i crossbow.obj
 0001:000241a0       ?GetIdealState@CTentacle@@UAE?AW4MONSTERSTATE@@XZ 100251a0 f i crossbow.obj
 0001:000241a0       ?IsNetClient@CBasePlayer@@UAEHXZ 100251a0 f i crossbow.obj
 0001:000241a0       ?CanHolster@CBasePlayerItem@@UAEHXZ 100251a0 f i crossbow.obj
 0001:000241b0       ?AddWeapon@CBasePlayerWeapon@@UAEHXZ 100251b0 f i crossbow.obj
 0001:000241c0       ?ObjectCaps@CBasePlayerAmmo@@UAEHXZ 100251c0 f i crossbow.obj
 0001:000241c0       ?ObjectCaps@CItem@@UAEHXZ  100251c0 f i crossbow.obj
 0001:000241d0       ?iItemSlot@CMP5@@UAEHXZ    100251d0 f i crossbow.obj
 0001:000241d0       ?iItemSlot@CShotgun@@UAEHXZ 100251d0 f i crossbow.obj
 0001:000241d0       ?Classify@CDeadScientist@@UAEHXZ 100251d0 f i crossbow.obj
 0001:000241d0       ?iItemSlot@CAK47@@UAEHXZ   100251d0 f i crossbow.obj
 0001:000241d0       ?iItemSlot@CAKS@@UAEHXZ    100251d0 f i crossbow.obj
 0001:000241d0       ?iItemSlot@CCrossbow@@UAEHXZ 100251d0 f i crossbow.obj
 0001:000241e0       _weapon_crowbar            100251e0 f   crowbar.obj
 0001:000241e0       _weapon_knife              100251e0 f   crowbar.obj
 0001:00024230       ?Spawn@CCrowbar@@UAEXXZ    10025230 f   crowbar.obj
 0001:00024270       ?Precache@CCrowbar@@UAEXXZ 10025270 f   crowbar.obj
 0001:000242f0       ?GetItemInfo@CCrowbar@@UAEHPAUItemInfo@@@Z 100252f0 f   crowbar.obj
 0001:00024340       ?Deploy@CCrowbar@@UAEHXZ   10025340 f   crowbar.obj
 0001:00024360       ?Holster@CCrowbar@@UAEXH@Z 10025360 f   crowbar.obj
 0001:00024390       ?FindHullIntersection@@YAXABVVector@@AAUTraceResult@@PAM2PAUedict_s@@@Z 10025390 f   crowbar.obj
 0001:000245c0       ?PrimaryAttack@CCrowbar@@UAEXXZ 100255c0 f   crowbar.obj
 0001:000245d0       ?SecondaryAttack@CCrowbar@@UAEXXZ 100255d0 f   crowbar.obj
 0001:000245e0       ?Smack@CCrowbar@@QAEXXZ    100255e0 f   crowbar.obj
 0001:00024630       ?SmackNormal@CCrowbar@@QAEXXZ 10025630 f   crowbar.obj
 0001:00024650       ?Swing@CCrowbar@@QAEHH@Z   10025650 f   crowbar.obj
 0001:00024d10       ?ScheduleFromName@CBaseMonster@@UAEPAUSchedule_t@@PBD@Z 10025d10 f   defaultai.obj
 0001:00024d30       ?ScheduleInList@CBaseMonster@@QAEPAUSchedule_t@@PBDPAPAU2@H@Z 10025d30 f   defaultai.obj
 0001:00024dc0       ?GetScheduleOfType@CBaseMonster@@UAEPAUSchedule_t@@H@Z 10025dc0 f   defaultai.obj
 0001:00025090       ?Save@CBaseDoor@@UAEHAAVCSave@@@Z 10026090 f   doors.obj
 0001:00025100       ?Restore@CBaseDoor@@UAEHAAVCRestore@@@Z 10026100 f   doors.obj
 0001:00025130       ?PlayLockSounds@@YAXPAUentvars_s@@PAUlocksounds@@HH@Z 10026130 f   doors.obj
 0001:00025350       ?KeyValue@CBaseDoor@@UAEXPAUKeyValueData_s@@@Z 10026350 f   doors.obj
 0001:00025790       ?ObjectCaps@CBaseDoor@@UAEHXZ 10026790 f i doors.obj
 0001:000257f0       _func_water                100267f0 f   doors.obj
 0001:000257f0       _func_door                 100267f0 f   doors.obj
 0001:00025840       ?Spawn@CBaseDoor@@UAEXXZ   10026840 f   doors.obj
 0001:00025930       ?PostSpawn@CBaseDoor@@UAEXXZ 10026930 f   doors.obj
 0001:00025ba0       ?SetToggleState@CBaseDoor@@UAEXH@Z 10026ba0 f   doors.obj
 0001:00025c80       ?Precache@CBaseDoor@@UAEXXZ 10026c80 f   doors.obj
 0001:00026120       ?DoorTouch@CBaseDoor@@QAEXPAVCBaseEntity@@@Z 10027120 f   doors.obj
 0001:00026200       ?Use@CBaseDoor@@UAEXPAVCBaseEntity@@0W4USE_TYPE@@M@Z 10027200 f   doors.obj
 0001:000262c0       ?DoorActivate@CBaseDoor@@QAEHXZ 100272c0 f   doors.obj
 0001:00026380       ?DoorGoUp@CBaseDoor@@QAEXXZ 10027380 f   doors.obj
 0001:000265a0       ?DoorHitTop@CBaseDoor@@QAEXXZ 100275a0 f   doors.obj
 0001:00026720       ?DoorGoDown@CBaseDoor@@QAEXXZ 10027720 f   doors.obj
 0001:00026860       ?DoorHitBottom@CBaseDoor@@QAEXXZ 10027860 f   doors.obj
 0001:000269b0       ?Blocked@CBaseDoor@@UAEXPAVCBaseEntity@@@Z 100279b0 f   doors.obj
 0001:00026d30       _func_door_rotating        10027d30 f   doors.obj
 0001:00026d80       ?Spawn@CRotDoor@@UAEXXZ    10027d80 f   doors.obj
 0001:00026fc0       ?KeyValue@CRotDoor@@UAEXPAUKeyValueData_s@@@Z 10027fc0 f   doors.obj
 0001:00027040       ?SetToggleState@CRotDoor@@UAEXH@Z 10028040 f   doors.obj
 0001:000270b0       _momentary_door            100280b0 f   doors.obj
 0001:00027100       ?GetState@CMomentaryDoor@@UAE?AW4STATE@@XZ 10028100 f i doors.obj
 0001:00027110       ?CalcRatio@CMomentaryDoor@@UAEMPAVCBaseEntity@@@Z 10028110 f i doors.obj
 0001:00027120       ?Save@CMomentaryDoor@@UAEHAAVCSave@@@Z 10028120 f   doors.obj
 0001:00027190       ?Restore@CMomentaryDoor@@UAEHAAVCRestore@@@Z 10028190 f   doors.obj
 0001:000271c0       ?Spawn@CMomentaryDoor@@UAEXXZ 100281c0 f   doors.obj
 0001:000273f0       ?Precache@CMomentaryDoor@@UAEXXZ 100283f0 f   doors.obj
 0001:00027500       ?KeyValue@CMomentaryDoor@@UAEXPAUKeyValueData_s@@@Z 10028500 f   doors.obj
 0001:00027600       ?Use@CMomentaryDoor@@UAEXPAVCBaseEntity@@0W4USE_TYPE@@M@Z 10028600 f   doors.obj
 0001:00027790       ?MomentaryMoveDone@CMomentaryDoor@@QAEXXZ 10028790 f   doors.obj
 0001:000277d0       _info_target               100287d0 f   effects.obj
 0001:00027820       ?Spawn@CInfoTarget@@UAEXXZ 10028820 f   effects.obj
 0001:00027880       ?Precache@CInfoTarget@@UAEXXZ 10028880 f   effects.obj
 0001:000278a0       _env_bubbles               100288a0 f   effects.obj
 0001:000278f0       ?GetState@CBubbling@@UAE?AW4STATE@@XZ 100288f0 f i effects.obj
 0001:00027900       ?Save@CBubbling@@UAEHAAVCSave@@@Z 10028900 f   effects.obj
 0001:00027970       ?Restore@CBubbling@@UAEHAAVCRestore@@@Z 10028970 f   effects.obj
 0001:000279a0       ?Spawn@CBubbling@@UAEXXZ   100289a0 f   effects.obj
 0001:00027ab0       ?Precache@CBubbling@@UAEXXZ 10028ab0 f   effects.obj
 0001:00027ad0       ?Use@CBubbling@@UAEXPAVCBaseEntity@@0W4USE_TYPE@@M@Z 10028ad0 f   effects.obj
 0001:00027b30       ?KeyValue@CBubbling@@UAEXPAUKeyValueData_s@@@Z 10028b30 f   effects.obj
 0001:00027d50       ?FizzThink@CBubbling@@QAEXXZ 10028d50 f   effects.obj
 0001:00027e00       _beam                      10028e00 f   effects.obj
 0001:00027e50       ?Spawn@CBeam@@UAEXXZ       10028e50 f   effects.obj
 0001:00027e70       ?Precache@CBeam@@UAEXXZ    10028e70 f   effects.obj
 0001:00027ec0       ?SetStartEntity@CBeam@@QAEXH@Z 10028ec0 f   effects.obj
 0001:00027f10       ?SetEndEntity@CBeam@@QAEXH@Z 10028f10 f   effects.obj
 0001:00027f60       ?GetStartPos@CBeam@@QAEABVVector@@XZ 10028f60 f   effects.obj
 0001:00027fa0       ?GetEndPos@CBeam@@QAEABVVector@@XZ 10028fa0 f   effects.obj
 0001:00027ff0       ?BeamCreate@CBeam@@SAPAV1@PBDH@Z 10028ff0 f   effects.obj
 0001:00028070       ?BeamInit@CBeam@@QAEXPBDH@Z 10029070 f   effects.obj
 0001:00028130       ?PointsInit@CBeam@@QAEXABVVector@@0@Z 10029130 f   effects.obj
 0001:000281b0       ?PointEntInit@CBeam@@QAEXABVVector@@H@Z 100291b0 f   effects.obj
 0001:00028230       ?EntsInit@CBeam@@QAEXHH@Z  10029230 f   effects.obj
 0001:000282a0       ?RelinkBeam@CBeam@@QAEXXZ  100292a0 f   effects.obj
 0001:00028420       ?TriggerTouch@CBeam@@QAEXPAVCBaseEntity@@@Z 10029420 f   effects.obj
 0001:00028480       ?RandomTargetname@CBeam@@QAEPAVCBaseEntity@@PBD@Z 10029480 f   effects.obj
 0001:000284e0       ?DoSparks@CBeam@@QAEXABVVector@@0@Z 100294e0 f   effects.obj
 0001:00028520       _env_beam                  10029520 f   effects.obj
 0001:00028520       _env_lightning             10029520 f   effects.obj
 0001:00028570       ?GetState@CLightning@@UAE?AW4STATE@@XZ 10029570 f i effects.obj
 0001:00028580       ?Save@CLightning@@UAEHAAVCSave@@@Z 10029580 f   effects.obj
 0001:000285f0       ?Restore@CLightning@@UAEHAAVCRestore@@@Z 100295f0 f   effects.obj
 0001:00028620       ?Spawn@CLightning@@UAEXXZ  10029620 f   effects.obj
 0001:000287e0       ?Precache@CLightning@@UAEXXZ 100297e0 f   effects.obj
 0001:00028810       ?Activate@CLightning@@UAEXXZ 10029810 f   effects.obj
 0001:00028850       ?KeyValue@CLightning@@UAEXPAUKeyValueData_s@@@Z 10029850 f   effects.obj
 0001:00028d10       ?ToggleUse@CLightning@@QAEXPAVCBaseEntity@@0W4USE_TYPE@@M@Z 10029d10 f   effects.obj
 0001:00028df0       ?StrikeUse@CLightning@@QAEXPAVCBaseEntity@@0W4USE_TYPE@@M@Z 10029df0 f   effects.obj
 0001:00028e60       ?IsPointEntity@@YAHPAVCBaseEntity@@@Z 10029e60 f   effects.obj
 0001:00028e90       ?StrikeThink@CLightning@@QAEXXZ 10029e90 f   effects.obj
 0001:000292f0       ?GetTripEntity@CBeam@@QAEPAVCBaseEntity@@PAUTraceResult@@@Z 1002a2f0 f   effects.obj
 0001:00029420       ?BeamDamage@CBeam@@QAEXPAUTraceResult@@@Z 1002a420 f   effects.obj
 0001:00029570       ?TripThink@CLightning@@QAEXXZ 1002a570 f   effects.obj
 0001:00029670       ?Zap@CLightning@@QAEXABVVector@@0@Z 1002a670 f   effects.obj
 0001:000297b0       ?RandomArea@CLightning@@QAEXXZ 1002a7b0 f   effects.obj
 0001:00029bb0       ?RandomPoint@CLightning@@QAEXAAVVector@@@Z 1002abb0 f   effects.obj
 0001:00029d40       ?BeamUpdatePoints@CLightning@@QAEXXZ 1002ad40 f   effects.obj
 0001:00029e90       ?BeamUpdateVars@CLightning@@QAEXXZ 1002ae90 f   effects.obj
 0001:00029f80       _env_laser                 1002af80 f   effects.obj
 0001:00029fd0       ?Save@CLaser@@UAEHAAVCSave@@@Z 1002afd0 f   effects.obj
 0001:0002a040       ?ObjectCaps@CBeam@@UAEHXZ  1002b040 f i effects.obj
 0001:0002a040       ?ObjectCaps@CSprite@@UAEHXZ 1002b040 f i effects.obj
 0001:0002a080       ?Restore@CLaser@@UAEHAAVCRestore@@@Z 1002b080 f   effects.obj
 0001:0002a0b0       ?Spawn@CLaser@@UAEXXZ      1002b0b0 f   effects.obj
 0001:0002a100       ?PostSpawn@CLaser@@UAEXXZ  1002b100 f   effects.obj
 0001:0002a520       ?Center@CBeam@@UAE?AVVector@@XZ 1002b520 f i effects.obj
 0001:0002a580       ?GetState@CSprite@@UAE?AW4STATE@@XZ 1002b580 f i effects.obj
 0001:0002a580       ?GetState@CLaser@@UAE?AW4STATE@@XZ 1002b580 f i effects.obj
 0001:0002a5a0       ?Precache@CLaser@@UAEXXZ   1002b5a0 f   effects.obj
 0001:0002a650       ?KeyValue@CLaser@@UAEXPAUKeyValueData_s@@@Z 1002b650 f   effects.obj
 0001:0002abe0       ?TurnOff@CLaser@@QAEXXZ    1002bbe0 f   effects.obj
 0001:0002ac80       ?TurnOn@CLaser@@QAEXXZ     1002bc80 f   effects.obj
 0001:0002ad40       ?Use@CLaser@@UAEXPAVCBaseEntity@@0W4USE_TYPE@@M@Z 1002bd40 f   effects.obj
 0001:0002ad80       ?FireAtPoint@CLaser@@QAEXVVector@@AAUTraceResult@@@Z 1002bd80 f   effects.obj
 0001:0002af20       ?StrikeThink@CLaser@@QAEXXZ 1002bf20 f   effects.obj
 0001:0002b220       _env_glow                  1002c220 f   effects.obj
 0001:0002b270       ?Save@CGlow@@UAEHAAVCSave@@@Z 1002c270 f   effects.obj
 0001:0002b2e0       ?Restore@CGlow@@UAEHAAVCRestore@@@Z 1002c2e0 f   effects.obj
 0001:0002b310       ?Spawn@CGlow@@UAEXXZ       1002c310 f   effects.obj
 0001:0002b410       ?Think@CGlow@@UAEXXZ       1002c410 f   effects.obj
 0001:0002b450       ?Animate@CGlow@@QAEXM@Z    1002c450 f   effects.obj
 0001:0002b490       _env_sprite                1002c490 f   effects.obj
 0001:0002b4e0       ?Save@CSprite@@UAEHAAVCSave@@@Z 1002c4e0 f   effects.obj
 0001:0002b550       ?Restore@CSprite@@UAEHAAVCRestore@@@Z 1002c550 f   effects.obj
 0001:0002b580       ?Spawn@CSprite@@UAEXXZ     1002c580 f   effects.obj
 0001:0002b660       ?Precache@CSprite@@UAEXXZ  1002c660 f   effects.obj
 0001:0002b6f0       ?SpriteInit@CSprite@@QAEXPBDABVVector@@@Z 1002c6f0 f   effects.obj
 0001:0002b730       ?SpriteCreate@CSprite@@SAPAV1@PBDABVVector@@H@Z 1002c730 f   effects.obj
 0001:0002b7d0       ?AnimateThink@CSprite@@QAEXXZ 1002c7d0 f   effects.obj
 0001:0002b810       ?AnimateUntilDead@CSprite@@QAEXXZ 1002c810 f   effects.obj
 0001:0002b850       ?Expand@CSprite@@QAEXMM@Z  1002c850 f   effects.obj
 0001:0002b890       ?ExpandThink@CSprite@@QAEXXZ 1002c890 f   effects.obj
 0001:0002b920       ?Animate@CSprite@@QAEXM@Z  1002c920 f   effects.obj
 0001:0002b990       ?TurnOff@CSprite@@QAEXXZ   1002c990 f   effects.obj
[...]
 0003:000336cc       ___argc                    1012e6cc     LIBCMT:crt0dat.obj
 0003:000336d0       ___argv                    1012e6d0     LIBCMT:crt0dat.obj
 0003:000336d4       ___wargv                   1012e6d4     LIBCMT:crt0dat.obj
 0003:000336d8       __environ                  1012e6d8     LIBCMT:crt0dat.obj
 0003:000336dc       ___initenv                 1012e6dc     LIBCMT:crt0dat.obj
 0003:000336e0       __wenviron                 1012e6e0     LIBCMT:crt0dat.obj
 0003:000336e4       ___winitenv                1012e6e4     LIBCMT:crt0dat.obj
 0003:000336e8       __pgmptr                   1012e6e8     LIBCMT:crt0dat.obj
 0003:000336ec       __wpgmptr                  1012e6ec     LIBCMT:crt0dat.obj
 0003:000336f0       __exitflag                 1012e6f0     LIBCMT:crt0dat.obj
 0003:000336f4       __C_Termination_Done       1012e6f4     LIBCMT:crt0dat.obj
 0003:000336f8       __C_Exit_Done              1012e6f8     LIBCMT:crt0dat.obj
 0003:00033760       ?_pnhHeap@@3P6AHI@ZA       1012e760     LIBCMT:handler.obj
 0003:00033764       __newmode                  1012e764     LIBCMT:_newmode.obj
 0003:00033768       __cflush                   1012e768     LIBCMT:_file.obj
 0003:0003376c       __stdbuf                   1012e76c     LIBCMT:_sftbuf.obj
 0003:00033780       ___lc_handle               1012e780     LIBCMT:nlsdata2.obj
 0003:00033798       ___lc_codepage             1012e798     LIBCMT:nlsdata2.obj
 0003:0003379c       ___lc_collate_cp           1012e79c     LIBCMT:nlsdata2.obj
 0003:000338b0       __adbgmsg                  1012e8b0     LIBCMT:crt0msg.obj
 0003:000338b4       __commode                  1012e8b4     LIBCMT:ncommode.obj
 0003:000338b8       ___lc_time_intl            1012e8b8     LIBCMT:inittime.obj
 0003:000338d4       ___lc_id                   1012e8d4     LIBCMT:nlsdata3.obj
 0003:00033940       __fmode                    1012e940     LIBCMT:txtmode.obj
 0003:0003394c       ___lconv_static_null       1012e94c     LIBCMT:lconv.obj
 0003:00033a20       ___mbcodepage              1012ea20     <common>
 0003:00033a30       ___mbulinfo                1012ea30     <common>
 0003:00033a3c       ___ismbcodepage            1012ea3c     <common>
 0003:00033a40       __mbcasemap                1012ea40     <common>
 0003:00033b40       __mbctype                  1012eb40     <common>
 0003:00033c44       ___mblcid                  1012ec44     <common>
 0003:00033c60       ___pioinfo                 1012ec60     <common>
 0003:00033d60       __nhandle                  1012ed60     <common>
 0003:00033d64       ___setlc_active            1012ed64     <common>
 0003:00033d68       ___unguarded_readlc_active 1012ed68     <common>
 0003:00033d6c       ___piob                    1012ed6c     <common>
 0003:00033d80       __bufin                    1012ed80     <common>
 0003:00034d80       __nstream                  1012fd80     <common>
 0003:00034d84       ___sbh_sizeHeaderList      1012fd84     <common>
 0003:00034d88       ___sbh_indGroupDefer       1012fd88     <common>
 0003:00034d8c       ___sbh_pHeaderScan         1012fd8c     <common>
 0003:00034d90       ___sbh_pHeaderDefer        1012fd90     <common>
 0003:00034d94       ___sbh_cntHeaderList       1012fd94     <common>
 0003:00034d98       ___sbh_pHeaderList         1012fd98     <common>
 0003:00034d9c       ___sbh_threshold           1012fd9c     <common>
 0003:00034da0       __crtheap                  1012fda0     <common>
 0003:00034da4       ___active_heap             1012fda4     <common>
 0003:00034da8       ___env_initialized         1012fda8     <common>
 0003:00034dac       ___mbctype_initialized     1012fdac     <common>
 0003:00034db0       ___onexitend               1012fdb0     <common>
 0003:00034db4       ___onexitbegin             1012fdb4     <common>
 0003:00034db8       __acmdln                   1012fdb8     <common>
 0003:00034dbc       __pRawDllMain              1012fdbc     <common>

 entry point at        0001:000c8fe5

 Static symbols

 0001:000c68e0       _$E25                      100c78e0 f   xen.obj
 0001:000c68f0       _$E24                      100c78f0 f   xen.obj
 0001:000c4430       _$E28                      100c5430 f   world.obj
 0001:000c4440       _$E27                      100c5440 f   world.obj
 0001:000c5260       ?InitBodyQue@@YAXXZ        100c6260 f   world.obj
 0001:000c1240       _$E15                      100c2240 f   voice_gamemgr.obj
 0001:000c1250       _$E14                      100c2250 f   voice_gamemgr.obj
 0001:000c1260       _$E18                      100c2260 f   voice_gamemgr.obj
 0001:000c1270       _$E17                      100c2270 f   voice_gamemgr.obj
 0001:000c1290       _$E21                      100c2290 f   voice_gamemgr.obj
 0001:000c12a0       _$E20                      100c22a0 f   voice_gamemgr.obj
 0001:000c12c0       _$E24                      100c22c0 f   voice_gamemgr.obj
 0001:000c12d0       _$E23                      100c22d0 f   voice_gamemgr.obj
 0001:000c12f0       _$E27                      100c22f0 f   voice_gamemgr.obj
 0001:000c1300       _$E26                      100c2300 f   voice_gamemgr.obj
 0001:000c16d0       ?VoiceServerDebug@@YAXPBDZZ 100c26d0 f   voice_gamemgr.obj
 0001:000be510       ?FixedUnsigned16@@YAGMM@Z  100bf510 f   util.obj
 0001:000be8e0       ?FixedSigned16@@YAFMM@Z    100bf8e0 f   util.obj
 0001:000a3cf0       ?memfgets@@YAPADPAEHAAHPADH@Z 100a4cf0 f   sound.obj
 0001:0008e1f0       ?CheckPowerups@@YAXPAUentvars_s@@@Z 1008f1f0 f   player.obj
 0001:00083e40       ?PlatSpawnInsideTrigger@@YAXPAUentvars_s@@@Z 10084e40 f   plats.obj
 0001:00085710       ?FixupAngles@@YAXAAVVector@@@Z 10086710 f   plats.obj
 0001:00085740       ?Fix@@YAMM@Z               10086740 f   plats.obj
 0001:000808f0       _$E30                      100818f0 f   paranoia_wpn.obj
 0001:00080900       _$E29                      10081900 f   paranoia_wpn.obj
 0001:00080910       _$E33                      10081910 f   paranoia_wpn.obj
 0001:00080920       _$E32                      10081920 f   paranoia_wpn.obj
 0001:0006e1c0       _$E14                      1006f1c0 f   nodes.obj
 0001:0006e1d0       _$E13                      1006f1d0 f   nodes.obj
 0001:000677d0       _$E31                      100687d0 f   multiplay_gamerules.obj
 0001:000677e0       _$E28                      100687e0 f   multiplay_gamerules.obj
 0001:000677f0       _$E30                      100687f0 f   multiplay_gamerules.obj
 0001:00067800       _$E29                      10068800 f   multiplay_gamerules.obj
 0001:00067810       _$E36                      10068810 f   multiplay_gamerules.obj
 0001:00067820       _$E33                      10068820 f   multiplay_gamerules.obj
 0001:00067860       _$E35                      10068860 f   multiplay_gamerules.obj
 0001:00067870       _$E34                      10068870 f   multiplay_gamerules.obj
 0001:00043a20       _$E14                      10044a20 f   globals.obj
 0001:00043a30       _$E13                      10044a30 f   globals.obj
 0001:00043a40       _$E17                      10044a40 f   globals.obj
 0001:00043a50       _$E16                      10044a50 f   globals.obj
 0001:00037fb0       _$E31                      10038fb0 f   func_tank.obj
 0001:00037fc0       _$E30                      10038fc0 f   func_tank.obj
 0001:00018dd0       ?SetObjectCollisionBox@@YAXPAUentvars_s@@@Z 10019dd0 f   cbase.obj
 0001:0000c8c0       ?IsFacing@@YAHPAUentvars_s@@ABVVector@@@Z 1000d8c0 f   barney.obj
 0001:000d3112       _xtoa                      100d4112 f   LIBCMT:xtoa.obj
 0001:000d1e57       _getSystemCP               100d2e57 f   LIBCMT:mbctype.obj
 0001:000d1ea1       _CPtoLCID                  100d2ea1 f   LIBCMT:mbctype.obj
 0001:000d1ed4       _setSBCS                   100d2ed4 f   LIBCMT:mbctype.obj
 0001:000d1efd       _setSBUpLow                100d2efd f   LIBCMT:mbctype.obj
 0001:000d1248       _strtoxl                   100d2248 f   LIBCMT:strtol.obj
 0001:000d0720       LeadUp1                    100d1720 f   LIBCMT:memmove.obj
 0001:000d074c       LeadUp2                    100d174c f   LIBCMT:memmove.obj
 0001:000d0770       LeadUp3                    100d1770 f   LIBCMT:memmove.obj
 0001:000d07ef       UnwindUp0                  100d17ef f   LIBCMT:memmove.obj
 0001:000d07dc       UnwindUp1                  100d17dc f   LIBCMT:memmove.obj
 0001:000d07d4       UnwindUp2                  100d17d4 f   LIBCMT:memmove.obj
 0001:000d07cc       UnwindUp3                  100d17cc f   LIBCMT:memmove.obj
 0001:000d07c4       UnwindUp4                  100d17c4 f   LIBCMT:memmove.obj
 0001:000d07bc       UnwindUp5                  100d17bc f   LIBCMT:memmove.obj
 0001:000d07b4       UnwindUp6                  100d17b4 f   LIBCMT:memmove.obj
 0001:000d07ac       UnwindUp7                  100d17ac f   LIBCMT:memmove.obj
 0001:000d0808       TrailUp0                   100d1808 f   LIBCMT:memmove.obj
 0001:000d0810       TrailUp1                   100d1810 f   LIBCMT:memmove.obj
 0001:000d081c       TrailUp2                   100d181c f   LIBCMT:memmove.obj
 0001:000d0830       TrailUp3                   100d1830 f   LIBCMT:memmove.obj
 0001:000d08a8       LeadDown1                  100d18a8 f   LIBCMT:memmove.obj
 0001:000d08c8       LeadDown2                  100d18c8 f   LIBCMT:memmove.obj
 0001:000d08f0       LeadDown3                  100d18f0 f   LIBCMT:memmove.obj
 0001:000d0944       UnwindDown7                100d1944 f   LIBCMT:memmove.obj
 0001:000d094c       UnwindDown6                100d194c f   LIBCMT:memmove.obj
 0001:000d0954       UnwindDown5                100d1954 f   LIBCMT:memmove.obj
 0001:000d095c       UnwindDown4                100d195c f   LIBCMT:memmove.obj
 0001:000d0964       UnwindDown3                100d1964 f   LIBCMT:memmove.obj
 0001:000d096c       UnwindDown2                100d196c f   LIBCMT:memmove.obj
 0001:000d0974       UnwindDown1                100d1974 f   LIBCMT:memmove.obj
 0001:000d0987       UnwindDown0                100d1987 f   LIBCMT:memmove.obj
 0001:000d09a0       TrailDown0                 100d19a0 f   LIBCMT:memmove.obj
 0001:000d09a8       TrailDown1                 100d19a8 f   LIBCMT:memmove.obj
 0001:000d09b8       TrailDown2                 100d19b8 f   LIBCMT:memmove.obj
 0001:000d09cc       TrailDown3                 100d19cc f   LIBCMT:memmove.obj
 0001:000d0319       __abstract_cw              100d1319 f   LIBCMT:ieee87.obj
 0001:000d03ab       __hw_cw                    100d13ab f   LIBCMT:ieee87.obj
 0001:000cf59f       _parse_cmdline             100d059f f   LIBCMT:stdargv.obj
 0001:000cf0c9       _strncnt                   100d00c9 f   LIBCMT:a_map.obj
 0001:000cebe0       LeadUp1                    100cfbe0 f   LIBCMT:memcpy.obj
 0001:000cec0c       LeadUp2                    100cfc0c f   LIBCMT:memcpy.obj
 0001:000cec30       LeadUp3                    100cfc30 f   LIBCMT:memcpy.obj
 0001:000cecaf       UnwindUp0                  100cfcaf f   LIBCMT:memcpy.obj
 0001:000cec9c       UnwindUp1                  100cfc9c f   LIBCMT:memcpy.obj
 0001:000cec94       UnwindUp2                  100cfc94 f   LIBCMT:memcpy.obj
 0001:000cec8c       UnwindUp3                  100cfc8c f   LIBCMT:memcpy.obj
 0001:000cec84       UnwindUp4                  100cfc84 f   LIBCMT:memcpy.obj
 0001:000cec7c       UnwindUp5                  100cfc7c f   LIBCMT:memcpy.obj
 0001:000cec74       UnwindUp6                  100cfc74 f   LIBCMT:memcpy.obj
 0001:000cec6c       UnwindUp7                  100cfc6c f   LIBCMT:memcpy.obj
 0001:000cecc8       TrailUp0                   100cfcc8 f   LIBCMT:memcpy.obj
 0001:000cecd0       TrailUp1                   100cfcd0 f   LIBCMT:memcpy.obj
 0001:000cecdc       TrailUp2                   100cfcdc f   LIBCMT:memcpy.obj
 0001:000cecf0       TrailUp3                   100cfcf0 f   LIBCMT:memcpy.obj
 0001:000ced68       LeadDown1                  100cfd68 f   LIBCMT:memcpy.obj
 0001:000ced88       LeadDown2                  100cfd88 f   LIBCMT:memcpy.obj
 0001:000cedb0       LeadDown3                  100cfdb0 f   LIBCMT:memcpy.obj
 0001:000cee04       UnwindDown7                100cfe04 f   LIBCMT:memcpy.obj
 0001:000cee0c       UnwindDown6                100cfe0c f   LIBCMT:memcpy.obj
 0001:000cee14       UnwindDown5                100cfe14 f   LIBCMT:memcpy.obj
 0001:000cee1c       UnwindDown4                100cfe1c f   LIBCMT:memcpy.obj
 0001:000cee24       UnwindDown3                100cfe24 f   LIBCMT:memcpy.obj
 0001:000cee2c       UnwindDown2                100cfe2c f   LIBCMT:memcpy.obj
 0001:000cee34       UnwindDown1                100cfe34 f   LIBCMT:memcpy.obj
 0001:000cee47       UnwindDown0                100cfe47 f   LIBCMT:memcpy.obj
 0001:000cee60       TrailDown0                 100cfe60 f   LIBCMT:memcpy.obj
 0001:000cee68       TrailDown1                 100cfe68 f   LIBCMT:memcpy.obj
 0001:000cee78       TrailDown2                 100cfe78 f   LIBCMT:memcpy.obj
 0001:000cee8c       TrailDown3                 100cfe8c f   LIBCMT:memcpy.obj
 0001:000ce69d       _flsall                    100cf69d f   LIBCMT:fflush.obj
 0001:000ce0b0       _gu_return                 100cf0b0 f   LIBCMT:exsup.obj
 0001:000ce0b8       __unwind_handler           100cf0b8 f   LIBCMT:exsup.obj
 0001:000cc60e       _doexit                    100cd60e f   LIBCMT:crt0dat.obj
 0001:000cc6c5       __initterm                 100cd6c5 f   LIBCMT:crt0dat.obj
 0001:000cc041       fFEXP                      100cd041 f   LIBCMT:87tran.obj
 0001:000cc181       _rtforexpinf               100cd181 f   LIBCMT:87tran.obj
 0001:000cbf9a       __hextodec                 100ccf9a f   LIBCMT:input.obj
 0001:000cbfd1       __inc                      100ccfd1 f   LIBCMT:input.obj
 0001:000cbfeb       __un_inc                   100ccfeb f   LIBCMT:input.obj
 0001:000cc002       __whiteout                 100cd002 f   LIBCMT:input.obj
 0001:000ca7d4       label0                     100cb7d4 f   LIBCMT:adj_fdiv.obj
 0001:000ca7da       label1                     100cb7da f   LIBCMT:adj_fdiv.obj
 0001:000ca7df       label2                     100cb7df f   LIBCMT:adj_fdiv.obj
 0001:000ca7e5       label3                     100cb7e5 f   LIBCMT:adj_fdiv.obj
 0001:000ca7ea       label4                     100cb7ea f   LIBCMT:adj_fdiv.obj
 0001:000ca7f0       label5                     100cb7f0 f   LIBCMT:adj_fdiv.obj
 0001:000ca7f6       label6                     100cb7f6 f   LIBCMT:adj_fdiv.obj
 0001:000ca7fc       label7                     100cb7fc f   LIBCMT:adj_fdiv.obj
 0001:000ca802       label8                     100cb802 f   LIBCMT:adj_fdiv.obj
 0001:000ca81e       label9                     100cb81e f   LIBCMT:adj_fdiv.obj
 0001:000ca823       label10                    100cb823 f   LIBCMT:adj_fdiv.obj
 0001:000ca839       label11                    100cb839 f   LIBCMT:adj_fdiv.obj
 0001:000ca83e       label12                    100cb83e f   LIBCMT:adj_fdiv.obj
 0001:000ca85a       label13                    100cb85a f   LIBCMT:adj_fdiv.obj
 0001:000ca86a       label14                    100cb86a f   LIBCMT:adj_fdiv.obj
 0001:000ca87e       label15                    100cb87e f   LIBCMT:adj_fdiv.obj
 0001:000ca88e       label16                    100cb88e f   LIBCMT:adj_fdiv.obj
 0001:000ca8ae       label17                    100cb8ae f   LIBCMT:adj_fdiv.obj
 0001:000ca8b3       label18                    100cb8b3 f   LIBCMT:adj_fdiv.obj
 0001:000ca8cd       label19                    100cb8cd f   LIBCMT:adj_fdiv.obj
 0001:000ca8d2       label20                    100cb8d2 f   LIBCMT:adj_fdiv.obj
 0001:000ca8f2       label21                    100cb8f2 f   LIBCMT:adj_fdiv.obj
 0001:000ca906       label22                    100cb906 f   LIBCMT:adj_fdiv.obj
 0001:000ca91e       label23                    100cb91e f   LIBCMT:adj_fdiv.obj
 0001:000ca932       label24                    100cb932 f   LIBCMT:adj_fdiv.obj
 0001:000ca952       label25                    100cb952 f   LIBCMT:adj_fdiv.obj
 0001:000ca957       label26                    100cb957 f   LIBCMT:adj_fdiv.obj
 0001:000ca971       label27                    100cb971 f   LIBCMT:adj_fdiv.obj
 0001:000ca976       label28                    100cb976 f   LIBCMT:adj_fdiv.obj
 0001:000ca996       label29                    100cb996 f   LIBCMT:adj_fdiv.obj
 0001:000ca9aa       label30                    100cb9aa f   LIBCMT:adj_fdiv.obj
 0001:000ca9c2       label31                    100cb9c2 f   LIBCMT:adj_fdiv.obj
 0001:000ca9d6       label32                    100cb9d6 f   LIBCMT:adj_fdiv.obj
 0001:000ca9f6       label33                    100cb9f6 f   LIBCMT:adj_fdiv.obj
 0001:000ca9fb       label34                    100cb9fb f   LIBCMT:adj_fdiv.obj
 0001:000caa15       label35                    100cba15 f   LIBCMT:adj_fdiv.obj
 0001:000caa1a       label36                    100cba1a f   LIBCMT:adj_fdiv.obj
 0001:000caa3a       label37                    100cba3a f   LIBCMT:adj_fdiv.obj
 0001:000caa4e       label38                    100cba4e f   LIBCMT:adj_fdiv.obj
 0001:000caa66       label39                    100cba66 f   LIBCMT:adj_fdiv.obj
 0001:000caa7a       label40                    100cba7a f   LIBCMT:adj_fdiv.obj
 0001:000caa9a       label41                    100cba9a f   LIBCMT:adj_fdiv.obj
 0001:000caa9f       label42                    100cba9f f   LIBCMT:adj_fdiv.obj
 0001:000caab9       label43                    100cbab9 f   LIBCMT:adj_fdiv.obj
 0001:000caabe       label44                    100cbabe f   LIBCMT:adj_fdiv.obj
 0001:000caade       label45                    100cbade f   LIBCMT:adj_fdiv.obj
 0001:000caaf2       label46                    100cbaf2 f   LIBCMT:adj_fdiv.obj
 0001:000cab0a       label47                    100cbb0a f   LIBCMT:adj_fdiv.obj
 0001:000cab1e       label48                    100cbb1e f   LIBCMT:adj_fdiv.obj
 0001:000cab3e       label49                    100cbb3e f   LIBCMT:adj_fdiv.obj
 0001:000cab43       label50                    100cbb43 f   LIBCMT:adj_fdiv.obj
 0001:000cab5d       label51                    100cbb5d f   LIBCMT:adj_fdiv.obj
 0001:000cab62       label52                    100cbb62 f   LIBCMT:adj_fdiv.obj
 0001:000cab82       label53                    100cbb82 f   LIBCMT:adj_fdiv.obj
 0001:000cab96       label54                    100cbb96 f   LIBCMT:adj_fdiv.obj
 0001:000cabae       label55                    100cbbae f   LIBCMT:adj_fdiv.obj
 0001:000cabc2       label56                    100cbbc2 f   LIBCMT:adj_fdiv.obj
 0001:000cabe2       label57                    100cbbe2 f   LIBCMT:adj_fdiv.obj
 0001:000cabe7       label58                    100cbbe7 f   LIBCMT:adj_fdiv.obj
 0001:000cac01       label59                    100cbc01 f   LIBCMT:adj_fdiv.obj
 0001:000cac06       label60                    100cbc06 f   LIBCMT:adj_fdiv.obj
 0001:000cac26       label61                    100cbc26 f   LIBCMT:adj_fdiv.obj
 0001:000cac3a       label62                    100cbc3a f   LIBCMT:adj_fdiv.obj
 0001:000cac52       label63                    100cbc52 f   LIBCMT:adj_fdiv.obj
 0001:000ca0d5       _write_char                100cb0d5 f   LIBCMT:output.obj
 0001:000ca10a       _write_multi_char          100cb10a f   LIBCMT:output.obj
 0001:000ca13b       _write_string              100cb13b f   LIBCMT:output.obj
 0001:000ca173       _get_int_arg               100cb173 f   LIBCMT:output.obj
 0001:000ca180       _get_int64_arg             100cb180 f   LIBCMT:output.obj
 0001:000ca190       _get_short_arg             100cb190 f   LIBCMT:output.obj
 0001:000c93cc       __cftoe2                   100ca3cc f   LIBCMT:cvt.obj
 0001:000c94e3       __cftof2                   100ca4e3 f   LIBCMT:cvt.obj
 0001:000c966e       __shift                    100ca66e f   LIBCMT:cvt.obj
 0001:000c80d4       fFMOD                      100c90d4 f   LIBCMT:87fmod.obj

 13840 bytes saved through ICF

